[0.018s] Invoking command in '/home/bd/Documents/Robot/YSZD_RobotPlattform/build/ros2_robot_bridge': CMAKE_PREFIX_PATH=/opt/ros/humble /usr/bin/cmake /home/bd/Documents/Robot/YSZD_RobotPlattform/src/ros2_robot_bridge -DCMAKE_INSTALL_PREFIX=/home/bd/Documents/Robot/YSZD_RobotPlattform/install/ros2_robot_bridge
[0.133s] -- The C compiler identification is GNU 11.4.0
[0.231s] -- The CXX compiler identification is GNU 11.4.0
[0.247s] -- Detecting C compiler ABI info
[0.298s] -- Detecting C compiler ABI info - done
[0.313s] -- Check for working C compiler: /usr/lib/ccache/gcc - skipped
[0.314s] -- Detecting C compile features
[0.316s] -- Detecting C compile features - done
[0.323s] -- Detecting CXX compiler ABI info
[0.385s] -- Detecting CXX compiler ABI info - done
[0.390s] -- Check for working CXX compiler: /usr/lib/ccache/g++ - skipped
[0.390s] -- Detecting CXX compile features
[0.391s] -- Detecting CXX compile features - done
[0.395s] -- Found ament_cmake: 1.3.12 (/opt/ros/humble/share/ament_cmake/cmake)
[0.704s] -- Found Python3: /home/bd/Documents/airflow/airflow_env/bin/python3 (found version "3.10.12") found components: Interpreter 
[0.803s] -- Found rclcpp: 16.0.15 (/opt/ros/humble/share/rclcpp/cmake)
[0.852s] -- Found rosidl_generator_c: 3.1.7 (/opt/ros/humble/share/rosidl_generator_c/cmake)
[0.858s] -- Found rosidl_adapter: 3.1.7 (/opt/ros/humble/share/rosidl_adapter/cmake)
[0.869s] -- Found rosidl_generator_cpp: 3.1.7 (/opt/ros/humble/share/rosidl_generator_cpp/cmake)
[0.882s] -- Using all available rosidl_typesupport_c: rosidl_typesupport_fastrtps_c;rosidl_typesupport_introspection_c
[0.899s] -- Using all available rosidl_typesupport_cpp: rosidl_typesupport_fastrtps_cpp;rosidl_typesupport_introspection_cpp
[0.946s] -- Found rmw_implementation_cmake: 6.1.2 (/opt/ros/humble/share/rmw_implementation_cmake/cmake)
[0.949s] -- Found rmw_fastrtps_cpp: 6.2.9 (/opt/ros/humble/share/rmw_fastrtps_cpp/cmake)
[1.027s] -- Found OpenSSL: /usr/lib/x86_64-linux-gnu/libcrypto.so (found version "3.0.2")  
[1.048s] -- Found FastRTPS: /opt/ros/humble/include  
[1.079s] -- Using RMW implementation 'rmw_fastrtps_cpp' as default
[1.090s] -- Looking for pthread.h
[1.175s] -- Looking for pthread.h - found
[1.176s] -- Performing Test CMAKE_HAVE_LIBC_PTHREAD
[1.244s] -- Performing Test CMAKE_HAVE_LIBC_PTHREAD - Success
[1.246s] -- Found Threads: TRUE  
[1.309s] -- Found geometry_msgs: 4.9.0 (/opt/ros/humble/share/geometry_msgs/cmake)
[1.327s] -- Found nav_msgs: 4.9.0 (/opt/ros/humble/share/nav_msgs/cmake)
[1.347s] -- Found ament_lint_auto: 0.12.14 (/opt/ros/humble/share/ament_lint_auto/cmake)
[1.437s] -- Added test 'copyright' to check source files copyright and LICENSE
[1.438s] -- Added test 'cppcheck' to perform static code analysis on C / C++ code
[1.438s] -- Configured cppcheck include dirs: /home/bd/Documents/Robot/YSZD_RobotPlattform/src/ros2_robot_bridge/../c;/home/bd/Documents/Robot/YSZD_RobotPlattform/src/ros2_robot_bridge/../c/generated/inc
[1.438s] -- Configured cppcheck exclude dirs and/or files: 
[1.439s] -- Added test 'cpplint' to check C / C++ code against the Google style
[1.439s] -- Configured cpplint exclude dirs and/or files: 
[1.439s] -- Added test 'lint_cmake' to check CMake code style
[1.440s] -- Added test 'uncrustify' to check C / C++ code style
[1.440s] -- Configured uncrustify additional arguments: 
[1.441s] -- Added test 'xmllint' to check XML markup files
[1.442s] -- Configuring done
[1.444s] CMake Error at CMakeLists.txt:50 (add_executable):
[1.444s]   Cannot find source file:
[1.444s] 
[1.444s]     /home/bd/Documents/Robot/YSZD_RobotPlattform/src/c/pb_encode.c
[1.444s] 
[1.444s]   Tried extensions .c .C .c++ .cc .cpp .cxx .cu .mpp .m .M .mm .ixx .cppm .h
[1.444s]   .hh .h++ .hm .hpp .hxx .in .txx .f .F .for .f77 .f90 .f95 .f03 .hip .ispc
[1.445s] 
[1.445s] 
[1.445s] CMake Error at CMakeLists.txt:50 (add_executable):
[1.445s]   No SOURCES given to target: robot_websocket_bridge
[1.445s] 
[1.445s] 
[1.445s] CMake Generate step failed.  Build files cannot be regenerated correctly.
[1.452s] Invoked command in '/home/bd/Documents/Robot/YSZD_RobotPlattform/build/ros2_robot_bridge' returned '1': CMAKE_PREFIX_PATH=/opt/ros/humble /usr/bin/cmake /home/bd/Documents/Robot/YSZD_RobotPlattform/src/ros2_robot_bridge -DCMAKE_INSTALL_PREFIX=/home/bd/Documents/Robot/YSZD_RobotPlattform/install/ros2_robot_bridge
