[0.077s] DEBUG:colcon:Command line arguments: ['/usr/bin/colcon', 'build', '--packages-select', 'mecanum_robot']
[0.077s] DEBUG:colcon:Parsed command line arguments: Namespace(log_base=None, log_level=None, verb_name='build', build_base='build', install_base='install', merge_install=False, symlink_install=False, test_result_base=None, continue_on_error=False, executor='parallel', parallel_workers=16, event_handlers=None, ignore_user_meta=False, metas=['./colcon.meta'], base_paths=['.'], packages_ignore=None, packages_ignore_regex=None, paths=None, packages_up_to=None, packages_up_to_regex=None, packages_above=None, packages_above_and_dependencies=None, packages_above_depth=None, packages_select_by_dep=None, packages_skip_by_dep=None, packages_skip_up_to=None, packages_select_build_failed=False, packages_skip_build_finished=False, packages_select_test_failures=False, packages_skip_test_passed=False, packages_select=['mecanum_robot'], packages_skip=None, packages_select_regex=None, packages_skip_regex=None, packages_start=None, packages_end=None, allow_overriding=[], cmake_args=None, cmake_target=None, cmake_target_skip_unavailable=False, cmake_clean_cache=False, cmake_clean_first=False, cmake_force_configure=False, ament_cmake_args=None, catkin_cmake_args=None, catkin_skip_building_tests=False, mixin_files=None, mixin=None, verb_parser=<colcon_mixin.mixin.mixin_argument.MixinArgumentDecorator object at 0x71f53ae5ed40>, verb_extension=<colcon_core.verb.build.BuildVerb object at 0x71f53ae5e890>, main=<bound method BuildVerb.main of <colcon_core.verb.build.BuildVerb object at 0x71f53ae5e890>>, mixin_verb=('build',))
[0.202s] Level 1:colcon.colcon_core.package_discovery:discover_packages(colcon_meta) check parameters
[0.202s] Level 1:colcon.colcon_core.package_discovery:discover_packages(recursive) check parameters
[0.202s] Level 1:colcon.colcon_core.package_discovery:discover_packages(ignore) check parameters
[0.202s] Level 1:colcon.colcon_core.package_discovery:discover_packages(path) check parameters
[0.202s] Level 1:colcon.colcon_core.package_discovery:discover_packages(colcon_meta) discover
[0.202s] Level 1:colcon.colcon_core.package_discovery:discover_packages(recursive) discover
[0.202s] INFO:colcon.colcon_core.package_discovery:Crawling recursively for packages in '/home/bd/Documents/Robot/YSZD_RobotPlattform'
[0.202s] Level 1:colcon.colcon_core.package_identification:_identify(.) by extensions ['ignore', 'ignore_ament_install']
[0.202s] Level 1:colcon.colcon_core.package_identification:_identify(.) by extension 'ignore'
[0.202s] Level 1:colcon.colcon_core.package_identification:_identify(.) by extension 'ignore_ament_install'
[0.202s] Level 1:colcon.colcon_core.package_identification:_identify(.) by extensions ['colcon_pkg']
[0.202s] Level 1:colcon.colcon_core.package_identification:_identify(.) by extension 'colcon_pkg'
[0.202s] Level 1:colcon.colcon_core.package_identification:_identify(.) by extensions ['colcon_meta']
[0.202s] Level 1:colcon.colcon_core.package_identification:_identify(.) by extension 'colcon_meta'
[0.202s] Level 1:colcon.colcon_core.package_identification:_identify(.) by extensions ['ros']
[0.202s] Level 1:colcon.colcon_core.package_identification:_identify(.) by extension 'ros'
[0.212s] DEBUG:colcon.colcon_core.package_identification:Package '.' with type 'ros.ament_cmake' and name 'mecanum_robot'
[0.212s] Level 1:colcon.colcon_core.package_discovery:discover_packages(recursive) using defaults
[0.212s] Level 1:colcon.colcon_core.package_discovery:discover_packages(ignore) discover
[0.212s] Level 1:colcon.colcon_core.package_discovery:discover_packages(ignore) using defaults
[0.212s] Level 1:colcon.colcon_core.package_discovery:discover_packages(path) discover
[0.212s] Level 1:colcon.colcon_core.package_discovery:discover_packages(path) using defaults
[0.235s] Level 1:colcon.colcon_core.package_discovery:discover_packages(prefix_path) check parameters
[0.235s] Level 1:colcon.colcon_core.package_discovery:discover_packages(prefix_path) discover
[0.237s] DEBUG:colcon.colcon_installed_package_information.package_discovery:Found 391 installed packages in /opt/ros/humble
[0.238s] Level 1:colcon.colcon_core.package_discovery:discover_packages(prefix_path) using defaults
[0.268s] Level 5:colcon.colcon_core.verb:set package 'mecanum_robot' build argument 'cmake_args' from command line to 'None'
[0.268s] Level 5:colcon.colcon_core.verb:set package 'mecanum_robot' build argument 'cmake_target' from command line to 'None'
[0.268s] Level 5:colcon.colcon_core.verb:set package 'mecanum_robot' build argument 'cmake_target_skip_unavailable' from command line to 'False'
[0.268s] Level 5:colcon.colcon_core.verb:set package 'mecanum_robot' build argument 'cmake_clean_cache' from command line to 'False'
[0.268s] Level 5:colcon.colcon_core.verb:set package 'mecanum_robot' build argument 'cmake_clean_first' from command line to 'False'
[0.268s] Level 5:colcon.colcon_core.verb:set package 'mecanum_robot' build argument 'cmake_force_configure' from command line to 'False'
[0.268s] Level 5:colcon.colcon_core.verb:set package 'mecanum_robot' build argument 'ament_cmake_args' from command line to 'None'
[0.268s] Level 5:colcon.colcon_core.verb:set package 'mecanum_robot' build argument 'catkin_cmake_args' from command line to 'None'
[0.268s] Level 5:colcon.colcon_core.verb:set package 'mecanum_robot' build argument 'catkin_skip_building_tests' from command line to 'False'
[0.268s] DEBUG:colcon.colcon_core.verb:Building package 'mecanum_robot' with the following arguments: {'ament_cmake_args': None, 'build_base': '/home/bd/Documents/Robot/YSZD_RobotPlattform/build/mecanum_robot', 'catkin_cmake_args': None, 'catkin_skip_building_tests': False, 'cmake_args': None, 'cmake_clean_cache': False, 'cmake_clean_first': False, 'cmake_force_configure': False, 'cmake_target': None, 'cmake_target_skip_unavailable': False, 'install_base': '/home/bd/Documents/Robot/YSZD_RobotPlattform/install/mecanum_robot', 'merge_install': False, 'path': '/home/bd/Documents/Robot/YSZD_RobotPlattform', 'symlink_install': False, 'test_result_base': None}
[0.268s] INFO:colcon.colcon_core.executor:Executing jobs using 'parallel' executor
[0.269s] DEBUG:colcon.colcon_parallel_executor.executor.parallel:run_until_complete
[0.269s] INFO:colcon.colcon_ros.task.ament_cmake.build:Building ROS package in '/home/bd/Documents/Robot/YSZD_RobotPlattform' with build type 'ament_cmake'
[0.269s] INFO:colcon.colcon_cmake.task.cmake.build:Building CMake package in '/home/bd/Documents/Robot/YSZD_RobotPlattform'
[0.270s] INFO:colcon.colcon_core.plugin_system:Skipping extension 'colcon_core.shell.bat': Not used on non-Windows systems
[0.270s] INFO:colcon.colcon_core.shell:Skip shell extension 'powershell' for command environment: Not usable outside of PowerShell
[0.270s] DEBUG:colcon.colcon_core.shell:Skip shell extension 'dsv' for command environment
[0.277s] DEBUG:colcon.colcon_core.event_handler.log_command:Invoking command in '/home/bd/Documents/Robot/YSZD_RobotPlattform/build/mecanum_robot': CMAKE_PREFIX_PATH=/opt/ros/humble /usr/bin/cmake --build /home/bd/Documents/Robot/YSZD_RobotPlattform/build/mecanum_robot -- -j16 -l16
[0.662s] DEBUG:colcon.colcon_core.event_handler.log_command:Invoked command in '/home/bd/Documents/Robot/YSZD_RobotPlattform/build/mecanum_robot' returned '0': CMAKE_PREFIX_PATH=/opt/ros/humble /usr/bin/cmake --build /home/bd/Documents/Robot/YSZD_RobotPlattform/build/mecanum_robot -- -j16 -l16
[0.671s] DEBUG:colcon.colcon_core.event_handler.log_command:Invoking command in '/home/bd/Documents/Robot/YSZD_RobotPlattform/build/mecanum_robot': CMAKE_PREFIX_PATH=/opt/ros/humble /usr/bin/cmake --install /home/bd/Documents/Robot/YSZD_RobotPlattform/build/mecanum_robot
[0.709s] Level 1:colcon.colcon_core.environment:create_environment_scripts_only(mecanum_robot)
[0.712s] DEBUG:colcon.colcon_core.event_handler.log_command:Invoked command in '/home/bd/Documents/Robot/YSZD_RobotPlattform/build/mecanum_robot' returned '0': CMAKE_PREFIX_PATH=/opt/ros/humble /usr/bin/cmake --install /home/bd/Documents/Robot/YSZD_RobotPlattform/build/mecanum_robot
[0.713s] Level 1:colcon.colcon_core.environment:checking '/home/bd/Documents/Robot/YSZD_RobotPlattform/install/mecanum_robot' for CMake module files
[0.713s] Level 1:colcon.colcon_core.environment:checking '/home/bd/Documents/Robot/YSZD_RobotPlattform/install/mecanum_robot' for CMake config files
[0.714s] Level 1:colcon.colcon_core.shell:create_environment_hook('mecanum_robot', 'cmake_prefix_path')
[0.714s] INFO:colcon.colcon_core.shell:Creating environment hook '/home/bd/Documents/Robot/YSZD_RobotPlattform/install/mecanum_robot/share/mecanum_robot/hook/cmake_prefix_path.ps1'
[0.714s] INFO:colcon.colcon_core.shell:Creating environment descriptor '/home/bd/Documents/Robot/YSZD_RobotPlattform/install/mecanum_robot/share/mecanum_robot/hook/cmake_prefix_path.dsv'
[0.715s] INFO:colcon.colcon_core.shell:Creating environment hook '/home/bd/Documents/Robot/YSZD_RobotPlattform/install/mecanum_robot/share/mecanum_robot/hook/cmake_prefix_path.sh'
[0.715s] Level 1:colcon.colcon_core.environment:checking '/home/bd/Documents/Robot/YSZD_RobotPlattform/install/mecanum_robot/lib'
[0.715s] Level 1:colcon.colcon_core.environment:checking '/home/bd/Documents/Robot/YSZD_RobotPlattform/install/mecanum_robot/bin'
[0.715s] Level 1:colcon.colcon_core.environment:checking '/home/bd/Documents/Robot/YSZD_RobotPlattform/install/mecanum_robot/lib/pkgconfig/mecanum_robot.pc'
[0.716s] Level 1:colcon.colcon_core.environment:checking '/home/bd/Documents/Robot/YSZD_RobotPlattform/install/mecanum_robot/lib/python3.10/site-packages'
[0.716s] Level 1:colcon.colcon_core.shell:create_environment_hook('mecanum_robot', 'pythonpath')
[0.716s] INFO:colcon.colcon_core.shell:Creating environment hook '/home/bd/Documents/Robot/YSZD_RobotPlattform/install/mecanum_robot/share/mecanum_robot/hook/pythonpath.ps1'
[0.716s] INFO:colcon.colcon_core.shell:Creating environment descriptor '/home/bd/Documents/Robot/YSZD_RobotPlattform/install/mecanum_robot/share/mecanum_robot/hook/pythonpath.dsv'
[0.717s] INFO:colcon.colcon_core.shell:Creating environment hook '/home/bd/Documents/Robot/YSZD_RobotPlattform/install/mecanum_robot/share/mecanum_robot/hook/pythonpath.sh'
[0.717s] Level 1:colcon.colcon_core.environment:checking '/home/bd/Documents/Robot/YSZD_RobotPlattform/install/mecanum_robot/bin'
[0.718s] INFO:colcon.colcon_core.shell:Creating package script '/home/bd/Documents/Robot/YSZD_RobotPlattform/install/mecanum_robot/share/mecanum_robot/package.ps1'
[0.718s] INFO:colcon.colcon_core.shell:Creating package descriptor '/home/bd/Documents/Robot/YSZD_RobotPlattform/install/mecanum_robot/share/mecanum_robot/package.dsv'
[0.719s] INFO:colcon.colcon_core.shell:Creating package script '/home/bd/Documents/Robot/YSZD_RobotPlattform/install/mecanum_robot/share/mecanum_robot/package.sh'
[0.719s] INFO:colcon.colcon_core.shell:Creating package script '/home/bd/Documents/Robot/YSZD_RobotPlattform/install/mecanum_robot/share/mecanum_robot/package.bash'
[0.720s] INFO:colcon.colcon_core.shell:Creating package script '/home/bd/Documents/Robot/YSZD_RobotPlattform/install/mecanum_robot/share/mecanum_robot/package.zsh'
[0.720s] Level 1:colcon.colcon_core.environment:create_file_with_runtime_dependencies(/home/bd/Documents/Robot/YSZD_RobotPlattform/install/mecanum_robot/share/colcon-core/packages/mecanum_robot)
[0.721s] Level 1:colcon.colcon_core.environment:create_environment_scripts_only(mecanum_robot)
[0.721s] Level 1:colcon.colcon_core.environment:checking '/home/bd/Documents/Robot/YSZD_RobotPlattform/install/mecanum_robot' for CMake module files
[0.721s] Level 1:colcon.colcon_core.environment:checking '/home/bd/Documents/Robot/YSZD_RobotPlattform/install/mecanum_robot' for CMake config files
[0.721s] Level 1:colcon.colcon_core.shell:create_environment_hook('mecanum_robot', 'cmake_prefix_path')
[0.721s] INFO:colcon.colcon_core.shell:Creating environment hook '/home/bd/Documents/Robot/YSZD_RobotPlattform/install/mecanum_robot/share/mecanum_robot/hook/cmake_prefix_path.ps1'
[0.722s] INFO:colcon.colcon_core.shell:Creating environment descriptor '/home/bd/Documents/Robot/YSZD_RobotPlattform/install/mecanum_robot/share/mecanum_robot/hook/cmake_prefix_path.dsv'
[0.722s] INFO:colcon.colcon_core.shell:Creating environment hook '/home/bd/Documents/Robot/YSZD_RobotPlattform/install/mecanum_robot/share/mecanum_robot/hook/cmake_prefix_path.sh'
[0.722s] Level 1:colcon.colcon_core.environment:checking '/home/bd/Documents/Robot/YSZD_RobotPlattform/install/mecanum_robot/lib'
[0.722s] Level 1:colcon.colcon_core.environment:checking '/home/bd/Documents/Robot/YSZD_RobotPlattform/install/mecanum_robot/bin'
[0.722s] Level 1:colcon.colcon_core.environment:checking '/home/bd/Documents/Robot/YSZD_RobotPlattform/install/mecanum_robot/lib/pkgconfig/mecanum_robot.pc'
[0.722s] Level 1:colcon.colcon_core.environment:checking '/home/bd/Documents/Robot/YSZD_RobotPlattform/install/mecanum_robot/lib/python3.10/site-packages'
[0.723s] Level 1:colcon.colcon_core.shell:create_environment_hook('mecanum_robot', 'pythonpath')
[0.723s] INFO:colcon.colcon_core.shell:Creating environment hook '/home/bd/Documents/Robot/YSZD_RobotPlattform/install/mecanum_robot/share/mecanum_robot/hook/pythonpath.ps1'
[0.723s] INFO:colcon.colcon_core.shell:Creating environment descriptor '/home/bd/Documents/Robot/YSZD_RobotPlattform/install/mecanum_robot/share/mecanum_robot/hook/pythonpath.dsv'
[0.723s] INFO:colcon.colcon_core.shell:Creating environment hook '/home/bd/Documents/Robot/YSZD_RobotPlattform/install/mecanum_robot/share/mecanum_robot/hook/pythonpath.sh'
[0.724s] Level 1:colcon.colcon_core.environment:checking '/home/bd/Documents/Robot/YSZD_RobotPlattform/install/mecanum_robot/bin'
[0.724s] INFO:colcon.colcon_core.shell:Creating package script '/home/bd/Documents/Robot/YSZD_RobotPlattform/install/mecanum_robot/share/mecanum_robot/package.ps1'
[0.725s] INFO:colcon.colcon_core.shell:Creating package descriptor '/home/bd/Documents/Robot/YSZD_RobotPlattform/install/mecanum_robot/share/mecanum_robot/package.dsv'
[0.725s] INFO:colcon.colcon_core.shell:Creating package script '/home/bd/Documents/Robot/YSZD_RobotPlattform/install/mecanum_robot/share/mecanum_robot/package.sh'
[0.725s] INFO:colcon.colcon_core.shell:Creating package script '/home/bd/Documents/Robot/YSZD_RobotPlattform/install/mecanum_robot/share/mecanum_robot/package.bash'
[0.725s] INFO:colcon.colcon_core.shell:Creating package script '/home/bd/Documents/Robot/YSZD_RobotPlattform/install/mecanum_robot/share/mecanum_robot/package.zsh'
[0.726s] Level 1:colcon.colcon_core.environment:create_file_with_runtime_dependencies(/home/bd/Documents/Robot/YSZD_RobotPlattform/install/mecanum_robot/share/colcon-core/packages/mecanum_robot)
[0.726s] DEBUG:colcon.colcon_parallel_executor.executor.parallel:closing loop
[0.726s] DEBUG:colcon.colcon_parallel_executor.executor.parallel:loop closed
[0.726s] DEBUG:colcon.colcon_parallel_executor.executor.parallel:run_until_complete finished with '0'
[0.726s] DEBUG:colcon.colcon_core.event_reactor:joining thread
[0.730s] INFO:colcon.colcon_core.plugin_system:Skipping extension 'colcon_notification.desktop_notification.terminal_notifier': Not used on non-Darwin systems
[0.730s] INFO:colcon.colcon_core.plugin_system:Skipping extension 'colcon_notification.desktop_notification.win32': Not used on non-Windows systems
[0.730s] INFO:colcon.colcon_notification.desktop_notification:Sending desktop notification using 'notify2'
[0.747s] DEBUG:colcon.colcon_core.event_reactor:joined thread
[0.748s] INFO:colcon.colcon_core.shell:Creating prefix script '/home/bd/Documents/Robot/YSZD_RobotPlattform/install/local_setup.ps1'
[0.748s] INFO:colcon.colcon_core.shell:Creating prefix util module '/home/bd/Documents/Robot/YSZD_RobotPlattform/install/_local_setup_util_ps1.py'
[0.749s] INFO:colcon.colcon_core.shell:Creating prefix chain script '/home/bd/Documents/Robot/YSZD_RobotPlattform/install/setup.ps1'
[0.750s] INFO:colcon.colcon_core.shell:Creating prefix script '/home/bd/Documents/Robot/YSZD_RobotPlattform/install/local_setup.sh'
[0.750s] INFO:colcon.colcon_core.shell:Creating prefix util module '/home/bd/Documents/Robot/YSZD_RobotPlattform/install/_local_setup_util_sh.py'
[0.751s] INFO:colcon.colcon_core.shell:Creating prefix chain script '/home/bd/Documents/Robot/YSZD_RobotPlattform/install/setup.sh'
[0.751s] INFO:colcon.colcon_core.shell:Creating prefix script '/home/bd/Documents/Robot/YSZD_RobotPlattform/install/local_setup.bash'
[0.751s] INFO:colcon.colcon_core.shell:Creating prefix chain script '/home/bd/Documents/Robot/YSZD_RobotPlattform/install/setup.bash'
[0.752s] INFO:colcon.colcon_core.shell:Creating prefix script '/home/bd/Documents/Robot/YSZD_RobotPlattform/install/local_setup.zsh'
[0.752s] INFO:colcon.colcon_core.shell:Creating prefix chain script '/home/bd/Documents/Robot/YSZD_RobotPlattform/install/setup.zsh'
