[0.000000] (-) TimerEvent: {}
[0.000108] (ros2_robot_bridge) JobQueued: {'identifier': 'ros2_robot_bridge', 'dependencies': OrderedDict()}
[0.000406] (ros2_robot_bridge) JobStarted: {'identifier': 'ros2_robot_bridge'}
[0.017948] (ros2_robot_bridge) JobProgress: {'identifier': 'ros2_robot_bridge', 'progress': 'cmake'}
[0.018239] (ros2_robot_bridge) Command: {'cmd': ['/usr/bin/cmake', '/home/bd/Documents/Robot/YSZD_RobotPlattform/src/ros2_robot_bridge', '-DCMAKE_INSTALL_PREFIX=/home/bd/Documents/Robot/YSZD_RobotPlattform/install/ros2_robot_bridge'], 'cwd': '/home/bd/Documents/Robot/YSZD_RobotPlattform/build/ros2_robot_bridge', 'env': OrderedDict([('LESSOPEN', '| /usr/bin/lesspipe %s'), ('VSCODE_CWD', '/home/bd'), ('VSCODE_ESM_ENTRYPOINT', 'vs/workbench/api/node/extensionHostProcess'), ('USER', 'bd'), ('LC_TIME', 'de_DE.UTF-8'), ('VSCODE_NLS_CONFIG', '{"userLocale":"en-us","osLocale":"en-us","resolvedLanguage":"en","defaultMessagesFile":"/usr/share/cursor/resources/app/out/nls.messages.json","locale":"en-us","availableLanguages":{}}'), ('CCACHE_DIR', '/home/bd/.cache/ccache/'), ('VSCODE_HANDLES_UNCAUGHT_ERRORS', 'true'), ('XDG_SESSION_TYPE', 'x11'), ('SHLVL', '0'), ('LD_LIBRARY_PATH', '/usr/local/cuda/lib64:/usr/lib/x86_64-linux-gnu/gazebo-11/plugins:/opt/ros/humble/opt/rviz_ogre_vendor/lib:/opt/ros/humble/lib/x86_64-linux-gnu:/opt/ros/humble/lib:/usr/local/cuda/lib64:'), ('HOME', '/home/bd'), ('CHROME_DESKTOP', 'cursor.desktop'), ('OLDPWD', '/home/bd/Documents/Robot/YSZD_RobotPlattform'), ('DESKTOP_SESSION', 'ubuntu-xorg'), ('VSCODE_IPC_HOOK', '/run/user/1000/vscode-f8418a3e-2.0.-main.sock'), ('GIO_LAUNCHED_DESKTOP_FILE', '/usr/share/applications/cursor-url-handler.desktop'), ('APPLICATION_INSIGHTS_NO_DIAGNOSTIC_CHANNEL', '1'), ('ROS_PYTHON_VERSION', '3'), ('GNOME_SHELL_SESSION_MODE', 'ubuntu'), ('GTK_MODULES', 'gail:atk-bridge'), ('LC_MONETARY', 'de_DE.UTF-8'), ('MANAGERPID', '2360'), ('DBUS_STARTER_BUS_TYPE', 'session'), ('SYSTEMD_EXEC_PID', '2767'), ('NO_COLOR', '1'), ('DBUS_SESSION_BUS_ADDRESS', 'unix:path=/run/user/1000/bus,guid=56df538933e4f3eb793413a1692ea0b0'), ('GIO_LAUNCHED_DESKTOP_FILE_PID', '11464'), ('VSCODE_CRASH_REPORTER_PROCESS_TYPE', 'extensionHost'), ('MANDATORY_PATH', '/usr/share/gconf/ubuntu-xorg.mandatory.path'), ('IM_CONFIG_PHASE', '1'), ('AIRFLOW_HOME', '/media/NAS/sd_nas_01/airflow/airflow_conf'), ('ROS_DISTRO', 'humble'), ('GTK_IM_MODULE', 'ibus'), ('LOGNAME', 'bd'), ('FORCE_COLOR', '0'), ('JOURNAL_STREAM', '8:17047'), ('_', '/usr/bin/colcon'), ('ROS_VERSION', '2'), ('XDG_SESSION_CLASS', 'user'), ('DEFAULTS_PATH', '/usr/share/gconf/ubuntu-xorg.default.path'), ('APPLICATIONINSIGHTS_CONFIGURATION_CONTENT', '{}'), ('USERNAME', 'bd'), ('TERM', 'dumb'), ('GNOME_DESKTOP_SESSION_ID', 'this-is-deprecated'), ('ROS_LOCALHOST_ONLY', '0'), ('COMPOSER_NO_INTERACTION', '1'), ('WINDOWPATH', '2'), ('PATH', '/home/bd/.local/bin:/usr/local/cuda/bin:/home/bd/Documents/airflow/airflow_env/bin:/home/bd/.local/bin:/opt/ros/humble/bin:/usr/local/cuda/bin:/home/bd/Documents/airflow/airflow_env/bin:/home/bd/.cargo/bin:/home/bd/.local/bin:/usr/local/sbin:/usr/local/bin:/usr/sbin:/usr/bin:/sbin:/bin:/usr/games:/usr/local/games:/snap/bin:/snap/bin'), ('SESSION_MANAGER', 'local/ld10038:@/tmp/.ICE-unix/2767,unix/ld10038:/tmp/.ICE-unix/2767'), ('INVOCATION_ID', '62088ea03ceb4087883fc60ead104230'), ('XDG_MENU_PREFIX', 'gnome-'), ('LC_ADDRESS', 'de_DE.UTF-8'), ('VSCODE_PROCESS_TITLE', 'extension-host  [1-1]'), ('XDG_RUNTIME_DIR', '/run/user/1000'), ('GDK_BACKEND', 'x11'), ('CURSOR_AGENT', '1'), ('DISPLAY', ':1'), ('SWIFTLY_BIN_DIR', '/home/bd/.local/bin'), ('LANG', 'en_US.UTF-8'), ('XDG_CURRENT_DESKTOP', 'Unity'), ('LC_TELEPHONE', 'de_DE.UTF-8'), ('XMODIFIERS', '@im=ibus'), ('XDG_SESSION_DESKTOP', 'ubuntu-xorg'), ('XAUTHORITY', '/run/user/1000/gdm/Xauthority'), ('LS_COLORS', ''), ('CURSOR_TRACE_ID', '1440aeb9089b4edaa2935f67db766030'), ('SSH_AGENT_LAUNCHER', 'gnome-keyring'), ('SSH_AUTH_SOCK', '/run/user/1000/keyring/ssh'), ('ROS_DOMAIN_ID', '0'), ('AMENT_PREFIX_PATH', '/opt/ros/humble'), ('SWIFTLY_HOME_DIR', '/home/bd/.local/share/swiftly'), ('ORIGINAL_XDG_CURRENT_DESKTOP', 'ubuntu:GNOME'), ('SHELL', '/bin/bash'), ('LC_NAME', 'de_DE.UTF-8'), ('VSCODE_DOTNET_INSTALL_TOOL_ORIGINAL_HOME', '/home/bd'), ('QT_ACCESSIBILITY', '1'), ('CXX', '/usr/lib/ccache/g++'), ('GDMSESSION', 'ubuntu-xorg'), ('LESSCLOSE', '/usr/bin/lesspipe %s %s'), ('LC_MEASUREMENT', 'de_DE.UTF-8'), ('GPG_AGENT_INFO', '/run/user/1000/gnupg/S.gpg-agent:0:1'), ('LC_IDENTIFICATION', 'de_DE.UTF-8'), ('QT_IM_MODULE', 'ibus'), ('PWD', '/home/bd/Documents/Robot/YSZD_RobotPlattform/build/ros2_robot_bridge'), ('TURTLEBOT3_MODEL', 'waffle'), ('LC_ALL', 'en_US.UTF-8'), ('XDG_CONFIG_DIRS', '/etc/xdg/xdg-ubuntu-xorg:/etc/xdg'), ('VSCODE_CODE_CACHE_PATH', '/home/bd/.config/Cursor/CachedData/8e4da76ad196925accaa169efcae28c45454cce0'), ('PYLON_ROOT', '/opt/pylon'), ('DBUS_STARTER_ADDRESS', 'unix:path=/run/user/1000/bus,guid=56df538933e4f3eb793413a1692ea0b0'), ('XDG_DATA_DIRS', '/usr/share/ubuntu-xorg:/usr/share/gnome:/usr/local/share/:/usr/share/:/var/lib/snapd/desktop'), ('PYTHONPATH', '/opt/ros/humble/lib/python3.10/site-packages:/opt/ros/humble/local/lib/python3.10/dist-packages'), ('LC_NUMERIC', 'de_DE.UTF-8'), ('LC_PAPER', 'de_DE.UTF-8'), ('CC', '/usr/lib/ccache/gcc'), ('COLCON', '1'), ('GENICAM_GENTL64_PATH', ':/opt/pylon/lib/gentlproducer/gtl:/opt/pylon/lib/pylonCXP/bin/:/opt/pylon/lib/gentlproducer/gtl:/opt/pylon/lib/pylonCXP/bin/:/opt/pylon/lib/gentlproducer/gtl:/opt/pylon/lib/pylonCXP/bin/'), ('VSCODE_PID', '11464'), ('CMAKE_PREFIX_PATH', '/opt/ros/humble')]), 'shell': False}
[0.099790] (-) TimerEvent: {}
[0.133725] (ros2_robot_bridge) StdoutLine: {'line': b'-- The C compiler identification is GNU 11.4.0\n'}
[0.199903] (-) TimerEvent: {}
[0.231893] (ros2_robot_bridge) StdoutLine: {'line': b'-- The CXX compiler identification is GNU 11.4.0\n'}
[0.247695] (ros2_robot_bridge) StdoutLine: {'line': b'-- Detecting C compiler ABI info\n'}
[0.298076] (ros2_robot_bridge) StdoutLine: {'line': b'-- Detecting C compiler ABI info - done\n'}
[0.300017] (-) TimerEvent: {}
[0.313747] (ros2_robot_bridge) StdoutLine: {'line': b'-- Check for working C compiler: /usr/lib/ccache/gcc - skipped\n'}
[0.314524] (ros2_robot_bridge) StdoutLine: {'line': b'-- Detecting C compile features\n'}
[0.316293] (ros2_robot_bridge) StdoutLine: {'line': b'-- Detecting C compile features - done\n'}
[0.323207] (ros2_robot_bridge) StdoutLine: {'line': b'-- Detecting CXX compiler ABI info\n'}
[0.385327] (ros2_robot_bridge) StdoutLine: {'line': b'-- Detecting CXX compiler ABI info - done\n'}
[0.390387] (ros2_robot_bridge) StdoutLine: {'line': b'-- Check for working CXX compiler: /usr/lib/ccache/g++ - skipped\n'}
[0.390750] (ros2_robot_bridge) StdoutLine: {'line': b'-- Detecting CXX compile features\n'}
[0.391086] (ros2_robot_bridge) StdoutLine: {'line': b'-- Detecting CXX compile features - done\n'}
[0.395895] (ros2_robot_bridge) StdoutLine: {'line': b'-- Found ament_cmake: 1.3.12 (/opt/ros/humble/share/ament_cmake/cmake)\n'}
[0.400086] (-) TimerEvent: {}
[0.500222] (-) TimerEvent: {}
[0.600496] (-) TimerEvent: {}
[0.700725] (-) TimerEvent: {}
[0.704813] (ros2_robot_bridge) StdoutLine: {'line': b'-- Found Python3: /home/bd/Documents/airflow/airflow_env/bin/python3 (found version "3.10.12") found components: Interpreter \n'}
[0.800834] (-) TimerEvent: {}
[0.803435] (ros2_robot_bridge) StdoutLine: {'line': b'-- Found rclcpp: 16.0.15 (/opt/ros/humble/share/rclcpp/cmake)\n'}
[0.852869] (ros2_robot_bridge) StdoutLine: {'line': b'-- Found rosidl_generator_c: 3.1.7 (/opt/ros/humble/share/rosidl_generator_c/cmake)\n'}
[0.858269] (ros2_robot_bridge) StdoutLine: {'line': b'-- Found rosidl_adapter: 3.1.7 (/opt/ros/humble/share/rosidl_adapter/cmake)\n'}
[0.869045] (ros2_robot_bridge) StdoutLine: {'line': b'-- Found rosidl_generator_cpp: 3.1.7 (/opt/ros/humble/share/rosidl_generator_cpp/cmake)\n'}
[0.882749] (ros2_robot_bridge) StdoutLine: {'line': b'-- Using all available rosidl_typesupport_c: rosidl_typesupport_fastrtps_c;rosidl_typesupport_introspection_c\n'}
[0.899344] (ros2_robot_bridge) StdoutLine: {'line': b'-- Using all available rosidl_typesupport_cpp: rosidl_typesupport_fastrtps_cpp;rosidl_typesupport_introspection_cpp\n'}
[0.900898] (-) TimerEvent: {}
[0.946560] (ros2_robot_bridge) StdoutLine: {'line': b'-- Found rmw_implementation_cmake: 6.1.2 (/opt/ros/humble/share/rmw_implementation_cmake/cmake)\n'}
[0.949386] (ros2_robot_bridge) StdoutLine: {'line': b'-- Found rmw_fastrtps_cpp: 6.2.9 (/opt/ros/humble/share/rmw_fastrtps_cpp/cmake)\n'}
[1.001027] (-) TimerEvent: {}
[1.027704] (ros2_robot_bridge) StdoutLine: {'line': b'-- Found OpenSSL: /usr/lib/x86_64-linux-gnu/libcrypto.so (found version "3.0.2")  \n'}
[1.048562] (ros2_robot_bridge) StdoutLine: {'line': b'-- Found FastRTPS: /opt/ros/humble/include  \n'}
[1.079241] (ros2_robot_bridge) StdoutLine: {'line': b"-- Using RMW implementation 'rmw_fastrtps_cpp' as default\n"}
[1.090877] (ros2_robot_bridge) StdoutLine: {'line': b'-- Looking for pthread.h\n'}
[1.101118] (-) TimerEvent: {}
[1.175984] (ros2_robot_bridge) StdoutLine: {'line': b'-- Looking for pthread.h - found\n'}
[1.176228] (ros2_robot_bridge) StdoutLine: {'line': b'-- Performing Test CMAKE_HAVE_LIBC_PTHREAD\n'}
[1.201239] (-) TimerEvent: {}
[1.244471] (ros2_robot_bridge) StdoutLine: {'line': b'-- Performing Test CMAKE_HAVE_LIBC_PTHREAD - Success\n'}
[1.246303] (ros2_robot_bridge) StdoutLine: {'line': b'-- Found Threads: TRUE  \n'}
[1.301368] (-) TimerEvent: {}
[1.309547] (ros2_robot_bridge) StdoutLine: {'line': b'-- Found geometry_msgs: 4.9.0 (/opt/ros/humble/share/geometry_msgs/cmake)\n'}
[1.327717] (ros2_robot_bridge) StdoutLine: {'line': b'-- Found nav_msgs: 4.9.0 (/opt/ros/humble/share/nav_msgs/cmake)\n'}
[1.347870] (ros2_robot_bridge) StdoutLine: {'line': b'-- Found ament_lint_auto: 0.12.14 (/opt/ros/humble/share/ament_lint_auto/cmake)\n'}
[1.401477] (-) TimerEvent: {}
[1.437701] (ros2_robot_bridge) StdoutLine: {'line': b"-- Added test 'copyright' to check source files copyright and LICENSE\n"}
[1.438360] (ros2_robot_bridge) StdoutLine: {'line': b"-- Added test 'cppcheck' to perform static code analysis on C / C++ code\n"}
[1.438536] (ros2_robot_bridge) StdoutLine: {'line': b'-- Configured cppcheck include dirs: /home/bd/Documents/Robot/YSZD_RobotPlattform/src/ros2_robot_bridge/../c;/home/bd/Documents/Robot/YSZD_RobotPlattform/src/ros2_robot_bridge/../c/generated/inc\n'}
[1.438641] (ros2_robot_bridge) StdoutLine: {'line': b'-- Configured cppcheck exclude dirs and/or files: \n'}
[1.439134] (ros2_robot_bridge) StdoutLine: {'line': b"-- Added test 'cpplint' to check C / C++ code against the Google style\n"}
[1.439254] (ros2_robot_bridge) StdoutLine: {'line': b'-- Configured cpplint exclude dirs and/or files: \n'}
[1.439946] (ros2_robot_bridge) StdoutLine: {'line': b"-- Added test 'lint_cmake' to check CMake code style\n"}
[1.440706] (ros2_robot_bridge) StdoutLine: {'line': b"-- Added test 'uncrustify' to check C / C++ code style\n"}
[1.440893] (ros2_robot_bridge) StdoutLine: {'line': b'-- Configured uncrustify additional arguments: \n'}
[1.441103] (ros2_robot_bridge) StdoutLine: {'line': b"-- Added test 'xmllint' to check XML markup files\n"}
[1.442581] (ros2_robot_bridge) StdoutLine: {'line': b'-- Configuring done\n'}
[1.444251] (ros2_robot_bridge) StderrLine: {'line': b'CMake Error at CMakeLists.txt:50 (add_executable):\n'}
[1.444504] (ros2_robot_bridge) StderrLine: {'line': b'  Cannot find source file:\n'}
[1.444618] (ros2_robot_bridge) StderrLine: {'line': b'\n'}
[1.444717] (ros2_robot_bridge) StderrLine: {'line': b'    /home/bd/Documents/Robot/YSZD_RobotPlattform/src/c/pb_encode.c\n'}
[1.444815] (ros2_robot_bridge) StderrLine: {'line': b'\n'}
[1.444908] (ros2_robot_bridge) StderrLine: {'line': b'  Tried extensions .c .C .c++ .cc .cpp .cxx .cu .mpp .m .M .mm .ixx .cppm .h\n'}
[1.445011] (ros2_robot_bridge) StderrLine: {'line': b'  .hh .h++ .hm .hpp .hxx .in .txx .f .F .for .f77 .f90 .f95 .f03 .hip .ispc\n'}
[1.445108] (ros2_robot_bridge) StderrLine: {'line': b'\n'}
[1.445203] (ros2_robot_bridge) StderrLine: {'line': b'\n'}
[1.445582] (ros2_robot_bridge) StderrLine: {'line': b'CMake Error at CMakeLists.txt:50 (add_executable):\n'}
[1.445684] (ros2_robot_bridge) StderrLine: {'line': b'  No SOURCES given to target: robot_websocket_bridge\n'}
[1.445782] (ros2_robot_bridge) StderrLine: {'line': b'\n'}
[1.445874] (ros2_robot_bridge) StderrLine: {'line': b'\n'}
[1.445963] (ros2_robot_bridge) StderrLine: {'line': b'CMake Generate step failed.  Build files cannot be regenerated correctly.\n'}
[1.452571] (ros2_robot_bridge) CommandEnded: {'returncode': 1}
[1.478194] (ros2_robot_bridge) JobEnded: {'identifier': 'ros2_robot_bridge', 'rc': 1}
[1.488817] (-) EventReactorShutdown: {}
