[0.008s] Invoking command in '/home/bd/Documents/Robot/YSZD_RobotPlattform/build/mecanum_robot': CMAKE_PREFIX_PATH=/opt/ros/humble /usr/bin/cmake /home/bd/Documents/Robot/YSZD_RobotPlattform -DCMAKE_INSTALL_PREFIX=/home/bd/Documents/Robot/YSZD_RobotPlattform/install/mecanum_robot
[0.062s] -- The C compiler identification is GNU 11.4.0
[0.109s] -- The CXX compiler identification is GNU 11.4.0
[0.121s] -- Detecting C compiler ABI info
[0.167s] -- Detecting C compiler ABI info - done
[0.172s] -- Check for working C compiler: /usr/lib/ccache/gcc - skipped
[0.172s] -- Detecting C compile features
[0.172s] -- Detecting C compile features - done
[0.175s] -- Detecting CXX compiler ABI info
[0.229s] -- Detecting CXX compiler ABI info - done
[0.233s] -- Check for working CXX compiler: /usr/lib/ccache/g++ - skipped
[0.234s] -- Detecting CXX compile features
[0.234s] -- Detecting CXX compile features - done
[0.238s] -- Found ament_cmake: 1.3.12 (/opt/ros/humble/share/ament_cmake/cmake)
[0.555s] -- Found Python3: /home/bd/Documents/airflow/airflow_env/bin/python3 (found version "3.10.12") found components: Interpreter 
[0.661s] -- Found rclpy: 3.3.17 (/opt/ros/humble/share/rclpy/cmake)
[0.663s] -- Found geometry_msgs: 4.9.0 (/opt/ros/humble/share/geometry_msgs/cmake)
[0.708s] -- Found rosidl_generator_c: 3.1.7 (/opt/ros/humble/share/rosidl_generator_c/cmake)
[0.711s] -- Found rosidl_adapter: 3.1.7 (/opt/ros/humble/share/rosidl_adapter/cmake)
[0.717s] -- Found rosidl_generator_cpp: 3.1.7 (/opt/ros/humble/share/rosidl_generator_cpp/cmake)
[0.726s] -- Using all available rosidl_typesupport_c: rosidl_typesupport_fastrtps_c;rosidl_typesupport_introspection_c
[0.738s] -- Using all available rosidl_typesupport_cpp: rosidl_typesupport_fastrtps_cpp;rosidl_typesupport_introspection_cpp
[0.765s] -- Found sensor_msgs: 4.9.0 (/opt/ros/humble/share/sensor_msgs/cmake)
[0.779s] -- Found nav_msgs: 4.9.0 (/opt/ros/humble/share/nav_msgs/cmake)
[0.791s] -- Found tf2_ros: 0.25.16 (/opt/ros/humble/share/tf2_ros/cmake)
[0.841s] -- Found rmw_implementation_cmake: 6.1.2 (/opt/ros/humble/share/rmw_implementation_cmake/cmake)
[0.842s] -- Found rmw_fastrtps_cpp: 6.2.9 (/opt/ros/humble/share/rmw_fastrtps_cpp/cmake)
[0.909s] -- Found OpenSSL: /usr/lib/x86_64-linux-gnu/libcrypto.so (found version "3.0.2")  
[0.931s] -- Found FastRTPS: /opt/ros/humble/include  
[0.964s] -- Using RMW implementation 'rmw_fastrtps_cpp' as default
[0.971s] -- Looking for pthread.h
[1.019s] -- Looking for pthread.h - found
[1.020s] -- Performing Test CMAKE_HAVE_LIBC_PTHREAD
[1.066s] -- Performing Test CMAKE_HAVE_LIBC_PTHREAD - Success
[1.068s] -- Found Threads: TRUE  
[1.155s] -- Found tf2_geometry_msgs: 0.25.16 (/opt/ros/humble/share/tf2_geometry_msgs/cmake)
[1.165s] -- Found eigen3_cmake_module: 0.1.1 (/opt/ros/humble/share/eigen3_cmake_module/cmake)
[1.166s] -- Found Eigen3: TRUE (found version "3.4.0") 
[1.166s] -- Ensuring Eigen3 include directory is part of orocos-kdl CMake target
[1.254s] -- Found ament_lint_auto: 0.12.14 (/opt/ros/humble/share/ament_lint_auto/cmake)
[1.343s] -- Added test 'copyright' to check source files copyright and LICENSE
[1.361s] -- Added test 'cppcheck' to perform static code analysis on C / C++ code
[1.361s] -- Configured cppcheck include dirs: 
[1.361s] -- Configured cppcheck exclude dirs and/or files: 
[1.370s] -- Added test 'cpplint' to check C / C++ code against the Google style
[1.370s] -- Configured cpplint exclude dirs and/or files: 
[1.371s] -- Added test 'flake8' to check Python code syntax and style conventions
[1.374s] -- Added test 'lint_cmake' to check CMake code style
[1.376s] -- Added test 'pep257' to check Python code against some of the docstring style conventions in PEP 257
[1.384s] -- Added test 'uncrustify' to check C / C++ code style
[1.384s] -- Configured uncrustify additional arguments: 
[1.385s] -- Added test 'xmllint' to check XML markup files
[1.386s] -- Configuring done
[1.391s] -- Generating done
[1.393s] -- Build files have been written to: /home/bd/Documents/Robot/YSZD_RobotPlattform/build/mecanum_robot
[1.402s] Invoked command in '/home/bd/Documents/Robot/YSZD_RobotPlattform/build/mecanum_robot' returned '0': CMAKE_PREFIX_PATH=/opt/ros/humble /usr/bin/cmake /home/bd/Documents/Robot/YSZD_RobotPlattform -DCMAKE_INSTALL_PREFIX=/home/bd/Documents/Robot/YSZD_RobotPlattform/install/mecanum_robot
[1.404s] Invoking command in '/home/bd/Documents/Robot/YSZD_RobotPlattform/build/mecanum_robot': CMAKE_PREFIX_PATH=/opt/ros/humble /usr/bin/cmake --build /home/bd/Documents/Robot/YSZD_RobotPlattform/build/mecanum_robot -- -j16 -l16
[1.459s] Built target ament_cmake_python_copy_mecanum_robot
[1.667s] running egg_info
[1.681s] creating mecanum_robot.egg-info
[1.681s] writing mecanum_robot.egg-info/PKG-INFO
[1.681s] writing dependency_links to mecanum_robot.egg-info/dependency_links.txt
[1.682s] writing top-level names to mecanum_robot.egg-info/top_level.txt
[1.682s] writing manifest file 'mecanum_robot.egg-info/SOURCES.txt'
[1.773s] writing manifest file 'mecanum_robot.egg-info/SOURCES.txt'
[1.807s] Built target ament_cmake_python_build_mecanum_robot_egg
[1.816s] Invoked command in '/home/bd/Documents/Robot/YSZD_RobotPlattform/build/mecanum_robot' returned '0': CMAKE_PREFIX_PATH=/opt/ros/humble /usr/bin/cmake --build /home/bd/Documents/Robot/YSZD_RobotPlattform/build/mecanum_robot -- -j16 -l16
[1.826s] Invoking command in '/home/bd/Documents/Robot/YSZD_RobotPlattform/build/mecanum_robot': CMAKE_PREFIX_PATH=/opt/ros/humble /usr/bin/cmake --install /home/bd/Documents/Robot/YSZD_RobotPlattform/build/mecanum_robot
[1.832s] -- Install configuration: ""
[1.833s] -- Installing: /home/bd/Documents/Robot/YSZD_RobotPlattform/install/mecanum_robot/share/mecanum_robot/environment/pythonpath.sh
[1.833s] -- Installing: /home/bd/Documents/Robot/YSZD_RobotPlattform/install/mecanum_robot/share/mecanum_robot/environment/pythonpath.dsv
[1.833s] -- Installing: /home/bd/Documents/Robot/YSZD_RobotPlattform/install/mecanum_robot/lib/python3.10/site-packages/mecanum_robot-1.0.0-py3.10.egg-info
[1.833s] -- Installing: /home/bd/Documents/Robot/YSZD_RobotPlattform/install/mecanum_robot/lib/python3.10/site-packages/mecanum_robot-1.0.0-py3.10.egg-info/top_level.txt
[1.833s] -- Installing: /home/bd/Documents/Robot/YSZD_RobotPlattform/install/mecanum_robot/lib/python3.10/site-packages/mecanum_robot-1.0.0-py3.10.egg-info/dependency_links.txt
[1.833s] -- Installing: /home/bd/Documents/Robot/YSZD_RobotPlattform/install/mecanum_robot/lib/python3.10/site-packages/mecanum_robot-1.0.0-py3.10.egg-info/PKG-INFO
[1.833s] -- Installing: /home/bd/Documents/Robot/YSZD_RobotPlattform/install/mecanum_robot/lib/python3.10/site-packages/mecanum_robot-1.0.0-py3.10.egg-info/SOURCES.txt
[1.833s] -- Installing: /home/bd/Documents/Robot/YSZD_RobotPlattform/install/mecanum_robot/lib/python3.10/site-packages/mecanum_robot
[1.833s] -- Installing: /home/bd/Documents/Robot/YSZD_RobotPlattform/install/mecanum_robot/lib/python3.10/site-packages/mecanum_robot/__init__.py
[1.859s] Listing '/home/bd/Documents/Robot/YSZD_RobotPlattform/install/mecanum_robot/lib/python3.10/site-packages/mecanum_robot'...
[1.860s] Compiling '/home/bd/Documents/Robot/YSZD_RobotPlattform/install/mecanum_robot/lib/python3.10/site-packages/mecanum_robot/__init__.py'...
[1.863s] -- Installing: /home/bd/Documents/Robot/YSZD_RobotPlattform/install/mecanum_robot/lib/mecanum_robot/robot_node.py
[1.863s] -- Installing: /home/bd/Documents/Robot/YSZD_RobotPlattform/install/mecanum_robot/lib/mecanum_robot/remote_control.py
[1.864s] -- Installing: /home/bd/Documents/Robot/YSZD_RobotPlattform/install/mecanum_robot/lib/mecanum_robot/path_publisher.py
[1.864s] -- Installing: /home/bd/Documents/Robot/YSZD_RobotPlattform/install/mecanum_robot/lib/mecanum_robot/camera_node_fixed.py
[1.864s] -- Installing: /home/bd/Documents/Robot/YSZD_RobotPlattform/install/mecanum_robot/lib/mecanum_robot/apriltag_detector_enhanced.py
[1.864s] -- Installing: /home/bd/Documents/Robot/YSZD_RobotPlattform/install/mecanum_robot/lib/mecanum_robot/position_calculator.py
[1.864s] -- Installing: /home/bd/Documents/Robot/YSZD_RobotPlattform/install/mecanum_robot/lib/mecanum_robot/image_viewer.py
[1.864s] -- Installing: /home/bd/Documents/Robot/YSZD_RobotPlattform/install/mecanum_robot/lib/mecanum_robot/waypoint_follower.py
[1.865s] -- Installing: /home/bd/Documents/Robot/YSZD_RobotPlattform/install/mecanum_robot/lib/mecanum_robot/waypoint_recorder.py
[1.865s] -- Installing: /home/bd/Documents/Robot/YSZD_RobotPlattform/install/mecanum_robot/lib/mecanum_robot/ros2_websocket_bridge.py
[1.865s] -- Installing: /home/bd/Documents/Robot/YSZD_RobotPlattform/install/mecanum_robot/share/mecanum_robot//launch
[1.865s] -- Installing: /home/bd/Documents/Robot/YSZD_RobotPlattform/install/mecanum_robot/share/mecanum_robot//launch/mecanum_robot_clean.launch.py
[1.865s] -- Installing: /home/bd/Documents/Robot/YSZD_RobotPlattform/install/mecanum_robot/share/mecanum_robot//launch/apriltag_robot.launch.py
[1.865s] -- Installing: /home/bd/Documents/Robot/YSZD_RobotPlattform/install/mecanum_robot/share/mecanum_robot//launch/apriltag_robot_fixed.launch.py
[1.865s] -- Installing: /home/bd/Documents/Robot/YSZD_RobotPlattform/install/mecanum_robot/share/mecanum_robot//launch/nav2_with_obstacles.launch.py
[1.866s] -- Installing: /home/bd/Documents/Robot/YSZD_RobotPlattform/install/mecanum_robot/share/mecanum_robot//launch/simple_nav2.launch.py
[1.866s] -- Installing: /home/bd/Documents/Robot/YSZD_RobotPlattform/install/mecanum_robot/share/mecanum_robot//launch/robot_state_machine.launch.py
[1.866s] -- Installing: /home/bd/Documents/Robot/YSZD_RobotPlattform/install/mecanum_robot/share/mecanum_robot//launch/mecanum_robot.launch.py
[1.866s] -- Installing: /home/bd/Documents/Robot/YSZD_RobotPlattform/install/mecanum_robot/share/mecanum_robot//urdf
[1.866s] -- Installing: /home/bd/Documents/Robot/YSZD_RobotPlattform/install/mecanum_robot/share/mecanum_robot//urdf/mecanum_robot.urdf
[1.866s] -- Installing: /home/bd/Documents/Robot/YSZD_RobotPlattform/install/mecanum_robot/share/mecanum_robot//rviz
[1.866s] -- Installing: /home/bd/Documents/Robot/YSZD_RobotPlattform/install/mecanum_robot/share/mecanum_robot//rviz/mecanum_robot.rviz
[1.866s] -- Installing: /home/bd/Documents/Robot/YSZD_RobotPlattform/install/mecanum_robot/share/mecanum_robot//rviz/nav2_with_obstacles.rviz
[1.866s] -- Installing: /home/bd/Documents/Robot/YSZD_RobotPlattform/install/mecanum_robot/share/mecanum_robot//rviz/mecanum_robot_path.rviz
[1.866s] -- Installing: /home/bd/Documents/Robot/YSZD_RobotPlattform/install/mecanum_robot/share/mecanum_robot//rviz/map_display.rviz
[1.866s] -- Installing: /home/bd/Documents/Robot/YSZD_RobotPlattform/install/mecanum_robot/share/mecanum_robot//rviz/simple_path.rviz
[1.867s] -- Installing: /home/bd/Documents/Robot/YSZD_RobotPlattform/install/mecanum_robot/share/mecanum_robot//config
[1.867s] -- Installing: /home/bd/Documents/Robot/YSZD_RobotPlattform/install/mecanum_robot/share/mecanum_robot//config/nav2_params.yaml
[1.867s] -- Installing: /home/bd/Documents/Robot/YSZD_RobotPlattform/install/mecanum_robot/share/ament_index/resource_index/package_run_dependencies/mecanum_robot
[1.867s] -- Installing: /home/bd/Documents/Robot/YSZD_RobotPlattform/install/mecanum_robot/share/ament_index/resource_index/parent_prefix_path/mecanum_robot
[1.867s] -- Installing: /home/bd/Documents/Robot/YSZD_RobotPlattform/install/mecanum_robot/share/mecanum_robot/environment/ament_prefix_path.sh
[1.867s] -- Installing: /home/bd/Documents/Robot/YSZD_RobotPlattform/install/mecanum_robot/share/mecanum_robot/environment/ament_prefix_path.dsv
[1.867s] -- Installing: /home/bd/Documents/Robot/YSZD_RobotPlattform/install/mecanum_robot/share/mecanum_robot/environment/path.sh
[1.867s] -- Installing: /home/bd/Documents/Robot/YSZD_RobotPlattform/install/mecanum_robot/share/mecanum_robot/environment/path.dsv
[1.868s] -- Installing: /home/bd/Documents/Robot/YSZD_RobotPlattform/install/mecanum_robot/share/mecanum_robot/local_setup.bash
[1.868s] -- Installing: /home/bd/Documents/Robot/YSZD_RobotPlattform/install/mecanum_robot/share/mecanum_robot/local_setup.sh
[1.868s] -- Installing: /home/bd/Documents/Robot/YSZD_RobotPlattform/install/mecanum_robot/share/mecanum_robot/local_setup.zsh
[1.868s] -- Installing: /home/bd/Documents/Robot/YSZD_RobotPlattform/install/mecanum_robot/share/mecanum_robot/local_setup.dsv
[1.868s] -- Installing: /home/bd/Documents/Robot/YSZD_RobotPlattform/install/mecanum_robot/share/mecanum_robot/package.dsv
[1.868s] -- Installing: /home/bd/Documents/Robot/YSZD_RobotPlattform/install/mecanum_robot/share/ament_index/resource_index/packages/mecanum_robot
[1.868s] -- Installing: /home/bd/Documents/Robot/YSZD_RobotPlattform/install/mecanum_robot/share/mecanum_robot/cmake/mecanum_robotConfig.cmake
[1.868s] -- Installing: /home/bd/Documents/Robot/YSZD_RobotPlattform/install/mecanum_robot/share/mecanum_robot/cmake/mecanum_robotConfig-version.cmake
[1.868s] -- Installing: /home/bd/Documents/Robot/YSZD_RobotPlattform/install/mecanum_robot/share/mecanum_robot/package.xml
[1.869s] Invoked command in '/home/bd/Documents/Robot/YSZD_RobotPlattform/build/mecanum_robot' returned '0': CMAKE_PREFIX_PATH=/opt/ros/humble /usr/bin/cmake --install /home/bd/Documents/Robot/YSZD_RobotPlattform/build/mecanum_robot
