[0.000000] (-) TimerEvent: {}
[0.001181] (mecanum_robot) JobQueued: {'identifier': 'mecanum_robot', 'dependencies': OrderedDict()}
[0.004421] (mecanum_robot) JobStarted: {'identifier': 'mecanum_robot'}
[0.021773] (mecanum_robot) JobProgress: {'identifier': 'mecanum_robot', 'progress': 'cmake'}
[0.024082] (mecanum_robot) Command: {'cmd': ['/usr/bin/cmake', '/home/y1234/Documents/robot_ws/YSZD_RobotPlattform', '-DCMAKE_INSTALL_PREFIX=/home/y1234/Documents/robot_ws/YSZD_RobotPlattform/install/mecanum_robot'], 'cwd': '/home/y1234/Documents/robot_ws/YSZD_RobotPlattform/build/mecanum_robot', 'env': OrderedDict([('LESSOPEN', '| /usr/bin/lesspipe %s'), ('VSCODE_CWD', '/home/y1234'), ('VSCODE_ESM_ENTRYPOINT', 'vs/workbench/api/node/extensionHostProcess'), ('USER', 'y1234'), ('VSCODE_NLS_CONFIG', '{"userLocale":"en-us","osLocale":"en-us","resolvedLanguage":"en","defaultMessagesFile":"/usr/share/cursor/resources/app/out/nls.messages.json","locale":"en-us","availableLanguages":{}}'), ('VSCODE_HANDLES_UNCAUGHT_ERRORS', 'true'), ('XDG_SESSION_TYPE', 'x11'), ('SHLVL', '0'), ('LD_LIBRARY_PATH', '/opt/ros/humble/opt/rviz_ogre_vendor/lib:/opt/ros/humble/lib/aarch64-linux-gnu:/opt/ros/humble/lib'), ('HOME', '/home/y1234'), ('CHROME_DESKTOP', 'cursor.desktop'), ('OLDPWD', '/home/y1234/Documents/robot_ws/YSZD_RobotPlattform'), ('DESKTOP_SESSION', 'ubuntu'), ('VSCODE_IPC_HOOK', '/run/user/1000/vscode-9bde45c7-2.1.-main.sock'), ('JETSON_L4T', '36.4.7'), ('GIO_LAUNCHED_DESKTOP_FILE', '/usr/share/applications/cursor.desktop'), ('ROS_PYTHON_VERSION', '3'), ('GNOME_SHELL_SESSION_MODE', 'ubuntu'), ('GTK_MODULES', 'gail:atk-bridge'), ('JETSON_MODEL', 'NVIDIA Jetson Orin Nano Engineering Reference Developer Kit Super'), ('MANAGERPID', '2508'), ('DBUS_STARTER_BUS_TYPE', 'session'), ('SYSTEMD_EXEC_PID', '2653'), ('NO_COLOR', '1'), ('DBUS_SESSION_BUS_ADDRESS', 'unix:path=/run/user/1000/bus,guid=949a50e6bbe6e0f8ed7e56de692c20a1'), ('GIO_LAUNCHED_DESKTOP_FILE_PID', '6220'), ('VSCODE_CRASH_REPORTER_PROCESS_TYPE', 'extensionHost'), ('IM_CONFIG_PHASE', '1'), ('COLCON_PREFIX_PATH', '/home/y1234/Documents/robot_ws/YSZD_RobotPlattform/install'), ('ROS_DISTRO', 'humble'), ('GTK_IM_MODULE', 'ibus'), ('LOGNAME', 'y1234'), ('FORCE_COLOR', '0'), ('JETSON_MODULE', 'NVIDIA Jetson Orin Nano (Developer kit)'), ('JETSON_SERIAL_NUMBER', '1423325070422'), ('JOURNAL_STREAM', '8:47217'), ('_', '/usr/bin/colcon'), ('ROS_VERSION', '2'), ('XDG_SESSION_CLASS', 'user'), ('USERNAME', 'y1234'), ('TERM', 'dumb'), ('GNOME_DESKTOP_SESSION_ID', 'this-is-deprecated'), ('ROS_LOCALHOST_ONLY', '0'), ('COMPOSER_NO_INTERACTION', '1'), ('WINDOWPATH', '2'), ('PATH', '/home/y1234/.local/bin:/home/y1234/.local/bin:/opt/ros/humble/bin:/home/y1234/.local/bin:/usr/local/sbin:/usr/local/bin:/usr/sbin:/usr/bin:/sbin:/bin:/usr/games:/usr/local/games:/snap/bin:/snap/bin'), ('SESSION_MANAGER', 'local/y1234-desktop:@/tmp/.ICE-unix/2653,unix/y1234-desktop:/tmp/.ICE-unix/2653'), ('INVOCATION_ID', '4b949f2179274e0fb2b3f5b4fddf8230'), ('XDG_MENU_PREFIX', 'gnome-'), ('VSCODE_PROCESS_TITLE', 'extension-host  [1-1]'), ('XDG_RUNTIME_DIR', '/run/user/1000'), ('GDK_BACKEND', 'x11'), ('CURSOR_AGENT', '1'), ('DISPLAY', ':1'), ('LANG', 'en_US.UTF-8'), ('XDG_CURRENT_DESKTOP', 'Unity'), ('XMODIFIERS', '@im=ibus'), ('XDG_SESSION_DESKTOP', 'ubuntu'), ('XAUTHORITY', '/run/user/1000/gdm/Xauthority'), ('LS_COLORS', ''), ('JETSON_SOC', 'tegra234'), ('CURSOR_TRACE_ID', 'd4368823bcf34ebbb4f964e442f27956'), ('SSH_AGENT_LAUNCHER', 'gnome-keyring'), ('SSH_AUTH_SOCK', '/run/user/1000/keyring/ssh'), ('AMENT_PREFIX_PATH', '/home/y1234/Documents/robot_ws/YSZD_RobotPlattform/install/mecanum_robot:/opt/ros/humble'), ('ORIGINAL_XDG_CURRENT_DESKTOP', 'ubuntu:GNOME'), ('SHELL', '/bin/bash'), ('QT_ACCESSIBILITY', '1'), ('GDMSESSION', 'ubuntu'), ('LESSCLOSE', '/usr/bin/lesspipe %s %s'), ('GPG_AGENT_INFO', '/run/user/1000/gnupg/S.gpg-agent:0:1'), ('QT_IM_MODULE', 'ibus'), ('JETSON_CUDA_ARCH_BIN', '8.7'), ('PWD', '/home/y1234/Documents/robot_ws/YSZD_RobotPlattform/build/mecanum_robot'), ('LC_ALL', 'en_US.UTF-8'), ('XDG_CONFIG_DIRS', '/etc/xdg/xdg-ubuntu:/etc/xdg'), ('VSCODE_CODE_CACHE_PATH', '/home/y1234/.config/Cursor/CachedData/7584ea888f7eb7bf76c9873a8f71b28f034a9820'), ('DBUS_STARTER_ADDRESS', 'unix:path=/run/user/1000/bus,guid=949a50e6bbe6e0f8ed7e56de692c20a1'), ('XDG_DATA_DIRS', '/usr/share/ubuntu:/usr/share/gnome:/usr/local/share/:/usr/share/:/var/lib/snapd/desktop'), ('PYTHONPATH', '/home/y1234/Documents/robot_ws/YSZD_RobotPlattform/install/mecanum_robot/local/lib/python3.10/dist-packages:/home/y1234/.local/lib/python3.10/site-packages:/home/y1234/.local/lib/python3.10/site-packages:/opt/ros/humble/lib/python3.10/site-packages:/opt/ros/humble/local/lib/python3.10/dist-packages'), ('COLCON', '1'), ('_ZO_DOCTOR', '0'), ('JETSON_JETPACK', ''), ('CMAKE_PREFIX_PATH', '/home/y1234/Documents/robot_ws/YSZD_RobotPlattform/install/mecanum_robot:/opt/ros/humble'), ('VSCODE_PID', '6220'), ('JETSON_P_NUMBER', 'p3767-0005')]), 'shell': False}
[0.099755] (-) TimerEvent: {}
[0.139410] (mecanum_robot) StdoutLine: {'line': b'-- The C compiler identification is GNU 11.4.0\n'}
[0.199948] (-) TimerEvent: {}
[0.244652] (mecanum_robot) StdoutLine: {'line': b'-- The CXX compiler identification is GNU 11.4.0\n'}
[0.259208] (mecanum_robot) StdoutLine: {'line': b'-- Detecting C compiler ABI info\n'}
[0.300126] (-) TimerEvent: {}
[0.400707] (-) TimerEvent: {}
[0.416403] (mecanum_robot) StdoutLine: {'line': b'-- Detecting C compiler ABI info - done\n'}
[0.430085] (mecanum_robot) StdoutLine: {'line': b'-- Check for working C compiler: /usr/bin/cc - skipped\n'}
[0.431086] (mecanum_robot) StdoutLine: {'line': b'-- Detecting C compile features\n'}
[0.432682] (mecanum_robot) StdoutLine: {'line': b'-- Detecting C compile features - done\n'}
[0.439926] (mecanum_robot) StdoutLine: {'line': b'-- Detecting CXX compiler ABI info\n'}
[0.500911] (-) TimerEvent: {}
[0.601596] (-) TimerEvent: {}
[0.615140] (mecanum_robot) StdoutLine: {'line': b'-- Detecting CXX compiler ABI info - done\n'}
[0.637155] (mecanum_robot) StdoutLine: {'line': b'-- Check for working CXX compiler: /usr/bin/c++ - skipped\n'}
[0.638751] (mecanum_robot) StdoutLine: {'line': b'-- Detecting CXX compile features\n'}
[0.642764] (mecanum_robot) StdoutLine: {'line': b'-- Detecting CXX compile features - done\n'}
[0.649705] (mecanum_robot) StdoutLine: {'line': b'-- Found ament_cmake: 1.3.12 (/opt/ros/humble/share/ament_cmake/cmake)\n'}
[0.701742] (-) TimerEvent: {}
[0.802133] (-) TimerEvent: {}
[0.902522] (-) TimerEvent: {}
[1.002993] (-) TimerEvent: {}
[1.103665] (-) TimerEvent: {}
[1.204114] (-) TimerEvent: {}
[1.304591] (-) TimerEvent: {}
[1.405081] (-) TimerEvent: {}
[1.468799] (mecanum_robot) StdoutLine: {'line': b'-- Found Python3: /usr/bin/python3 (found version "3.10.12") found components: Interpreter \n'}
[1.505246] (-) TimerEvent: {}
[1.605737] (-) TimerEvent: {}
[1.674282] (mecanum_robot) StdoutLine: {'line': b'-- Found rclpy: 3.3.17 (/opt/ros/humble/share/rclpy/cmake)\n'}
[1.677604] (mecanum_robot) StdoutLine: {'line': b'-- Found rclcpp: 16.0.15 (/opt/ros/humble/share/rclcpp/cmake)\n'}
[1.707284] (-) TimerEvent: {}
[1.740395] (mecanum_robot) StdoutLine: {'line': b'-- Found rosidl_generator_c: 3.1.7 (/opt/ros/humble/share/rosidl_generator_c/cmake)\n'}
[1.747286] (mecanum_robot) StdoutLine: {'line': b'-- Found rosidl_adapter: 3.1.7 (/opt/ros/humble/share/rosidl_adapter/cmake)\n'}
[1.759613] (mecanum_robot) StdoutLine: {'line': b'-- Found rosidl_generator_cpp: 3.1.7 (/opt/ros/humble/share/rosidl_generator_cpp/cmake)\n'}
[1.779581] (mecanum_robot) StdoutLine: {'line': b'-- Using all available rosidl_typesupport_c: rosidl_typesupport_fastrtps_c;rosidl_typesupport_introspection_c\n'}
[1.804916] (mecanum_robot) StdoutLine: {'line': b'-- Using all available rosidl_typesupport_cpp: rosidl_typesupport_fastrtps_cpp;rosidl_typesupport_introspection_cpp\n'}
[1.807416] (-) TimerEvent: {}
[1.873218] (mecanum_robot) StdoutLine: {'line': b'-- Found rmw_implementation_cmake: 6.1.2 (/opt/ros/humble/share/rmw_implementation_cmake/cmake)\n'}
[1.877462] (mecanum_robot) StdoutLine: {'line': b'-- Found rmw_fastrtps_cpp: 6.2.9 (/opt/ros/humble/share/rmw_fastrtps_cpp/cmake)\n'}
[1.907605] (-) TimerEvent: {}
[2.008047] (-) TimerEvent: {}
[2.053334] (mecanum_robot) StdoutLine: {'line': b'-- Found OpenSSL: /usr/lib/aarch64-linux-gnu/libcrypto.so (found version "3.0.2")  \n'}
[2.108234] (-) TimerEvent: {}
[2.118415] (mecanum_robot) StdoutLine: {'line': b'-- Found FastRTPS: /opt/ros/humble/include  \n'}
[2.208443] (-) TimerEvent: {}
[2.255330] (mecanum_robot) StdoutLine: {'line': b"-- Using RMW implementation 'rmw_fastrtps_cpp' as default\n"}
[2.272503] (mecanum_robot) StdoutLine: {'line': b'-- Looking for pthread.h\n'}
[2.308621] (-) TimerEvent: {}
[2.409021] (-) TimerEvent: {}
[2.509438] (-) TimerEvent: {}
[2.549762] (mecanum_robot) StdoutLine: {'line': b'-- Looking for pthread.h - found\n'}
[2.550601] (mecanum_robot) StdoutLine: {'line': b'-- Performing Test CMAKE_HAVE_LIBC_PTHREAD\n'}
[2.609604] (-) TimerEvent: {}
[2.699494] (mecanum_robot) StdoutLine: {'line': b'-- Performing Test CMAKE_HAVE_LIBC_PTHREAD - Success\n'}
[2.701264] (mecanum_robot) StdoutLine: {'line': b'-- Found Threads: TRUE  \n'}
[2.709692] (-) TimerEvent: {}
[2.795304] (mecanum_robot) StdoutLine: {'line': b'-- Found geometry_msgs: 4.9.0 (/opt/ros/humble/share/geometry_msgs/cmake)\n'}
[2.809908] (-) TimerEvent: {}
[2.818774] (mecanum_robot) StdoutLine: {'line': b'-- Found sensor_msgs: 4.9.0 (/opt/ros/humble/share/sensor_msgs/cmake)\n'}
[2.850877] (mecanum_robot) StdoutLine: {'line': b'-- Found nav_msgs: 4.9.0 (/opt/ros/humble/share/nav_msgs/cmake)\n'}
[2.879158] (mecanum_robot) StdoutLine: {'line': b'-- Found tf2_ros: 0.25.17 (/opt/ros/humble/share/tf2_ros/cmake)\n'}
[2.910091] (-) TimerEvent: {}
[3.010658] (-) TimerEvent: {}
[3.038518] (mecanum_robot) StdoutLine: {'line': b'-- Found tf2_geometry_msgs: 0.25.17 (/opt/ros/humble/share/tf2_geometry_msgs/cmake)\n'}
[3.061101] (mecanum_robot) StdoutLine: {'line': b'-- Found eigen3_cmake_module: 0.1.1 (/opt/ros/humble/share/eigen3_cmake_module/cmake)\n'}
[3.062546] (mecanum_robot) StdoutLine: {'line': b'-- Found Eigen3: TRUE (found version "3.4.0") \n'}
[3.062792] (mecanum_robot) StdoutLine: {'line': b'-- Ensuring Eigen3 include directory is part of orocos-kdl CMake target\n'}
[3.066494] (mecanum_robot) StdoutLine: {'line': b'-- Found cv_bridge: 3.2.1 (/opt/ros/humble/share/cv_bridge/cmake)\n'}
[3.085670] (mecanum_robot) StdoutLine: {'line': b'-- Found image_transport: 3.1.12 (/opt/ros/humble/share/image_transport/cmake)\n'}
[3.110829] (-) TimerEvent: {}
[3.122970] (mecanum_robot) StdoutLine: {'line': b'-- Found OpenCV: /usr (found version "4.5.4") \n'}
[3.210986] (-) TimerEvent: {}
[3.311468] (-) TimerEvent: {}
[3.325190] (mecanum_robot) StdoutLine: {'line': b'-- Found ament_lint_auto: 0.12.14 (/opt/ros/humble/share/ament_lint_auto/cmake)\n'}
[3.411604] (-) TimerEvent: {}
[3.506571] (mecanum_robot) StdoutLine: {'line': b"-- Added test 'copyright' to check source files copyright and LICENSE\n"}
[3.511763] (-) TimerEvent: {}
[3.600976] (mecanum_robot) StdoutLine: {'line': b"-- Added test 'cppcheck' to perform static code analysis on C / C++ code\n"}
[3.601453] (mecanum_robot) StdoutLine: {'line': b'-- Configured cppcheck include dirs: \n'}
[3.601609] (mecanum_robot) StdoutLine: {'line': b'-- Configured cppcheck exclude dirs and/or files: \n'}
[3.611956] (-) TimerEvent: {}
[3.683200] (mecanum_robot) StdoutLine: {'line': b"-- Added test 'cpplint' to check C / C++ code against the Google style\n"}
[3.683838] (mecanum_robot) StdoutLine: {'line': b'-- Configured cpplint exclude dirs and/or files: \n'}
[3.695721] (mecanum_robot) StdoutLine: {'line': b"-- Added test 'flake8' to check Python code syntax and style conventions\n"}
[3.712167] (-) TimerEvent: {}
[3.716219] (mecanum_robot) StdoutLine: {'line': b"-- Added test 'lint_cmake' to check CMake code style\n"}
[3.727702] (mecanum_robot) StdoutLine: {'line': b"-- Added test 'pep257' to check Python code against some of the docstring style conventions in PEP 257\n"}
[3.809938] (mecanum_robot) StdoutLine: {'line': b"-- Added test 'uncrustify' to check C / C++ code style\n"}
[3.810335] (mecanum_robot) StdoutLine: {'line': b'-- Configured uncrustify additional arguments: \n'}
[3.813244] (-) TimerEvent: {}
[3.821622] (mecanum_robot) StdoutLine: {'line': b"-- Added test 'xmllint' to check XML markup files\n"}
[3.827707] (mecanum_robot) StdoutLine: {'line': b'-- Configuring done\n'}
[3.857523] (mecanum_robot) StdoutLine: {'line': b'-- Generating done\n'}
[3.869911] (mecanum_robot) StdoutLine: {'line': b'-- Build files have been written to: /home/y1234/Documents/robot_ws/YSZD_RobotPlattform/build/mecanum_robot\n'}
[3.899621] (mecanum_robot) CommandEnded: {'returncode': 0}
[3.904803] (mecanum_robot) JobProgress: {'identifier': 'mecanum_robot', 'progress': 'build'}
[3.904991] (mecanum_robot) Command: {'cmd': ['/usr/bin/cmake', '--build', '/home/y1234/Documents/robot_ws/YSZD_RobotPlattform/build/mecanum_robot', '--', '-j6', '-l6'], 'cwd': '/home/y1234/Documents/robot_ws/YSZD_RobotPlattform/build/mecanum_robot', 'env': OrderedDict([('LESSOPEN', '| /usr/bin/lesspipe %s'), ('VSCODE_CWD', '/home/y1234'), ('VSCODE_ESM_ENTRYPOINT', 'vs/workbench/api/node/extensionHostProcess'), ('USER', 'y1234'), ('VSCODE_NLS_CONFIG', '{"userLocale":"en-us","osLocale":"en-us","resolvedLanguage":"en","defaultMessagesFile":"/usr/share/cursor/resources/app/out/nls.messages.json","locale":"en-us","availableLanguages":{}}'), ('VSCODE_HANDLES_UNCAUGHT_ERRORS', 'true'), ('XDG_SESSION_TYPE', 'x11'), ('SHLVL', '0'), ('LD_LIBRARY_PATH', '/opt/ros/humble/opt/rviz_ogre_vendor/lib:/opt/ros/humble/lib/aarch64-linux-gnu:/opt/ros/humble/lib'), ('HOME', '/home/y1234'), ('CHROME_DESKTOP', 'cursor.desktop'), ('OLDPWD', '/home/y1234/Documents/robot_ws/YSZD_RobotPlattform'), ('DESKTOP_SESSION', 'ubuntu'), ('VSCODE_IPC_HOOK', '/run/user/1000/vscode-9bde45c7-2.1.-main.sock'), ('JETSON_L4T', '36.4.7'), ('GIO_LAUNCHED_DESKTOP_FILE', '/usr/share/applications/cursor.desktop'), ('ROS_PYTHON_VERSION', '3'), ('GNOME_SHELL_SESSION_MODE', 'ubuntu'), ('GTK_MODULES', 'gail:atk-bridge'), ('JETSON_MODEL', 'NVIDIA Jetson Orin Nano Engineering Reference Developer Kit Super'), ('MANAGERPID', '2508'), ('DBUS_STARTER_BUS_TYPE', 'session'), ('SYSTEMD_EXEC_PID', '2653'), ('NO_COLOR', '1'), ('DBUS_SESSION_BUS_ADDRESS', 'unix:path=/run/user/1000/bus,guid=949a50e6bbe6e0f8ed7e56de692c20a1'), ('GIO_LAUNCHED_DESKTOP_FILE_PID', '6220'), ('VSCODE_CRASH_REPORTER_PROCESS_TYPE', 'extensionHost'), ('IM_CONFIG_PHASE', '1'), ('COLCON_PREFIX_PATH', '/home/y1234/Documents/robot_ws/YSZD_RobotPlattform/install'), ('ROS_DISTRO', 'humble'), ('GTK_IM_MODULE', 'ibus'), ('LOGNAME', 'y1234'), ('FORCE_COLOR', '0'), ('JETSON_MODULE', 'NVIDIA Jetson Orin Nano (Developer kit)'), ('JETSON_SERIAL_NUMBER', '1423325070422'), ('JOURNAL_STREAM', '8:47217'), ('_', '/usr/bin/colcon'), ('ROS_VERSION', '2'), ('XDG_SESSION_CLASS', 'user'), ('USERNAME', 'y1234'), ('TERM', 'dumb'), ('GNOME_DESKTOP_SESSION_ID', 'this-is-deprecated'), ('ROS_LOCALHOST_ONLY', '0'), ('COMPOSER_NO_INTERACTION', '1'), ('WINDOWPATH', '2'), ('PATH', '/home/y1234/.local/bin:/home/y1234/.local/bin:/opt/ros/humble/bin:/home/y1234/.local/bin:/usr/local/sbin:/usr/local/bin:/usr/sbin:/usr/bin:/sbin:/bin:/usr/games:/usr/local/games:/snap/bin:/snap/bin'), ('SESSION_MANAGER', 'local/y1234-desktop:@/tmp/.ICE-unix/2653,unix/y1234-desktop:/tmp/.ICE-unix/2653'), ('INVOCATION_ID', '4b949f2179274e0fb2b3f5b4fddf8230'), ('XDG_MENU_PREFIX', 'gnome-'), ('VSCODE_PROCESS_TITLE', 'extension-host  [1-1]'), ('XDG_RUNTIME_DIR', '/run/user/1000'), ('GDK_BACKEND', 'x11'), ('CURSOR_AGENT', '1'), ('DISPLAY', ':1'), ('LANG', 'en_US.UTF-8'), ('XDG_CURRENT_DESKTOP', 'Unity'), ('XMODIFIERS', '@im=ibus'), ('XDG_SESSION_DESKTOP', 'ubuntu'), ('XAUTHORITY', '/run/user/1000/gdm/Xauthority'), ('LS_COLORS', ''), ('JETSON_SOC', 'tegra234'), ('CURSOR_TRACE_ID', 'd4368823bcf34ebbb4f964e442f27956'), ('SSH_AGENT_LAUNCHER', 'gnome-keyring'), ('SSH_AUTH_SOCK', '/run/user/1000/keyring/ssh'), ('AMENT_PREFIX_PATH', '/home/y1234/Documents/robot_ws/YSZD_RobotPlattform/install/mecanum_robot:/opt/ros/humble'), ('ORIGINAL_XDG_CURRENT_DESKTOP', 'ubuntu:GNOME'), ('SHELL', '/bin/bash'), ('QT_ACCESSIBILITY', '1'), ('GDMSESSION', 'ubuntu'), ('LESSCLOSE', '/usr/bin/lesspipe %s %s'), ('GPG_AGENT_INFO', '/run/user/1000/gnupg/S.gpg-agent:0:1'), ('QT_IM_MODULE', 'ibus'), ('JETSON_CUDA_ARCH_BIN', '8.7'), ('PWD', '/home/y1234/Documents/robot_ws/YSZD_RobotPlattform/build/mecanum_robot'), ('LC_ALL', 'en_US.UTF-8'), ('XDG_CONFIG_DIRS', '/etc/xdg/xdg-ubuntu:/etc/xdg'), ('VSCODE_CODE_CACHE_PATH', '/home/y1234/.config/Cursor/CachedData/7584ea888f7eb7bf76c9873a8f71b28f034a9820'), ('DBUS_STARTER_ADDRESS', 'unix:path=/run/user/1000/bus,guid=949a50e6bbe6e0f8ed7e56de692c20a1'), ('XDG_DATA_DIRS', '/usr/share/ubuntu:/usr/share/gnome:/usr/local/share/:/usr/share/:/var/lib/snapd/desktop'), ('PYTHONPATH', '/home/y1234/Documents/robot_ws/YSZD_RobotPlattform/install/mecanum_robot/local/lib/python3.10/dist-packages:/home/y1234/.local/lib/python3.10/site-packages:/home/y1234/.local/lib/python3.10/site-packages:/opt/ros/humble/lib/python3.10/site-packages:/opt/ros/humble/local/lib/python3.10/dist-packages'), ('COLCON', '1'), ('_ZO_DOCTOR', '0'), ('JETSON_JETPACK', ''), ('CMAKE_PREFIX_PATH', '/home/y1234/Documents/robot_ws/YSZD_RobotPlattform/install/mecanum_robot:/opt/ros/humble'), ('VSCODE_PID', '6220'), ('JETSON_P_NUMBER', 'p3767-0005')]), 'shell': False}
[3.913646] (-) TimerEvent: {}
[4.004609] (mecanum_robot) StdoutLine: {'line': b'[ 50%] Building CXX object CMakeFiles/realsense_dual_camera_node.dir/src/realsense_dual_camera_node.cpp.o\n'}
[4.013834] (-) TimerEvent: {}
[4.017795] (mecanum_robot) StdoutLine: {'line': b'[ 50%] Built target ament_cmake_python_copy_mecanum_robot\n'}
[4.114000] (-) TimerEvent: {}
[4.214409] (-) TimerEvent: {}
[4.314810] (-) TimerEvent: {}
[4.415206] (-) TimerEvent: {}
[4.488073] (mecanum_robot) StdoutLine: {'line': b'running egg_info\n'}
[4.490349] (mecanum_robot) StdoutLine: {'line': b'creating mecanum_robot.egg-info\n'}
[4.515381] (-) TimerEvent: {}
[4.523135] (mecanum_robot) StdoutLine: {'line': b'writing mecanum_robot.egg-info/PKG-INFO\n'}
[4.525571] (mecanum_robot) StdoutLine: {'line': b'writing dependency_links to mecanum_robot.egg-info/dependency_links.txt\n'}
[4.526618] (mecanum_robot) StdoutLine: {'line': b'writing top-level names to mecanum_robot.egg-info/top_level.txt\n'}
[4.526876] (mecanum_robot) StdoutLine: {'line': b"writing manifest file 'mecanum_robot.egg-info/SOURCES.txt'\n"}
[4.615529] (-) TimerEvent: {}
[4.625997] (mecanum_robot) StdoutLine: {'line': b"reading manifest file 'mecanum_robot.egg-info/SOURCES.txt'\n"}
[4.627623] (mecanum_robot) StdoutLine: {'line': b"writing manifest file 'mecanum_robot.egg-info/SOURCES.txt'\n"}
[4.715712] (-) TimerEvent: {}
[4.733753] (mecanum_robot) StdoutLine: {'line': b'[ 50%] Built target ament_cmake_python_build_mecanum_robot_egg\n'}
[4.815917] (-) TimerEvent: {}
[4.916453] (-) TimerEvent: {}
[5.016885] (-) TimerEvent: {}
[5.117385] (-) TimerEvent: {}
[5.217848] (-) TimerEvent: {}
[5.318408] (-) TimerEvent: {}
[5.418838] (-) TimerEvent: {}
[5.519261] (-) TimerEvent: {}
[5.619686] (-) TimerEvent: {}
[5.720142] (-) TimerEvent: {}
[5.820566] (-) TimerEvent: {}
[5.920990] (-) TimerEvent: {}
[6.021403] (-) TimerEvent: {}
[6.121820] (-) TimerEvent: {}
[6.222182] (-) TimerEvent: {}
[6.322597] (-) TimerEvent: {}
[6.423017] (-) TimerEvent: {}
[6.523446] (-) TimerEvent: {}
[6.623881] (-) TimerEvent: {}
[6.724295] (-) TimerEvent: {}
[6.824715] (-) TimerEvent: {}
[6.925146] (-) TimerEvent: {}
[7.025766] (-) TimerEvent: {}
[7.126220] (-) TimerEvent: {}
[7.226730] (-) TimerEvent: {}
[7.327408] (-) TimerEvent: {}
[7.427995] (-) TimerEvent: {}
[7.528560] (-) TimerEvent: {}
[7.629114] (-) TimerEvent: {}
[7.730897] (-) TimerEvent: {}
[7.831314] (-) TimerEvent: {}
[7.931758] (-) TimerEvent: {}
[8.032284] (-) TimerEvent: {}
[8.132702] (-) TimerEvent: {}
[8.233131] (-) TimerEvent: {}
[8.333538] (-) TimerEvent: {}
[8.433952] (-) TimerEvent: {}
[8.534374] (-) TimerEvent: {}
[8.634780] (-) TimerEvent: {}
[8.735196] (-) TimerEvent: {}
[8.835584] (-) TimerEvent: {}
[8.935995] (-) TimerEvent: {}
[9.036425] (-) TimerEvent: {}
[9.136846] (-) TimerEvent: {}
[9.237282] (-) TimerEvent: {}
[9.337698] (-) TimerEvent: {}
[9.438133] (-) TimerEvent: {}
[9.538552] (-) TimerEvent: {}
[9.638966] (-) TimerEvent: {}
[9.739381] (-) TimerEvent: {}
[9.839790] (-) TimerEvent: {}
[9.940241] (-) TimerEvent: {}
[10.040692] (-) TimerEvent: {}
[10.141147] (-) TimerEvent: {}
[10.241564] (-) TimerEvent: {}
[10.341971] (-) TimerEvent: {}
[10.442379] (-) TimerEvent: {}
[10.542791] (-) TimerEvent: {}
[10.643264] (-) TimerEvent: {}
[10.743706] (-) TimerEvent: {}
[10.844182] (-) TimerEvent: {}
[10.944622] (-) TimerEvent: {}
[11.045136] (-) TimerEvent: {}
[11.145587] (-) TimerEvent: {}
[11.246007] (-) TimerEvent: {}
[11.346421] (-) TimerEvent: {}
[11.446852] (-) TimerEvent: {}
[11.547292] (-) TimerEvent: {}
[11.647848] (-) TimerEvent: {}
[11.748277] (-) TimerEvent: {}
[11.849692] (-) TimerEvent: {}
[11.950140] (-) TimerEvent: {}
[12.050576] (-) TimerEvent: {}
[12.151017] (-) TimerEvent: {}
[12.251457] (-) TimerEvent: {}
[12.351948] (-) TimerEvent: {}
[12.452391] (-) TimerEvent: {}
[12.552819] (-) TimerEvent: {}
[12.653261] (-) TimerEvent: {}
[12.753694] (-) TimerEvent: {}
[12.854105] (-) TimerEvent: {}
[12.954530] (-) TimerEvent: {}
[13.054965] (-) TimerEvent: {}
[13.155388] (-) TimerEvent: {}
[13.255842] (-) TimerEvent: {}
[13.356247] (-) TimerEvent: {}
[13.456669] (-) TimerEvent: {}
[13.557090] (-) TimerEvent: {}
[13.657518] (-) TimerEvent: {}
[13.757968] (-) TimerEvent: {}
[13.858382] (-) TimerEvent: {}
[13.958801] (-) TimerEvent: {}
[14.059227] (-) TimerEvent: {}
[14.159650] (-) TimerEvent: {}
[14.260101] (-) TimerEvent: {}
[14.360524] (-) TimerEvent: {}
[14.460972] (-) TimerEvent: {}
[14.561405] (-) TimerEvent: {}
[14.661834] (-) TimerEvent: {}
[14.762254] (-) TimerEvent: {}
[14.863183] (-) TimerEvent: {}
[14.963618] (-) TimerEvent: {}
[15.064062] (-) TimerEvent: {}
[15.164514] (-) TimerEvent: {}
[15.265068] (-) TimerEvent: {}
[15.365498] (-) TimerEvent: {}
[15.465934] (-) TimerEvent: {}
[15.566406] (-) TimerEvent: {}
[15.666832] (-) TimerEvent: {}
[15.767258] (-) TimerEvent: {}
[15.867689] (-) TimerEvent: {}
[15.968165] (-) TimerEvent: {}
[16.068594] (-) TimerEvent: {}
[16.169011] (-) TimerEvent: {}
[16.269418] (-) TimerEvent: {}
[16.369839] (-) TimerEvent: {}
[16.470282] (-) TimerEvent: {}
[16.570752] (-) TimerEvent: {}
[16.671171] (-) TimerEvent: {}
[16.772099] (-) TimerEvent: {}
[16.872697] (-) TimerEvent: {}
[16.973147] (-) TimerEvent: {}
[17.073580] (-) TimerEvent: {}
[17.174039] (-) TimerEvent: {}
[17.274482] (-) TimerEvent: {}
[17.374902] (-) TimerEvent: {}
[17.475313] (-) TimerEvent: {}
[17.575687] (-) TimerEvent: {}
[17.676114] (-) TimerEvent: {}
[17.776531] (-) TimerEvent: {}
[17.877035] (-) TimerEvent: {}
[17.977880] (-) TimerEvent: {}
[18.078963] (-) TimerEvent: {}
[18.179417] (-) TimerEvent: {}
[18.279928] (-) TimerEvent: {}
[18.380415] (-) TimerEvent: {}
[18.480872] (-) TimerEvent: {}
[18.581357] (-) TimerEvent: {}
[18.681783] (-) TimerEvent: {}
[18.782205] (-) TimerEvent: {}
[18.885658] (-) TimerEvent: {}
[18.986141] (-) TimerEvent: {}
[19.086578] (-) TimerEvent: {}
[19.187012] (-) TimerEvent: {}
[19.287510] (-) TimerEvent: {}
[19.388147] (-) TimerEvent: {}
[19.488566] (-) TimerEvent: {}
[19.589012] (-) TimerEvent: {}
[19.689497] (-) TimerEvent: {}
[19.789957] (-) TimerEvent: {}
[19.890420] (-) TimerEvent: {}
[19.990860] (-) TimerEvent: {}
[20.091320] (-) TimerEvent: {}
[20.193868] (-) TimerEvent: {}
[20.295761] (-) TimerEvent: {}
[20.396586] (-) TimerEvent: {}
[20.497050] (-) TimerEvent: {}
[20.597626] (-) TimerEvent: {}
[20.698066] (-) TimerEvent: {}
[20.798470] (-) TimerEvent: {}
[20.898906] (-) TimerEvent: {}
[20.999349] (-) TimerEvent: {}
[21.099760] (-) TimerEvent: {}
[21.200201] (-) TimerEvent: {}
[21.300641] (-) TimerEvent: {}
[21.401078] (-) TimerEvent: {}
[21.501511] (-) TimerEvent: {}
[21.601951] (-) TimerEvent: {}
[21.702366] (-) TimerEvent: {}
[21.803115] (-) TimerEvent: {}
[21.903540] (-) TimerEvent: {}
[21.987050] (mecanum_robot) StdoutLine: {'line': b'[100%] Linking CXX executable realsense_dual_camera_node\n'}
[22.003723] (-) TimerEvent: {}
[22.104240] (-) TimerEvent: {}
[22.204802] (-) TimerEvent: {}
[22.305524] (-) TimerEvent: {}
[22.406057] (-) TimerEvent: {}
[22.506700] (-) TimerEvent: {}
[22.607394] (-) TimerEvent: {}
[22.707898] (-) TimerEvent: {}
[22.810006] (-) TimerEvent: {}
[22.910978] (-) TimerEvent: {}
[23.011481] (-) TimerEvent: {}
[23.111975] (-) TimerEvent: {}
[23.212835] (-) TimerEvent: {}
[23.313291] (-) TimerEvent: {}
[23.414098] (-) TimerEvent: {}
[23.515886] (-) TimerEvent: {}
[23.575757] (mecanum_robot) StdoutLine: {'line': b'[100%] Built target realsense_dual_camera_node\n'}
[23.603637] (mecanum_robot) CommandEnded: {'returncode': 0}
[23.604636] (mecanum_robot) JobProgress: {'identifier': 'mecanum_robot', 'progress': 'install'}
[23.616566] (-) TimerEvent: {}
[23.619432] (mecanum_robot) Command: {'cmd': ['/usr/bin/cmake', '--install', '/home/y1234/Documents/robot_ws/YSZD_RobotPlattform/build/mecanum_robot'], 'cwd': '/home/y1234/Documents/robot_ws/YSZD_RobotPlattform/build/mecanum_robot', 'env': OrderedDict([('LESSOPEN', '| /usr/bin/lesspipe %s'), ('VSCODE_CWD', '/home/y1234'), ('VSCODE_ESM_ENTRYPOINT', 'vs/workbench/api/node/extensionHostProcess'), ('USER', 'y1234'), ('VSCODE_NLS_CONFIG', '{"userLocale":"en-us","osLocale":"en-us","resolvedLanguage":"en","defaultMessagesFile":"/usr/share/cursor/resources/app/out/nls.messages.json","locale":"en-us","availableLanguages":{}}'), ('VSCODE_HANDLES_UNCAUGHT_ERRORS', 'true'), ('XDG_SESSION_TYPE', 'x11'), ('SHLVL', '0'), ('LD_LIBRARY_PATH', '/opt/ros/humble/opt/rviz_ogre_vendor/lib:/opt/ros/humble/lib/aarch64-linux-gnu:/opt/ros/humble/lib'), ('HOME', '/home/y1234'), ('CHROME_DESKTOP', 'cursor.desktop'), ('OLDPWD', '/home/y1234/Documents/robot_ws/YSZD_RobotPlattform'), ('DESKTOP_SESSION', 'ubuntu'), ('VSCODE_IPC_HOOK', '/run/user/1000/vscode-9bde45c7-2.1.-main.sock'), ('JETSON_L4T', '36.4.7'), ('GIO_LAUNCHED_DESKTOP_FILE', '/usr/share/applications/cursor.desktop'), ('ROS_PYTHON_VERSION', '3'), ('GNOME_SHELL_SESSION_MODE', 'ubuntu'), ('GTK_MODULES', 'gail:atk-bridge'), ('JETSON_MODEL', 'NVIDIA Jetson Orin Nano Engineering Reference Developer Kit Super'), ('MANAGERPID', '2508'), ('DBUS_STARTER_BUS_TYPE', 'session'), ('SYSTEMD_EXEC_PID', '2653'), ('NO_COLOR', '1'), ('DBUS_SESSION_BUS_ADDRESS', 'unix:path=/run/user/1000/bus,guid=949a50e6bbe6e0f8ed7e56de692c20a1'), ('GIO_LAUNCHED_DESKTOP_FILE_PID', '6220'), ('VSCODE_CRASH_REPORTER_PROCESS_TYPE', 'extensionHost'), ('IM_CONFIG_PHASE', '1'), ('COLCON_PREFIX_PATH', '/home/y1234/Documents/robot_ws/YSZD_RobotPlattform/install'), ('ROS_DISTRO', 'humble'), ('GTK_IM_MODULE', 'ibus'), ('LOGNAME', 'y1234'), ('FORCE_COLOR', '0'), ('JETSON_MODULE', 'NVIDIA Jetson Orin Nano (Developer kit)'), ('JETSON_SERIAL_NUMBER', '1423325070422'), ('JOURNAL_STREAM', '8:47217'), ('_', '/usr/bin/colcon'), ('ROS_VERSION', '2'), ('XDG_SESSION_CLASS', 'user'), ('USERNAME', 'y1234'), ('TERM', 'dumb'), ('GNOME_DESKTOP_SESSION_ID', 'this-is-deprecated'), ('ROS_LOCALHOST_ONLY', '0'), ('COMPOSER_NO_INTERACTION', '1'), ('WINDOWPATH', '2'), ('PATH', '/home/y1234/.local/bin:/home/y1234/.local/bin:/opt/ros/humble/bin:/home/y1234/.local/bin:/usr/local/sbin:/usr/local/bin:/usr/sbin:/usr/bin:/sbin:/bin:/usr/games:/usr/local/games:/snap/bin:/snap/bin'), ('SESSION_MANAGER', 'local/y1234-desktop:@/tmp/.ICE-unix/2653,unix/y1234-desktop:/tmp/.ICE-unix/2653'), ('INVOCATION_ID', '4b949f2179274e0fb2b3f5b4fddf8230'), ('XDG_MENU_PREFIX', 'gnome-'), ('VSCODE_PROCESS_TITLE', 'extension-host  [1-1]'), ('XDG_RUNTIME_DIR', '/run/user/1000'), ('GDK_BACKEND', 'x11'), ('CURSOR_AGENT', '1'), ('DISPLAY', ':1'), ('LANG', 'en_US.UTF-8'), ('XDG_CURRENT_DESKTOP', 'Unity'), ('XMODIFIERS', '@im=ibus'), ('XDG_SESSION_DESKTOP', 'ubuntu'), ('XAUTHORITY', '/run/user/1000/gdm/Xauthority'), ('LS_COLORS', ''), ('JETSON_SOC', 'tegra234'), ('CURSOR_TRACE_ID', 'd4368823bcf34ebbb4f964e442f27956'), ('SSH_AGENT_LAUNCHER', 'gnome-keyring'), ('SSH_AUTH_SOCK', '/run/user/1000/keyring/ssh'), ('AMENT_PREFIX_PATH', '/home/y1234/Documents/robot_ws/YSZD_RobotPlattform/install/mecanum_robot:/opt/ros/humble'), ('ORIGINAL_XDG_CURRENT_DESKTOP', 'ubuntu:GNOME'), ('SHELL', '/bin/bash'), ('QT_ACCESSIBILITY', '1'), ('GDMSESSION', 'ubuntu'), ('LESSCLOSE', '/usr/bin/lesspipe %s %s'), ('GPG_AGENT_INFO', '/run/user/1000/gnupg/S.gpg-agent:0:1'), ('QT_IM_MODULE', 'ibus'), ('JETSON_CUDA_ARCH_BIN', '8.7'), ('PWD', '/home/y1234/Documents/robot_ws/YSZD_RobotPlattform/build/mecanum_robot'), ('LC_ALL', 'en_US.UTF-8'), ('XDG_CONFIG_DIRS', '/etc/xdg/xdg-ubuntu:/etc/xdg'), ('VSCODE_CODE_CACHE_PATH', '/home/y1234/.config/Cursor/CachedData/7584ea888f7eb7bf76c9873a8f71b28f034a9820'), ('DBUS_STARTER_ADDRESS', 'unix:path=/run/user/1000/bus,guid=949a50e6bbe6e0f8ed7e56de692c20a1'), ('XDG_DATA_DIRS', '/usr/share/ubuntu:/usr/share/gnome:/usr/local/share/:/usr/share/:/var/lib/snapd/desktop'), ('PYTHONPATH', '/home/y1234/Documents/robot_ws/YSZD_RobotPlattform/install/mecanum_robot/local/lib/python3.10/dist-packages:/home/y1234/.local/lib/python3.10/site-packages:/home/y1234/.local/lib/python3.10/site-packages:/opt/ros/humble/lib/python3.10/site-packages:/opt/ros/humble/local/lib/python3.10/dist-packages'), ('COLCON', '1'), ('_ZO_DOCTOR', '0'), ('JETSON_JETPACK', ''), ('CMAKE_PREFIX_PATH', '/home/y1234/Documents/robot_ws/YSZD_RobotPlattform/install/mecanum_robot:/opt/ros/humble'), ('VSCODE_PID', '6220'), ('JETSON_P_NUMBER', 'p3767-0005')]), 'shell': False}
[23.633402] (mecanum_robot) StdoutLine: {'line': b'-- Install configuration: ""\n'}
[23.634068] (mecanum_robot) StdoutLine: {'line': b'-- Installing: /home/y1234/Documents/robot_ws/YSZD_RobotPlattform/install/mecanum_robot/share/mecanum_robot/environment/pythonpath.sh\n'}
[23.634822] (mecanum_robot) StdoutLine: {'line': b'-- Installing: /home/y1234/Documents/robot_ws/YSZD_RobotPlattform/install/mecanum_robot/share/mecanum_robot/environment/pythonpath.dsv\n'}
[23.635130] (mecanum_robot) StdoutLine: {'line': b'-- Installing: /home/y1234/Documents/robot_ws/YSZD_RobotPlattform/install/mecanum_robot/local/lib/python3.10/dist-packages/mecanum_robot-1.0.0-py3.10.egg-info\n'}
[23.638106] (mecanum_robot) StdoutLine: {'line': b'-- Installing: /home/y1234/Documents/robot_ws/YSZD_RobotPlattform/install/mecanum_robot/local/lib/python3.10/dist-packages/mecanum_robot-1.0.0-py3.10.egg-info/SOURCES.txt\n'}
[23.638417] (mecanum_robot) StdoutLine: {'line': b'-- Installing: /home/y1234/Documents/robot_ws/YSZD_RobotPlattform/install/mecanum_robot/local/lib/python3.10/dist-packages/mecanum_robot-1.0.0-py3.10.egg-info/top_level.txt\n'}
[23.638614] (mecanum_robot) StdoutLine: {'line': b'-- Installing: /home/y1234/Documents/robot_ws/YSZD_RobotPlattform/install/mecanum_robot/local/lib/python3.10/dist-packages/mecanum_robot-1.0.0-py3.10.egg-info/dependency_links.txt\n'}
[23.638766] (mecanum_robot) StdoutLine: {'line': b'-- Installing: /home/y1234/Documents/robot_ws/YSZD_RobotPlattform/install/mecanum_robot/local/lib/python3.10/dist-packages/mecanum_robot-1.0.0-py3.10.egg-info/PKG-INFO\n'}
[23.638893] (mecanum_robot) StdoutLine: {'line': b'-- Installing: /home/y1234/Documents/robot_ws/YSZD_RobotPlattform/install/mecanum_robot/local/lib/python3.10/dist-packages/mecanum_robot\n'}
[23.639007] (mecanum_robot) StdoutLine: {'line': b'-- Installing: /home/y1234/Documents/robot_ws/YSZD_RobotPlattform/install/mecanum_robot/local/lib/python3.10/dist-packages/mecanum_robot/__init__.py\n'}
[23.704595] (mecanum_robot) StdoutLine: {'line': b"Listing '/home/y1234/Documents/robot_ws/YSZD_RobotPlattform/install/mecanum_robot/local/lib/python3.10/dist-packages/mecanum_robot'...\n"}
[23.705034] (mecanum_robot) StdoutLine: {'line': b"Compiling '/home/y1234/Documents/robot_ws/YSZD_RobotPlattform/install/mecanum_robot/local/lib/python3.10/dist-packages/mecanum_robot/__init__.py'...\n"}
[23.716788] (-) TimerEvent: {}
[23.720460] (mecanum_robot) StdoutLine: {'line': b'-- Installing: /home/y1234/Documents/robot_ws/YSZD_RobotPlattform/install/mecanum_robot/lib/mecanum_robot/robot_node.py\n'}
[23.720897] (mecanum_robot) StdoutLine: {'line': b'-- Installing: /home/y1234/Documents/robot_ws/YSZD_RobotPlattform/install/mecanum_robot/lib/mecanum_robot/remote_control.py\n'}
[23.721054] (mecanum_robot) StdoutLine: {'line': b'-- Installing: /home/y1234/Documents/robot_ws/YSZD_RobotPlattform/install/mecanum_robot/lib/mecanum_robot/path_publisher.py\n'}
[23.721196] (mecanum_robot) StdoutLine: {'line': b'-- Installing: /home/y1234/Documents/robot_ws/YSZD_RobotPlattform/install/mecanum_robot/lib/mecanum_robot/camera_node_fixed.py\n'}
[23.721317] (mecanum_robot) StdoutLine: {'line': b'-- Installing: /home/y1234/Documents/robot_ws/YSZD_RobotPlattform/install/mecanum_robot/lib/mecanum_robot/realsense_camera_node.py\n'}
[23.721431] (mecanum_robot) StdoutLine: {'line': b'-- Installing: /home/y1234/Documents/robot_ws/YSZD_RobotPlattform/install/mecanum_robot/lib/mecanum_robot/apriltag_detector_enhanced.py\n'}
[23.721541] (mecanum_robot) StdoutLine: {'line': b'-- Installing: /home/y1234/Documents/robot_ws/YSZD_RobotPlattform/install/mecanum_robot/lib/mecanum_robot/apriltag_detector_opencv4.py\n'}
[23.721651] (mecanum_robot) StdoutLine: {'line': b'-- Installing: /home/y1234/Documents/robot_ws/YSZD_RobotPlattform/install/mecanum_robot/lib/mecanum_robot/position_calculator.py\n'}
[23.721762] (mecanum_robot) StdoutLine: {'line': b'-- Installing: /home/y1234/Documents/robot_ws/YSZD_RobotPlattform/install/mecanum_robot/lib/mecanum_robot/image_viewer.py\n'}
[23.721870] (mecanum_robot) StdoutLine: {'line': b'-- Installing: /home/y1234/Documents/robot_ws/YSZD_RobotPlattform/install/mecanum_robot/lib/mecanum_robot/waypoint_follower.py\n'}
[23.721974] (mecanum_robot) StdoutLine: {'line': b'-- Installing: /home/y1234/Documents/robot_ws/YSZD_RobotPlattform/install/mecanum_robot/lib/mecanum_robot/waypoint_recorder.py\n'}
[23.722078] (mecanum_robot) StdoutLine: {'line': b'-- Installing: /home/y1234/Documents/robot_ws/YSZD_RobotPlattform/install/mecanum_robot/lib/mecanum_robot/ros2_websocket_bridge.py\n'}
[23.724469] (mecanum_robot) StdoutLine: {'line': b'-- Installing: /home/y1234/Documents/robot_ws/YSZD_RobotPlattform/install/mecanum_robot/lib/mecanum_robot/ultrasonic_sensor_node.py\n'}
[23.725016] (mecanum_robot) StdoutLine: {'line': b'-- Installing: /home/y1234/Documents/robot_ws/YSZD_RobotPlattform/install/mecanum_robot/share/mecanum_robot//launch\n'}
[23.725167] (mecanum_robot) StdoutLine: {'line': b'-- Installing: /home/y1234/Documents/robot_ws/YSZD_RobotPlattform/install/mecanum_robot/share/mecanum_robot//launch/nav2_with_obstacles.launch.py\n'}
[23.725294] (mecanum_robot) StdoutLine: {'line': b'-- Installing: /home/y1234/Documents/robot_ws/YSZD_RobotPlattform/install/mecanum_robot/share/mecanum_robot//launch/apriltag_robot.launch.py\n'}
[23.725415] (mecanum_robot) StdoutLine: {'line': b'-- Installing: /home/y1234/Documents/robot_ws/YSZD_RobotPlattform/install/mecanum_robot/share/mecanum_robot//launch/mecanum_robot.launch.py\n'}
[23.725529] (mecanum_robot) StdoutLine: {'line': b'-- Installing: /home/y1234/Documents/robot_ws/YSZD_RobotPlattform/install/mecanum_robot/share/mecanum_robot//launch/simple_nav2.launch.py\n'}
[23.725675] (mecanum_robot) StdoutLine: {'line': b'-- Installing: /home/y1234/Documents/robot_ws/YSZD_RobotPlattform/install/mecanum_robot/share/mecanum_robot//launch/mecanum_robot_clean.launch.py\n'}
[23.725786] (mecanum_robot) StdoutLine: {'line': b'-- Installing: /home/y1234/Documents/robot_ws/YSZD_RobotPlattform/install/mecanum_robot/share/mecanum_robot//launch/__pycache__\n'}
[23.725898] (mecanum_robot) StdoutLine: {'line': b'-- Installing: /home/y1234/Documents/robot_ws/YSZD_RobotPlattform/install/mecanum_robot/share/mecanum_robot//launch/__pycache__/mecanum_robot_clean.launch.cpython-310.pyc\n'}
[23.726006] (mecanum_robot) StdoutLine: {'line': b'-- Installing: /home/y1234/Documents/robot_ws/YSZD_RobotPlattform/install/mecanum_robot/share/mecanum_robot//launch/__pycache__/apriltag_robot.launch.cpython-310.pyc\n'}
[23.726111] (mecanum_robot) StdoutLine: {'line': b'-- Installing: /home/y1234/Documents/robot_ws/YSZD_RobotPlattform/install/mecanum_robot/share/mecanum_robot//launch/__pycache__/mecanum_robot.launch.cpython-310.pyc\n'}
[23.726217] (mecanum_robot) StdoutLine: {'line': b'-- Installing: /home/y1234/Documents/robot_ws/YSZD_RobotPlattform/install/mecanum_robot/share/mecanum_robot//launch/__pycache__/apriltag_robot_fixed.launch.cpython-310.pyc\n'}
[23.726335] (mecanum_robot) StdoutLine: {'line': b'-- Installing: /home/y1234/Documents/robot_ws/YSZD_RobotPlattform/install/mecanum_robot/share/mecanum_robot//launch/robot_state_machine.launch.py\n'}
[23.726441] (mecanum_robot) StdoutLine: {'line': b'-- Installing: /home/y1234/Documents/robot_ws/YSZD_RobotPlattform/install/mecanum_robot/share/mecanum_robot//launch/apriltag_robot_fixed.launch.py\n'}
[23.726547] (mecanum_robot) StdoutLine: {'line': b'-- Installing: /home/y1234/Documents/robot_ws/YSZD_RobotPlattform/install/mecanum_robot/share/mecanum_robot//urdf\n'}
[23.726653] (mecanum_robot) StdoutLine: {'line': b'-- Installing: /home/y1234/Documents/robot_ws/YSZD_RobotPlattform/install/mecanum_robot/share/mecanum_robot//urdf/mecanum_robot.urdf\n'}
[23.726772] (mecanum_robot) StdoutLine: {'line': b'-- Installing: /home/y1234/Documents/robot_ws/YSZD_RobotPlattform/install/mecanum_robot/share/mecanum_robot//rviz\n'}
[23.726878] (mecanum_robot) StdoutLine: {'line': b'-- Installing: /home/y1234/Documents/robot_ws/YSZD_RobotPlattform/install/mecanum_robot/share/mecanum_robot//rviz/map_display.rviz\n'}
[23.726982] (mecanum_robot) StdoutLine: {'line': b'-- Installing: /home/y1234/Documents/robot_ws/YSZD_RobotPlattform/install/mecanum_robot/share/mecanum_robot//rviz/mecanum_robot.rviz\n'}
[23.727085] (mecanum_robot) StdoutLine: {'line': b'-- Installing: /home/y1234/Documents/robot_ws/YSZD_RobotPlattform/install/mecanum_robot/share/mecanum_robot//rviz/mecanum_robot_path.rviz\n'}
[23.727189] (mecanum_robot) StdoutLine: {'line': b'-- Installing: /home/y1234/Documents/robot_ws/YSZD_RobotPlattform/install/mecanum_robot/share/mecanum_robot//rviz/simple_path.rviz\n'}
[23.728024] (mecanum_robot) StdoutLine: {'line': b'-- Installing: /home/y1234/Documents/robot_ws/YSZD_RobotPlattform/install/mecanum_robot/share/mecanum_robot//rviz/nav2_with_obstacles.rviz\n'}
[23.728911] (mecanum_robot) StdoutLine: {'line': b'-- Installing: /home/y1234/Documents/robot_ws/YSZD_RobotPlattform/install/mecanum_robot/share/mecanum_robot//config\n'}
[23.729608] (mecanum_robot) StdoutLine: {'line': b'-- Installing: /home/y1234/Documents/robot_ws/YSZD_RobotPlattform/install/mecanum_robot/share/mecanum_robot//config/nav2_params.yaml\n'}
[23.730472] (mecanum_robot) StdoutLine: {'line': b'-- Installing: /home/y1234/Documents/robot_ws/YSZD_RobotPlattform/install/mecanum_robot/lib/mecanum_robot/realsense_dual_camera_node\n'}
[23.734672] (mecanum_robot) StdoutLine: {'line': b'-- Set runtime path of "/home/y1234/Documents/robot_ws/YSZD_RobotPlattform/install/mecanum_robot/lib/mecanum_robot/realsense_dual_camera_node" to ""\n'}
[23.735071] (mecanum_robot) StdoutLine: {'line': b'-- Installing: /home/y1234/Documents/robot_ws/YSZD_RobotPlattform/install/mecanum_robot/share/ament_index/resource_index/package_run_dependencies/mecanum_robot\n'}
[23.735340] (mecanum_robot) StdoutLine: {'line': b'-- Installing: /home/y1234/Documents/robot_ws/YSZD_RobotPlattform/install/mecanum_robot/share/ament_index/resource_index/parent_prefix_path/mecanum_robot\n'}
[23.735594] (mecanum_robot) StdoutLine: {'line': b'-- Installing: /home/y1234/Documents/robot_ws/YSZD_RobotPlattform/install/mecanum_robot/share/mecanum_robot/environment/ament_prefix_path.sh\n'}
[23.736332] (mecanum_robot) StdoutLine: {'line': b'-- Installing: /home/y1234/Documents/robot_ws/YSZD_RobotPlattform/install/mecanum_robot/share/mecanum_robot/environment/ament_prefix_path.dsv\n'}
[23.736547] (mecanum_robot) StdoutLine: {'line': b'-- Installing: /home/y1234/Documents/robot_ws/YSZD_RobotPlattform/install/mecanum_robot/share/mecanum_robot/environment/path.sh\n'}
[23.737054] (mecanum_robot) StdoutLine: {'line': b'-- Installing: /home/y1234/Documents/robot_ws/YSZD_RobotPlattform/install/mecanum_robot/share/mecanum_robot/environment/path.dsv\n'}
[23.737372] (mecanum_robot) StdoutLine: {'line': b'-- Installing: /home/y1234/Documents/robot_ws/YSZD_RobotPlattform/install/mecanum_robot/share/mecanum_robot/local_setup.bash\n'}
[23.737521] (mecanum_robot) StdoutLine: {'line': b'-- Installing: /home/y1234/Documents/robot_ws/YSZD_RobotPlattform/install/mecanum_robot/share/mecanum_robot/local_setup.sh\n'}
[23.738000] (mecanum_robot) StdoutLine: {'line': b'-- Installing: /home/y1234/Documents/robot_ws/YSZD_RobotPlattform/install/mecanum_robot/share/mecanum_robot/local_setup.zsh\n'}
[23.738333] (mecanum_robot) StdoutLine: {'line': b'-- Installing: /home/y1234/Documents/robot_ws/YSZD_RobotPlattform/install/mecanum_robot/share/mecanum_robot/local_setup.dsv\n'}
[23.738581] (mecanum_robot) StdoutLine: {'line': b'-- Installing: /home/y1234/Documents/robot_ws/YSZD_RobotPlattform/install/mecanum_robot/share/mecanum_robot/package.dsv\n'}
[23.738836] (mecanum_robot) StdoutLine: {'line': b'-- Installing: /home/y1234/Documents/robot_ws/YSZD_RobotPlattform/install/mecanum_robot/share/ament_index/resource_index/packages/mecanum_robot\n'}
[23.739081] (mecanum_robot) StdoutLine: {'line': b'-- Installing: /home/y1234/Documents/robot_ws/YSZD_RobotPlattform/install/mecanum_robot/share/mecanum_robot/cmake/mecanum_robotConfig.cmake\n'}
[23.739203] (mecanum_robot) StdoutLine: {'line': b'-- Installing: /home/y1234/Documents/robot_ws/YSZD_RobotPlattform/install/mecanum_robot/share/mecanum_robot/cmake/mecanum_robotConfig-version.cmake\n'}
[23.739314] (mecanum_robot) StdoutLine: {'line': b'-- Installing: /home/y1234/Documents/robot_ws/YSZD_RobotPlattform/install/mecanum_robot/share/mecanum_robot/package.xml\n'}
[23.742515] (mecanum_robot) CommandEnded: {'returncode': 0}
[23.795686] (mecanum_robot) JobEnded: {'identifier': 'mecanum_robot', 'rc': 0}
[23.797185] (-) EventReactorShutdown: {}
