-- Found ament_cmake: 1.3.12 (/opt/ros/humble/share/ament_cmake/cmake)
-- Found rclcpp: 16.0.15 (/opt/ros/humble/share/rclcpp/cmake)
-- Found rosidl_generator_c: 3.1.7 (/opt/ros/humble/share/rosidl_generator_c/cmake)
-- Found rosidl_adapter: 3.1.7 (/opt/ros/humble/share/rosidl_adapter/cmake)
-- Found rosidl_generator_cpp: 3.1.7 (/opt/ros/humble/share/rosidl_generator_cpp/cmake)
-- Using all available rosidl_typesupport_c: rosidl_typesupport_fastrtps_c;rosidl_typesupport_introspection_c
-- Using all available rosidl_typesupport_cpp: rosidl_typesupport_fastrtps_cpp;rosidl_typesupport_introspection_cpp
-- Found rmw_implementation_cmake: 6.1.2 (/opt/ros/humble/share/rmw_implementation_cmake/cmake)
-- Found rmw_fastrtps_cpp: 6.2.9 (/opt/ros/humble/share/rmw_fastrtps_cpp/cmake)
-- Using RMW implementation 'rmw_fastrtps_cpp' as default
-- Found geometry_msgs: 4.9.0 (/opt/ros/humble/share/geometry_msgs/cmake)
-- Found nav_msgs: 4.9.0 (/opt/ros/humble/share/nav_msgs/cmake)
-- Found ament_lint_auto: 0.12.14 (/opt/ros/humble/share/ament_lint_auto/cmake)
-- Added test 'copyright' to check source files copyright and LICENSE
-- Added test 'cppcheck' to perform static code analysis on C / C++ code
-- Configured cppcheck include dirs: /home/bd/Documents/Robot/YSZD_RobotPlattform/src/ros2_robot_bridge/../c;/home/bd/Documents/Robot/YSZD_RobotPlattform/src/ros2_robot_bridge/../c/generated/inc
-- Configured cppcheck exclude dirs and/or files: 
-- Added test 'cpplint' to check C / C++ code against the Google style
-- Configured cpplint exclude dirs and/or files: 
-- Added test 'lint_cmake' to check CMake code style
-- Added test 'uncrustify' to check C / C++ code style
-- Configured uncrustify additional arguments: 
-- Added test 'xmllint' to check XML markup files
-- Configuring done
-- Generating done
-- Build files have been written to: /home/bd/Documents/Robot/YSZD_RobotPlattform/build/ros2_robot_bridge
Consolidate compiler generated dependencies of target robot_websocket_bridge
[ 66%] Building C object CMakeFiles/robot_websocket_bridge.dir/home/bd/Documents/Robot/YSZD_RobotPlattform/src/c/pb_decode.c.o
[ 66%] Building C object CMakeFiles/robot_websocket_bridge.dir/home/bd/Documents/Robot/YSZD_RobotPlattform/src/c/generated/src/public_api_down.pb.c.o
[ 66%] Building CXX object CMakeFiles/robot_websocket_bridge.dir/src/robot_websocket_bridge.cpp.o
[ 66%] Building C object CMakeFiles/robot_websocket_bridge.dir/home/bd/Documents/Robot/YSZD_RobotPlattform/src/c/generated/src/public_api_up.pb.c.o
[ 66%] Building C object CMakeFiles/robot_websocket_bridge.dir/home/bd/Documents/Robot/YSZD_RobotPlattform/src/c/pb_encode.c.o
[ 66%] Building C object CMakeFiles/robot_websocket_bridge.dir/home/bd/Documents/Robot/YSZD_RobotPlattform/src/c/generated/src/public_api_types.pb.c.o
[ 77%] Building C object CMakeFiles/robot_websocket_bridge.dir/home/bd/Documents/Robot/YSZD_RobotPlattform/src/c/mongoose.c.o
[ 88%] Building C object CMakeFiles/robot_websocket_bridge.dir/home/bd/Documents/Robot/YSZD_RobotPlattform/src/c/pb_common.c.o
[100%] Linking CXX executable robot_websocket_bridge
[100%] Built target robot_websocket_bridge
-- Install configuration: ""
-- Installing: /home/bd/Documents/Robot/YSZD_RobotPlattform/install/ros2_robot_bridge/lib/ros2_robot_bridge/robot_websocket_bridge
-- Set runtime path of "/home/bd/Documents/Robot/YSZD_RobotPlattform/install/ros2_robot_bridge/lib/ros2_robot_bridge/robot_websocket_bridge" to ""
-- Up-to-date: /home/bd/Documents/Robot/YSZD_RobotPlattform/install/ros2_robot_bridge/share/ament_index/resource_index/package_run_dependencies/ros2_robot_bridge
-- Up-to-date: /home/bd/Documents/Robot/YSZD_RobotPlattform/install/ros2_robot_bridge/share/ament_index/resource_index/parent_prefix_path/ros2_robot_bridge
-- Up-to-date: /home/bd/Documents/Robot/YSZD_RobotPlattform/install/ros2_robot_bridge/share/ros2_robot_bridge/environment/ament_prefix_path.sh
-- Installing: /home/bd/Documents/Robot/YSZD_RobotPlattform/install/ros2_robot_bridge/share/ros2_robot_bridge/environment/ament_prefix_path.dsv
-- Up-to-date: /home/bd/Documents/Robot/YSZD_RobotPlattform/install/ros2_robot_bridge/share/ros2_robot_bridge/environment/path.sh
-- Installing: /home/bd/Documents/Robot/YSZD_RobotPlattform/install/ros2_robot_bridge/share/ros2_robot_bridge/environment/path.dsv
-- Up-to-date: /home/bd/Documents/Robot/YSZD_RobotPlattform/install/ros2_robot_bridge/share/ros2_robot_bridge/local_setup.bash
-- Up-to-date: /home/bd/Documents/Robot/YSZD_RobotPlattform/install/ros2_robot_bridge/share/ros2_robot_bridge/local_setup.sh
-- Up-to-date: /home/bd/Documents/Robot/YSZD_RobotPlattform/install/ros2_robot_bridge/share/ros2_robot_bridge/local_setup.zsh
-- Installing: /home/bd/Documents/Robot/YSZD_RobotPlattform/install/ros2_robot_bridge/share/ros2_robot_bridge/local_setup.dsv
-- Installing: /home/bd/Documents/Robot/YSZD_RobotPlattform/install/ros2_robot_bridge/share/ros2_robot_bridge/package.dsv
-- Up-to-date: /home/bd/Documents/Robot/YSZD_RobotPlattform/install/ros2_robot_bridge/share/ament_index/resource_index/packages/ros2_robot_bridge
-- Up-to-date: /home/bd/Documents/Robot/YSZD_RobotPlattform/install/ros2_robot_bridge/share/ros2_robot_bridge/cmake/ros2_robot_bridgeConfig.cmake
-- Up-to-date: /home/bd/Documents/Robot/YSZD_RobotPlattform/install/ros2_robot_bridge/share/ros2_robot_bridge/cmake/ros2_robot_bridgeConfig-version.cmake
-- Up-to-date: /home/bd/Documents/Robot/YSZD_RobotPlattform/install/ros2_robot_bridge/share/ros2_robot_bridge/package.xml
