[0.007s] Invoking command in '/home/bd/Documents/Robot/YSZD_RobotPlattform/build/ros2_robot_bridge': CMAKE_PREFIX_PATH=/opt/ros/humble /usr/bin/cmake --build /home/bd/Documents/Robot/YSZD_RobotPlattform/build/ros2_robot_bridge -- -j16 -l16
[0.025s] -- Found ament_cmake: 1.3.12 (/opt/ros/humble/share/ament_cmake/cmake)
[0.119s] -- Found rclcpp: 16.0.15 (/opt/ros/humble/share/rclcpp/cmake)
[0.137s] -- Found rosidl_generator_c: 3.1.7 (/opt/ros/humble/share/rosidl_generator_c/cmake)
[0.139s] -- Found rosidl_adapter: 3.1.7 (/opt/ros/humble/share/rosidl_adapter/cmake)
[0.143s] -- Found rosidl_generator_cpp: 3.1.7 (/opt/ros/humble/share/rosidl_generator_cpp/cmake)
[0.149s] -- Using all available rosidl_typesupport_c: rosidl_typesupport_fastrtps_c;rosidl_typesupport_introspection_c
[0.157s] -- Using all available rosidl_typesupport_cpp: rosidl_typesupport_fastrtps_cpp;rosidl_typesupport_introspection_cpp
[0.177s] -- Found rmw_implementation_cmake: 6.1.2 (/opt/ros/humble/share/rmw_implementation_cmake/cmake)
[0.178s] -- Found rmw_fastrtps_cpp: 6.2.9 (/opt/ros/humble/share/rmw_fastrtps_cpp/cmake)
[0.249s] -- Using RMW implementation 'rmw_fastrtps_cpp' as default
[0.280s] -- Found geometry_msgs: 4.9.0 (/opt/ros/humble/share/geometry_msgs/cmake)
[0.287s] -- Found nav_msgs: 4.9.0 (/opt/ros/humble/share/nav_msgs/cmake)
[0.299s] -- Found ament_lint_auto: 0.12.14 (/opt/ros/humble/share/ament_lint_auto/cmake)
[0.358s] -- Added test 'copyright' to check source files copyright and LICENSE
[0.359s] -- Added test 'cppcheck' to perform static code analysis on C / C++ code
[0.359s] -- Configured cppcheck include dirs: /home/bd/Documents/Robot/YSZD_RobotPlattform/src/ros2_robot_bridge/../c;/home/bd/Documents/Robot/YSZD_RobotPlattform/src/ros2_robot_bridge/../c/generated/inc
[0.359s] -- Configured cppcheck exclude dirs and/or files: 
[0.359s] -- Added test 'cpplint' to check C / C++ code against the Google style
[0.359s] -- Configured cpplint exclude dirs and/or files: 
[0.359s] -- Added test 'lint_cmake' to check CMake code style
[0.360s] -- Added test 'uncrustify' to check C / C++ code style
[0.360s] -- Configured uncrustify additional arguments: 
[0.360s] -- Added test 'xmllint' to check XML markup files
[0.360s] -- Configuring done
[0.368s] -- Generating done
[0.371s] -- Build files have been written to: /home/bd/Documents/Robot/YSZD_RobotPlattform/build/ros2_robot_bridge
[0.396s] Consolidate compiler generated dependencies of target robot_websocket_bridge
[0.408s] [ 66%] Building C object CMakeFiles/robot_websocket_bridge.dir/home/bd/Documents/Robot/YSZD_RobotPlattform/src/c/pb_decode.c.o
[0.408s] [ 66%] Building C object CMakeFiles/robot_websocket_bridge.dir/home/bd/Documents/Robot/YSZD_RobotPlattform/src/c/generated/src/public_api_down.pb.c.o
[0.408s] [ 66%] Building CXX object CMakeFiles/robot_websocket_bridge.dir/src/robot_websocket_bridge.cpp.o
[0.408s] [ 66%] Building C object CMakeFiles/robot_websocket_bridge.dir/home/bd/Documents/Robot/YSZD_RobotPlattform/src/c/generated/src/public_api_up.pb.c.o
[0.408s] [ 66%] Building C object CMakeFiles/robot_websocket_bridge.dir/home/bd/Documents/Robot/YSZD_RobotPlattform/src/c/pb_encode.c.o
[0.408s] [ 66%] Building C object CMakeFiles/robot_websocket_bridge.dir/home/bd/Documents/Robot/YSZD_RobotPlattform/src/c/generated/src/public_api_types.pb.c.o
[0.408s] [ 77%] Building C object CMakeFiles/robot_websocket_bridge.dir/home/bd/Documents/Robot/YSZD_RobotPlattform/src/c/mongoose.c.o
[0.409s] [ 88%] Building C object CMakeFiles/robot_websocket_bridge.dir/home/bd/Documents/Robot/YSZD_RobotPlattform/src/c/pb_common.c.o
[6.739s] [100%] Linking CXX executable robot_websocket_bridge
[7.050s] [100%] Built target robot_websocket_bridge
[7.062s] Invoked command in '/home/bd/Documents/Robot/YSZD_RobotPlattform/build/ros2_robot_bridge' returned '0': CMAKE_PREFIX_PATH=/opt/ros/humble /usr/bin/cmake --build /home/bd/Documents/Robot/YSZD_RobotPlattform/build/ros2_robot_bridge -- -j16 -l16
[7.070s] Invoking command in '/home/bd/Documents/Robot/YSZD_RobotPlattform/build/ros2_robot_bridge': CMAKE_PREFIX_PATH=/opt/ros/humble /usr/bin/cmake --install /home/bd/Documents/Robot/YSZD_RobotPlattform/build/ros2_robot_bridge
[7.075s] -- Install configuration: ""
[7.075s] -- Installing: /home/bd/Documents/Robot/YSZD_RobotPlattform/install/ros2_robot_bridge/lib/ros2_robot_bridge/robot_websocket_bridge
[7.078s] -- Set runtime path of "/home/bd/Documents/Robot/YSZD_RobotPlattform/install/ros2_robot_bridge/lib/ros2_robot_bridge/robot_websocket_bridge" to ""
[7.078s] -- Up-to-date: /home/bd/Documents/Robot/YSZD_RobotPlattform/install/ros2_robot_bridge/share/ament_index/resource_index/package_run_dependencies/ros2_robot_bridge
[7.078s] -- Up-to-date: /home/bd/Documents/Robot/YSZD_RobotPlattform/install/ros2_robot_bridge/share/ament_index/resource_index/parent_prefix_path/ros2_robot_bridge
[7.078s] -- Up-to-date: /home/bd/Documents/Robot/YSZD_RobotPlattform/install/ros2_robot_bridge/share/ros2_robot_bridge/environment/ament_prefix_path.sh
[7.078s] -- Installing: /home/bd/Documents/Robot/YSZD_RobotPlattform/install/ros2_robot_bridge/share/ros2_robot_bridge/environment/ament_prefix_path.dsv
[7.078s] -- Up-to-date: /home/bd/Documents/Robot/YSZD_RobotPlattform/install/ros2_robot_bridge/share/ros2_robot_bridge/environment/path.sh
[7.078s] -- Installing: /home/bd/Documents/Robot/YSZD_RobotPlattform/install/ros2_robot_bridge/share/ros2_robot_bridge/environment/path.dsv
[7.078s] -- Up-to-date: /home/bd/Documents/Robot/YSZD_RobotPlattform/install/ros2_robot_bridge/share/ros2_robot_bridge/local_setup.bash
[7.078s] -- Up-to-date: /home/bd/Documents/Robot/YSZD_RobotPlattform/install/ros2_robot_bridge/share/ros2_robot_bridge/local_setup.sh
[7.078s] -- Up-to-date: /home/bd/Documents/Robot/YSZD_RobotPlattform/install/ros2_robot_bridge/share/ros2_robot_bridge/local_setup.zsh
[7.078s] -- Installing: /home/bd/Documents/Robot/YSZD_RobotPlattform/install/ros2_robot_bridge/share/ros2_robot_bridge/local_setup.dsv
[7.078s] -- Installing: /home/bd/Documents/Robot/YSZD_RobotPlattform/install/ros2_robot_bridge/share/ros2_robot_bridge/package.dsv
[7.078s] -- Up-to-date: /home/bd/Documents/Robot/YSZD_RobotPlattform/install/ros2_robot_bridge/share/ament_index/resource_index/packages/ros2_robot_bridge
[7.078s] -- Up-to-date: /home/bd/Documents/Robot/YSZD_RobotPlattform/install/ros2_robot_bridge/share/ros2_robot_bridge/cmake/ros2_robot_bridgeConfig.cmake
[7.078s] -- Up-to-date: /home/bd/Documents/Robot/YSZD_RobotPlattform/install/ros2_robot_bridge/share/ros2_robot_bridge/cmake/ros2_robot_bridgeConfig-version.cmake
[7.078s] -- Up-to-date: /home/bd/Documents/Robot/YSZD_RobotPlattform/install/ros2_robot_bridge/share/ros2_robot_bridge/package.xml
[7.080s] Invoked command in '/home/bd/Documents/Robot/YSZD_RobotPlattform/build/ros2_robot_bridge' returned '0': CMAKE_PREFIX_PATH=/opt/ros/humble /usr/bin/cmake --install /home/bd/Documents/Robot/YSZD_RobotPlattform/build/ros2_robot_bridge
