[0.037s] Invoking command in '/home/y1234/Documents/robot_ws/YSZD_RobotPlattform/build/mecanum_robot': CMAKE_PREFIX_PATH=/opt/ros/humble /usr/bin/cmake --build /home/y1234/Documents/robot_ws/YSZD_RobotPlattform/build/mecanum_robot -- -j6 -l6
[0.263s] -- Found ament_cmake: 1.3.12 (/opt/ros/humble/share/ament_cmake/cmake)
[0.694s] -- Found rclpy: 3.3.17 (/opt/ros/humble/share/rclpy/cmake)
[0.694s] -- Found rclcpp: 16.0.15 (/opt/ros/humble/share/rclcpp/cmake)
[0.781s] -- Found rosidl_generator_c: 3.1.7 (/opt/ros/humble/share/rosidl_generator_c/cmake)
[0.789s] -- Found rosidl_adapter: 3.1.7 (/opt/ros/humble/share/rosidl_adapter/cmake)
[0.802s] -- Found rosidl_generator_cpp: 3.1.7 (/opt/ros/humble/share/rosidl_generator_cpp/cmake)
[0.829s] -- Using all available rosidl_typesupport_c: rosidl_typesupport_fastrtps_c;rosidl_typesupport_introspection_c
[0.874s] -- Using all available rosidl_typesupport_cpp: rosidl_typesupport_fastrtps_cpp;rosidl_typesupport_introspection_cpp
[0.966s] -- Found rmw_implementation_cmake: 6.1.2 (/opt/ros/humble/share/rmw_implementation_cmake/cmake)
[0.971s] -- Found rmw_fastrtps_cpp: 6.2.9 (/opt/ros/humble/share/rmw_fastrtps_cpp/cmake)
[1.287s] -- Using RMW implementation 'rmw_fastrtps_cpp' as default
[1.558s] -- Found geometry_msgs: 4.9.0 (/opt/ros/humble/share/geometry_msgs/cmake)
[1.700s] -- Found sensor_msgs: 4.9.0 (/opt/ros/humble/share/sensor_msgs/cmake)
[1.801s] -- Found nav_msgs: 4.9.0 (/opt/ros/humble/share/nav_msgs/cmake)
[1.884s] -- Found tf2_ros: 0.25.17 (/opt/ros/humble/share/tf2_ros/cmake)
[2.275s] -- Found tf2_geometry_msgs: 0.25.17 (/opt/ros/humble/share/tf2_geometry_msgs/cmake)
[2.288s] -- Found eigen3_cmake_module: 0.1.1 (/opt/ros/humble/share/eigen3_cmake_module/cmake)
[2.291s] -- Ensuring Eigen3 include directory is part of orocos-kdl CMake target
[2.295s] -- Found cv_bridge: 3.2.1 (/opt/ros/humble/share/cv_bridge/cmake)
[2.360s] -- Found image_transport: 3.1.12 (/opt/ros/humble/share/image_transport/cmake)
[2.750s] -- Found ament_lint_auto: 0.12.14 (/opt/ros/humble/share/ament_lint_auto/cmake)
[3.060s] -- Added test 'copyright' to check source files copyright and LICENSE
[3.263s] -- Added test 'cppcheck' to perform static code analysis on C / C++ code
[3.263s] -- Configured cppcheck include dirs: 
[3.263s] -- Configured cppcheck exclude dirs and/or files: 
[3.378s] -- Added test 'cpplint' to check C / C++ code against the Google style
[3.379s] -- Configured cpplint exclude dirs and/or files: 
[3.395s] -- Added test 'flake8' to check Python code syntax and style conventions
[3.438s] -- Added test 'lint_cmake' to check CMake code style
[3.455s] -- Added test 'pep257' to check Python code against some of the docstring style conventions in PEP 257
[3.586s] -- Added test 'uncrustify' to check C / C++ code style
[3.586s] -- Configured uncrustify additional arguments: 
[3.601s] -- Added test 'xmllint' to check XML markup files
[3.604s] -- Configuring done
[3.648s] -- Generating done
[3.660s] -- Build files have been written to: /home/y1234/Documents/robot_ws/YSZD_RobotPlattform/build/mecanum_robot
[3.787s] [  0%] Built target ament_cmake_python_copy_mecanum_robot
[3.809s] [35m[1mConsolidate compiler generated dependencies of target realsense_dual_camera_node[0m
[3.916s] [ 50%] [32mBuilding CXX object CMakeFiles/realsense_dual_camera_node.dir/src/realsense_dual_camera_node.cpp.o[0m
[29.959s] [100%] [32m[1mLinking CXX executable realsense_dual_camera_node[0m
[31.750s] [100%] Built target realsense_dual_camera_node
[32.372s] running egg_info
[32.402s] writing mecanum_robot.egg-info/PKG-INFO
[32.403s] writing dependency_links to mecanum_robot.egg-info/dependency_links.txt
[32.404s] writing top-level names to mecanum_robot.egg-info/top_level.txt
[32.495s] reading manifest file 'mecanum_robot.egg-info/SOURCES.txt'
[32.552s] Traceback (most recent call last):
[32.552s]   File "/home/y1234/Documents/robot_ws/YSZD_RobotPlattform/build/mecanum_robot/ament_cmake_python/mecanum_robot/setup.py", line 4, in <module>
[32.552s]     setup(
[32.553s]   File "/home/y1234/.local/lib/python3.10/site-packages/setuptools/__init__.py", line 117, in setup
[32.553s]     return distutils.core.setup(**attrs)
[32.553s]   File "/home/y1234/.local/lib/python3.10/site-packages/setuptools/_distutils/core.py", line 186, in setup
[32.554s]     return run_commands(dist)
[32.554s]   File "/home/y1234/.local/lib/python3.10/site-packages/setuptools/_distutils/core.py", line 202, in run_commands
[32.554s]     dist.run_commands()
[32.554s]   File "/home/y1234/.local/lib/python3.10/site-packages/setuptools/_distutils/dist.py", line 1002, in run_commands
[32.554s]     self.run_command(cmd)
[32.555s]   File "/home/y1234/.local/lib/python3.10/site-packages/setuptools/dist.py", line 1104, in run_command
[32.555s]     super().run_command(command)
[32.555s]   File "/home/y1234/.local/lib/python3.10/site-packages/setuptools/_distutils/dist.py", line 1021, in run_command
[32.555s]     cmd_obj.run()
[32.555s]   File "/home/y1234/.local/lib/python3.10/site-packages/setuptools/command/egg_info.py", line 312, in run
[32.555s]     self.find_sources()
[32.555s]   File "/home/y1234/.local/lib/python3.10/site-packages/setuptools/command/egg_info.py", line 320, in find_sources
[32.555s]     mm.run()
[32.556s]   File "/home/y1234/.local/lib/python3.10/site-packages/setuptools/command/egg_info.py", line 548, in run
[32.556s]     self.prune_file_list()
[32.556s]   File "/home/y1234/.local/lib/python3.10/site-packages/setuptools/command/sdist.py", line 162, in prune_file_list
[32.556s]     super().prune_file_list()
[32.556s]   File "/home/y1234/.local/lib/python3.10/site-packages/setuptools/_distutils/command/sdist.py", line 386, in prune_file_list
[32.556s]     base_dir = self.distribution.get_fullname()
[32.556s]   File "/home/y1234/.local/lib/python3.10/site-packages/setuptools/_core_metadata.py", line 275, in get_fullname
[32.557s]     return _distribution_fullname(self.get_name(), self.get_version())
[32.557s]   File "/home/y1234/.local/lib/python3.10/site-packages/setuptools/_core_metadata.py", line 293, in _distribution_fullname
[32.557s]     canonicalize_version(version, strip_trailing_zero=False),
[32.557s] TypeError: canonicalize_version() got an unexpected keyword argument 'strip_trailing_zero'
[32.652s] gmake[2]: *** [CMakeFiles/ament_cmake_python_build_mecanum_robot_egg.dir/build.make:70: CMakeFiles/ament_cmake_python_build_mecanum_robot_egg] Error 1
[32.653s] gmake[1]: *** [CMakeFiles/Makefile2:166: CMakeFiles/ament_cmake_python_build_mecanum_robot_egg.dir/all] Error 2
[32.653s] gmake: *** [Makefile:146: all] Error 2
[32.660s] Invoked command in '/home/y1234/Documents/robot_ws/YSZD_RobotPlattform/build/mecanum_robot' returned '2': CMAKE_PREFIX_PATH=/opt/ros/humble /usr/bin/cmake --build /home/y1234/Documents/robot_ws/YSZD_RobotPlattform/build/mecanum_robot -- -j6 -l6
