[0.067s] DEBUG:colcon:Command line arguments: ['/usr/bin/colcon', 'build', '--packages-select', 'ros2_robot_bridge']
[0.067s] DEBUG:colcon:Parsed command line arguments: Namespace(log_base=None, log_level=None, verb_name='build', build_base='build', install_base='install', merge_install=False, symlink_install=False, test_result_base=None, continue_on_error=False, executor='parallel', parallel_workers=16, event_handlers=None, ignore_user_meta=False, metas=['./colcon.meta'], base_paths=['.'], packages_ignore=None, packages_ignore_regex=None, paths=None, packages_up_to=None, packages_up_to_regex=None, packages_above=None, packages_above_and_dependencies=None, packages_above_depth=None, packages_select_by_dep=None, packages_skip_by_dep=None, packages_skip_up_to=None, packages_select_build_failed=False, packages_skip_build_finished=False, packages_select_test_failures=False, packages_skip_test_passed=False, packages_select=['ros2_robot_bridge'], packages_skip=None, packages_select_regex=None, packages_skip_regex=None, packages_start=None, packages_end=None, allow_overriding=[], cmake_args=None, cmake_target=None, cmake_target_skip_unavailable=False, cmake_clean_cache=False, cmake_clean_first=False, cmake_force_configure=False, ament_cmake_args=None, catkin_cmake_args=None, catkin_skip_building_tests=False, mixin_files=None, mixin=None, verb_parser=<colcon_mixin.mixin.mixin_argument.MixinArgumentDecorator object at 0x7c5434162c20>, verb_extension=<colcon_core.verb.build.BuildVerb object at 0x7c5434162770>, main=<bound method BuildVerb.main of <colcon_core.verb.build.BuildVerb object at 0x7c5434162770>>, mixin_verb=('build',))
[0.180s] Level 1:colcon.colcon_core.package_discovery:discover_packages(colcon_meta) check parameters
[0.180s] Level 1:colcon.colcon_core.package_discovery:discover_packages(recursive) check parameters
[0.180s] Level 1:colcon.colcon_core.package_discovery:discover_packages(ignore) check parameters
[0.180s] Level 1:colcon.colcon_core.package_discovery:discover_packages(path) check parameters
[0.180s] Level 1:colcon.colcon_core.package_discovery:discover_packages(colcon_meta) discover
[0.180s] Level 1:colcon.colcon_core.package_discovery:discover_packages(recursive) discover
[0.180s] INFO:colcon.colcon_core.package_discovery:Crawling recursively for packages in '/home/bd/Documents/Robot/YSZD_RobotPlattform'
[0.180s] Level 1:colcon.colcon_core.package_identification:_identify(.) by extensions ['ignore', 'ignore_ament_install']
[0.180s] Level 1:colcon.colcon_core.package_identification:_identify(.) by extension 'ignore'
[0.180s] Level 1:colcon.colcon_core.package_identification:_identify(.) by extension 'ignore_ament_install'
[0.180s] Level 1:colcon.colcon_core.package_identification:_identify(.) by extensions ['colcon_pkg']
[0.180s] Level 1:colcon.colcon_core.package_identification:_identify(.) by extension 'colcon_pkg'
[0.180s] Level 1:colcon.colcon_core.package_identification:_identify(.) by extensions ['colcon_meta']
[0.180s] Level 1:colcon.colcon_core.package_identification:_identify(.) by extension 'colcon_meta'
[0.180s] Level 1:colcon.colcon_core.package_identification:_identify(.) by extensions ['ros']
[0.180s] Level 1:colcon.colcon_core.package_identification:_identify(.) by extension 'ros'
[0.196s] DEBUG:colcon.colcon_core.package_identification:Package '.' with type 'ros.ament_cmake' and name 'mecanum_robot'
[0.196s] Level 1:colcon.colcon_core.package_discovery:discover_packages(recursive) using defaults
[0.196s] Level 1:colcon.colcon_core.package_discovery:discover_packages(ignore) discover
[0.196s] Level 1:colcon.colcon_core.package_discovery:discover_packages(ignore) using defaults
[0.196s] Level 1:colcon.colcon_core.package_discovery:discover_packages(path) discover
[0.196s] Level 1:colcon.colcon_core.package_discovery:discover_packages(path) using defaults
[0.196s] WARNING:colcon.colcon_core.package_selection:ignoring unknown package 'ros2_robot_bridge' in --packages-select
[0.208s] INFO:colcon.colcon_core.package_selection:Skipping not selected package 'mecanum_robot' in '.'
[0.208s] Level 1:colcon.colcon_core.package_discovery:discover_packages(prefix_path) check parameters
[0.208s] Level 1:colcon.colcon_core.package_discovery:discover_packages(prefix_path) discover
[0.210s] DEBUG:colcon.colcon_installed_package_information.package_discovery:Found 391 installed packages in /opt/ros/humble
[0.211s] Level 1:colcon.colcon_core.package_discovery:discover_packages(prefix_path) using defaults
[0.239s] INFO:colcon.colcon_core.executor:Executing jobs using 'parallel' executor
[0.239s] DEBUG:colcon.colcon_parallel_executor.executor.parallel:run_until_complete
[0.240s] DEBUG:colcon.colcon_parallel_executor.executor.parallel:closing loop
[0.240s] DEBUG:colcon.colcon_parallel_executor.executor.parallel:loop closed
[0.240s] DEBUG:colcon.colcon_parallel_executor.executor.parallel:run_until_complete finished with '0'
[0.240s] DEBUG:colcon.colcon_core.event_reactor:joining thread
[0.243s] INFO:colcon.colcon_core.plugin_system:Skipping extension 'colcon_notification.desktop_notification.terminal_notifier': Not used on non-Darwin systems
[0.243s] INFO:colcon.colcon_core.plugin_system:Skipping extension 'colcon_notification.desktop_notification.win32': Not used on non-Windows systems
[0.243s] INFO:colcon.colcon_notification.desktop_notification:Sending desktop notification using 'notify2'
[0.252s] DEBUG:colcon.colcon_core.event_reactor:joined thread
[0.254s] INFO:colcon.colcon_core.plugin_system:Skipping extension 'colcon_core.shell.bat': Not used on non-Windows systems
[0.254s] INFO:colcon.colcon_core.shell:Creating prefix script '/home/bd/Documents/Robot/YSZD_RobotPlattform/install/local_setup.ps1'
[0.255s] INFO:colcon.colcon_core.shell:Creating prefix util module '/home/bd/Documents/Robot/YSZD_RobotPlattform/install/_local_setup_util_ps1.py'
[0.256s] INFO:colcon.colcon_core.shell:Creating prefix chain script '/home/bd/Documents/Robot/YSZD_RobotPlattform/install/setup.ps1'
[0.257s] INFO:colcon.colcon_core.shell:Creating prefix script '/home/bd/Documents/Robot/YSZD_RobotPlattform/install/local_setup.sh'
[0.258s] INFO:colcon.colcon_core.shell:Creating prefix util module '/home/bd/Documents/Robot/YSZD_RobotPlattform/install/_local_setup_util_sh.py'
[0.259s] INFO:colcon.colcon_core.shell:Creating prefix chain script '/home/bd/Documents/Robot/YSZD_RobotPlattform/install/setup.sh'
[0.259s] INFO:colcon.colcon_core.shell:Creating prefix script '/home/bd/Documents/Robot/YSZD_RobotPlattform/install/local_setup.bash'
[0.260s] INFO:colcon.colcon_core.shell:Creating prefix chain script '/home/bd/Documents/Robot/YSZD_RobotPlattform/install/setup.bash'
[0.260s] INFO:colcon.colcon_core.shell:Creating prefix script '/home/bd/Documents/Robot/YSZD_RobotPlattform/install/local_setup.zsh'
[0.266s] INFO:colcon.colcon_core.shell:Creating prefix chain script '/home/bd/Documents/Robot/YSZD_RobotPlattform/install/setup.zsh'
