[0.710s] DEBUG:colcon:Command line arguments: ['/usr/bin/colcon', 'build', '--packages-select', 'mecanum_robot']
[0.711s] DEBUG:colcon:Parsed command line arguments: Namespace(log_base=None, log_level=None, verb_name='build', build_base='build', install_base='install', merge_install=False, symlink_install=False, test_result_base=None, continue_on_error=False, executor='parallel', parallel_workers=6, event_handlers=None, ignore_user_meta=False, metas=['./colcon.meta'], base_paths=['.'], packages_ignore=None, packages_ignore_regex=None, paths=None, packages_up_to=None, packages_up_to_regex=None, packages_above=None, packages_above_and_dependencies=None, packages_above_depth=None, packages_select_by_dep=None, packages_skip_by_dep=None, packages_skip_up_to=None, packages_select_build_failed=False, packages_skip_build_finished=False, packages_select_test_failures=False, packages_skip_test_passed=False, packages_select=['mecanum_robot'], packages_skip=None, packages_select_regex=None, packages_skip_regex=None, packages_start=None, packages_end=None, allow_overriding=[], cmake_args=None, cmake_target=None, cmake_target_skip_unavailable=False, cmake_clean_cache=False, cmake_clean_first=False, cmake_force_configure=False, ament_cmake_args=None, catkin_cmake_args=None, catkin_skip_building_tests=False, verb_parser=<colcon_defaults.argument_parser.defaults.DefaultArgumentsDecorator object at 0xffff870d7ee0>, verb_extension=<colcon_core.verb.build.BuildVerb object at 0xffff872cd360>, main=<bound method BuildVerb.main of <colcon_core.verb.build.BuildVerb object at 0xffff872cd360>>)
[1.631s] Level 1:colcon.colcon_core.package_discovery:discover_packages(colcon_meta) check parameters
[1.633s] Level 1:colcon.colcon_core.package_discovery:discover_packages(recursive) check parameters
[1.633s] Level 1:colcon.colcon_core.package_discovery:discover_packages(ignore) check parameters
[1.633s] Level 1:colcon.colcon_core.package_discovery:discover_packages(path) check parameters
[1.633s] Level 1:colcon.colcon_core.package_discovery:discover_packages(colcon_meta) discover
[1.633s] Level 1:colcon.colcon_core.package_discovery:discover_packages(recursive) discover
[1.634s] INFO:colcon.colcon_core.package_discovery:Crawling recursively for packages in '/home/y1234/Documents/robot_ws/YSZD_RobotPlattform'
[1.634s] Level 1:colcon.colcon_core.package_identification:_identify(.) by extensions ['ignore', 'ignore_ament_install']
[1.634s] Level 1:colcon.colcon_core.package_identification:_identify(.) by extension 'ignore'
[1.634s] Level 1:colcon.colcon_core.package_identification:_identify(.) by extension 'ignore_ament_install'
[1.635s] Level 1:colcon.colcon_core.package_identification:_identify(.) by extensions ['colcon_pkg']
[1.635s] Level 1:colcon.colcon_core.package_identification:_identify(.) by extension 'colcon_pkg'
[1.635s] Level 1:colcon.colcon_core.package_identification:_identify(.) by extensions ['colcon_meta']
[1.637s] Level 1:colcon.colcon_core.package_identification:_identify(.) by extension 'colcon_meta'
[1.637s] Level 1:colcon.colcon_core.package_identification:_identify(.) by extensions ['ros']
[1.637s] Level 1:colcon.colcon_core.package_identification:_identify(.) by extension 'ros'
[1.692s] DEBUG:colcon.colcon_core.package_identification:Package '.' with type 'ros.ament_cmake' and name 'mecanum_robot'
[1.693s] Level 1:colcon.colcon_core.package_discovery:discover_packages(recursive) using defaults
[1.693s] Level 1:colcon.colcon_core.package_discovery:discover_packages(ignore) discover
[1.693s] Level 1:colcon.colcon_core.package_discovery:discover_packages(ignore) using defaults
[1.693s] Level 1:colcon.colcon_core.package_discovery:discover_packages(path) discover
[1.693s] Level 1:colcon.colcon_core.package_discovery:discover_packages(path) using defaults
[1.783s] Level 1:colcon.colcon_core.package_discovery:discover_packages(prefix_path) check parameters
[1.783s] Level 1:colcon.colcon_core.package_discovery:discover_packages(prefix_path) discover
[1.795s] DEBUG:colcon.colcon_installed_package_information.package_discovery:Found 1 installed packages in /home/y1234/Documents/robot_ws/YSZD_RobotPlattform/install
[1.798s] DEBUG:colcon.colcon_installed_package_information.package_discovery:Found 274 installed packages in /opt/ros/humble
[1.804s] Level 1:colcon.colcon_core.package_discovery:discover_packages(prefix_path) using defaults
[1.993s] Level 5:colcon.colcon_core.verb:set package 'mecanum_robot' build argument 'cmake_args' from command line to 'None'
[1.994s] Level 5:colcon.colcon_core.verb:set package 'mecanum_robot' build argument 'cmake_target' from command line to 'None'
[1.994s] Level 5:colcon.colcon_core.verb:set package 'mecanum_robot' build argument 'cmake_target_skip_unavailable' from command line to 'False'
[1.994s] Level 5:colcon.colcon_core.verb:set package 'mecanum_robot' build argument 'cmake_clean_cache' from command line to 'False'
[1.995s] Level 5:colcon.colcon_core.verb:set package 'mecanum_robot' build argument 'cmake_clean_first' from command line to 'False'
[1.995s] Level 5:colcon.colcon_core.verb:set package 'mecanum_robot' build argument 'cmake_force_configure' from command line to 'False'
[1.995s] Level 5:colcon.colcon_core.verb:set package 'mecanum_robot' build argument 'ament_cmake_args' from command line to 'None'
[1.996s] Level 5:colcon.colcon_core.verb:set package 'mecanum_robot' build argument 'catkin_cmake_args' from command line to 'None'
[1.996s] Level 5:colcon.colcon_core.verb:set package 'mecanum_robot' build argument 'catkin_skip_building_tests' from command line to 'False'
[1.996s] DEBUG:colcon.colcon_core.verb:Building package 'mecanum_robot' with the following arguments: {'ament_cmake_args': None, 'build_base': '/home/y1234/Documents/robot_ws/YSZD_RobotPlattform/build/mecanum_robot', 'catkin_cmake_args': None, 'catkin_skip_building_tests': False, 'cmake_args': None, 'cmake_clean_cache': False, 'cmake_clean_first': False, 'cmake_force_configure': False, 'cmake_target': None, 'cmake_target_skip_unavailable': False, 'install_base': '/home/y1234/Documents/robot_ws/YSZD_RobotPlattform/install/mecanum_robot', 'merge_install': False, 'path': '/home/y1234/Documents/robot_ws/YSZD_RobotPlattform', 'symlink_install': False, 'test_result_base': None}
[1.997s] INFO:colcon.colcon_core.executor:Executing jobs using 'parallel' executor
[2.009s] DEBUG:colcon.colcon_parallel_executor.executor.parallel:run_until_complete
[2.011s] INFO:colcon.colcon_ros.task.ament_cmake.build:Building ROS package in '/home/y1234/Documents/robot_ws/YSZD_RobotPlattform' with build type 'ament_cmake'
[2.012s] INFO:colcon.colcon_cmake.task.cmake.build:Building CMake package in '/home/y1234/Documents/robot_ws/YSZD_RobotPlattform'
[2.026s] INFO:colcon.colcon_core.plugin_system:Skipping extension 'colcon_core.shell.bat': Not used on non-Windows systems
[2.027s] INFO:colcon.colcon_core.shell:Skip shell extension 'powershell' for command environment: Not usable outside of PowerShell
[2.028s] DEBUG:colcon.colcon_core.shell:Skip shell extension 'dsv' for command environment
[2.061s] DEBUG:colcon.colcon_core.event_handler.log_command:Invoking command in '/home/y1234/Documents/robot_ws/YSZD_RobotPlattform/build/mecanum_robot': CMAKE_PREFIX_PATH=${CMAKE_PREFIX_PATH}:/opt/ros/humble /usr/bin/cmake --build /home/y1234/Documents/robot_ws/YSZD_RobotPlattform/build/mecanum_robot -- -j6 -l6
[3.253s] DEBUG:colcon.colcon_core.event_handler.log_command:Invoked command in '/home/y1234/Documents/robot_ws/YSZD_RobotPlattform/build/mecanum_robot' returned '0': CMAKE_PREFIX_PATH=${CMAKE_PREFIX_PATH}:/opt/ros/humble /usr/bin/cmake --build /home/y1234/Documents/robot_ws/YSZD_RobotPlattform/build/mecanum_robot -- -j6 -l6
[3.298s] DEBUG:colcon.colcon_core.event_handler.log_command:Invoking command in '/home/y1234/Documents/robot_ws/YSZD_RobotPlattform/build/mecanum_robot': CMAKE_PREFIX_PATH=${CMAKE_PREFIX_PATH}:/opt/ros/humble /usr/bin/cmake --install /home/y1234/Documents/robot_ws/YSZD_RobotPlattform/build/mecanum_robot
[3.444s] Level 1:colcon.colcon_core.environment:create_environment_scripts_only(mecanum_robot)
[3.448s] DEBUG:colcon.colcon_core.event_handler.log_command:Invoked command in '/home/y1234/Documents/robot_ws/YSZD_RobotPlattform/build/mecanum_robot' returned '0': CMAKE_PREFIX_PATH=${CMAKE_PREFIX_PATH}:/opt/ros/humble /usr/bin/cmake --install /home/y1234/Documents/robot_ws/YSZD_RobotPlattform/build/mecanum_robot
[3.466s] Level 1:colcon.colcon_core.environment:checking '/home/y1234/Documents/robot_ws/YSZD_RobotPlattform/install/mecanum_robot' for CMake module files
[3.472s] Level 1:colcon.colcon_core.environment:checking '/home/y1234/Documents/robot_ws/YSZD_RobotPlattform/install/mecanum_robot' for CMake config files
[3.474s] Level 1:colcon.colcon_core.shell:create_environment_hook('mecanum_robot', 'cmake_prefix_path')
[3.475s] INFO:colcon.colcon_core.shell:Creating environment hook '/home/y1234/Documents/robot_ws/YSZD_RobotPlattform/install/mecanum_robot/share/mecanum_robot/hook/cmake_prefix_path.ps1'
[3.477s] INFO:colcon.colcon_core.shell:Creating environment descriptor '/home/y1234/Documents/robot_ws/YSZD_RobotPlattform/install/mecanum_robot/share/mecanum_robot/hook/cmake_prefix_path.dsv'
[3.479s] INFO:colcon.colcon_core.shell:Creating environment hook '/home/y1234/Documents/robot_ws/YSZD_RobotPlattform/install/mecanum_robot/share/mecanum_robot/hook/cmake_prefix_path.sh'
[3.482s] Level 1:colcon.colcon_core.environment:checking '/home/y1234/Documents/robot_ws/YSZD_RobotPlattform/install/mecanum_robot/lib'
[3.483s] Level 1:colcon.colcon_core.environment:checking '/home/y1234/Documents/robot_ws/YSZD_RobotPlattform/install/mecanum_robot/bin'
[3.483s] Level 1:colcon.colcon_core.environment:checking '/home/y1234/Documents/robot_ws/YSZD_RobotPlattform/install/mecanum_robot/lib/pkgconfig/mecanum_robot.pc'
[3.483s] Level 1:colcon.colcon_core.environment:checking '/home/y1234/Documents/robot_ws/YSZD_RobotPlattform/install/mecanum_robot/lib/python3.10/site-packages'
[3.484s] Level 1:colcon.colcon_core.environment:checking '/home/y1234/Documents/robot_ws/YSZD_RobotPlattform/install/mecanum_robot/bin'
[3.485s] INFO:colcon.colcon_core.shell:Creating package script '/home/y1234/Documents/robot_ws/YSZD_RobotPlattform/install/mecanum_robot/share/mecanum_robot/package.ps1'
[3.489s] INFO:colcon.colcon_core.shell:Creating package descriptor '/home/y1234/Documents/robot_ws/YSZD_RobotPlattform/install/mecanum_robot/share/mecanum_robot/package.dsv'
[3.492s] INFO:colcon.colcon_core.shell:Creating package script '/home/y1234/Documents/robot_ws/YSZD_RobotPlattform/install/mecanum_robot/share/mecanum_robot/package.sh'
[3.494s] INFO:colcon.colcon_core.shell:Creating package script '/home/y1234/Documents/robot_ws/YSZD_RobotPlattform/install/mecanum_robot/share/mecanum_robot/package.bash'
[3.496s] INFO:colcon.colcon_core.shell:Creating package script '/home/y1234/Documents/robot_ws/YSZD_RobotPlattform/install/mecanum_robot/share/mecanum_robot/package.zsh'
[3.499s] Level 1:colcon.colcon_core.environment:create_file_with_runtime_dependencies(/home/y1234/Documents/robot_ws/YSZD_RobotPlattform/install/mecanum_robot/share/colcon-core/packages/mecanum_robot)
[3.503s] Level 1:colcon.colcon_core.environment:create_environment_scripts_only(mecanum_robot)
[3.508s] Level 1:colcon.colcon_core.environment:checking '/home/y1234/Documents/robot_ws/YSZD_RobotPlattform/install/mecanum_robot' for CMake module files
[3.510s] Level 1:colcon.colcon_core.environment:checking '/home/y1234/Documents/robot_ws/YSZD_RobotPlattform/install/mecanum_robot' for CMake config files
[3.511s] Level 1:colcon.colcon_core.shell:create_environment_hook('mecanum_robot', 'cmake_prefix_path')
[3.512s] INFO:colcon.colcon_core.shell:Creating environment hook '/home/y1234/Documents/robot_ws/YSZD_RobotPlattform/install/mecanum_robot/share/mecanum_robot/hook/cmake_prefix_path.ps1'
[3.513s] INFO:colcon.colcon_core.shell:Creating environment descriptor '/home/y1234/Documents/robot_ws/YSZD_RobotPlattform/install/mecanum_robot/share/mecanum_robot/hook/cmake_prefix_path.dsv'
[3.515s] INFO:colcon.colcon_core.shell:Creating environment hook '/home/y1234/Documents/robot_ws/YSZD_RobotPlattform/install/mecanum_robot/share/mecanum_robot/hook/cmake_prefix_path.sh'
[3.516s] Level 1:colcon.colcon_core.environment:checking '/home/y1234/Documents/robot_ws/YSZD_RobotPlattform/install/mecanum_robot/lib'
[3.517s] Level 1:colcon.colcon_core.environment:checking '/home/y1234/Documents/robot_ws/YSZD_RobotPlattform/install/mecanum_robot/bin'
[3.517s] Level 1:colcon.colcon_core.environment:checking '/home/y1234/Documents/robot_ws/YSZD_RobotPlattform/install/mecanum_robot/lib/pkgconfig/mecanum_robot.pc'
[3.518s] Level 1:colcon.colcon_core.environment:checking '/home/y1234/Documents/robot_ws/YSZD_RobotPlattform/install/mecanum_robot/lib/python3.10/site-packages'
[3.519s] Level 1:colcon.colcon_core.environment:checking '/home/y1234/Documents/robot_ws/YSZD_RobotPlattform/install/mecanum_robot/bin'
[3.520s] INFO:colcon.colcon_core.shell:Creating package script '/home/y1234/Documents/robot_ws/YSZD_RobotPlattform/install/mecanum_robot/share/mecanum_robot/package.ps1'
[3.523s] INFO:colcon.colcon_core.shell:Creating package descriptor '/home/y1234/Documents/robot_ws/YSZD_RobotPlattform/install/mecanum_robot/share/mecanum_robot/package.dsv'
[3.524s] INFO:colcon.colcon_core.shell:Creating package script '/home/y1234/Documents/robot_ws/YSZD_RobotPlattform/install/mecanum_robot/share/mecanum_robot/package.sh'
[3.526s] INFO:colcon.colcon_core.shell:Creating package script '/home/y1234/Documents/robot_ws/YSZD_RobotPlattform/install/mecanum_robot/share/mecanum_robot/package.bash'
[3.528s] INFO:colcon.colcon_core.shell:Creating package script '/home/y1234/Documents/robot_ws/YSZD_RobotPlattform/install/mecanum_robot/share/mecanum_robot/package.zsh'
[3.529s] Level 1:colcon.colcon_core.environment:create_file_with_runtime_dependencies(/home/y1234/Documents/robot_ws/YSZD_RobotPlattform/install/mecanum_robot/share/colcon-core/packages/mecanum_robot)
[3.530s] DEBUG:colcon.colcon_parallel_executor.executor.parallel:closing loop
[3.530s] DEBUG:colcon.colcon_parallel_executor.executor.parallel:loop closed
[3.530s] DEBUG:colcon.colcon_parallel_executor.executor.parallel:run_until_complete finished with '0'
[3.531s] DEBUG:colcon.colcon_core.event_reactor:joining thread
[3.557s] INFO:colcon.colcon_core.plugin_system:Skipping extension 'colcon_notification.desktop_notification.terminal_notifier': Not used on non-Darwin systems
[3.557s] INFO:colcon.colcon_core.plugin_system:Skipping extension 'colcon_notification.desktop_notification.win32': Not used on non-Windows systems
[3.558s] INFO:colcon.colcon_notification.desktop_notification:Sending desktop notification using 'notify2'
[3.618s] DEBUG:colcon.colcon_core.event_reactor:joined thread
[3.619s] INFO:colcon.colcon_core.shell:Creating prefix script '/home/y1234/Documents/robot_ws/YSZD_RobotPlattform/install/local_setup.ps1'
[3.622s] INFO:colcon.colcon_core.shell:Creating prefix util module '/home/y1234/Documents/robot_ws/YSZD_RobotPlattform/install/_local_setup_util_ps1.py'
[3.627s] INFO:colcon.colcon_core.shell:Creating prefix chain script '/home/y1234/Documents/robot_ws/YSZD_RobotPlattform/install/setup.ps1'
[3.630s] INFO:colcon.colcon_core.shell:Creating prefix script '/home/y1234/Documents/robot_ws/YSZD_RobotPlattform/install/local_setup.sh'
[3.631s] INFO:colcon.colcon_core.shell:Creating prefix util module '/home/y1234/Documents/robot_ws/YSZD_RobotPlattform/install/_local_setup_util_sh.py'
[3.632s] INFO:colcon.colcon_core.shell:Creating prefix chain script '/home/y1234/Documents/robot_ws/YSZD_RobotPlattform/install/setup.sh'
[3.635s] INFO:colcon.colcon_core.shell:Creating prefix script '/home/y1234/Documents/robot_ws/YSZD_RobotPlattform/install/local_setup.bash'
[3.637s] INFO:colcon.colcon_core.shell:Creating prefix chain script '/home/y1234/Documents/robot_ws/YSZD_RobotPlattform/install/setup.bash'
[3.640s] INFO:colcon.colcon_core.shell:Creating prefix script '/home/y1234/Documents/robot_ws/YSZD_RobotPlattform/install/local_setup.zsh'
[3.641s] INFO:colcon.colcon_core.shell:Creating prefix chain script '/home/y1234/Documents/robot_ws/YSZD_RobotPlattform/install/setup.zsh'
