[0.007s] Invoking command in '/home/bd/Documents/Robot/YSZD_RobotPlattform/build/mecanum_robot': CMAKE_PREFIX_PATH=/opt/ros/humble /usr/bin/cmake /home/bd/Documents/Robot/YSZD_RobotPlattform -DCMAKE_INSTALL_PREFIX=/home/bd/Documents/Robot/YSZD_RobotPlattform/install/mecanum_robot
[0.170s] -- The C compiler identification is GNU 11.4.0
[0.272s] -- The CXX compiler identification is GNU 11.4.0
[0.283s] -- Detecting C compiler ABI info
[0.337s] -- Detecting C compiler ABI info - done
[0.343s] -- Check for working C compiler: /usr/lib/ccache/gcc - skipped
[0.343s] -- Detecting C compile features
[0.344s] -- Detecting C compile features - done
[0.346s] -- Detecting CXX compiler ABI info
[0.403s] -- Detecting CXX compiler ABI info - done
[0.415s] -- Check for working CXX compiler: /usr/lib/ccache/g++ - skipped
[0.416s] -- Detecting CXX compile features
[0.416s] -- Detecting CXX compile features - done
[0.420s] -- Found ament_cmake: 1.3.12 (/opt/ros/humble/share/ament_cmake/cmake)
[0.745s] -- Found Python3: /home/bd/Documents/airflow/airflow_env/bin/python3 (found version "3.10.12") found components: Interpreter 
[0.854s] -- Found rclpy: 3.3.17 (/opt/ros/humble/share/rclpy/cmake)
[0.856s] -- Found geometry_msgs: 4.9.0 (/opt/ros/humble/share/geometry_msgs/cmake)
[0.915s] -- Found rosidl_generator_c: 3.1.7 (/opt/ros/humble/share/rosidl_generator_c/cmake)
[0.919s] -- Found rosidl_adapter: 3.1.7 (/opt/ros/humble/share/rosidl_adapter/cmake)
[0.925s] -- Found rosidl_generator_cpp: 3.1.7 (/opt/ros/humble/share/rosidl_generator_cpp/cmake)
[0.934s] -- Using all available rosidl_typesupport_c: rosidl_typesupport_fastrtps_c;rosidl_typesupport_introspection_c
[0.947s] -- Using all available rosidl_typesupport_cpp: rosidl_typesupport_fastrtps_cpp;rosidl_typesupport_introspection_cpp
[0.975s] -- Found sensor_msgs: 4.9.0 (/opt/ros/humble/share/sensor_msgs/cmake)
[0.987s] -- Found nav_msgs: 4.9.0 (/opt/ros/humble/share/nav_msgs/cmake)
[1.000s] -- Found tf2_ros: 0.25.16 (/opt/ros/humble/share/tf2_ros/cmake)
[1.051s] -- Found rmw_implementation_cmake: 6.1.2 (/opt/ros/humble/share/rmw_implementation_cmake/cmake)
[1.053s] -- Found rmw_fastrtps_cpp: 6.2.9 (/opt/ros/humble/share/rmw_fastrtps_cpp/cmake)
[1.124s] -- Found OpenSSL: /usr/lib/x86_64-linux-gnu/libcrypto.so (found version "3.0.2")  
[1.146s] -- Found FastRTPS: /opt/ros/humble/include  
[1.180s] -- Using RMW implementation 'rmw_fastrtps_cpp' as default
[1.187s] -- Looking for pthread.h
[1.255s] -- Looking for pthread.h - found
[1.256s] -- Performing Test CMAKE_HAVE_LIBC_PTHREAD
[1.303s] -- Performing Test CMAKE_HAVE_LIBC_PTHREAD - Success
[1.304s] -- Found Threads: TRUE  
[1.386s] -- Found tf2_geometry_msgs: 0.25.16 (/opt/ros/humble/share/tf2_geometry_msgs/cmake)
[1.396s] -- Found eigen3_cmake_module: 0.1.1 (/opt/ros/humble/share/eigen3_cmake_module/cmake)
[1.397s] -- Found Eigen3: TRUE (found version "3.4.0") 
[1.397s] -- Ensuring Eigen3 include directory is part of orocos-kdl CMake target
[1.490s] -- Found ament_lint_auto: 0.12.14 (/opt/ros/humble/share/ament_lint_auto/cmake)
[1.566s] -- Added test 'copyright' to check source files copyright and LICENSE
[1.576s] -- Added test 'cppcheck' to perform static code analysis on C / C++ code
[1.576s] -- Configured cppcheck include dirs: 
[1.576s] -- Configured cppcheck exclude dirs and/or files: 
[1.585s] -- Added test 'cpplint' to check C / C++ code against the Google style
[1.585s] -- Configured cpplint exclude dirs and/or files: 
[1.586s] -- Added test 'flake8' to check Python code syntax and style conventions
[1.589s] -- Added test 'lint_cmake' to check CMake code style
[1.590s] -- Added test 'pep257' to check Python code against some of the docstring style conventions in PEP 257
[1.600s] -- Added test 'uncrustify' to check C / C++ code style
[1.600s] -- Configured uncrustify additional arguments: 
[1.601s] -- Added test 'xmllint' to check XML markup files
[1.602s] -- Configuring done
[1.606s] -- Generating done
[1.609s] -- Build files have been written to: /home/bd/Documents/Robot/YSZD_RobotPlattform/build/mecanum_robot
[1.619s] Invoked command in '/home/bd/Documents/Robot/YSZD_RobotPlattform/build/mecanum_robot' returned '0': CMAKE_PREFIX_PATH=/opt/ros/humble /usr/bin/cmake /home/bd/Documents/Robot/YSZD_RobotPlattform -DCMAKE_INSTALL_PREFIX=/home/bd/Documents/Robot/YSZD_RobotPlattform/install/mecanum_robot
[1.623s] Invoking command in '/home/bd/Documents/Robot/YSZD_RobotPlattform/build/mecanum_robot': CMAKE_PREFIX_PATH=/opt/ros/humble /usr/bin/cmake --build /home/bd/Documents/Robot/YSZD_RobotPlattform/build/mecanum_robot -- -j16 -l16
[1.674s] Built target ament_cmake_python_copy_mecanum_robot
[1.885s] running egg_info
[1.900s] creating mecanum_robot.egg-info
[1.900s] writing mecanum_robot.egg-info/PKG-INFO
[1.900s] writing dependency_links to mecanum_robot.egg-info/dependency_links.txt
[1.900s] writing top-level names to mecanum_robot.egg-info/top_level.txt
[1.900s] writing manifest file 'mecanum_robot.egg-info/SOURCES.txt'
[1.992s] writing manifest file 'mecanum_robot.egg-info/SOURCES.txt'
[2.030s] Built target ament_cmake_python_build_mecanum_robot_egg
[2.039s] Invoked command in '/home/bd/Documents/Robot/YSZD_RobotPlattform/build/mecanum_robot' returned '0': CMAKE_PREFIX_PATH=/opt/ros/humble /usr/bin/cmake --build /home/bd/Documents/Robot/YSZD_RobotPlattform/build/mecanum_robot -- -j16 -l16
[2.047s] Invoking command in '/home/bd/Documents/Robot/YSZD_RobotPlattform/build/mecanum_robot': CMAKE_PREFIX_PATH=/opt/ros/humble /usr/bin/cmake --install /home/bd/Documents/Robot/YSZD_RobotPlattform/build/mecanum_robot
[2.055s] -- Install configuration: ""
[2.055s] -- Installing: /home/bd/Documents/Robot/YSZD_RobotPlattform/install/mecanum_robot/share/mecanum_robot/environment/pythonpath.sh
[2.055s] -- Installing: /home/bd/Documents/Robot/YSZD_RobotPlattform/install/mecanum_robot/share/mecanum_robot/environment/pythonpath.dsv
[2.055s] -- Installing: /home/bd/Documents/Robot/YSZD_RobotPlattform/install/mecanum_robot/lib/python3.10/site-packages/mecanum_robot-1.0.0-py3.10.egg-info
[2.055s] -- Installing: /home/bd/Documents/Robot/YSZD_RobotPlattform/install/mecanum_robot/lib/python3.10/site-packages/mecanum_robot-1.0.0-py3.10.egg-info/top_level.txt
[2.055s] -- Installing: /home/bd/Documents/Robot/YSZD_RobotPlattform/install/mecanum_robot/lib/python3.10/site-packages/mecanum_robot-1.0.0-py3.10.egg-info/dependency_links.txt
[2.055s] -- Installing: /home/bd/Documents/Robot/YSZD_RobotPlattform/install/mecanum_robot/lib/python3.10/site-packages/mecanum_robot-1.0.0-py3.10.egg-info/PKG-INFO
[2.055s] -- Installing: /home/bd/Documents/Robot/YSZD_RobotPlattform/install/mecanum_robot/lib/python3.10/site-packages/mecanum_robot-1.0.0-py3.10.egg-info/SOURCES.txt
[2.055s] -- Installing: /home/bd/Documents/Robot/YSZD_RobotPlattform/install/mecanum_robot/lib/python3.10/site-packages/mecanum_robot
[2.055s] -- Installing: /home/bd/Documents/Robot/YSZD_RobotPlattform/install/mecanum_robot/lib/python3.10/site-packages/mecanum_robot/__init__.py
[2.083s] Listing '/home/bd/Documents/Robot/YSZD_RobotPlattform/install/mecanum_robot/lib/python3.10/site-packages/mecanum_robot'...
[2.083s] Compiling '/home/bd/Documents/Robot/YSZD_RobotPlattform/install/mecanum_robot/lib/python3.10/site-packages/mecanum_robot/__init__.py'...
[2.090s] -- Installing: /home/bd/Documents/Robot/YSZD_RobotPlattform/install/mecanum_robot/lib/mecanum_robot/robot_node.py
[2.090s] -- Installing: /home/bd/Documents/Robot/YSZD_RobotPlattform/install/mecanum_robot/lib/mecanum_robot/remote_control.py
[2.090s] -- Installing: /home/bd/Documents/Robot/YSZD_RobotPlattform/install/mecanum_robot/lib/mecanum_robot/path_publisher.py
[2.090s] -- Installing: /home/bd/Documents/Robot/YSZD_RobotPlattform/install/mecanum_robot/lib/mecanum_robot/camera_node_fixed.py
[2.091s] -- Installing: /home/bd/Documents/Robot/YSZD_RobotPlattform/install/mecanum_robot/lib/mecanum_robot/apriltag_detector_enhanced.py
[2.091s] -- Installing: /home/bd/Documents/Robot/YSZD_RobotPlattform/install/mecanum_robot/lib/mecanum_robot/position_calculator.py
[2.091s] -- Installing: /home/bd/Documents/Robot/YSZD_RobotPlattform/install/mecanum_robot/lib/mecanum_robot/image_viewer.py
[2.091s] -- Installing: /home/bd/Documents/Robot/YSZD_RobotPlattform/install/mecanum_robot/lib/mecanum_robot/waypoint_follower.py
[2.091s] -- Installing: /home/bd/Documents/Robot/YSZD_RobotPlattform/install/mecanum_robot/lib/mecanum_robot/waypoint_recorder.py
[2.091s] -- Installing: /home/bd/Documents/Robot/YSZD_RobotPlattform/install/mecanum_robot/lib/mecanum_robot/ros2_websocket_bridge.py
[2.091s] -- Installing: /home/bd/Documents/Robot/YSZD_RobotPlattform/install/mecanum_robot/share/mecanum_robot//launch
[2.091s] -- Installing: /home/bd/Documents/Robot/YSZD_RobotPlattform/install/mecanum_robot/share/mecanum_robot//launch/mecanum_robot_clean.launch.py
[2.092s] -- Installing: /home/bd/Documents/Robot/YSZD_RobotPlattform/install/mecanum_robot/share/mecanum_robot//launch/apriltag_robot.launch.py
[2.092s] -- Installing: /home/bd/Documents/Robot/YSZD_RobotPlattform/install/mecanum_robot/share/mecanum_robot//launch/apriltag_robot_fixed.launch.py
[2.092s] -- Installing: /home/bd/Documents/Robot/YSZD_RobotPlattform/install/mecanum_robot/share/mecanum_robot//launch/nav2_with_obstacles.launch.py
[2.093s] -- Installing: /home/bd/Documents/Robot/YSZD_RobotPlattform/install/mecanum_robot/share/mecanum_robot//launch/simple_nav2.launch.py
[2.093s] -- Installing: /home/bd/Documents/Robot/YSZD_RobotPlattform/install/mecanum_robot/share/mecanum_robot//launch/robot_state_machine.launch.py
[2.093s] -- Installing: /home/bd/Documents/Robot/YSZD_RobotPlattform/install/mecanum_robot/share/mecanum_robot//launch/mecanum_robot.launch.py
[2.093s] -- Installing: /home/bd/Documents/Robot/YSZD_RobotPlattform/install/mecanum_robot/share/mecanum_robot//urdf
[2.093s] -- Installing: /home/bd/Documents/Robot/YSZD_RobotPlattform/install/mecanum_robot/share/mecanum_robot//urdf/mecanum_robot.urdf
[2.093s] -- Installing: /home/bd/Documents/Robot/YSZD_RobotPlattform/install/mecanum_robot/share/mecanum_robot//rviz
[2.093s] -- Installing: /home/bd/Documents/Robot/YSZD_RobotPlattform/install/mecanum_robot/share/mecanum_robot//rviz/mecanum_robot.rviz
[2.094s] -- Installing: /home/bd/Documents/Robot/YSZD_RobotPlattform/install/mecanum_robot/share/mecanum_robot//rviz/nav2_with_obstacles.rviz
[2.094s] -- Installing: /home/bd/Documents/Robot/YSZD_RobotPlattform/install/mecanum_robot/share/mecanum_robot//rviz/mecanum_robot_path.rviz
[2.094s] -- Installing: /home/bd/Documents/Robot/YSZD_RobotPlattform/install/mecanum_robot/share/mecanum_robot//rviz/map_display.rviz
[2.094s] -- Installing: /home/bd/Documents/Robot/YSZD_RobotPlattform/install/mecanum_robot/share/mecanum_robot//rviz/simple_path.rviz
[2.095s] -- Installing: /home/bd/Documents/Robot/YSZD_RobotPlattform/install/mecanum_robot/share/mecanum_robot//config
[2.095s] -- Installing: /home/bd/Documents/Robot/YSZD_RobotPlattform/install/mecanum_robot/share/mecanum_robot//config/nav2_params.yaml
[2.095s] -- Installing: /home/bd/Documents/Robot/YSZD_RobotPlattform/install/mecanum_robot/share/ament_index/resource_index/package_run_dependencies/mecanum_robot
[2.095s] -- Installing: /home/bd/Documents/Robot/YSZD_RobotPlattform/install/mecanum_robot/share/ament_index/resource_index/parent_prefix_path/mecanum_robot
[2.095s] -- Installing: /home/bd/Documents/Robot/YSZD_RobotPlattform/install/mecanum_robot/share/mecanum_robot/environment/ament_prefix_path.sh
[2.095s] -- Installing: /home/bd/Documents/Robot/YSZD_RobotPlattform/install/mecanum_robot/share/mecanum_robot/environment/ament_prefix_path.dsv
[2.095s] -- Installing: /home/bd/Documents/Robot/YSZD_RobotPlattform/install/mecanum_robot/share/mecanum_robot/environment/path.sh
[2.095s] -- Installing: /home/bd/Documents/Robot/YSZD_RobotPlattform/install/mecanum_robot/share/mecanum_robot/environment/path.dsv
[2.095s] -- Installing: /home/bd/Documents/Robot/YSZD_RobotPlattform/install/mecanum_robot/share/mecanum_robot/local_setup.bash
[2.096s] -- Installing: /home/bd/Documents/Robot/YSZD_RobotPlattform/install/mecanum_robot/share/mecanum_robot/local_setup.sh
[2.096s] -- Installing: /home/bd/Documents/Robot/YSZD_RobotPlattform/install/mecanum_robot/share/mecanum_robot/local_setup.zsh
[2.096s] -- Installing: /home/bd/Documents/Robot/YSZD_RobotPlattform/install/mecanum_robot/share/mecanum_robot/local_setup.dsv
[2.096s] -- Installing: /home/bd/Documents/Robot/YSZD_RobotPlattform/install/mecanum_robot/share/mecanum_robot/package.dsv
[2.096s] -- Installing: /home/bd/Documents/Robot/YSZD_RobotPlattform/install/mecanum_robot/share/ament_index/resource_index/packages/mecanum_robot
[2.096s] -- Installing: /home/bd/Documents/Robot/YSZD_RobotPlattform/install/mecanum_robot/share/mecanum_robot/cmake/mecanum_robotConfig.cmake
[2.096s] -- Installing: /home/bd/Documents/Robot/YSZD_RobotPlattform/install/mecanum_robot/share/mecanum_robot/cmake/mecanum_robotConfig-version.cmake
[2.096s] -- Installing: /home/bd/Documents/Robot/YSZD_RobotPlattform/install/mecanum_robot/share/mecanum_robot/package.xml
[2.097s] Invoked command in '/home/bd/Documents/Robot/YSZD_RobotPlattform/build/mecanum_robot' returned '0': CMAKE_PREFIX_PATH=/opt/ros/humble /usr/bin/cmake --install /home/bd/Documents/Robot/YSZD_RobotPlattform/build/mecanum_robot
