[1.046s] DEBUG:colcon:Command line arguments: ['/usr/bin/colcon', 'build', '--packages-select', 'mecanum_robot']
[1.046s] DEBUG:colcon:Parsed command line arguments: Namespace(log_base=None, log_level=None, verb_name='build', build_base='build', install_base='install', merge_install=False, symlink_install=False, test_result_base=None, continue_on_error=False, executor='parallel', parallel_workers=6, event_handlers=None, ignore_user_meta=False, metas=['./colcon.meta'], base_paths=['.'], packages_ignore=None, packages_ignore_regex=None, paths=None, packages_up_to=None, packages_up_to_regex=None, packages_above=None, packages_above_and_dependencies=None, packages_above_depth=None, packages_select_by_dep=None, packages_skip_by_dep=None, packages_skip_up_to=None, packages_select_build_failed=False, packages_skip_build_finished=False, packages_select_test_failures=False, packages_skip_test_passed=False, packages_select=['mecanum_robot'], packages_skip=None, packages_select_regex=None, packages_skip_regex=None, packages_start=None, packages_end=None, allow_overriding=[], cmake_args=None, cmake_target=None, cmake_target_skip_unavailable=False, cmake_clean_cache=False, cmake_clean_first=False, cmake_force_configure=False, ament_cmake_args=None, catkin_cmake_args=None, catkin_skip_building_tests=False, verb_parser=<colcon_defaults.argument_parser.defaults.DefaultArgumentsDecorator object at 0xffff7e227ee0>, verb_extension=<colcon_core.verb.build.BuildVerb object at 0xffff7e41d360>, main=<bound method BuildVerb.main of <colcon_core.verb.build.BuildVerb object at 0xffff7e41d360>>)
[2.241s] Level 1:colcon.colcon_core.package_discovery:discover_packages(colcon_meta) check parameters
[2.243s] Level 1:colcon.colcon_core.package_discovery:discover_packages(recursive) check parameters
[2.243s] Level 1:colcon.colcon_core.package_discovery:discover_packages(ignore) check parameters
[2.244s] Level 1:colcon.colcon_core.package_discovery:discover_packages(path) check parameters
[2.244s] Level 1:colcon.colcon_core.package_discovery:discover_packages(colcon_meta) discover
[2.244s] Level 1:colcon.colcon_core.package_discovery:discover_packages(recursive) discover
[2.245s] INFO:colcon.colcon_core.package_discovery:Crawling recursively for packages in '/home/y1234/Documents/robot_ws/YSZD_RobotPlattform'
[2.245s] Level 1:colcon.colcon_core.package_identification:_identify(.) by extensions ['ignore', 'ignore_ament_install']
[2.246s] Level 1:colcon.colcon_core.package_identification:_identify(.) by extension 'ignore'
[2.246s] Level 1:colcon.colcon_core.package_identification:_identify(.) by extension 'ignore_ament_install'
[2.247s] Level 1:colcon.colcon_core.package_identification:_identify(.) by extensions ['colcon_pkg']
[2.248s] Level 1:colcon.colcon_core.package_identification:_identify(.) by extension 'colcon_pkg'
[2.248s] Level 1:colcon.colcon_core.package_identification:_identify(.) by extensions ['colcon_meta']
[2.249s] Level 1:colcon.colcon_core.package_identification:_identify(.) by extension 'colcon_meta'
[2.250s] Level 1:colcon.colcon_core.package_identification:_identify(.) by extensions ['ros']
[2.251s] Level 1:colcon.colcon_core.package_identification:_identify(.) by extension 'ros'
[2.412s] DEBUG:colcon.colcon_core.package_identification:Package '.' with type 'ros.ament_cmake' and name 'mecanum_robot'
[2.412s] Level 1:colcon.colcon_core.package_discovery:discover_packages(recursive) using defaults
[2.413s] Level 1:colcon.colcon_core.package_discovery:discover_packages(ignore) discover
[2.413s] Level 1:colcon.colcon_core.package_discovery:discover_packages(ignore) using defaults
[2.413s] Level 1:colcon.colcon_core.package_discovery:discover_packages(path) discover
[2.413s] Level 1:colcon.colcon_core.package_discovery:discover_packages(path) using defaults
[2.519s] Level 1:colcon.colcon_core.package_discovery:discover_packages(prefix_path) check parameters
[2.519s] Level 1:colcon.colcon_core.package_discovery:discover_packages(prefix_path) discover
[2.534s] DEBUG:colcon.colcon_installed_package_information.package_discovery:Found 1 installed packages in /home/y1234/Documents/robot_ws/YSZD_RobotPlattform/install
[2.537s] DEBUG:colcon.colcon_installed_package_information.package_discovery:Found 274 installed packages in /opt/ros/humble
[2.546s] Level 1:colcon.colcon_core.package_discovery:discover_packages(prefix_path) using defaults
[2.936s] Level 5:colcon.colcon_core.verb:set package 'mecanum_robot' build argument 'cmake_args' from command line to 'None'
[2.936s] Level 5:colcon.colcon_core.verb:set package 'mecanum_robot' build argument 'cmake_target' from command line to 'None'
[2.937s] Level 5:colcon.colcon_core.verb:set package 'mecanum_robot' build argument 'cmake_target_skip_unavailable' from command line to 'False'
[2.938s] Level 5:colcon.colcon_core.verb:set package 'mecanum_robot' build argument 'cmake_clean_cache' from command line to 'False'
[2.938s] Level 5:colcon.colcon_core.verb:set package 'mecanum_robot' build argument 'cmake_clean_first' from command line to 'False'
[2.938s] Level 5:colcon.colcon_core.verb:set package 'mecanum_robot' build argument 'cmake_force_configure' from command line to 'False'
[2.939s] Level 5:colcon.colcon_core.verb:set package 'mecanum_robot' build argument 'ament_cmake_args' from command line to 'None'
[2.939s] Level 5:colcon.colcon_core.verb:set package 'mecanum_robot' build argument 'catkin_cmake_args' from command line to 'None'
[2.939s] Level 5:colcon.colcon_core.verb:set package 'mecanum_robot' build argument 'catkin_skip_building_tests' from command line to 'False'
[2.939s] DEBUG:colcon.colcon_core.verb:Building package 'mecanum_robot' with the following arguments: {'ament_cmake_args': None, 'build_base': '/home/y1234/Documents/robot_ws/YSZD_RobotPlattform/build/mecanum_robot', 'catkin_cmake_args': None, 'catkin_skip_building_tests': False, 'cmake_args': None, 'cmake_clean_cache': False, 'cmake_clean_first': False, 'cmake_force_configure': False, 'cmake_target': None, 'cmake_target_skip_unavailable': False, 'install_base': '/home/y1234/Documents/robot_ws/YSZD_RobotPlattform/install/mecanum_robot', 'merge_install': False, 'path': '/home/y1234/Documents/robot_ws/YSZD_RobotPlattform', 'symlink_install': False, 'test_result_base': None}
[2.940s] INFO:colcon.colcon_core.executor:Executing jobs using 'parallel' executor
[2.968s] DEBUG:colcon.colcon_parallel_executor.executor.parallel:run_until_complete
[2.969s] INFO:colcon.colcon_ros.task.ament_cmake.build:Building ROS package in '/home/y1234/Documents/robot_ws/YSZD_RobotPlattform' with build type 'ament_cmake'
[2.970s] INFO:colcon.colcon_cmake.task.cmake.build:Building CMake package in '/home/y1234/Documents/robot_ws/YSZD_RobotPlattform'
[3.000s] INFO:colcon.colcon_core.plugin_system:Skipping extension 'colcon_core.shell.bat': Not used on non-Windows systems
[3.001s] INFO:colcon.colcon_core.shell:Skip shell extension 'powershell' for command environment: Not usable outside of PowerShell
[3.002s] DEBUG:colcon.colcon_core.shell:Skip shell extension 'dsv' for command environment
[3.058s] DEBUG:colcon.colcon_core.event_handler.log_command:Invoking command in '/home/y1234/Documents/robot_ws/YSZD_RobotPlattform/build/mecanum_robot': CMAKE_PREFIX_PATH=${CMAKE_PREFIX_PATH}:/opt/ros/humble /usr/bin/cmake --build /home/y1234/Documents/robot_ws/YSZD_RobotPlattform/build/mecanum_robot -- -j6 -l6
[5.457s] DEBUG:colcon.colcon_core.event_handler.log_command:Invoked command in '/home/y1234/Documents/robot_ws/YSZD_RobotPlattform/build/mecanum_robot' returned '0': CMAKE_PREFIX_PATH=${CMAKE_PREFIX_PATH}:/opt/ros/humble /usr/bin/cmake --build /home/y1234/Documents/robot_ws/YSZD_RobotPlattform/build/mecanum_robot -- -j6 -l6
[5.504s] DEBUG:colcon.colcon_core.event_handler.log_command:Invoking command in '/home/y1234/Documents/robot_ws/YSZD_RobotPlattform/build/mecanum_robot': CMAKE_PREFIX_PATH=${CMAKE_PREFIX_PATH}:/opt/ros/humble /usr/bin/cmake --install /home/y1234/Documents/robot_ws/YSZD_RobotPlattform/build/mecanum_robot
[5.695s] Level 1:colcon.colcon_core.environment:create_environment_scripts_only(mecanum_robot)
[5.697s] DEBUG:colcon.colcon_core.event_handler.log_command:Invoked command in '/home/y1234/Documents/robot_ws/YSZD_RobotPlattform/build/mecanum_robot' returned '0': CMAKE_PREFIX_PATH=${CMAKE_PREFIX_PATH}:/opt/ros/humble /usr/bin/cmake --install /home/y1234/Documents/robot_ws/YSZD_RobotPlattform/build/mecanum_robot
[5.714s] Level 1:colcon.colcon_core.environment:checking '/home/y1234/Documents/robot_ws/YSZD_RobotPlattform/install/mecanum_robot' for CMake module files
[5.717s] Level 1:colcon.colcon_core.environment:checking '/home/y1234/Documents/robot_ws/YSZD_RobotPlattform/install/mecanum_robot' for CMake config files
[5.718s] Level 1:colcon.colcon_core.shell:create_environment_hook('mecanum_robot', 'cmake_prefix_path')
[5.719s] INFO:colcon.colcon_core.shell:Creating environment hook '/home/y1234/Documents/robot_ws/YSZD_RobotPlattform/install/mecanum_robot/share/mecanum_robot/hook/cmake_prefix_path.ps1'
[5.726s] INFO:colcon.colcon_core.shell:Creating environment descriptor '/home/y1234/Documents/robot_ws/YSZD_RobotPlattform/install/mecanum_robot/share/mecanum_robot/hook/cmake_prefix_path.dsv'
[5.728s] INFO:colcon.colcon_core.shell:Creating environment hook '/home/y1234/Documents/robot_ws/YSZD_RobotPlattform/install/mecanum_robot/share/mecanum_robot/hook/cmake_prefix_path.sh'
[5.732s] Level 1:colcon.colcon_core.environment:checking '/home/y1234/Documents/robot_ws/YSZD_RobotPlattform/install/mecanum_robot/lib'
[5.732s] Level 1:colcon.colcon_core.environment:checking '/home/y1234/Documents/robot_ws/YSZD_RobotPlattform/install/mecanum_robot/bin'
[5.733s] Level 1:colcon.colcon_core.environment:checking '/home/y1234/Documents/robot_ws/YSZD_RobotPlattform/install/mecanum_robot/lib/pkgconfig/mecanum_robot.pc'
[5.736s] Level 1:colcon.colcon_core.environment:checking '/home/y1234/Documents/robot_ws/YSZD_RobotPlattform/install/mecanum_robot/lib/python3.10/site-packages'
[5.737s] Level 1:colcon.colcon_core.environment:checking '/home/y1234/Documents/robot_ws/YSZD_RobotPlattform/install/mecanum_robot/bin'
[5.738s] INFO:colcon.colcon_core.shell:Creating package script '/home/y1234/Documents/robot_ws/YSZD_RobotPlattform/install/mecanum_robot/share/mecanum_robot/package.ps1'
[5.742s] INFO:colcon.colcon_core.shell:Creating package descriptor '/home/y1234/Documents/robot_ws/YSZD_RobotPlattform/install/mecanum_robot/share/mecanum_robot/package.dsv'
[5.747s] INFO:colcon.colcon_core.shell:Creating package script '/home/y1234/Documents/robot_ws/YSZD_RobotPlattform/install/mecanum_robot/share/mecanum_robot/package.sh'
[5.750s] INFO:colcon.colcon_core.shell:Creating package script '/home/y1234/Documents/robot_ws/YSZD_RobotPlattform/install/mecanum_robot/share/mecanum_robot/package.bash'
[5.752s] INFO:colcon.colcon_core.shell:Creating package script '/home/y1234/Documents/robot_ws/YSZD_RobotPlattform/install/mecanum_robot/share/mecanum_robot/package.zsh'
[5.755s] Level 1:colcon.colcon_core.environment:create_file_with_runtime_dependencies(/home/y1234/Documents/robot_ws/YSZD_RobotPlattform/install/mecanum_robot/share/colcon-core/packages/mecanum_robot)
[5.760s] Level 1:colcon.colcon_core.environment:create_environment_scripts_only(mecanum_robot)
[5.761s] Level 1:colcon.colcon_core.environment:checking '/home/y1234/Documents/robot_ws/YSZD_RobotPlattform/install/mecanum_robot' for CMake module files
[5.763s] Level 1:colcon.colcon_core.environment:checking '/home/y1234/Documents/robot_ws/YSZD_RobotPlattform/install/mecanum_robot' for CMake config files
[5.764s] Level 1:colcon.colcon_core.shell:create_environment_hook('mecanum_robot', 'cmake_prefix_path')
[5.764s] INFO:colcon.colcon_core.shell:Creating environment hook '/home/y1234/Documents/robot_ws/YSZD_RobotPlattform/install/mecanum_robot/share/mecanum_robot/hook/cmake_prefix_path.ps1'
[5.766s] INFO:colcon.colcon_core.shell:Creating environment descriptor '/home/y1234/Documents/robot_ws/YSZD_RobotPlattform/install/mecanum_robot/share/mecanum_robot/hook/cmake_prefix_path.dsv'
[5.767s] INFO:colcon.colcon_core.shell:Creating environment hook '/home/y1234/Documents/robot_ws/YSZD_RobotPlattform/install/mecanum_robot/share/mecanum_robot/hook/cmake_prefix_path.sh'
[5.768s] Level 1:colcon.colcon_core.environment:checking '/home/y1234/Documents/robot_ws/YSZD_RobotPlattform/install/mecanum_robot/lib'
[5.769s] Level 1:colcon.colcon_core.environment:checking '/home/y1234/Documents/robot_ws/YSZD_RobotPlattform/install/mecanum_robot/bin'
[5.769s] Level 1:colcon.colcon_core.environment:checking '/home/y1234/Documents/robot_ws/YSZD_RobotPlattform/install/mecanum_robot/lib/pkgconfig/mecanum_robot.pc'
[5.770s] Level 1:colcon.colcon_core.environment:checking '/home/y1234/Documents/robot_ws/YSZD_RobotPlattform/install/mecanum_robot/lib/python3.10/site-packages'
[5.770s] Level 1:colcon.colcon_core.environment:checking '/home/y1234/Documents/robot_ws/YSZD_RobotPlattform/install/mecanum_robot/bin'
[5.771s] INFO:colcon.colcon_core.shell:Creating package script '/home/y1234/Documents/robot_ws/YSZD_RobotPlattform/install/mecanum_robot/share/mecanum_robot/package.ps1'
[5.773s] INFO:colcon.colcon_core.shell:Creating package descriptor '/home/y1234/Documents/robot_ws/YSZD_RobotPlattform/install/mecanum_robot/share/mecanum_robot/package.dsv'
[5.775s] INFO:colcon.colcon_core.shell:Creating package script '/home/y1234/Documents/robot_ws/YSZD_RobotPlattform/install/mecanum_robot/share/mecanum_robot/package.sh'
[5.777s] INFO:colcon.colcon_core.shell:Creating package script '/home/y1234/Documents/robot_ws/YSZD_RobotPlattform/install/mecanum_robot/share/mecanum_robot/package.bash'
[5.779s] INFO:colcon.colcon_core.shell:Creating package script '/home/y1234/Documents/robot_ws/YSZD_RobotPlattform/install/mecanum_robot/share/mecanum_robot/package.zsh'
[5.780s] Level 1:colcon.colcon_core.environment:create_file_with_runtime_dependencies(/home/y1234/Documents/robot_ws/YSZD_RobotPlattform/install/mecanum_robot/share/colcon-core/packages/mecanum_robot)
[5.782s] DEBUG:colcon.colcon_parallel_executor.executor.parallel:closing loop
[5.783s] DEBUG:colcon.colcon_parallel_executor.executor.parallel:loop closed
[5.783s] DEBUG:colcon.colcon_parallel_executor.executor.parallel:run_until_complete finished with '0'
[5.783s] DEBUG:colcon.colcon_core.event_reactor:joining thread
[5.808s] INFO:colcon.colcon_core.plugin_system:Skipping extension 'colcon_notification.desktop_notification.terminal_notifier': Not used on non-Darwin systems
[5.809s] INFO:colcon.colcon_core.plugin_system:Skipping extension 'colcon_notification.desktop_notification.win32': Not used on non-Windows systems
[5.809s] INFO:colcon.colcon_notification.desktop_notification:Sending desktop notification using 'notify2'
[6.157s] DEBUG:colcon.colcon_core.event_reactor:joined thread
[6.158s] INFO:colcon.colcon_core.shell:Creating prefix script '/home/y1234/Documents/robot_ws/YSZD_RobotPlattform/install/local_setup.ps1'
[6.163s] INFO:colcon.colcon_core.shell:Creating prefix util module '/home/y1234/Documents/robot_ws/YSZD_RobotPlattform/install/_local_setup_util_ps1.py'
[6.167s] INFO:colcon.colcon_core.shell:Creating prefix chain script '/home/y1234/Documents/robot_ws/YSZD_RobotPlattform/install/setup.ps1'
[6.171s] INFO:colcon.colcon_core.shell:Creating prefix script '/home/y1234/Documents/robot_ws/YSZD_RobotPlattform/install/local_setup.sh'
[6.174s] INFO:colcon.colcon_core.shell:Creating prefix util module '/home/y1234/Documents/robot_ws/YSZD_RobotPlattform/install/_local_setup_util_sh.py'
[6.176s] INFO:colcon.colcon_core.shell:Creating prefix chain script '/home/y1234/Documents/robot_ws/YSZD_RobotPlattform/install/setup.sh'
[6.179s] INFO:colcon.colcon_core.shell:Creating prefix script '/home/y1234/Documents/robot_ws/YSZD_RobotPlattform/install/local_setup.bash'
[6.182s] INFO:colcon.colcon_core.shell:Creating prefix chain script '/home/y1234/Documents/robot_ws/YSZD_RobotPlattform/install/setup.bash'
[6.185s] INFO:colcon.colcon_core.shell:Creating prefix script '/home/y1234/Documents/robot_ws/YSZD_RobotPlattform/install/local_setup.zsh'
[6.187s] INFO:colcon.colcon_core.shell:Creating prefix chain script '/home/y1234/Documents/robot_ws/YSZD_RobotPlattform/install/setup.zsh'
