[0.032s] Invoking command in '/home/y1234/Documents/robot_ws/YSZD_RobotPlattform/build/mecanum_robot': CMAKE_PREFIX_PATH=${CMAKE_PREFIX_PATH}:/opt/ros/humble /usr/bin/cmake --build /home/y1234/Documents/robot_ws/YSZD_RobotPlattform/build/mecanum_robot -- -j6 -l6
[0.207s] -- Found ament_cmake: 1.3.12 (/opt/ros/humble/share/ament_cmake/cmake)
[0.612s] -- Found rclpy: 3.3.17 (/opt/ros/humble/share/rclpy/cmake)
[0.613s] -- Found geometry_msgs: 4.9.0 (/opt/ros/humble/share/geometry_msgs/cmake)
[0.725s] -- Found rosidl_generator_c: 3.1.7 (/opt/ros/humble/share/rosidl_generator_c/cmake)
[0.734s] -- Found rosidl_adapter: 3.1.7 (/opt/ros/humble/share/rosidl_adapter/cmake)
[0.755s] -- Found rosidl_generator_cpp: 3.1.7 (/opt/ros/humble/share/rosidl_generator_cpp/cmake)
[0.787s] -- Using all available rosidl_typesupport_c: rosidl_typesupport_fastrtps_c;rosidl_typesupport_introspection_c
[0.820s] -- Using all available rosidl_typesupport_cpp: rosidl_typesupport_fastrtps_cpp;rosidl_typesupport_introspection_cpp
[0.916s] -- Found sensor_msgs: 4.9.0 (/opt/ros/humble/share/sensor_msgs/cmake)
[0.969s] -- Found nav_msgs: 4.9.0 (/opt/ros/humble/share/nav_msgs/cmake)
[1.011s] -- Found tf2_ros: 0.25.17 (/opt/ros/humble/share/tf2_ros/cmake)
[1.182s] -- Found rmw_implementation_cmake: 6.1.2 (/opt/ros/humble/share/rmw_implementation_cmake/cmake)
[1.188s] -- Found rmw_fastrtps_cpp: 6.2.9 (/opt/ros/humble/share/rmw_fastrtps_cpp/cmake)
[1.458s] -- Using RMW implementation 'rmw_fastrtps_cpp' as default
[1.807s] -- Found tf2_geometry_msgs: 0.25.17 (/opt/ros/humble/share/tf2_geometry_msgs/cmake)
[1.820s] -- Found eigen3_cmake_module: 0.1.1 (/opt/ros/humble/share/eigen3_cmake_module/cmake)
[1.827s] -- Ensuring Eigen3 include directory is part of orocos-kdl CMake target
[2.029s] -- Found ament_lint_auto: 0.12.14 (/opt/ros/humble/share/ament_lint_auto/cmake)
[2.268s] -- Added test 'copyright' to check source files copyright and LICENSE
[2.358s] -- Added test 'cppcheck' to perform static code analysis on C / C++ code
[2.358s] -- Configured cppcheck include dirs: 
[2.359s] -- Configured cppcheck exclude dirs and/or files: 
[2.445s] -- Added test 'cpplint' to check C / C++ code against the Google style
[2.445s] -- Configured cpplint exclude dirs and/or files: 
[2.456s] -- Added test 'flake8' to check Python code syntax and style conventions
[2.481s] -- Added test 'lint_cmake' to check CMake code style
[2.491s] -- Added test 'pep257' to check Python code against some of the docstring style conventions in PEP 257
[2.552s] -- Added test 'uncrustify' to check C / C++ code style
[2.552s] -- Configured uncrustify additional arguments: 
[2.560s] -- Added test 'xmllint' to check XML markup files
[2.564s] -- Configuring done
[2.585s] -- Generating done
[2.594s] -- Build files have been written to: /home/y1234/Documents/robot_ws/YSZD_RobotPlattform/build/mecanum_robot
[2.725s] Built target ament_cmake_python_copy_mecanum_robot
[3.511s] running egg_info
[3.515s] writing mecanum_robot.egg-info/PKG-INFO
[3.520s] writing dependency_links to mecanum_robot.egg-info/dependency_links.txt
[3.522s] writing top-level names to mecanum_robot.egg-info/top_level.txt
[3.539s] reading manifest file 'mecanum_robot.egg-info/SOURCES.txt'
[3.544s] writing manifest file 'mecanum_robot.egg-info/SOURCES.txt'
[3.679s] Built target ament_cmake_python_build_mecanum_robot_egg
[3.709s] Invoked command in '/home/y1234/Documents/robot_ws/YSZD_RobotPlattform/build/mecanum_robot' returned '0': CMAKE_PREFIX_PATH=${CMAKE_PREFIX_PATH}:/opt/ros/humble /usr/bin/cmake --build /home/y1234/Documents/robot_ws/YSZD_RobotPlattform/build/mecanum_robot -- -j6 -l6
[3.762s] Invoking command in '/home/y1234/Documents/robot_ws/YSZD_RobotPlattform/build/mecanum_robot': CMAKE_PREFIX_PATH=${CMAKE_PREFIX_PATH}:/opt/ros/humble /usr/bin/cmake --install /home/y1234/Documents/robot_ws/YSZD_RobotPlattform/build/mecanum_robot
[3.785s] -- Install configuration: ""
[3.787s] -- Up-to-date: /home/y1234/Documents/robot_ws/YSZD_RobotPlattform/install/mecanum_robot/share/mecanum_robot/environment/pythonpath.sh
[3.790s] -- Installing: /home/y1234/Documents/robot_ws/YSZD_RobotPlattform/install/mecanum_robot/share/mecanum_robot/environment/pythonpath.dsv
[3.794s] -- Up-to-date: /home/y1234/Documents/robot_ws/YSZD_RobotPlattform/install/mecanum_robot/local/lib/python3.10/dist-packages/mecanum_robot-1.0.0-py3.10.egg-info
[3.796s] -- Installing: /home/y1234/Documents/robot_ws/YSZD_RobotPlattform/install/mecanum_robot/local/lib/python3.10/dist-packages/mecanum_robot-1.0.0-py3.10.egg-info/SOURCES.txt
[3.799s] -- Installing: /home/y1234/Documents/robot_ws/YSZD_RobotPlattform/install/mecanum_robot/local/lib/python3.10/dist-packages/mecanum_robot-1.0.0-py3.10.egg-info/top_level.txt
[3.801s] -- Installing: /home/y1234/Documents/robot_ws/YSZD_RobotPlattform/install/mecanum_robot/local/lib/python3.10/dist-packages/mecanum_robot-1.0.0-py3.10.egg-info/dependency_links.txt
[3.802s] -- Installing: /home/y1234/Documents/robot_ws/YSZD_RobotPlattform/install/mecanum_robot/local/lib/python3.10/dist-packages/mecanum_robot-1.0.0-py3.10.egg-info/PKG-INFO
[3.804s] -- Up-to-date: /home/y1234/Documents/robot_ws/YSZD_RobotPlattform/install/mecanum_robot/local/lib/python3.10/dist-packages/mecanum_robot
[3.805s] -- Up-to-date: /home/y1234/Documents/robot_ws/YSZD_RobotPlattform/install/mecanum_robot/local/lib/python3.10/dist-packages/mecanum_robot/__init__.py
[3.928s] Listing '/home/y1234/Documents/robot_ws/YSZD_RobotPlattform/install/mecanum_robot/local/lib/python3.10/dist-packages/mecanum_robot'...
[3.963s] -- Up-to-date: /home/y1234/Documents/robot_ws/YSZD_RobotPlattform/install/mecanum_robot/lib/mecanum_robot/robot_node.py
[3.963s] -- Up-to-date: /home/y1234/Documents/robot_ws/YSZD_RobotPlattform/install/mecanum_robot/lib/mecanum_robot/remote_control.py
[3.964s] -- Up-to-date: /home/y1234/Documents/robot_ws/YSZD_RobotPlattform/install/mecanum_robot/lib/mecanum_robot/path_publisher.py
[3.964s] -- Up-to-date: /home/y1234/Documents/robot_ws/YSZD_RobotPlattform/install/mecanum_robot/lib/mecanum_robot/camera_node_fixed.py
[3.964s] -- Up-to-date: /home/y1234/Documents/robot_ws/YSZD_RobotPlattform/install/mecanum_robot/lib/mecanum_robot/realsense_camera_node.py
[3.964s] -- Up-to-date: /home/y1234/Documents/robot_ws/YSZD_RobotPlattform/install/mecanum_robot/lib/mecanum_robot/apriltag_detector_enhanced.py
[3.964s] -- Up-to-date: /home/y1234/Documents/robot_ws/YSZD_RobotPlattform/install/mecanum_robot/lib/mecanum_robot/apriltag_detector_opencv4.py
[3.964s] -- Up-to-date: /home/y1234/Documents/robot_ws/YSZD_RobotPlattform/install/mecanum_robot/lib/mecanum_robot/position_calculator.py
[3.965s] -- Up-to-date: /home/y1234/Documents/robot_ws/YSZD_RobotPlattform/install/mecanum_robot/lib/mecanum_robot/image_viewer.py
[3.965s] -- Up-to-date: /home/y1234/Documents/robot_ws/YSZD_RobotPlattform/install/mecanum_robot/lib/mecanum_robot/waypoint_follower.py
[3.965s] -- Up-to-date: /home/y1234/Documents/robot_ws/YSZD_RobotPlattform/install/mecanum_robot/lib/mecanum_robot/waypoint_recorder.py
[3.965s] -- Up-to-date: /home/y1234/Documents/robot_ws/YSZD_RobotPlattform/install/mecanum_robot/lib/mecanum_robot/ros2_websocket_bridge.py
[3.965s] -- Installing: /home/y1234/Documents/robot_ws/YSZD_RobotPlattform/install/mecanum_robot/lib/mecanum_robot/ultrasonic_sensor_node.py
[3.965s] -- Up-to-date: /home/y1234/Documents/robot_ws/YSZD_RobotPlattform/install/mecanum_robot/share/mecanum_robot//launch
[3.965s] -- Up-to-date: /home/y1234/Documents/robot_ws/YSZD_RobotPlattform/install/mecanum_robot/share/mecanum_robot//launch/nav2_with_obstacles.launch.py
[3.965s] -- Up-to-date: /home/y1234/Documents/robot_ws/YSZD_RobotPlattform/install/mecanum_robot/share/mecanum_robot//launch/apriltag_robot.launch.py
[3.966s] -- Up-to-date: /home/y1234/Documents/robot_ws/YSZD_RobotPlattform/install/mecanum_robot/share/mecanum_robot//launch/mecanum_robot.launch.py
[3.966s] -- Up-to-date: /home/y1234/Documents/robot_ws/YSZD_RobotPlattform/install/mecanum_robot/share/mecanum_robot//launch/simple_nav2.launch.py
[3.968s] -- Up-to-date: /home/y1234/Documents/robot_ws/YSZD_RobotPlattform/install/mecanum_robot/share/mecanum_robot//launch/mecanum_robot_clean.launch.py
[3.968s] -- Up-to-date: /home/y1234/Documents/robot_ws/YSZD_RobotPlattform/install/mecanum_robot/share/mecanum_robot//launch/__pycache__
[3.968s] -- Up-to-date: /home/y1234/Documents/robot_ws/YSZD_RobotPlattform/install/mecanum_robot/share/mecanum_robot//launch/__pycache__/mecanum_robot_clean.launch.cpython-310.pyc
[3.968s] -- Up-to-date: /home/y1234/Documents/robot_ws/YSZD_RobotPlattform/install/mecanum_robot/share/mecanum_robot//launch/__pycache__/apriltag_robot.launch.cpython-310.pyc
[3.968s] -- Up-to-date: /home/y1234/Documents/robot_ws/YSZD_RobotPlattform/install/mecanum_robot/share/mecanum_robot//launch/__pycache__/mecanum_robot.launch.cpython-310.pyc
[3.968s] -- Up-to-date: /home/y1234/Documents/robot_ws/YSZD_RobotPlattform/install/mecanum_robot/share/mecanum_robot//launch/__pycache__/apriltag_robot_fixed.launch.cpython-310.pyc
[3.969s] -- Up-to-date: /home/y1234/Documents/robot_ws/YSZD_RobotPlattform/install/mecanum_robot/share/mecanum_robot//launch/robot_state_machine.launch.py
[3.969s] -- Up-to-date: /home/y1234/Documents/robot_ws/YSZD_RobotPlattform/install/mecanum_robot/share/mecanum_robot//launch/apriltag_robot_fixed.launch.py
[3.969s] -- Up-to-date: /home/y1234/Documents/robot_ws/YSZD_RobotPlattform/install/mecanum_robot/share/mecanum_robot//urdf
[3.969s] -- Up-to-date: /home/y1234/Documents/robot_ws/YSZD_RobotPlattform/install/mecanum_robot/share/mecanum_robot//urdf/mecanum_robot.urdf
[3.969s] -- Up-to-date: /home/y1234/Documents/robot_ws/YSZD_RobotPlattform/install/mecanum_robot/share/mecanum_robot//rviz
[3.969s] -- Up-to-date: /home/y1234/Documents/robot_ws/YSZD_RobotPlattform/install/mecanum_robot/share/mecanum_robot//rviz/map_display.rviz
[3.969s] -- Up-to-date: /home/y1234/Documents/robot_ws/YSZD_RobotPlattform/install/mecanum_robot/share/mecanum_robot//rviz/mecanum_robot.rviz
[3.970s] -- Up-to-date: /home/y1234/Documents/robot_ws/YSZD_RobotPlattform/install/mecanum_robot/share/mecanum_robot//rviz/mecanum_robot_path.rviz
[3.970s] -- Up-to-date: /home/y1234/Documents/robot_ws/YSZD_RobotPlattform/install/mecanum_robot/share/mecanum_robot//rviz/simple_path.rviz
[3.970s] -- Up-to-date: /home/y1234/Documents/robot_ws/YSZD_RobotPlattform/install/mecanum_robot/share/mecanum_robot//rviz/nav2_with_obstacles.rviz
[3.970s] -- Up-to-date: /home/y1234/Documents/robot_ws/YSZD_RobotPlattform/install/mecanum_robot/share/mecanum_robot//config
[3.970s] -- Up-to-date: /home/y1234/Documents/robot_ws/YSZD_RobotPlattform/install/mecanum_robot/share/mecanum_robot//config/nav2_params.yaml
[3.970s] -- Up-to-date: /home/y1234/Documents/robot_ws/YSZD_RobotPlattform/install/mecanum_robot/share/ament_index/resource_index/package_run_dependencies/mecanum_robot
[3.970s] -- Up-to-date: /home/y1234/Documents/robot_ws/YSZD_RobotPlattform/install/mecanum_robot/share/ament_index/resource_index/parent_prefix_path/mecanum_robot
[3.971s] -- Up-to-date: /home/y1234/Documents/robot_ws/YSZD_RobotPlattform/install/mecanum_robot/share/mecanum_robot/environment/ament_prefix_path.sh
[3.971s] -- Installing: /home/y1234/Documents/robot_ws/YSZD_RobotPlattform/install/mecanum_robot/share/mecanum_robot/environment/ament_prefix_path.dsv
[3.978s] -- Up-to-date: /home/y1234/Documents/robot_ws/YSZD_RobotPlattform/install/mecanum_robot/share/mecanum_robot/environment/path.sh
[3.980s] -- Installing: /home/y1234/Documents/robot_ws/YSZD_RobotPlattform/install/mecanum_robot/share/mecanum_robot/environment/path.dsv
[3.981s] -- Up-to-date: /home/y1234/Documents/robot_ws/YSZD_RobotPlattform/install/mecanum_robot/share/mecanum_robot/local_setup.bash
[3.981s] -- Up-to-date: /home/y1234/Documents/robot_ws/YSZD_RobotPlattform/install/mecanum_robot/share/mecanum_robot/local_setup.sh
[3.983s] -- Up-to-date: /home/y1234/Documents/robot_ws/YSZD_RobotPlattform/install/mecanum_robot/share/mecanum_robot/local_setup.zsh
[3.984s] -- Installing: /home/y1234/Documents/robot_ws/YSZD_RobotPlattform/install/mecanum_robot/share/mecanum_robot/local_setup.dsv
[3.984s] -- Installing: /home/y1234/Documents/robot_ws/YSZD_RobotPlattform/install/mecanum_robot/share/mecanum_robot/package.dsv
[3.985s] -- Up-to-date: /home/y1234/Documents/robot_ws/YSZD_RobotPlattform/install/mecanum_robot/share/ament_index/resource_index/packages/mecanum_robot
[3.985s] -- Up-to-date: /home/y1234/Documents/robot_ws/YSZD_RobotPlattform/install/mecanum_robot/share/mecanum_robot/cmake/mecanum_robotConfig.cmake
[3.985s] -- Up-to-date: /home/y1234/Documents/robot_ws/YSZD_RobotPlattform/install/mecanum_robot/share/mecanum_robot/cmake/mecanum_robotConfig-version.cmake
[3.986s] -- Up-to-date: /home/y1234/Documents/robot_ws/YSZD_RobotPlattform/install/mecanum_robot/share/mecanum_robot/package.xml
[3.986s] Invoked command in '/home/y1234/Documents/robot_ws/YSZD_RobotPlattform/build/mecanum_robot' returned '0': CMAKE_PREFIX_PATH=${CMAKE_PREFIX_PATH}:/opt/ros/humble /usr/bin/cmake --install /home/y1234/Documents/robot_ws/YSZD_RobotPlattform/build/mecanum_robot
