[0.000000] (-) TimerEvent: {}
[0.000158] (mecanum_robot) JobQueued: {'identifier': 'mecanum_robot', 'dependencies': OrderedDict()}
[0.000313] (mecanum_robot) JobStarted: {'identifier': 'mecanum_robot'}
[0.007028] (mecanum_robot) JobProgress: {'identifier': 'mecanum_robot', 'progress': 'cmake'}
[0.007374] (mecanum_robot) JobProgress: {'identifier': 'mecanum_robot', 'progress': 'build'}
[0.008200] (mecanum_robot) Command: {'cmd': ['/usr/bin/cmake', '--build', '/home/bd/Documents/Robot/YSZD_RobotPlattform/build/mecanum_robot', '--', '-j16', '-l16'], 'cwd': '/home/bd/Documents/Robot/YSZD_RobotPlattform/build/mecanum_robot', 'env': OrderedDict([('LESSOPEN', '| /usr/bin/lesspipe %s'), ('VSCODE_CWD', '/home/bd'), ('VSCODE_ESM_ENTRYPOINT', 'vs/workbench/api/node/extensionHostProcess'), ('USER', 'bd'), ('LC_TIME', 'de_DE.UTF-8'), ('VSCODE_NLS_CONFIG', '{"userLocale":"en-us","osLocale":"en-us","resolvedLanguage":"en","defaultMessagesFile":"/usr/share/cursor/resources/app/out/nls.messages.json","locale":"en-us","availableLanguages":{}}'), ('CCACHE_DIR', '/home/bd/.cache/ccache/'), ('VSCODE_HANDLES_UNCAUGHT_ERRORS', 'true'), ('XDG_SESSION_TYPE', 'x11'), ('SHLVL', '0'), ('LD_LIBRARY_PATH', '/usr/local/cuda/lib64:/usr/lib/x86_64-linux-gnu/gazebo-11/plugins:/opt/ros/humble/opt/rviz_ogre_vendor/lib:/opt/ros/humble/lib/x86_64-linux-gnu:/opt/ros/humble/lib:/usr/local/cuda/lib64:'), ('HOME', '/home/bd'), ('CHROME_DESKTOP', 'cursor.desktop'), ('OLDPWD', '/home/bd/Documents/Robot/YSZD_RobotPlattform'), ('DESKTOP_SESSION', 'ubuntu-xorg'), ('VSCODE_IPC_HOOK', '/run/user/1000/vscode-f8418a3e-2.0.-main.sock'), ('GIO_LAUNCHED_DESKTOP_FILE', '/usr/share/applications/cursor-url-handler.desktop'), ('APPLICATION_INSIGHTS_NO_DIAGNOSTIC_CHANNEL', '1'), ('ROS_PYTHON_VERSION', '3'), ('GNOME_SHELL_SESSION_MODE', 'ubuntu'), ('GTK_MODULES', 'gail:atk-bridge'), ('LC_MONETARY', 'de_DE.UTF-8'), ('MANAGERPID', '2393'), ('DBUS_STARTER_BUS_TYPE', 'session'), ('SYSTEMD_EXEC_PID', '2830'), ('NO_COLOR', '1'), ('DBUS_SESSION_BUS_ADDRESS', 'unix:path=/run/user/1000/bus,guid=b4ec4c62cf0e6675b1ba66756925688c'), ('GIO_LAUNCHED_DESKTOP_FILE_PID', '12408'), ('VSCODE_CRASH_REPORTER_PROCESS_TYPE', 'extensionHost'), ('MANDATORY_PATH', '/usr/share/gconf/ubuntu-xorg.mandatory.path'), ('IM_CONFIG_PHASE', '1'), ('AIRFLOW_HOME', '/media/NAS/sd_nas_01/airflow/airflow_conf'), ('COLCON_PREFIX_PATH', '/home/bd/Documents/Robot/YSZD_RobotPlattform/install'), ('ROS_DISTRO', 'humble'), ('GTK_IM_MODULE', 'ibus'), ('LOGNAME', 'bd'), ('FORCE_COLOR', '0'), ('JOURNAL_STREAM', '8:24743'), ('_', '/usr/bin/colcon'), ('ROS_VERSION', '2'), ('XDG_SESSION_CLASS', 'user'), ('DEFAULTS_PATH', '/usr/share/gconf/ubuntu-xorg.default.path'), ('APPLICATIONINSIGHTS_CONFIGURATION_CONTENT', '{}'), ('USERNAME', 'bd'), ('TERM', 'dumb'), ('GNOME_DESKTOP_SESSION_ID', 'this-is-deprecated'), ('ROS_LOCALHOST_ONLY', '0'), ('COMPOSER_NO_INTERACTION', '1'), ('WINDOWPATH', '2'), ('PATH', '/home/bd/.local/bin:/usr/local/cuda/bin:/home/bd/Documents/airflow/airflow_env/bin:/home/bd/.local/bin:/opt/ros/humble/bin:/usr/local/cuda/bin:/home/bd/Documents/airflow/airflow_env/bin:/home/bd/.local/bin:/usr/local/sbin:/usr/local/bin:/usr/sbin:/usr/bin:/sbin:/bin:/usr/games:/usr/local/games:/snap/bin:/snap/bin'), ('SESSION_MANAGER', 'local/ld10038:@/tmp/.ICE-unix/2830,unix/ld10038:/tmp/.ICE-unix/2830'), ('INVOCATION_ID', '9be4b23627d64db8bab2453ba556b1fe'), ('XDG_MENU_PREFIX', 'gnome-'), ('LC_ADDRESS', 'de_DE.UTF-8'), ('VSCODE_PROCESS_TITLE', 'extension-host  [1-1]'), ('XDG_RUNTIME_DIR', '/run/user/1000'), ('GDK_BACKEND', 'x11'), ('CURSOR_AGENT', '1'), ('DISPLAY', ':1'), ('SWIFTLY_BIN_DIR', '/home/bd/.local/bin'), ('LANG', 'en_US.UTF-8'), ('XDG_CURRENT_DESKTOP', 'Unity'), ('LC_TELEPHONE', 'de_DE.UTF-8'), ('XMODIFIERS', '@im=ibus'), ('XDG_SESSION_DESKTOP', 'ubuntu-xorg'), ('XAUTHORITY', '/run/user/1000/gdm/Xauthority'), ('LS_COLORS', ''), ('CURSOR_TRACE_ID', 'e76ece2be9cf498d9f764b452ab87192'), ('SSH_AGENT_LAUNCHER', 'gnome-keyring'), ('SSH_AUTH_SOCK', '/run/user/1000/keyring/ssh'), ('ROS_DOMAIN_ID', '0'), ('AMENT_PREFIX_PATH', '/home/bd/Documents/Robot/YSZD_RobotPlattform/install/mecanum_robot:/opt/ros/humble'), ('SWIFTLY_HOME_DIR', '/home/bd/.local/share/swiftly'), ('ORIGINAL_XDG_CURRENT_DESKTOP', 'ubuntu:GNOME'), ('SHELL', '/bin/bash'), ('LC_NAME', 'de_DE.UTF-8'), ('VSCODE_DOTNET_INSTALL_TOOL_ORIGINAL_HOME', '/home/bd'), ('QT_ACCESSIBILITY', '1'), ('CXX', '/usr/lib/ccache/g++'), ('GDMSESSION', 'ubuntu-xorg'), ('LESSCLOSE', '/usr/bin/lesspipe %s %s'), ('LC_MEASUREMENT', 'de_DE.UTF-8'), ('GPG_AGENT_INFO', '/run/user/1000/gnupg/S.gpg-agent:0:1'), ('LC_IDENTIFICATION', 'de_DE.UTF-8'), ('QT_IM_MODULE', 'ibus'), ('PWD', '/home/bd/Documents/Robot/YSZD_RobotPlattform/build/mecanum_robot'), ('TURTLEBOT3_MODEL', 'waffle'), ('LC_ALL', 'en_US.UTF-8'), ('XDG_CONFIG_DIRS', '/etc/xdg/xdg-ubuntu-xorg:/etc/xdg'), ('VSCODE_CODE_CACHE_PATH', '/home/bd/.config/Cursor/CachedData/8e4da76ad196925accaa169efcae28c45454cce0'), ('PYLON_ROOT', '/opt/pylon'), ('DBUS_STARTER_ADDRESS', 'unix:path=/run/user/1000/bus,guid=b4ec4c62cf0e6675b1ba66756925688c'), ('XDG_DATA_DIRS', '/usr/share/ubuntu-xorg:/usr/share/gnome:/usr/local/share/:/usr/share/:/var/lib/snapd/desktop'), ('PYTHONPATH', '/home/bd/Documents/Robot/YSZD_RobotPlattform/install/mecanum_robot/lib/python3.10/site-packages:/opt/ros/humble/lib/python3.10/site-packages:/opt/ros/humble/local/lib/python3.10/dist-packages'), ('LC_NUMERIC', 'de_DE.UTF-8'), ('LC_PAPER', 'de_DE.UTF-8'), ('CC', '/usr/lib/ccache/gcc'), ('COLCON', '1'), ('GENICAM_GENTL64_PATH', ':/opt/pylon/lib/gentlproducer/gtl:/opt/pylon/lib/pylonCXP/bin/:/opt/pylon/lib/gentlproducer/gtl:/opt/pylon/lib/pylonCXP/bin/:/opt/pylon/lib/gentlproducer/gtl:/opt/pylon/lib/pylonCXP/bin/'), ('CMAKE_PREFIX_PATH', '/home/bd/Documents/Robot/YSZD_RobotPlattform/install/mecanum_robot:/opt/ros/humble'), ('VSCODE_PID', '12408')]), 'shell': False}
[0.055147] (mecanum_robot) StdoutLine: {'line': b'Built target ament_cmake_python_copy_mecanum_robot\n'}
[0.099731] (-) TimerEvent: {}
[0.199933] (-) TimerEvent: {}
[0.259218] (mecanum_robot) StdoutLine: {'line': b'running egg_info\n'}
[0.273572] (mecanum_robot) StdoutLine: {'line': b'writing mecanum_robot.egg-info/PKG-INFO\n'}
[0.273859] (mecanum_robot) StdoutLine: {'line': b'writing dependency_links to mecanum_robot.egg-info/dependency_links.txt\n'}
[0.274127] (mecanum_robot) StdoutLine: {'line': b'writing top-level names to mecanum_robot.egg-info/top_level.txt\n'}
[0.300049] (-) TimerEvent: {}
[0.362509] (mecanum_robot) StdoutLine: {'line': b"writing manifest file 'mecanum_robot.egg-info/SOURCES.txt'\n"}
[0.393903] (mecanum_robot) StdoutLine: {'line': b'Built target ament_cmake_python_build_mecanum_robot_egg\n'}
[0.400190] (-) TimerEvent: {}
[0.402638] (mecanum_robot) CommandEnded: {'returncode': 0}
[0.403403] (mecanum_robot) JobProgress: {'identifier': 'mecanum_robot', 'progress': 'install'}
[0.410712] (mecanum_robot) Command: {'cmd': ['/usr/bin/cmake', '--install', '/home/bd/Documents/Robot/YSZD_RobotPlattform/build/mecanum_robot'], 'cwd': '/home/bd/Documents/Robot/YSZD_RobotPlattform/build/mecanum_robot', 'env': OrderedDict([('LESSOPEN', '| /usr/bin/lesspipe %s'), ('VSCODE_CWD', '/home/bd'), ('VSCODE_ESM_ENTRYPOINT', 'vs/workbench/api/node/extensionHostProcess'), ('USER', 'bd'), ('LC_TIME', 'de_DE.UTF-8'), ('VSCODE_NLS_CONFIG', '{"userLocale":"en-us","osLocale":"en-us","resolvedLanguage":"en","defaultMessagesFile":"/usr/share/cursor/resources/app/out/nls.messages.json","locale":"en-us","availableLanguages":{}}'), ('CCACHE_DIR', '/home/bd/.cache/ccache/'), ('VSCODE_HANDLES_UNCAUGHT_ERRORS', 'true'), ('XDG_SESSION_TYPE', 'x11'), ('SHLVL', '0'), ('LD_LIBRARY_PATH', '/usr/local/cuda/lib64:/usr/lib/x86_64-linux-gnu/gazebo-11/plugins:/opt/ros/humble/opt/rviz_ogre_vendor/lib:/opt/ros/humble/lib/x86_64-linux-gnu:/opt/ros/humble/lib:/usr/local/cuda/lib64:'), ('HOME', '/home/bd'), ('CHROME_DESKTOP', 'cursor.desktop'), ('OLDPWD', '/home/bd/Documents/Robot/YSZD_RobotPlattform'), ('DESKTOP_SESSION', 'ubuntu-xorg'), ('VSCODE_IPC_HOOK', '/run/user/1000/vscode-f8418a3e-2.0.-main.sock'), ('GIO_LAUNCHED_DESKTOP_FILE', '/usr/share/applications/cursor-url-handler.desktop'), ('APPLICATION_INSIGHTS_NO_DIAGNOSTIC_CHANNEL', '1'), ('ROS_PYTHON_VERSION', '3'), ('GNOME_SHELL_SESSION_MODE', 'ubuntu'), ('GTK_MODULES', 'gail:atk-bridge'), ('LC_MONETARY', 'de_DE.UTF-8'), ('MANAGERPID', '2393'), ('DBUS_STARTER_BUS_TYPE', 'session'), ('SYSTEMD_EXEC_PID', '2830'), ('NO_COLOR', '1'), ('DBUS_SESSION_BUS_ADDRESS', 'unix:path=/run/user/1000/bus,guid=b4ec4c62cf0e6675b1ba66756925688c'), ('GIO_LAUNCHED_DESKTOP_FILE_PID', '12408'), ('VSCODE_CRASH_REPORTER_PROCESS_TYPE', 'extensionHost'), ('MANDATORY_PATH', '/usr/share/gconf/ubuntu-xorg.mandatory.path'), ('IM_CONFIG_PHASE', '1'), ('AIRFLOW_HOME', '/media/NAS/sd_nas_01/airflow/airflow_conf'), ('COLCON_PREFIX_PATH', '/home/bd/Documents/Robot/YSZD_RobotPlattform/install'), ('ROS_DISTRO', 'humble'), ('GTK_IM_MODULE', 'ibus'), ('LOGNAME', 'bd'), ('FORCE_COLOR', '0'), ('JOURNAL_STREAM', '8:24743'), ('_', '/usr/bin/colcon'), ('ROS_VERSION', '2'), ('XDG_SESSION_CLASS', 'user'), ('DEFAULTS_PATH', '/usr/share/gconf/ubuntu-xorg.default.path'), ('APPLICATIONINSIGHTS_CONFIGURATION_CONTENT', '{}'), ('USERNAME', 'bd'), ('TERM', 'dumb'), ('GNOME_DESKTOP_SESSION_ID', 'this-is-deprecated'), ('ROS_LOCALHOST_ONLY', '0'), ('COMPOSER_NO_INTERACTION', '1'), ('WINDOWPATH', '2'), ('PATH', '/home/bd/.local/bin:/usr/local/cuda/bin:/home/bd/Documents/airflow/airflow_env/bin:/home/bd/.local/bin:/opt/ros/humble/bin:/usr/local/cuda/bin:/home/bd/Documents/airflow/airflow_env/bin:/home/bd/.local/bin:/usr/local/sbin:/usr/local/bin:/usr/sbin:/usr/bin:/sbin:/bin:/usr/games:/usr/local/games:/snap/bin:/snap/bin'), ('SESSION_MANAGER', 'local/ld10038:@/tmp/.ICE-unix/2830,unix/ld10038:/tmp/.ICE-unix/2830'), ('INVOCATION_ID', '9be4b23627d64db8bab2453ba556b1fe'), ('XDG_MENU_PREFIX', 'gnome-'), ('LC_ADDRESS', 'de_DE.UTF-8'), ('VSCODE_PROCESS_TITLE', 'extension-host  [1-1]'), ('XDG_RUNTIME_DIR', '/run/user/1000'), ('GDK_BACKEND', 'x11'), ('CURSOR_AGENT', '1'), ('DISPLAY', ':1'), ('SWIFTLY_BIN_DIR', '/home/bd/.local/bin'), ('LANG', 'en_US.UTF-8'), ('XDG_CURRENT_DESKTOP', 'Unity'), ('LC_TELEPHONE', 'de_DE.UTF-8'), ('XMODIFIERS', '@im=ibus'), ('XDG_SESSION_DESKTOP', 'ubuntu-xorg'), ('XAUTHORITY', '/run/user/1000/gdm/Xauthority'), ('LS_COLORS', ''), ('CURSOR_TRACE_ID', 'e76ece2be9cf498d9f764b452ab87192'), ('SSH_AGENT_LAUNCHER', 'gnome-keyring'), ('SSH_AUTH_SOCK', '/run/user/1000/keyring/ssh'), ('ROS_DOMAIN_ID', '0'), ('AMENT_PREFIX_PATH', '/home/bd/Documents/Robot/YSZD_RobotPlattform/install/mecanum_robot:/opt/ros/humble'), ('SWIFTLY_HOME_DIR', '/home/bd/.local/share/swiftly'), ('ORIGINAL_XDG_CURRENT_DESKTOP', 'ubuntu:GNOME'), ('SHELL', '/bin/bash'), ('LC_NAME', 'de_DE.UTF-8'), ('VSCODE_DOTNET_INSTALL_TOOL_ORIGINAL_HOME', '/home/bd'), ('QT_ACCESSIBILITY', '1'), ('CXX', '/usr/lib/ccache/g++'), ('GDMSESSION', 'ubuntu-xorg'), ('LESSCLOSE', '/usr/bin/lesspipe %s %s'), ('LC_MEASUREMENT', 'de_DE.UTF-8'), ('GPG_AGENT_INFO', '/run/user/1000/gnupg/S.gpg-agent:0:1'), ('LC_IDENTIFICATION', 'de_DE.UTF-8'), ('QT_IM_MODULE', 'ibus'), ('PWD', '/home/bd/Documents/Robot/YSZD_RobotPlattform/build/mecanum_robot'), ('TURTLEBOT3_MODEL', 'waffle'), ('LC_ALL', 'en_US.UTF-8'), ('XDG_CONFIG_DIRS', '/etc/xdg/xdg-ubuntu-xorg:/etc/xdg'), ('VSCODE_CODE_CACHE_PATH', '/home/bd/.config/Cursor/CachedData/8e4da76ad196925accaa169efcae28c45454cce0'), ('PYLON_ROOT', '/opt/pylon'), ('DBUS_STARTER_ADDRESS', 'unix:path=/run/user/1000/bus,guid=b4ec4c62cf0e6675b1ba66756925688c'), ('XDG_DATA_DIRS', '/usr/share/ubuntu-xorg:/usr/share/gnome:/usr/local/share/:/usr/share/:/var/lib/snapd/desktop'), ('PYTHONPATH', '/home/bd/Documents/Robot/YSZD_RobotPlattform/install/mecanum_robot/lib/python3.10/site-packages:/opt/ros/humble/lib/python3.10/site-packages:/opt/ros/humble/local/lib/python3.10/dist-packages'), ('LC_NUMERIC', 'de_DE.UTF-8'), ('LC_PAPER', 'de_DE.UTF-8'), ('CC', '/usr/lib/ccache/gcc'), ('COLCON', '1'), ('GENICAM_GENTL64_PATH', ':/opt/pylon/lib/gentlproducer/gtl:/opt/pylon/lib/pylonCXP/bin/:/opt/pylon/lib/gentlproducer/gtl:/opt/pylon/lib/pylonCXP/bin/:/opt/pylon/lib/gentlproducer/gtl:/opt/pylon/lib/pylonCXP/bin/'), ('CMAKE_PREFIX_PATH', '/home/bd/Documents/Robot/YSZD_RobotPlattform/install/mecanum_robot:/opt/ros/humble'), ('VSCODE_PID', '12408')]), 'shell': False}
[0.417334] (mecanum_robot) StdoutLine: {'line': b'-- Install configuration: ""\n'}
[0.417502] (mecanum_robot) StdoutLine: {'line': b'-- Up-to-date: /home/bd/Documents/Robot/YSZD_RobotPlattform/install/mecanum_robot/share/mecanum_robot/environment/pythonpath.sh\n'}
[0.417545] (mecanum_robot) StdoutLine: {'line': b'-- Up-to-date: /home/bd/Documents/Robot/YSZD_RobotPlattform/install/mecanum_robot/share/mecanum_robot/environment/pythonpath.dsv\n'}
[0.417581] (mecanum_robot) StdoutLine: {'line': b'-- Up-to-date: /home/bd/Documents/Robot/YSZD_RobotPlattform/install/mecanum_robot/lib/python3.10/site-packages/mecanum_robot-1.0.0-py3.10.egg-info\n'}
[0.417618] (mecanum_robot) StdoutLine: {'line': b'-- Installing: /home/bd/Documents/Robot/YSZD_RobotPlattform/install/mecanum_robot/lib/python3.10/site-packages/mecanum_robot-1.0.0-py3.10.egg-info/top_level.txt\n'}
[0.417653] (mecanum_robot) StdoutLine: {'line': b'-- Installing: /home/bd/Documents/Robot/YSZD_RobotPlattform/install/mecanum_robot/lib/python3.10/site-packages/mecanum_robot-1.0.0-py3.10.egg-info/dependency_links.txt\n'}
[0.417687] (mecanum_robot) StdoutLine: {'line': b'-- Installing: /home/bd/Documents/Robot/YSZD_RobotPlattform/install/mecanum_robot/lib/python3.10/site-packages/mecanum_robot-1.0.0-py3.10.egg-info/PKG-INFO\n'}
[0.417761] (mecanum_robot) StdoutLine: {'line': b'-- Installing: /home/bd/Documents/Robot/YSZD_RobotPlattform/install/mecanum_robot/lib/python3.10/site-packages/mecanum_robot-1.0.0-py3.10.egg-info/SOURCES.txt\n'}
[0.417796] (mecanum_robot) StdoutLine: {'line': b'-- Up-to-date: /home/bd/Documents/Robot/YSZD_RobotPlattform/install/mecanum_robot/lib/python3.10/site-packages/mecanum_robot\n'}
[0.417827] (mecanum_robot) StdoutLine: {'line': b'-- Up-to-date: /home/bd/Documents/Robot/YSZD_RobotPlattform/install/mecanum_robot/lib/python3.10/site-packages/mecanum_robot/__init__.py\n'}
[0.441872] (mecanum_robot) StdoutLine: {'line': b"Listing '/home/bd/Documents/Robot/YSZD_RobotPlattform/install/mecanum_robot/lib/python3.10/site-packages/mecanum_robot'...\n"}
[0.446235] (mecanum_robot) StdoutLine: {'line': b'-- Up-to-date: /home/bd/Documents/Robot/YSZD_RobotPlattform/install/mecanum_robot/lib/mecanum_robot/robot_node.py\n'}
[0.446350] (mecanum_robot) StdoutLine: {'line': b'-- Up-to-date: /home/bd/Documents/Robot/YSZD_RobotPlattform/install/mecanum_robot/lib/mecanum_robot/remote_control.py\n'}
[0.446427] (mecanum_robot) StdoutLine: {'line': b'-- Up-to-date: /home/bd/Documents/Robot/YSZD_RobotPlattform/install/mecanum_robot/lib/mecanum_robot/path_publisher.py\n'}
[0.446490] (mecanum_robot) StdoutLine: {'line': b'-- Up-to-date: /home/bd/Documents/Robot/YSZD_RobotPlattform/install/mecanum_robot/lib/mecanum_robot/camera_node_fixed.py\n'}
[0.446554] (mecanum_robot) StdoutLine: {'line': b'-- Up-to-date: /home/bd/Documents/Robot/YSZD_RobotPlattform/install/mecanum_robot/lib/mecanum_robot/apriltag_detector_enhanced.py\n'}
[0.446621] (mecanum_robot) StdoutLine: {'line': b'-- Up-to-date: /home/bd/Documents/Robot/YSZD_RobotPlattform/install/mecanum_robot/lib/mecanum_robot/position_calculator.py\n'}
[0.446683] (mecanum_robot) StdoutLine: {'line': b'-- Up-to-date: /home/bd/Documents/Robot/YSZD_RobotPlattform/install/mecanum_robot/lib/mecanum_robot/image_viewer.py\n'}
[0.446743] (mecanum_robot) StdoutLine: {'line': b'-- Up-to-date: /home/bd/Documents/Robot/YSZD_RobotPlattform/install/mecanum_robot/lib/mecanum_robot/waypoint_follower.py\n'}
[0.446803] (mecanum_robot) StdoutLine: {'line': b'-- Up-to-date: /home/bd/Documents/Robot/YSZD_RobotPlattform/install/mecanum_robot/lib/mecanum_robot/waypoint_recorder.py\n'}
[0.446863] (mecanum_robot) StdoutLine: {'line': b'-- Up-to-date: /home/bd/Documents/Robot/YSZD_RobotPlattform/install/mecanum_robot/lib/mecanum_robot/ros2_websocket_bridge.py\n'}
[0.446922] (mecanum_robot) StdoutLine: {'line': b'-- Up-to-date: /home/bd/Documents/Robot/YSZD_RobotPlattform/install/mecanum_robot/share/mecanum_robot//launch\n'}
[0.446996] (mecanum_robot) StdoutLine: {'line': b'-- Installing: /home/bd/Documents/Robot/YSZD_RobotPlattform/install/mecanum_robot/share/mecanum_robot//launch/mecanum_robot_clean.launch.py\n'}
[0.447095] (mecanum_robot) StdoutLine: {'line': b'-- Installing: /home/bd/Documents/Robot/YSZD_RobotPlattform/install/mecanum_robot/share/mecanum_robot//launch/apriltag_robot.launch.py\n'}
[0.447238] (mecanum_robot) StdoutLine: {'line': b'-- Up-to-date: /home/bd/Documents/Robot/YSZD_RobotPlattform/install/mecanum_robot/share/mecanum_robot//launch/apriltag_robot_fixed.launch.py\n'}
[0.447344] (mecanum_robot) StdoutLine: {'line': b'-- Up-to-date: /home/bd/Documents/Robot/YSZD_RobotPlattform/install/mecanum_robot/share/mecanum_robot//launch/__pycache__\n'}
[0.447388] (mecanum_robot) StdoutLine: {'line': b'-- Up-to-date: /home/bd/Documents/Robot/YSZD_RobotPlattform/install/mecanum_robot/share/mecanum_robot//launch/__pycache__/mecanum_robot.launch.cpython-310.pyc\n'}
[0.447547] (mecanum_robot) StdoutLine: {'line': b'-- Up-to-date: /home/bd/Documents/Robot/YSZD_RobotPlattform/install/mecanum_robot/share/mecanum_robot//launch/nav2_with_obstacles.launch.py\n'}
[0.447584] (mecanum_robot) StdoutLine: {'line': b'-- Up-to-date: /home/bd/Documents/Robot/YSZD_RobotPlattform/install/mecanum_robot/share/mecanum_robot//launch/simple_nav2.launch.py\n'}
[0.447794] (mecanum_robot) StdoutLine: {'line': b'-- Up-to-date: /home/bd/Documents/Robot/YSZD_RobotPlattform/install/mecanum_robot/share/mecanum_robot//launch/robot_state_machine.launch.py\n'}
[0.447829] (mecanum_robot) StdoutLine: {'line': b'-- Up-to-date: /home/bd/Documents/Robot/YSZD_RobotPlattform/install/mecanum_robot/share/mecanum_robot//launch/mecanum_robot.launch.py\n'}
[0.447990] (mecanum_robot) StdoutLine: {'line': b'-- Up-to-date: /home/bd/Documents/Robot/YSZD_RobotPlattform/install/mecanum_robot/share/mecanum_robot//urdf\n'}
[0.448026] (mecanum_robot) StdoutLine: {'line': b'-- Up-to-date: /home/bd/Documents/Robot/YSZD_RobotPlattform/install/mecanum_robot/share/mecanum_robot//urdf/mecanum_robot.urdf\n'}
[0.448059] (mecanum_robot) StdoutLine: {'line': b'-- Up-to-date: /home/bd/Documents/Robot/YSZD_RobotPlattform/install/mecanum_robot/share/mecanum_robot//rviz\n'}
[0.448093] (mecanum_robot) StdoutLine: {'line': b'-- Up-to-date: /home/bd/Documents/Robot/YSZD_RobotPlattform/install/mecanum_robot/share/mecanum_robot//rviz/mecanum_robot.rviz\n'}
[0.448126] (mecanum_robot) StdoutLine: {'line': b'-- Up-to-date: /home/bd/Documents/Robot/YSZD_RobotPlattform/install/mecanum_robot/share/mecanum_robot//rviz/nav2_with_obstacles.rviz\n'}
[0.448159] (mecanum_robot) StdoutLine: {'line': b'-- Up-to-date: /home/bd/Documents/Robot/YSZD_RobotPlattform/install/mecanum_robot/share/mecanum_robot//rviz/mecanum_robot_path.rviz\n'}
[0.448192] (mecanum_robot) StdoutLine: {'line': b'-- Up-to-date: /home/bd/Documents/Robot/YSZD_RobotPlattform/install/mecanum_robot/share/mecanum_robot//rviz/map_display.rviz\n'}
[0.448225] (mecanum_robot) StdoutLine: {'line': b'-- Up-to-date: /home/bd/Documents/Robot/YSZD_RobotPlattform/install/mecanum_robot/share/mecanum_robot//rviz/simple_path.rviz\n'}
[0.448258] (mecanum_robot) StdoutLine: {'line': b'-- Up-to-date: /home/bd/Documents/Robot/YSZD_RobotPlattform/install/mecanum_robot/share/mecanum_robot//config\n'}
[0.448292] (mecanum_robot) StdoutLine: {'line': b'-- Up-to-date: /home/bd/Documents/Robot/YSZD_RobotPlattform/install/mecanum_robot/share/mecanum_robot//config/nav2_params.yaml\n'}
[0.448326] (mecanum_robot) StdoutLine: {'line': b'-- Up-to-date: /home/bd/Documents/Robot/YSZD_RobotPlattform/install/mecanum_robot/share/ament_index/resource_index/package_run_dependencies/mecanum_robot\n'}
[0.448361] (mecanum_robot) StdoutLine: {'line': b'-- Up-to-date: /home/bd/Documents/Robot/YSZD_RobotPlattform/install/mecanum_robot/share/ament_index/resource_index/parent_prefix_path/mecanum_robot\n'}
[0.448440] (mecanum_robot) StdoutLine: {'line': b'-- Up-to-date: /home/bd/Documents/Robot/YSZD_RobotPlattform/install/mecanum_robot/share/mecanum_robot/environment/ament_prefix_path.sh\n'}
[0.448548] (mecanum_robot) StdoutLine: {'line': b'-- Up-to-date: /home/bd/Documents/Robot/YSZD_RobotPlattform/install/mecanum_robot/share/mecanum_robot/environment/ament_prefix_path.dsv\n'}
[0.448585] (mecanum_robot) StdoutLine: {'line': b'-- Up-to-date: /home/bd/Documents/Robot/YSZD_RobotPlattform/install/mecanum_robot/share/mecanum_robot/environment/path.sh\n'}
[0.448622] (mecanum_robot) StdoutLine: {'line': b'-- Up-to-date: /home/bd/Documents/Robot/YSZD_RobotPlattform/install/mecanum_robot/share/mecanum_robot/environment/path.dsv\n'}
[0.448658] (mecanum_robot) StdoutLine: {'line': b'-- Up-to-date: /home/bd/Documents/Robot/YSZD_RobotPlattform/install/mecanum_robot/share/mecanum_robot/local_setup.bash\n'}
[0.448694] (mecanum_robot) StdoutLine: {'line': b'-- Up-to-date: /home/bd/Documents/Robot/YSZD_RobotPlattform/install/mecanum_robot/share/mecanum_robot/local_setup.sh\n'}
[0.448732] (mecanum_robot) StdoutLine: {'line': b'-- Up-to-date: /home/bd/Documents/Robot/YSZD_RobotPlattform/install/mecanum_robot/share/mecanum_robot/local_setup.zsh\n'}
[0.448769] (mecanum_robot) StdoutLine: {'line': b'-- Up-to-date: /home/bd/Documents/Robot/YSZD_RobotPlattform/install/mecanum_robot/share/mecanum_robot/local_setup.dsv\n'}
[0.448804] (mecanum_robot) StdoutLine: {'line': b'-- Installing: /home/bd/Documents/Robot/YSZD_RobotPlattform/install/mecanum_robot/share/mecanum_robot/package.dsv\n'}
[0.448860] (mecanum_robot) StdoutLine: {'line': b'-- Up-to-date: /home/bd/Documents/Robot/YSZD_RobotPlattform/install/mecanum_robot/share/ament_index/resource_index/packages/mecanum_robot\n'}
[0.448909] (mecanum_robot) StdoutLine: {'line': b'-- Up-to-date: /home/bd/Documents/Robot/YSZD_RobotPlattform/install/mecanum_robot/share/mecanum_robot/cmake/mecanum_robotConfig.cmake\n'}
[0.448962] (mecanum_robot) StdoutLine: {'line': b'-- Up-to-date: /home/bd/Documents/Robot/YSZD_RobotPlattform/install/mecanum_robot/share/mecanum_robot/cmake/mecanum_robotConfig-version.cmake\n'}
[0.449002] (mecanum_robot) StdoutLine: {'line': b'-- Up-to-date: /home/bd/Documents/Robot/YSZD_RobotPlattform/install/mecanum_robot/share/mecanum_robot/package.xml\n'}
[0.449042] (mecanum_robot) CommandEnded: {'returncode': 0}
[0.461349] (mecanum_robot) JobEnded: {'identifier': 'mecanum_robot', 'rc': 0}
[0.461698] (-) EventReactorShutdown: {}
