[0.000000] (-) TimerEvent: {}
[0.000076] (mecanum_robot) JobQueued: {'identifier': 'mecanum_robot', 'dependencies': OrderedDict()}
[0.000473] (mecanum_robot) JobStarted: {'identifier': 'mecanum_robot'}
[0.007837] (mecanum_robot) JobProgress: {'identifier': 'mecanum_robot', 'progress': 'cmake'}
[0.008283] (mecanum_robot) JobProgress: {'identifier': 'mecanum_robot', 'progress': 'build'}
[0.008849] (mecanum_robot) Command: {'cmd': ['/usr/bin/cmake', '--build', '/home/bd/Documents/Robot/YSZD_RobotPlattform/build/mecanum_robot', '--', '-j16', '-l16'], 'cwd': '/home/bd/Documents/Robot/YSZD_RobotPlattform/build/mecanum_robot', 'env': OrderedDict([('LESSOPEN', '| /usr/bin/lesspipe %s'), ('VSCODE_CWD', '/home/bd'), ('VSCODE_ESM_ENTRYPOINT', 'vs/workbench/api/node/extensionHostProcess'), ('USER', 'bd'), ('LC_TIME', 'de_DE.UTF-8'), ('VSCODE_NLS_CONFIG', '{"userLocale":"en-us","osLocale":"en-us","resolvedLanguage":"en","defaultMessagesFile":"/usr/share/cursor/resources/app/out/nls.messages.json","locale":"en-us","availableLanguages":{}}'), ('CCACHE_DIR', '/home/bd/.cache/ccache/'), ('VSCODE_HANDLES_UNCAUGHT_ERRORS', 'true'), ('XDG_SESSION_TYPE', 'x11'), ('SHLVL', '1'), ('LD_LIBRARY_PATH', '/usr/local/cuda/lib64:/usr/lib/x86_64-linux-gnu/gazebo-11/plugins:/opt/ros/humble/opt/rviz_ogre_vendor/lib:/opt/ros/humble/lib/x86_64-linux-gnu:/opt/ros/humble/lib:/usr/local/cuda/lib64:'), ('HOME', '/home/bd'), ('CHROME_DESKTOP', 'cursor.desktop'), ('OLDPWD', '/home/bd/Documents/Robot/YSZD_RobotPlattform'), ('DESKTOP_SESSION', 'ubuntu-xorg'), ('VSCODE_IPC_HOOK', '/run/user/1000/vscode-f8418a3e-2.0.-main.sock'), ('GIO_LAUNCHED_DESKTOP_FILE', '/usr/share/applications/cursor-url-handler.desktop'), ('APPLICATION_INSIGHTS_NO_DIAGNOSTIC_CHANNEL', '1'), ('ROS_PYTHON_VERSION', '3'), ('GNOME_SHELL_SESSION_MODE', 'ubuntu'), ('GTK_MODULES', 'gail:atk-bridge'), ('LC_MONETARY', 'de_DE.UTF-8'), ('MANAGERPID', '2393'), ('DBUS_STARTER_BUS_TYPE', 'session'), ('SYSTEMD_EXEC_PID', '2830'), ('NO_COLOR', '1'), ('DBUS_SESSION_BUS_ADDRESS', 'unix:path=/run/user/1000/bus,guid=b4ec4c62cf0e6675b1ba66756925688c'), ('GIO_LAUNCHED_DESKTOP_FILE_PID', '12408'), ('VSCODE_CRASH_REPORTER_PROCESS_TYPE', 'extensionHost'), ('MANDATORY_PATH', '/usr/share/gconf/ubuntu-xorg.mandatory.path'), ('IM_CONFIG_PHASE', '1'), ('AIRFLOW_HOME', '/media/NAS/sd_nas_01/airflow/airflow_conf'), ('ROS_DISTRO', 'humble'), ('GTK_IM_MODULE', 'ibus'), ('LOGNAME', 'bd'), ('FORCE_COLOR', '0'), ('JOURNAL_STREAM', '8:24743'), ('_', '/usr/bin/colcon'), ('ROS_VERSION', '2'), ('XDG_SESSION_CLASS', 'user'), ('DEFAULTS_PATH', '/usr/share/gconf/ubuntu-xorg.default.path'), ('APPLICATIONINSIGHTS_CONFIGURATION_CONTENT', '{}'), ('USERNAME', 'bd'), ('TERM', 'dumb'), ('GNOME_DESKTOP_SESSION_ID', 'this-is-deprecated'), ('ROS_LOCALHOST_ONLY', '0'), ('COMPOSER_NO_INTERACTION', '1'), ('WINDOWPATH', '2'), ('PATH', '/home/bd/.local/bin:/usr/local/cuda/bin:/home/bd/Documents/airflow/airflow_env/bin:/home/bd/.local/bin:/opt/ros/humble/bin:/usr/local/cuda/bin:/home/bd/Documents/airflow/airflow_env/bin:/home/bd/.local/bin:/usr/local/sbin:/usr/local/bin:/usr/sbin:/usr/bin:/sbin:/bin:/usr/games:/usr/local/games:/snap/bin:/snap/bin'), ('SESSION_MANAGER', 'local/ld10038:@/tmp/.ICE-unix/2830,unix/ld10038:/tmp/.ICE-unix/2830'), ('INVOCATION_ID', '9be4b23627d64db8bab2453ba556b1fe'), ('XDG_MENU_PREFIX', 'gnome-'), ('LC_ADDRESS', 'de_DE.UTF-8'), ('VSCODE_PROCESS_TITLE', 'extension-host  [1-1]'), ('XDG_RUNTIME_DIR', '/run/user/1000'), ('GDK_BACKEND', 'x11'), ('CURSOR_AGENT', '1'), ('DISPLAY', ':1'), ('SWIFTLY_BIN_DIR', '/home/bd/.local/bin'), ('LANG', 'en_US.UTF-8'), ('XDG_CURRENT_DESKTOP', 'Unity'), ('LC_TELEPHONE', 'de_DE.UTF-8'), ('XMODIFIERS', '@im=ibus'), ('XDG_SESSION_DESKTOP', 'ubuntu-xorg'), ('XAUTHORITY', '/run/user/1000/gdm/Xauthority'), ('LS_COLORS', ''), ('CURSOR_TRACE_ID', 'e76ece2be9cf498d9f764b452ab87192'), ('SSH_AGENT_LAUNCHER', 'gnome-keyring'), ('SSH_AUTH_SOCK', '/run/user/1000/keyring/ssh'), ('ROS_DOMAIN_ID', '0'), ('AMENT_PREFIX_PATH', '/opt/ros/humble'), ('SWIFTLY_HOME_DIR', '/home/bd/.local/share/swiftly'), ('ORIGINAL_XDG_CURRENT_DESKTOP', 'ubuntu:GNOME'), ('SHELL', '/bin/bash'), ('LC_NAME', 'de_DE.UTF-8'), ('VSCODE_DOTNET_INSTALL_TOOL_ORIGINAL_HOME', '/home/bd'), ('QT_ACCESSIBILITY', '1'), ('CXX', '/usr/lib/ccache/g++'), ('GDMSESSION', 'ubuntu-xorg'), ('LESSCLOSE', '/usr/bin/lesspipe %s %s'), ('LC_MEASUREMENT', 'de_DE.UTF-8'), ('GPG_AGENT_INFO', '/run/user/1000/gnupg/S.gpg-agent:0:1'), ('LC_IDENTIFICATION', 'de_DE.UTF-8'), ('QT_IM_MODULE', 'ibus'), ('PWD', '/home/bd/Documents/Robot/YSZD_RobotPlattform/build/mecanum_robot'), ('TURTLEBOT3_MODEL', 'waffle'), ('LC_ALL', 'en_US.UTF-8'), ('XDG_CONFIG_DIRS', '/etc/xdg/xdg-ubuntu-xorg:/etc/xdg'), ('VSCODE_CODE_CACHE_PATH', '/home/bd/.config/Cursor/CachedData/8e4da76ad196925accaa169efcae28c45454cce0'), ('PYLON_ROOT', '/opt/pylon'), ('DBUS_STARTER_ADDRESS', 'unix:path=/run/user/1000/bus,guid=b4ec4c62cf0e6675b1ba66756925688c'), ('XDG_DATA_DIRS', '/usr/share/ubuntu-xorg:/usr/share/gnome:/usr/local/share/:/usr/share/:/var/lib/snapd/desktop'), ('PYTHONPATH', '/opt/ros/humble/lib/python3.10/site-packages:/opt/ros/humble/local/lib/python3.10/dist-packages'), ('LC_NUMERIC', 'de_DE.UTF-8'), ('LC_PAPER', 'de_DE.UTF-8'), ('CC', '/usr/lib/ccache/gcc'), ('COLCON', '1'), ('GENICAM_GENTL64_PATH', ':/opt/pylon/lib/gentlproducer/gtl:/opt/pylon/lib/pylonCXP/bin/:/opt/pylon/lib/gentlproducer/gtl:/opt/pylon/lib/pylonCXP/bin/:/opt/pylon/lib/gentlproducer/gtl:/opt/pylon/lib/pylonCXP/bin/'), ('VSCODE_PID', '12408'), ('CMAKE_PREFIX_PATH', '/opt/ros/humble')]), 'shell': False}
[0.070210] (mecanum_robot) StdoutLine: {'line': b'Built target ament_cmake_python_copy_mecanum_robot\n'}
[0.099637] (-) TimerEvent: {}
[0.199861] (-) TimerEvent: {}
[0.300070] (-) TimerEvent: {}
[0.305146] (mecanum_robot) StdoutLine: {'line': b'running egg_info\n'}
[0.320763] (mecanum_robot) StdoutLine: {'line': b'writing mecanum_robot.egg-info/PKG-INFO\n'}
[0.321166] (mecanum_robot) StdoutLine: {'line': b'writing dependency_links to mecanum_robot.egg-info/dependency_links.txt\n'}
[0.321495] (mecanum_robot) StdoutLine: {'line': b'writing top-level names to mecanum_robot.egg-info/top_level.txt\n'}
[0.400227] (-) TimerEvent: {}
[0.432457] (mecanum_robot) StdoutLine: {'line': b"writing manifest file 'mecanum_robot.egg-info/SOURCES.txt'\n"}
[0.479201] (mecanum_robot) StdoutLine: {'line': b'Built target ament_cmake_python_build_mecanum_robot_egg\n'}
[0.489809] (mecanum_robot) CommandEnded: {'returncode': 0}
[0.490516] (mecanum_robot) JobProgress: {'identifier': 'mecanum_robot', 'progress': 'install'}
[0.499742] (mecanum_robot) Command: {'cmd': ['/usr/bin/cmake', '--install', '/home/bd/Documents/Robot/YSZD_RobotPlattform/build/mecanum_robot'], 'cwd': '/home/bd/Documents/Robot/YSZD_RobotPlattform/build/mecanum_robot', 'env': OrderedDict([('LESSOPEN', '| /usr/bin/lesspipe %s'), ('VSCODE_CWD', '/home/bd'), ('VSCODE_ESM_ENTRYPOINT', 'vs/workbench/api/node/extensionHostProcess'), ('USER', 'bd'), ('LC_TIME', 'de_DE.UTF-8'), ('VSCODE_NLS_CONFIG', '{"userLocale":"en-us","osLocale":"en-us","resolvedLanguage":"en","defaultMessagesFile":"/usr/share/cursor/resources/app/out/nls.messages.json","locale":"en-us","availableLanguages":{}}'), ('CCACHE_DIR', '/home/bd/.cache/ccache/'), ('VSCODE_HANDLES_UNCAUGHT_ERRORS', 'true'), ('XDG_SESSION_TYPE', 'x11'), ('SHLVL', '1'), ('LD_LIBRARY_PATH', '/usr/local/cuda/lib64:/usr/lib/x86_64-linux-gnu/gazebo-11/plugins:/opt/ros/humble/opt/rviz_ogre_vendor/lib:/opt/ros/humble/lib/x86_64-linux-gnu:/opt/ros/humble/lib:/usr/local/cuda/lib64:'), ('HOME', '/home/bd'), ('CHROME_DESKTOP', 'cursor.desktop'), ('OLDPWD', '/home/bd/Documents/Robot/YSZD_RobotPlattform'), ('DESKTOP_SESSION', 'ubuntu-xorg'), ('VSCODE_IPC_HOOK', '/run/user/1000/vscode-f8418a3e-2.0.-main.sock'), ('GIO_LAUNCHED_DESKTOP_FILE', '/usr/share/applications/cursor-url-handler.desktop'), ('APPLICATION_INSIGHTS_NO_DIAGNOSTIC_CHANNEL', '1'), ('ROS_PYTHON_VERSION', '3'), ('GNOME_SHELL_SESSION_MODE', 'ubuntu'), ('GTK_MODULES', 'gail:atk-bridge'), ('LC_MONETARY', 'de_DE.UTF-8'), ('MANAGERPID', '2393'), ('DBUS_STARTER_BUS_TYPE', 'session'), ('SYSTEMD_EXEC_PID', '2830'), ('NO_COLOR', '1'), ('DBUS_SESSION_BUS_ADDRESS', 'unix:path=/run/user/1000/bus,guid=b4ec4c62cf0e6675b1ba66756925688c'), ('GIO_LAUNCHED_DESKTOP_FILE_PID', '12408'), ('VSCODE_CRASH_REPORTER_PROCESS_TYPE', 'extensionHost'), ('MANDATORY_PATH', '/usr/share/gconf/ubuntu-xorg.mandatory.path'), ('IM_CONFIG_PHASE', '1'), ('AIRFLOW_HOME', '/media/NAS/sd_nas_01/airflow/airflow_conf'), ('ROS_DISTRO', 'humble'), ('GTK_IM_MODULE', 'ibus'), ('LOGNAME', 'bd'), ('FORCE_COLOR', '0'), ('JOURNAL_STREAM', '8:24743'), ('_', '/usr/bin/colcon'), ('ROS_VERSION', '2'), ('XDG_SESSION_CLASS', 'user'), ('DEFAULTS_PATH', '/usr/share/gconf/ubuntu-xorg.default.path'), ('APPLICATIONINSIGHTS_CONFIGURATION_CONTENT', '{}'), ('USERNAME', 'bd'), ('TERM', 'dumb'), ('GNOME_DESKTOP_SESSION_ID', 'this-is-deprecated'), ('ROS_LOCALHOST_ONLY', '0'), ('COMPOSER_NO_INTERACTION', '1'), ('WINDOWPATH', '2'), ('PATH', '/home/bd/.local/bin:/usr/local/cuda/bin:/home/bd/Documents/airflow/airflow_env/bin:/home/bd/.local/bin:/opt/ros/humble/bin:/usr/local/cuda/bin:/home/bd/Documents/airflow/airflow_env/bin:/home/bd/.local/bin:/usr/local/sbin:/usr/local/bin:/usr/sbin:/usr/bin:/sbin:/bin:/usr/games:/usr/local/games:/snap/bin:/snap/bin'), ('SESSION_MANAGER', 'local/ld10038:@/tmp/.ICE-unix/2830,unix/ld10038:/tmp/.ICE-unix/2830'), ('INVOCATION_ID', '9be4b23627d64db8bab2453ba556b1fe'), ('XDG_MENU_PREFIX', 'gnome-'), ('LC_ADDRESS', 'de_DE.UTF-8'), ('VSCODE_PROCESS_TITLE', 'extension-host  [1-1]'), ('XDG_RUNTIME_DIR', '/run/user/1000'), ('GDK_BACKEND', 'x11'), ('CURSOR_AGENT', '1'), ('DISPLAY', ':1'), ('SWIFTLY_BIN_DIR', '/home/bd/.local/bin'), ('LANG', 'en_US.UTF-8'), ('XDG_CURRENT_DESKTOP', 'Unity'), ('LC_TELEPHONE', 'de_DE.UTF-8'), ('XMODIFIERS', '@im=ibus'), ('XDG_SESSION_DESKTOP', 'ubuntu-xorg'), ('XAUTHORITY', '/run/user/1000/gdm/Xauthority'), ('LS_COLORS', ''), ('CURSOR_TRACE_ID', 'e76ece2be9cf498d9f764b452ab87192'), ('SSH_AGENT_LAUNCHER', 'gnome-keyring'), ('SSH_AUTH_SOCK', '/run/user/1000/keyring/ssh'), ('ROS_DOMAIN_ID', '0'), ('AMENT_PREFIX_PATH', '/opt/ros/humble'), ('SWIFTLY_HOME_DIR', '/home/bd/.local/share/swiftly'), ('ORIGINAL_XDG_CURRENT_DESKTOP', 'ubuntu:GNOME'), ('SHELL', '/bin/bash'), ('LC_NAME', 'de_DE.UTF-8'), ('VSCODE_DOTNET_INSTALL_TOOL_ORIGINAL_HOME', '/home/bd'), ('QT_ACCESSIBILITY', '1'), ('CXX', '/usr/lib/ccache/g++'), ('GDMSESSION', 'ubuntu-xorg'), ('LESSCLOSE', '/usr/bin/lesspipe %s %s'), ('LC_MEASUREMENT', 'de_DE.UTF-8'), ('GPG_AGENT_INFO', '/run/user/1000/gnupg/S.gpg-agent:0:1'), ('LC_IDENTIFICATION', 'de_DE.UTF-8'), ('QT_IM_MODULE', 'ibus'), ('PWD', '/home/bd/Documents/Robot/YSZD_RobotPlattform/build/mecanum_robot'), ('TURTLEBOT3_MODEL', 'waffle'), ('LC_ALL', 'en_US.UTF-8'), ('XDG_CONFIG_DIRS', '/etc/xdg/xdg-ubuntu-xorg:/etc/xdg'), ('VSCODE_CODE_CACHE_PATH', '/home/bd/.config/Cursor/CachedData/8e4da76ad196925accaa169efcae28c45454cce0'), ('PYLON_ROOT', '/opt/pylon'), ('DBUS_STARTER_ADDRESS', 'unix:path=/run/user/1000/bus,guid=b4ec4c62cf0e6675b1ba66756925688c'), ('XDG_DATA_DIRS', '/usr/share/ubuntu-xorg:/usr/share/gnome:/usr/local/share/:/usr/share/:/var/lib/snapd/desktop'), ('PYTHONPATH', '/opt/ros/humble/lib/python3.10/site-packages:/opt/ros/humble/local/lib/python3.10/dist-packages'), ('LC_NUMERIC', 'de_DE.UTF-8'), ('LC_PAPER', 'de_DE.UTF-8'), ('CC', '/usr/lib/ccache/gcc'), ('COLCON', '1'), ('GENICAM_GENTL64_PATH', ':/opt/pylon/lib/gentlproducer/gtl:/opt/pylon/lib/pylonCXP/bin/:/opt/pylon/lib/gentlproducer/gtl:/opt/pylon/lib/pylonCXP/bin/:/opt/pylon/lib/gentlproducer/gtl:/opt/pylon/lib/pylonCXP/bin/'), ('VSCODE_PID', '12408'), ('CMAKE_PREFIX_PATH', '/opt/ros/humble')]), 'shell': False}
[0.500822] (-) TimerEvent: {}
[0.507441] (mecanum_robot) StdoutLine: {'line': b'-- Install configuration: ""\n'}
[0.507796] (mecanum_robot) StdoutLine: {'line': b'-- Up-to-date: /home/bd/Documents/Robot/YSZD_RobotPlattform/install/mecanum_robot/share/mecanum_robot/environment/pythonpath.sh\n'}
[0.507864] (mecanum_robot) StdoutLine: {'line': b'-- Up-to-date: /home/bd/Documents/Robot/YSZD_RobotPlattform/install/mecanum_robot/share/mecanum_robot/environment/pythonpath.dsv\n'}
[0.507909] (mecanum_robot) StdoutLine: {'line': b'-- Up-to-date: /home/bd/Documents/Robot/YSZD_RobotPlattform/install/mecanum_robot/lib/python3.10/site-packages/mecanum_robot-1.0.0-py3.10.egg-info\n'}
[0.507959] (mecanum_robot) StdoutLine: {'line': b'-- Installing: /home/bd/Documents/Robot/YSZD_RobotPlattform/install/mecanum_robot/lib/python3.10/site-packages/mecanum_robot-1.0.0-py3.10.egg-info/top_level.txt\n'}
[0.508000] (mecanum_robot) StdoutLine: {'line': b'-- Installing: /home/bd/Documents/Robot/YSZD_RobotPlattform/install/mecanum_robot/lib/python3.10/site-packages/mecanum_robot-1.0.0-py3.10.egg-info/dependency_links.txt\n'}
[0.508042] (mecanum_robot) StdoutLine: {'line': b'-- Installing: /home/bd/Documents/Robot/YSZD_RobotPlattform/install/mecanum_robot/lib/python3.10/site-packages/mecanum_robot-1.0.0-py3.10.egg-info/PKG-INFO\n'}
[0.508081] (mecanum_robot) StdoutLine: {'line': b'-- Installing: /home/bd/Documents/Robot/YSZD_RobotPlattform/install/mecanum_robot/lib/python3.10/site-packages/mecanum_robot-1.0.0-py3.10.egg-info/SOURCES.txt\n'}
[0.508121] (mecanum_robot) StdoutLine: {'line': b'-- Up-to-date: /home/bd/Documents/Robot/YSZD_RobotPlattform/install/mecanum_robot/lib/python3.10/site-packages/mecanum_robot\n'}
[0.508161] (mecanum_robot) StdoutLine: {'line': b'-- Up-to-date: /home/bd/Documents/Robot/YSZD_RobotPlattform/install/mecanum_robot/lib/python3.10/site-packages/mecanum_robot/__init__.py\n'}
[0.534546] (mecanum_robot) StdoutLine: {'line': b"Listing '/home/bd/Documents/Robot/YSZD_RobotPlattform/install/mecanum_robot/lib/python3.10/site-packages/mecanum_robot'...\n"}
[0.540727] (mecanum_robot) StdoutLine: {'line': b'-- Installing: /home/bd/Documents/Robot/YSZD_RobotPlattform/install/mecanum_robot/lib/mecanum_robot/robot_node.py\n'}
[0.540993] (mecanum_robot) StdoutLine: {'line': b'-- Up-to-date: /home/bd/Documents/Robot/YSZD_RobotPlattform/install/mecanum_robot/lib/mecanum_robot/remote_control.py\n'}
[0.541099] (mecanum_robot) StdoutLine: {'line': b'-- Up-to-date: /home/bd/Documents/Robot/YSZD_RobotPlattform/install/mecanum_robot/lib/mecanum_robot/path_publisher.py\n'}
[0.541206] (mecanum_robot) StdoutLine: {'line': b'-- Up-to-date: /home/bd/Documents/Robot/YSZD_RobotPlattform/install/mecanum_robot/lib/mecanum_robot/camera_node_fixed.py\n'}
[0.541307] (mecanum_robot) StdoutLine: {'line': b'-- Up-to-date: /home/bd/Documents/Robot/YSZD_RobotPlattform/install/mecanum_robot/lib/mecanum_robot/apriltag_detector_enhanced.py\n'}
[0.541395] (mecanum_robot) StdoutLine: {'line': b'-- Up-to-date: /home/bd/Documents/Robot/YSZD_RobotPlattform/install/mecanum_robot/lib/mecanum_robot/apriltag_detector_opencv4.py\n'}
[0.541478] (mecanum_robot) StdoutLine: {'line': b'-- Up-to-date: /home/bd/Documents/Robot/YSZD_RobotPlattform/install/mecanum_robot/lib/mecanum_robot/position_calculator.py\n'}
[0.541565] (mecanum_robot) StdoutLine: {'line': b'-- Up-to-date: /home/bd/Documents/Robot/YSZD_RobotPlattform/install/mecanum_robot/lib/mecanum_robot/image_viewer.py\n'}
[0.541650] (mecanum_robot) StdoutLine: {'line': b'-- Up-to-date: /home/bd/Documents/Robot/YSZD_RobotPlattform/install/mecanum_robot/lib/mecanum_robot/waypoint_follower.py\n'}
[0.541762] (mecanum_robot) StdoutLine: {'line': b'-- Up-to-date: /home/bd/Documents/Robot/YSZD_RobotPlattform/install/mecanum_robot/lib/mecanum_robot/waypoint_recorder.py\n'}
[0.541868] (mecanum_robot) StdoutLine: {'line': b'-- Up-to-date: /home/bd/Documents/Robot/YSZD_RobotPlattform/install/mecanum_robot/lib/mecanum_robot/ros2_websocket_bridge.py\n'}
[0.541987] (mecanum_robot) StdoutLine: {'line': b'-- Up-to-date: /home/bd/Documents/Robot/YSZD_RobotPlattform/install/mecanum_robot/share/mecanum_robot//launch\n'}
[0.542352] (mecanum_robot) StdoutLine: {'line': b'-- Up-to-date: /home/bd/Documents/Robot/YSZD_RobotPlattform/install/mecanum_robot/share/mecanum_robot//launch/mecanum_robot_clean.launch.py\n'}
[0.542610] (mecanum_robot) StdoutLine: {'line': b'-- Up-to-date: /home/bd/Documents/Robot/YSZD_RobotPlattform/install/mecanum_robot/share/mecanum_robot//launch/apriltag_robot.launch.py\n'}
[0.542801] (mecanum_robot) StdoutLine: {'line': b'-- Up-to-date: /home/bd/Documents/Robot/YSZD_RobotPlattform/install/mecanum_robot/share/mecanum_robot//launch/apriltag_robot_fixed.launch.py\n'}
[0.544030] (mecanum_robot) StdoutLine: {'line': b'-- Up-to-date: /home/bd/Documents/Robot/YSZD_RobotPlattform/install/mecanum_robot/share/mecanum_robot//launch/__pycache__\n'}
[0.544203] (mecanum_robot) StdoutLine: {'line': b'-- Installing: /home/bd/Documents/Robot/YSZD_RobotPlattform/install/mecanum_robot/share/mecanum_robot//launch/__pycache__/apriltag_robot_fixed.launch.cpython-310.pyc\n'}
[0.544314] (mecanum_robot) StdoutLine: {'line': b'-- Up-to-date: /home/bd/Documents/Robot/YSZD_RobotPlattform/install/mecanum_robot/share/mecanum_robot//launch/__pycache__/mecanum_robot.launch.cpython-310.pyc\n'}
[0.544629] (mecanum_robot) StdoutLine: {'line': b'-- Up-to-date: /home/bd/Documents/Robot/YSZD_RobotPlattform/install/mecanum_robot/share/mecanum_robot//launch/__pycache__/mecanum_robot_clean.launch.cpython-310.pyc\n'}
[0.544735] (mecanum_robot) StdoutLine: {'line': b'-- Up-to-date: /home/bd/Documents/Robot/YSZD_RobotPlattform/install/mecanum_robot/share/mecanum_robot//launch/__pycache__/apriltag_robot.launch.cpython-310.pyc\n'}
[0.544870] (mecanum_robot) StdoutLine: {'line': b'-- Up-to-date: /home/bd/Documents/Robot/YSZD_RobotPlattform/install/mecanum_robot/share/mecanum_robot//launch/nav2_with_obstacles.launch.py\n'}
[0.544976] (mecanum_robot) StdoutLine: {'line': b'-- Up-to-date: /home/bd/Documents/Robot/YSZD_RobotPlattform/install/mecanum_robot/share/mecanum_robot//launch/simple_nav2.launch.py\n'}
[0.545080] (mecanum_robot) StdoutLine: {'line': b'-- Up-to-date: /home/bd/Documents/Robot/YSZD_RobotPlattform/install/mecanum_robot/share/mecanum_robot//launch/robot_state_machine.launch.py\n'}
[0.545181] (mecanum_robot) StdoutLine: {'line': b'-- Up-to-date: /home/bd/Documents/Robot/YSZD_RobotPlattform/install/mecanum_robot/share/mecanum_robot//launch/mecanum_robot.launch.py\n'}
[0.545283] (mecanum_robot) StdoutLine: {'line': b'-- Up-to-date: /home/bd/Documents/Robot/YSZD_RobotPlattform/install/mecanum_robot/share/mecanum_robot//urdf\n'}
[0.545383] (mecanum_robot) StdoutLine: {'line': b'-- Up-to-date: /home/bd/Documents/Robot/YSZD_RobotPlattform/install/mecanum_robot/share/mecanum_robot//urdf/mecanum_robot.urdf\n'}
[0.545481] (mecanum_robot) StdoutLine: {'line': b'-- Up-to-date: /home/bd/Documents/Robot/YSZD_RobotPlattform/install/mecanum_robot/share/mecanum_robot//rviz\n'}
[0.545582] (mecanum_robot) StdoutLine: {'line': b'-- Up-to-date: /home/bd/Documents/Robot/YSZD_RobotPlattform/install/mecanum_robot/share/mecanum_robot//rviz/mecanum_robot.rviz\n'}
[0.545681] (mecanum_robot) StdoutLine: {'line': b'-- Up-to-date: /home/bd/Documents/Robot/YSZD_RobotPlattform/install/mecanum_robot/share/mecanum_robot//rviz/nav2_with_obstacles.rviz\n'}
[0.545786] (mecanum_robot) StdoutLine: {'line': b'-- Up-to-date: /home/bd/Documents/Robot/YSZD_RobotPlattform/install/mecanum_robot/share/mecanum_robot//rviz/mecanum_robot_path.rviz\n'}
[0.545909] (mecanum_robot) StdoutLine: {'line': b'-- Up-to-date: /home/bd/Documents/Robot/YSZD_RobotPlattform/install/mecanum_robot/share/mecanum_robot//rviz/map_display.rviz\n'}
[0.546008] (mecanum_robot) StdoutLine: {'line': b'-- Up-to-date: /home/bd/Documents/Robot/YSZD_RobotPlattform/install/mecanum_robot/share/mecanum_robot//rviz/simple_path.rviz\n'}
[0.546195] (mecanum_robot) StdoutLine: {'line': b'-- Up-to-date: /home/bd/Documents/Robot/YSZD_RobotPlattform/install/mecanum_robot/share/mecanum_robot//config\n'}
[0.546484] (mecanum_robot) StdoutLine: {'line': b'-- Up-to-date: /home/bd/Documents/Robot/YSZD_RobotPlattform/install/mecanum_robot/share/mecanum_robot//config/nav2_params.yaml\n'}
[0.546731] (mecanum_robot) StdoutLine: {'line': b'-- Up-to-date: /home/bd/Documents/Robot/YSZD_RobotPlattform/install/mecanum_robot/share/ament_index/resource_index/package_run_dependencies/mecanum_robot\n'}
[0.546946] (mecanum_robot) StdoutLine: {'line': b'-- Up-to-date: /home/bd/Documents/Robot/YSZD_RobotPlattform/install/mecanum_robot/share/ament_index/resource_index/parent_prefix_path/mecanum_robot\n'}
[0.547150] (mecanum_robot) StdoutLine: {'line': b'-- Up-to-date: /home/bd/Documents/Robot/YSZD_RobotPlattform/install/mecanum_robot/share/mecanum_robot/environment/ament_prefix_path.sh\n'}
[0.547248] (mecanum_robot) StdoutLine: {'line': b'-- Up-to-date: /home/bd/Documents/Robot/YSZD_RobotPlattform/install/mecanum_robot/share/mecanum_robot/environment/ament_prefix_path.dsv\n'}
[0.547568] (mecanum_robot) StdoutLine: {'line': b'-- Up-to-date: /home/bd/Documents/Robot/YSZD_RobotPlattform/install/mecanum_robot/share/mecanum_robot/environment/path.sh\n'}
[0.547682] (mecanum_robot) StdoutLine: {'line': b'-- Up-to-date: /home/bd/Documents/Robot/YSZD_RobotPlattform/install/mecanum_robot/share/mecanum_robot/environment/path.dsv\n'}
[0.547769] (mecanum_robot) StdoutLine: {'line': b'-- Up-to-date: /home/bd/Documents/Robot/YSZD_RobotPlattform/install/mecanum_robot/share/mecanum_robot/local_setup.bash\n'}
[0.547829] (mecanum_robot) StdoutLine: {'line': b'-- Up-to-date: /home/bd/Documents/Robot/YSZD_RobotPlattform/install/mecanum_robot/share/mecanum_robot/local_setup.sh\n'}
[0.547877] (mecanum_robot) StdoutLine: {'line': b'-- Up-to-date: /home/bd/Documents/Robot/YSZD_RobotPlattform/install/mecanum_robot/share/mecanum_robot/local_setup.zsh\n'}
[0.547981] (mecanum_robot) StdoutLine: {'line': b'-- Up-to-date: /home/bd/Documents/Robot/YSZD_RobotPlattform/install/mecanum_robot/share/mecanum_robot/local_setup.dsv\n'}
[0.548034] (mecanum_robot) StdoutLine: {'line': b'-- Up-to-date: /home/bd/Documents/Robot/YSZD_RobotPlattform/install/mecanum_robot/share/mecanum_robot/package.dsv\n'}
[0.548097] (mecanum_robot) StdoutLine: {'line': b'-- Up-to-date: /home/bd/Documents/Robot/YSZD_RobotPlattform/install/mecanum_robot/share/ament_index/resource_index/packages/mecanum_robot\n'}
[0.548143] (mecanum_robot) StdoutLine: {'line': b'-- Up-to-date: /home/bd/Documents/Robot/YSZD_RobotPlattform/install/mecanum_robot/share/mecanum_robot/cmake/mecanum_robotConfig.cmake\n'}
[0.548178] (mecanum_robot) StdoutLine: {'line': b'-- Up-to-date: /home/bd/Documents/Robot/YSZD_RobotPlattform/install/mecanum_robot/share/mecanum_robot/cmake/mecanum_robotConfig-version.cmake\n'}
[0.548213] (mecanum_robot) StdoutLine: {'line': b'-- Up-to-date: /home/bd/Documents/Robot/YSZD_RobotPlattform/install/mecanum_robot/share/mecanum_robot/package.xml\n'}
[0.548254] (mecanum_robot) CommandEnded: {'returncode': 0}
[0.585187] (mecanum_robot) JobEnded: {'identifier': 'mecanum_robot', 'rc': 0}
[0.585693] (-) EventReactorShutdown: {}
