[0.000000] (-) TimerEvent: {}
[0.000089] (mecanum_robot) JobQueued: {'identifier': 'mecanum_robot', 'dependencies': OrderedDict()}
[0.000653] (mecanum_robot) JobStarted: {'identifier': 'mecanum_robot'}
[0.006807] (mecanum_robot) JobProgress: {'identifier': 'mecanum_robot', 'progress': 'cmake'}
[0.007147] (mecanum_robot) Command: {'cmd': ['/usr/bin/cmake', '/home/bd/Documents/Robot/YSZD_RobotPlattform', '-DCMAKE_INSTALL_PREFIX=/home/bd/Documents/Robot/YSZD_RobotPlattform/install/mecanum_robot'], 'cwd': '/home/bd/Documents/Robot/YSZD_RobotPlattform/build/mecanum_robot', 'env': OrderedDict([('LESSOPEN', '| /usr/bin/lesspipe %s'), ('VSCODE_CWD', '/home/bd'), ('VSCODE_ESM_ENTRYPOINT', 'vs/workbench/api/node/extensionHostProcess'), ('USER', 'bd'), ('LC_TIME', 'de_DE.UTF-8'), ('VSCODE_NLS_CONFIG', '{"userLocale":"en-us","osLocale":"en-us","resolvedLanguage":"en","defaultMessagesFile":"/usr/share/cursor/resources/app/out/nls.messages.json","locale":"en-us","availableLanguages":{}}'), ('CCACHE_DIR', '/home/bd/.cache/ccache/'), ('VSCODE_HANDLES_UNCAUGHT_ERRORS', 'true'), ('XDG_SESSION_TYPE', 'x11'), ('SHLVL', '1'), ('LD_LIBRARY_PATH', '/usr/local/cuda/lib64:/usr/lib/x86_64-linux-gnu/gazebo-11/plugins:/opt/ros/humble/opt/rviz_ogre_vendor/lib:/opt/ros/humble/lib/x86_64-linux-gnu:/opt/ros/humble/lib:/usr/local/cuda/lib64:'), ('HOME', '/home/bd'), ('CHROME_DESKTOP', 'cursor.desktop'), ('OLDPWD', '/home/bd/Documents/Robot/YSZD_RobotPlattform'), ('DESKTOP_SESSION', 'ubuntu-xorg'), ('VSCODE_IPC_HOOK', '/run/user/1000/vscode-f8418a3e-2.0.-main.sock'), ('GIO_LAUNCHED_DESKTOP_FILE', '/usr/share/applications/cursor-url-handler.desktop'), ('APPLICATION_INSIGHTS_NO_DIAGNOSTIC_CHANNEL', '1'), ('ROS_PYTHON_VERSION', '3'), ('GNOME_SHELL_SESSION_MODE', 'ubuntu'), ('GTK_MODULES', 'gail:atk-bridge'), ('LC_MONETARY', 'de_DE.UTF-8'), ('MANAGERPID', '2393'), ('DBUS_STARTER_BUS_TYPE', 'session'), ('SYSTEMD_EXEC_PID', '2830'), ('NO_COLOR', '1'), ('DBUS_SESSION_BUS_ADDRESS', 'unix:path=/run/user/1000/bus,guid=b4ec4c62cf0e6675b1ba66756925688c'), ('GIO_LAUNCHED_DESKTOP_FILE_PID', '12408'), ('VSCODE_CRASH_REPORTER_PROCESS_TYPE', 'extensionHost'), ('MANDATORY_PATH', '/usr/share/gconf/ubuntu-xorg.mandatory.path'), ('IM_CONFIG_PHASE', '1'), ('AIRFLOW_HOME', '/media/NAS/sd_nas_01/airflow/airflow_conf'), ('ROS_DISTRO', 'humble'), ('GTK_IM_MODULE', 'ibus'), ('LOGNAME', 'bd'), ('FORCE_COLOR', '0'), ('JOURNAL_STREAM', '8:24743'), ('_', '/usr/bin/colcon'), ('ROS_VERSION', '2'), ('XDG_SESSION_CLASS', 'user'), ('DEFAULTS_PATH', '/usr/share/gconf/ubuntu-xorg.default.path'), ('APPLICATIONINSIGHTS_CONFIGURATION_CONTENT', '{}'), ('USERNAME', 'bd'), ('TERM', 'dumb'), ('GNOME_DESKTOP_SESSION_ID', 'this-is-deprecated'), ('ROS_LOCALHOST_ONLY', '0'), ('COMPOSER_NO_INTERACTION', '1'), ('WINDOWPATH', '2'), ('PATH', '/home/bd/.local/bin:/usr/local/cuda/bin:/home/bd/Documents/airflow/airflow_env/bin:/home/bd/.local/bin:/opt/ros/humble/bin:/usr/local/cuda/bin:/home/bd/Documents/airflow/airflow_env/bin:/home/bd/.local/bin:/usr/local/sbin:/usr/local/bin:/usr/sbin:/usr/bin:/sbin:/bin:/usr/games:/usr/local/games:/snap/bin:/snap/bin'), ('SESSION_MANAGER', 'local/ld10038:@/tmp/.ICE-unix/2830,unix/ld10038:/tmp/.ICE-unix/2830'), ('INVOCATION_ID', '9be4b23627d64db8bab2453ba556b1fe'), ('XDG_MENU_PREFIX', 'gnome-'), ('LC_ADDRESS', 'de_DE.UTF-8'), ('VSCODE_PROCESS_TITLE', 'extension-host  [1-1]'), ('XDG_RUNTIME_DIR', '/run/user/1000'), ('GDK_BACKEND', 'x11'), ('CURSOR_AGENT', '1'), ('DISPLAY', ':1'), ('SWIFTLY_BIN_DIR', '/home/bd/.local/bin'), ('LANG', 'en_US.UTF-8'), ('XDG_CURRENT_DESKTOP', 'Unity'), ('LC_TELEPHONE', 'de_DE.UTF-8'), ('XMODIFIERS', '@im=ibus'), ('XDG_SESSION_DESKTOP', 'ubuntu-xorg'), ('XAUTHORITY', '/run/user/1000/gdm/Xauthority'), ('LS_COLORS', ''), ('CURSOR_TRACE_ID', 'e76ece2be9cf498d9f764b452ab87192'), ('SSH_AGENT_LAUNCHER', 'gnome-keyring'), ('SSH_AUTH_SOCK', '/run/user/1000/keyring/ssh'), ('ROS_DOMAIN_ID', '0'), ('AMENT_PREFIX_PATH', '/opt/ros/humble'), ('SWIFTLY_HOME_DIR', '/home/bd/.local/share/swiftly'), ('ORIGINAL_XDG_CURRENT_DESKTOP', 'ubuntu:GNOME'), ('SHELL', '/bin/bash'), ('LC_NAME', 'de_DE.UTF-8'), ('VSCODE_DOTNET_INSTALL_TOOL_ORIGINAL_HOME', '/home/bd'), ('QT_ACCESSIBILITY', '1'), ('CXX', '/usr/lib/ccache/g++'), ('GDMSESSION', 'ubuntu-xorg'), ('LESSCLOSE', '/usr/bin/lesspipe %s %s'), ('LC_MEASUREMENT', 'de_DE.UTF-8'), ('GPG_AGENT_INFO', '/run/user/1000/gnupg/S.gpg-agent:0:1'), ('LC_IDENTIFICATION', 'de_DE.UTF-8'), ('QT_IM_MODULE', 'ibus'), ('PWD', '/home/bd/Documents/Robot/YSZD_RobotPlattform/build/mecanum_robot'), ('TURTLEBOT3_MODEL', 'waffle'), ('LC_ALL', 'en_US.UTF-8'), ('XDG_CONFIG_DIRS', '/etc/xdg/xdg-ubuntu-xorg:/etc/xdg'), ('VSCODE_CODE_CACHE_PATH', '/home/bd/.config/Cursor/CachedData/8e4da76ad196925accaa169efcae28c45454cce0'), ('PYLON_ROOT', '/opt/pylon'), ('DBUS_STARTER_ADDRESS', 'unix:path=/run/user/1000/bus,guid=b4ec4c62cf0e6675b1ba66756925688c'), ('XDG_DATA_DIRS', '/usr/share/ubuntu-xorg:/usr/share/gnome:/usr/local/share/:/usr/share/:/var/lib/snapd/desktop'), ('PYTHONPATH', '/opt/ros/humble/lib/python3.10/site-packages:/opt/ros/humble/local/lib/python3.10/dist-packages'), ('LC_NUMERIC', 'de_DE.UTF-8'), ('LC_PAPER', 'de_DE.UTF-8'), ('CC', '/usr/lib/ccache/gcc'), ('COLCON', '1'), ('GENICAM_GENTL64_PATH', ':/opt/pylon/lib/gentlproducer/gtl:/opt/pylon/lib/pylonCXP/bin/:/opt/pylon/lib/gentlproducer/gtl:/opt/pylon/lib/pylonCXP/bin/:/opt/pylon/lib/gentlproducer/gtl:/opt/pylon/lib/pylonCXP/bin/'), ('VSCODE_PID', '12408'), ('CMAKE_PREFIX_PATH', '/opt/ros/humble')]), 'shell': False}
[0.062178] (mecanum_robot) StdoutLine: {'line': b'-- The C compiler identification is GNU 11.4.0\n'}
[0.099735] (-) TimerEvent: {}
[0.109308] (mecanum_robot) StdoutLine: {'line': b'-- The CXX compiler identification is GNU 11.4.0\n'}
[0.121563] (mecanum_robot) StdoutLine: {'line': b'-- Detecting C compiler ABI info\n'}
[0.167479] (mecanum_robot) StdoutLine: {'line': b'-- Detecting C compiler ABI info - done\n'}
[0.172413] (mecanum_robot) StdoutLine: {'line': b'-- Check for working C compiler: /usr/lib/ccache/gcc - skipped\n'}
[0.172633] (mecanum_robot) StdoutLine: {'line': b'-- Detecting C compile features\n'}
[0.172835] (mecanum_robot) StdoutLine: {'line': b'-- Detecting C compile features - done\n'}
[0.175136] (mecanum_robot) StdoutLine: {'line': b'-- Detecting CXX compiler ABI info\n'}
[0.199868] (-) TimerEvent: {}
[0.229186] (mecanum_robot) StdoutLine: {'line': b'-- Detecting CXX compiler ABI info - done\n'}
[0.233886] (mecanum_robot) StdoutLine: {'line': b'-- Check for working CXX compiler: /usr/lib/ccache/g++ - skipped\n'}
[0.234168] (mecanum_robot) StdoutLine: {'line': b'-- Detecting CXX compile features\n'}
[0.234858] (mecanum_robot) StdoutLine: {'line': b'-- Detecting CXX compile features - done\n'}
[0.238488] (mecanum_robot) StdoutLine: {'line': b'-- Found ament_cmake: 1.3.12 (/opt/ros/humble/share/ament_cmake/cmake)\n'}
[0.299946] (-) TimerEvent: {}
[0.400168] (-) TimerEvent: {}
[0.500449] (-) TimerEvent: {}
[0.555561] (mecanum_robot) StdoutLine: {'line': b'-- Found Python3: /home/bd/Documents/airflow/airflow_env/bin/python3 (found version "3.10.12") found components: Interpreter \n'}
[0.600542] (-) TimerEvent: {}
[0.661259] (mecanum_robot) StdoutLine: {'line': b'-- Found rclpy: 3.3.17 (/opt/ros/humble/share/rclpy/cmake)\n'}
[0.663561] (mecanum_robot) StdoutLine: {'line': b'-- Found geometry_msgs: 4.9.0 (/opt/ros/humble/share/geometry_msgs/cmake)\n'}
[0.700662] (-) TimerEvent: {}
[0.708221] (mecanum_robot) StdoutLine: {'line': b'-- Found rosidl_generator_c: 3.1.7 (/opt/ros/humble/share/rosidl_generator_c/cmake)\n'}
[0.711732] (mecanum_robot) StdoutLine: {'line': b'-- Found rosidl_adapter: 3.1.7 (/opt/ros/humble/share/rosidl_adapter/cmake)\n'}
[0.717601] (mecanum_robot) StdoutLine: {'line': b'-- Found rosidl_generator_cpp: 3.1.7 (/opt/ros/humble/share/rosidl_generator_cpp/cmake)\n'}
[0.726101] (mecanum_robot) StdoutLine: {'line': b'-- Using all available rosidl_typesupport_c: rosidl_typesupport_fastrtps_c;rosidl_typesupport_introspection_c\n'}
[0.738486] (mecanum_robot) StdoutLine: {'line': b'-- Using all available rosidl_typesupport_cpp: rosidl_typesupport_fastrtps_cpp;rosidl_typesupport_introspection_cpp\n'}
[0.765301] (mecanum_robot) StdoutLine: {'line': b'-- Found sensor_msgs: 4.9.0 (/opt/ros/humble/share/sensor_msgs/cmake)\n'}
[0.779357] (mecanum_robot) StdoutLine: {'line': b'-- Found nav_msgs: 4.9.0 (/opt/ros/humble/share/nav_msgs/cmake)\n'}
[0.791731] (mecanum_robot) StdoutLine: {'line': b'-- Found tf2_ros: 0.25.16 (/opt/ros/humble/share/tf2_ros/cmake)\n'}
[0.800748] (-) TimerEvent: {}
[0.841187] (mecanum_robot) StdoutLine: {'line': b'-- Found rmw_implementation_cmake: 6.1.2 (/opt/ros/humble/share/rmw_implementation_cmake/cmake)\n'}
[0.842878] (mecanum_robot) StdoutLine: {'line': b'-- Found rmw_fastrtps_cpp: 6.2.9 (/opt/ros/humble/share/rmw_fastrtps_cpp/cmake)\n'}
[0.900835] (-) TimerEvent: {}
[0.909136] (mecanum_robot) StdoutLine: {'line': b'-- Found OpenSSL: /usr/lib/x86_64-linux-gnu/libcrypto.so (found version "3.0.2")  \n'}
[0.931857] (mecanum_robot) StdoutLine: {'line': b'-- Found FastRTPS: /opt/ros/humble/include  \n'}
[0.964348] (mecanum_robot) StdoutLine: {'line': b"-- Using RMW implementation 'rmw_fastrtps_cpp' as default\n"}
[0.971001] (mecanum_robot) StdoutLine: {'line': b'-- Looking for pthread.h\n'}
[1.000917] (-) TimerEvent: {}
[1.019868] (mecanum_robot) StdoutLine: {'line': b'-- Looking for pthread.h - found\n'}
[1.020172] (mecanum_robot) StdoutLine: {'line': b'-- Performing Test CMAKE_HAVE_LIBC_PTHREAD\n'}
[1.066942] (mecanum_robot) StdoutLine: {'line': b'-- Performing Test CMAKE_HAVE_LIBC_PTHREAD - Success\n'}
[1.068753] (mecanum_robot) StdoutLine: {'line': b'-- Found Threads: TRUE  \n'}
[1.101060] (-) TimerEvent: {}
[1.155417] (mecanum_robot) StdoutLine: {'line': b'-- Found tf2_geometry_msgs: 0.25.16 (/opt/ros/humble/share/tf2_geometry_msgs/cmake)\n'}
[1.165367] (mecanum_robot) StdoutLine: {'line': b'-- Found eigen3_cmake_module: 0.1.1 (/opt/ros/humble/share/eigen3_cmake_module/cmake)\n'}
[1.166392] (mecanum_robot) StdoutLine: {'line': b'-- Found Eigen3: TRUE (found version "3.4.0") \n'}
[1.166601] (mecanum_robot) StdoutLine: {'line': b'-- Ensuring Eigen3 include directory is part of orocos-kdl CMake target\n'}
[1.201181] (-) TimerEvent: {}
[1.254746] (mecanum_robot) StdoutLine: {'line': b'-- Found ament_lint_auto: 0.12.14 (/opt/ros/humble/share/ament_lint_auto/cmake)\n'}
[1.301289] (-) TimerEvent: {}
[1.343139] (mecanum_robot) StdoutLine: {'line': b"-- Added test 'copyright' to check source files copyright and LICENSE\n"}
[1.361101] (mecanum_robot) StdoutLine: {'line': b"-- Added test 'cppcheck' to perform static code analysis on C / C++ code\n"}
[1.361426] (mecanum_robot) StdoutLine: {'line': b'-- Configured cppcheck include dirs: \n'}
[1.361555] (mecanum_robot) StdoutLine: {'line': b'-- Configured cppcheck exclude dirs and/or files: \n'}
[1.370090] (mecanum_robot) StdoutLine: {'line': b"-- Added test 'cpplint' to check C / C++ code against the Google style\n"}
[1.370363] (mecanum_robot) StdoutLine: {'line': b'-- Configured cpplint exclude dirs and/or files: \n'}
[1.371463] (mecanum_robot) StdoutLine: {'line': b"-- Added test 'flake8' to check Python code syntax and style conventions\n"}
[1.374157] (mecanum_robot) StdoutLine: {'line': b"-- Added test 'lint_cmake' to check CMake code style\n"}
[1.376291] (mecanum_robot) StdoutLine: {'line': b"-- Added test 'pep257' to check Python code against some of the docstring style conventions in PEP 257\n"}
[1.384656] (mecanum_robot) StdoutLine: {'line': b"-- Added test 'uncrustify' to check C / C++ code style\n"}
[1.384795] (mecanum_robot) StdoutLine: {'line': b'-- Configured uncrustify additional arguments: \n'}
[1.385976] (mecanum_robot) StdoutLine: {'line': b"-- Added test 'xmllint' to check XML markup files\n"}
[1.386649] (mecanum_robot) StdoutLine: {'line': b'-- Configuring done\n'}
[1.391255] (mecanum_robot) StdoutLine: {'line': b'-- Generating done\n'}
[1.393311] (mecanum_robot) StdoutLine: {'line': b'-- Build files have been written to: /home/bd/Documents/Robot/YSZD_RobotPlattform/build/mecanum_robot\n'}
[1.401446] (-) TimerEvent: {}
[1.402038] (mecanum_robot) CommandEnded: {'returncode': 0}
[1.402824] (mecanum_robot) JobProgress: {'identifier': 'mecanum_robot', 'progress': 'build'}
[1.404055] (mecanum_robot) Command: {'cmd': ['/usr/bin/cmake', '--build', '/home/bd/Documents/Robot/YSZD_RobotPlattform/build/mecanum_robot', '--', '-j16', '-l16'], 'cwd': '/home/bd/Documents/Robot/YSZD_RobotPlattform/build/mecanum_robot', 'env': OrderedDict([('LESSOPEN', '| /usr/bin/lesspipe %s'), ('VSCODE_CWD', '/home/bd'), ('VSCODE_ESM_ENTRYPOINT', 'vs/workbench/api/node/extensionHostProcess'), ('USER', 'bd'), ('LC_TIME', 'de_DE.UTF-8'), ('VSCODE_NLS_CONFIG', '{"userLocale":"en-us","osLocale":"en-us","resolvedLanguage":"en","defaultMessagesFile":"/usr/share/cursor/resources/app/out/nls.messages.json","locale":"en-us","availableLanguages":{}}'), ('CCACHE_DIR', '/home/bd/.cache/ccache/'), ('VSCODE_HANDLES_UNCAUGHT_ERRORS', 'true'), ('XDG_SESSION_TYPE', 'x11'), ('SHLVL', '1'), ('LD_LIBRARY_PATH', '/usr/local/cuda/lib64:/usr/lib/x86_64-linux-gnu/gazebo-11/plugins:/opt/ros/humble/opt/rviz_ogre_vendor/lib:/opt/ros/humble/lib/x86_64-linux-gnu:/opt/ros/humble/lib:/usr/local/cuda/lib64:'), ('HOME', '/home/bd'), ('CHROME_DESKTOP', 'cursor.desktop'), ('OLDPWD', '/home/bd/Documents/Robot/YSZD_RobotPlattform'), ('DESKTOP_SESSION', 'ubuntu-xorg'), ('VSCODE_IPC_HOOK', '/run/user/1000/vscode-f8418a3e-2.0.-main.sock'), ('GIO_LAUNCHED_DESKTOP_FILE', '/usr/share/applications/cursor-url-handler.desktop'), ('APPLICATION_INSIGHTS_NO_DIAGNOSTIC_CHANNEL', '1'), ('ROS_PYTHON_VERSION', '3'), ('GNOME_SHELL_SESSION_MODE', 'ubuntu'), ('GTK_MODULES', 'gail:atk-bridge'), ('LC_MONETARY', 'de_DE.UTF-8'), ('MANAGERPID', '2393'), ('DBUS_STARTER_BUS_TYPE', 'session'), ('SYSTEMD_EXEC_PID', '2830'), ('NO_COLOR', '1'), ('DBUS_SESSION_BUS_ADDRESS', 'unix:path=/run/user/1000/bus,guid=b4ec4c62cf0e6675b1ba66756925688c'), ('GIO_LAUNCHED_DESKTOP_FILE_PID', '12408'), ('VSCODE_CRASH_REPORTER_PROCESS_TYPE', 'extensionHost'), ('MANDATORY_PATH', '/usr/share/gconf/ubuntu-xorg.mandatory.path'), ('IM_CONFIG_PHASE', '1'), ('AIRFLOW_HOME', '/media/NAS/sd_nas_01/airflow/airflow_conf'), ('ROS_DISTRO', 'humble'), ('GTK_IM_MODULE', 'ibus'), ('LOGNAME', 'bd'), ('FORCE_COLOR', '0'), ('JOURNAL_STREAM', '8:24743'), ('_', '/usr/bin/colcon'), ('ROS_VERSION', '2'), ('XDG_SESSION_CLASS', 'user'), ('DEFAULTS_PATH', '/usr/share/gconf/ubuntu-xorg.default.path'), ('APPLICATIONINSIGHTS_CONFIGURATION_CONTENT', '{}'), ('USERNAME', 'bd'), ('TERM', 'dumb'), ('GNOME_DESKTOP_SESSION_ID', 'this-is-deprecated'), ('ROS_LOCALHOST_ONLY', '0'), ('COMPOSER_NO_INTERACTION', '1'), ('WINDOWPATH', '2'), ('PATH', '/home/bd/.local/bin:/usr/local/cuda/bin:/home/bd/Documents/airflow/airflow_env/bin:/home/bd/.local/bin:/opt/ros/humble/bin:/usr/local/cuda/bin:/home/bd/Documents/airflow/airflow_env/bin:/home/bd/.local/bin:/usr/local/sbin:/usr/local/bin:/usr/sbin:/usr/bin:/sbin:/bin:/usr/games:/usr/local/games:/snap/bin:/snap/bin'), ('SESSION_MANAGER', 'local/ld10038:@/tmp/.ICE-unix/2830,unix/ld10038:/tmp/.ICE-unix/2830'), ('INVOCATION_ID', '9be4b23627d64db8bab2453ba556b1fe'), ('XDG_MENU_PREFIX', 'gnome-'), ('LC_ADDRESS', 'de_DE.UTF-8'), ('VSCODE_PROCESS_TITLE', 'extension-host  [1-1]'), ('XDG_RUNTIME_DIR', '/run/user/1000'), ('GDK_BACKEND', 'x11'), ('CURSOR_AGENT', '1'), ('DISPLAY', ':1'), ('SWIFTLY_BIN_DIR', '/home/bd/.local/bin'), ('LANG', 'en_US.UTF-8'), ('XDG_CURRENT_DESKTOP', 'Unity'), ('LC_TELEPHONE', 'de_DE.UTF-8'), ('XMODIFIERS', '@im=ibus'), ('XDG_SESSION_DESKTOP', 'ubuntu-xorg'), ('XAUTHORITY', '/run/user/1000/gdm/Xauthority'), ('LS_COLORS', ''), ('CURSOR_TRACE_ID', 'e76ece2be9cf498d9f764b452ab87192'), ('SSH_AGENT_LAUNCHER', 'gnome-keyring'), ('SSH_AUTH_SOCK', '/run/user/1000/keyring/ssh'), ('ROS_DOMAIN_ID', '0'), ('AMENT_PREFIX_PATH', '/opt/ros/humble'), ('SWIFTLY_HOME_DIR', '/home/bd/.local/share/swiftly'), ('ORIGINAL_XDG_CURRENT_DESKTOP', 'ubuntu:GNOME'), ('SHELL', '/bin/bash'), ('LC_NAME', 'de_DE.UTF-8'), ('VSCODE_DOTNET_INSTALL_TOOL_ORIGINAL_HOME', '/home/bd'), ('QT_ACCESSIBILITY', '1'), ('CXX', '/usr/lib/ccache/g++'), ('GDMSESSION', 'ubuntu-xorg'), ('LESSCLOSE', '/usr/bin/lesspipe %s %s'), ('LC_MEASUREMENT', 'de_DE.UTF-8'), ('GPG_AGENT_INFO', '/run/user/1000/gnupg/S.gpg-agent:0:1'), ('LC_IDENTIFICATION', 'de_DE.UTF-8'), ('QT_IM_MODULE', 'ibus'), ('PWD', '/home/bd/Documents/Robot/YSZD_RobotPlattform/build/mecanum_robot'), ('TURTLEBOT3_MODEL', 'waffle'), ('LC_ALL', 'en_US.UTF-8'), ('XDG_CONFIG_DIRS', '/etc/xdg/xdg-ubuntu-xorg:/etc/xdg'), ('VSCODE_CODE_CACHE_PATH', '/home/bd/.config/Cursor/CachedData/8e4da76ad196925accaa169efcae28c45454cce0'), ('PYLON_ROOT', '/opt/pylon'), ('DBUS_STARTER_ADDRESS', 'unix:path=/run/user/1000/bus,guid=b4ec4c62cf0e6675b1ba66756925688c'), ('XDG_DATA_DIRS', '/usr/share/ubuntu-xorg:/usr/share/gnome:/usr/local/share/:/usr/share/:/var/lib/snapd/desktop'), ('PYTHONPATH', '/opt/ros/humble/lib/python3.10/site-packages:/opt/ros/humble/local/lib/python3.10/dist-packages'), ('LC_NUMERIC', 'de_DE.UTF-8'), ('LC_PAPER', 'de_DE.UTF-8'), ('CC', '/usr/lib/ccache/gcc'), ('COLCON', '1'), ('GENICAM_GENTL64_PATH', ':/opt/pylon/lib/gentlproducer/gtl:/opt/pylon/lib/pylonCXP/bin/:/opt/pylon/lib/gentlproducer/gtl:/opt/pylon/lib/pylonCXP/bin/:/opt/pylon/lib/gentlproducer/gtl:/opt/pylon/lib/pylonCXP/bin/'), ('VSCODE_PID', '12408'), ('CMAKE_PREFIX_PATH', '/opt/ros/humble')]), 'shell': False}
[1.459046] (mecanum_robot) StdoutLine: {'line': b'Built target ament_cmake_python_copy_mecanum_robot\n'}
[1.501573] (-) TimerEvent: {}
[1.601821] (-) TimerEvent: {}
[1.667402] (mecanum_robot) StdoutLine: {'line': b'running egg_info\n'}
[1.681505] (mecanum_robot) StdoutLine: {'line': b'creating mecanum_robot.egg-info\n'}
[1.681833] (mecanum_robot) StdoutLine: {'line': b'writing mecanum_robot.egg-info/PKG-INFO\n'}
[1.682074] (mecanum_robot) StdoutLine: {'line': b'writing dependency_links to mecanum_robot.egg-info/dependency_links.txt\n'}
[1.682168] (mecanum_robot) StdoutLine: {'line': b'writing top-level names to mecanum_robot.egg-info/top_level.txt\n'}
[1.682255] (mecanum_robot) StdoutLine: {'line': b"writing manifest file 'mecanum_robot.egg-info/SOURCES.txt'\n"}
[1.701924] (-) TimerEvent: {}
[1.773409] (mecanum_robot) StdoutLine: {'line': b"writing manifest file 'mecanum_robot.egg-info/SOURCES.txt'\n"}
[1.802016] (-) TimerEvent: {}
[1.807857] (mecanum_robot) StdoutLine: {'line': b'Built target ament_cmake_python_build_mecanum_robot_egg\n'}
[1.816690] (mecanum_robot) CommandEnded: {'returncode': 0}
[1.817632] (mecanum_robot) JobProgress: {'identifier': 'mecanum_robot', 'progress': 'install'}
[1.825524] (mecanum_robot) Command: {'cmd': ['/usr/bin/cmake', '--install', '/home/bd/Documents/Robot/YSZD_RobotPlattform/build/mecanum_robot'], 'cwd': '/home/bd/Documents/Robot/YSZD_RobotPlattform/build/mecanum_robot', 'env': OrderedDict([('LESSOPEN', '| /usr/bin/lesspipe %s'), ('VSCODE_CWD', '/home/bd'), ('VSCODE_ESM_ENTRYPOINT', 'vs/workbench/api/node/extensionHostProcess'), ('USER', 'bd'), ('LC_TIME', 'de_DE.UTF-8'), ('VSCODE_NLS_CONFIG', '{"userLocale":"en-us","osLocale":"en-us","resolvedLanguage":"en","defaultMessagesFile":"/usr/share/cursor/resources/app/out/nls.messages.json","locale":"en-us","availableLanguages":{}}'), ('CCACHE_DIR', '/home/bd/.cache/ccache/'), ('VSCODE_HANDLES_UNCAUGHT_ERRORS', 'true'), ('XDG_SESSION_TYPE', 'x11'), ('SHLVL', '1'), ('LD_LIBRARY_PATH', '/usr/local/cuda/lib64:/usr/lib/x86_64-linux-gnu/gazebo-11/plugins:/opt/ros/humble/opt/rviz_ogre_vendor/lib:/opt/ros/humble/lib/x86_64-linux-gnu:/opt/ros/humble/lib:/usr/local/cuda/lib64:'), ('HOME', '/home/bd'), ('CHROME_DESKTOP', 'cursor.desktop'), ('OLDPWD', '/home/bd/Documents/Robot/YSZD_RobotPlattform'), ('DESKTOP_SESSION', 'ubuntu-xorg'), ('VSCODE_IPC_HOOK', '/run/user/1000/vscode-f8418a3e-2.0.-main.sock'), ('GIO_LAUNCHED_DESKTOP_FILE', '/usr/share/applications/cursor-url-handler.desktop'), ('APPLICATION_INSIGHTS_NO_DIAGNOSTIC_CHANNEL', '1'), ('ROS_PYTHON_VERSION', '3'), ('GNOME_SHELL_SESSION_MODE', 'ubuntu'), ('GTK_MODULES', 'gail:atk-bridge'), ('LC_MONETARY', 'de_DE.UTF-8'), ('MANAGERPID', '2393'), ('DBUS_STARTER_BUS_TYPE', 'session'), ('SYSTEMD_EXEC_PID', '2830'), ('NO_COLOR', '1'), ('DBUS_SESSION_BUS_ADDRESS', 'unix:path=/run/user/1000/bus,guid=b4ec4c62cf0e6675b1ba66756925688c'), ('GIO_LAUNCHED_DESKTOP_FILE_PID', '12408'), ('VSCODE_CRASH_REPORTER_PROCESS_TYPE', 'extensionHost'), ('MANDATORY_PATH', '/usr/share/gconf/ubuntu-xorg.mandatory.path'), ('IM_CONFIG_PHASE', '1'), ('AIRFLOW_HOME', '/media/NAS/sd_nas_01/airflow/airflow_conf'), ('ROS_DISTRO', 'humble'), ('GTK_IM_MODULE', 'ibus'), ('LOGNAME', 'bd'), ('FORCE_COLOR', '0'), ('JOURNAL_STREAM', '8:24743'), ('_', '/usr/bin/colcon'), ('ROS_VERSION', '2'), ('XDG_SESSION_CLASS', 'user'), ('DEFAULTS_PATH', '/usr/share/gconf/ubuntu-xorg.default.path'), ('APPLICATIONINSIGHTS_CONFIGURATION_CONTENT', '{}'), ('USERNAME', 'bd'), ('TERM', 'dumb'), ('GNOME_DESKTOP_SESSION_ID', 'this-is-deprecated'), ('ROS_LOCALHOST_ONLY', '0'), ('COMPOSER_NO_INTERACTION', '1'), ('WINDOWPATH', '2'), ('PATH', '/home/bd/.local/bin:/usr/local/cuda/bin:/home/bd/Documents/airflow/airflow_env/bin:/home/bd/.local/bin:/opt/ros/humble/bin:/usr/local/cuda/bin:/home/bd/Documents/airflow/airflow_env/bin:/home/bd/.local/bin:/usr/local/sbin:/usr/local/bin:/usr/sbin:/usr/bin:/sbin:/bin:/usr/games:/usr/local/games:/snap/bin:/snap/bin'), ('SESSION_MANAGER', 'local/ld10038:@/tmp/.ICE-unix/2830,unix/ld10038:/tmp/.ICE-unix/2830'), ('INVOCATION_ID', '9be4b23627d64db8bab2453ba556b1fe'), ('XDG_MENU_PREFIX', 'gnome-'), ('LC_ADDRESS', 'de_DE.UTF-8'), ('VSCODE_PROCESS_TITLE', 'extension-host  [1-1]'), ('XDG_RUNTIME_DIR', '/run/user/1000'), ('GDK_BACKEND', 'x11'), ('CURSOR_AGENT', '1'), ('DISPLAY', ':1'), ('SWIFTLY_BIN_DIR', '/home/bd/.local/bin'), ('LANG', 'en_US.UTF-8'), ('XDG_CURRENT_DESKTOP', 'Unity'), ('LC_TELEPHONE', 'de_DE.UTF-8'), ('XMODIFIERS', '@im=ibus'), ('XDG_SESSION_DESKTOP', 'ubuntu-xorg'), ('XAUTHORITY', '/run/user/1000/gdm/Xauthority'), ('LS_COLORS', ''), ('CURSOR_TRACE_ID', 'e76ece2be9cf498d9f764b452ab87192'), ('SSH_AGENT_LAUNCHER', 'gnome-keyring'), ('SSH_AUTH_SOCK', '/run/user/1000/keyring/ssh'), ('ROS_DOMAIN_ID', '0'), ('AMENT_PREFIX_PATH', '/opt/ros/humble'), ('SWIFTLY_HOME_DIR', '/home/bd/.local/share/swiftly'), ('ORIGINAL_XDG_CURRENT_DESKTOP', 'ubuntu:GNOME'), ('SHELL', '/bin/bash'), ('LC_NAME', 'de_DE.UTF-8'), ('VSCODE_DOTNET_INSTALL_TOOL_ORIGINAL_HOME', '/home/bd'), ('QT_ACCESSIBILITY', '1'), ('CXX', '/usr/lib/ccache/g++'), ('GDMSESSION', 'ubuntu-xorg'), ('LESSCLOSE', '/usr/bin/lesspipe %s %s'), ('LC_MEASUREMENT', 'de_DE.UTF-8'), ('GPG_AGENT_INFO', '/run/user/1000/gnupg/S.gpg-agent:0:1'), ('LC_IDENTIFICATION', 'de_DE.UTF-8'), ('QT_IM_MODULE', 'ibus'), ('PWD', '/home/bd/Documents/Robot/YSZD_RobotPlattform/build/mecanum_robot'), ('TURTLEBOT3_MODEL', 'waffle'), ('LC_ALL', 'en_US.UTF-8'), ('XDG_CONFIG_DIRS', '/etc/xdg/xdg-ubuntu-xorg:/etc/xdg'), ('VSCODE_CODE_CACHE_PATH', '/home/bd/.config/Cursor/CachedData/8e4da76ad196925accaa169efcae28c45454cce0'), ('PYLON_ROOT', '/opt/pylon'), ('DBUS_STARTER_ADDRESS', 'unix:path=/run/user/1000/bus,guid=b4ec4c62cf0e6675b1ba66756925688c'), ('XDG_DATA_DIRS', '/usr/share/ubuntu-xorg:/usr/share/gnome:/usr/local/share/:/usr/share/:/var/lib/snapd/desktop'), ('PYTHONPATH', '/opt/ros/humble/lib/python3.10/site-packages:/opt/ros/humble/local/lib/python3.10/dist-packages'), ('LC_NUMERIC', 'de_DE.UTF-8'), ('LC_PAPER', 'de_DE.UTF-8'), ('CC', '/usr/lib/ccache/gcc'), ('COLCON', '1'), ('GENICAM_GENTL64_PATH', ':/opt/pylon/lib/gentlproducer/gtl:/opt/pylon/lib/pylonCXP/bin/:/opt/pylon/lib/gentlproducer/gtl:/opt/pylon/lib/pylonCXP/bin/:/opt/pylon/lib/gentlproducer/gtl:/opt/pylon/lib/pylonCXP/bin/'), ('VSCODE_PID', '12408'), ('CMAKE_PREFIX_PATH', '/opt/ros/humble')]), 'shell': False}
[1.833044] (mecanum_robot) StdoutLine: {'line': b'-- Install configuration: ""\n'}
[1.833222] (mecanum_robot) StdoutLine: {'line': b'-- Installing: /home/bd/Documents/Robot/YSZD_RobotPlattform/install/mecanum_robot/share/mecanum_robot/environment/pythonpath.sh\n'}
[1.833267] (mecanum_robot) StdoutLine: {'line': b'-- Installing: /home/bd/Documents/Robot/YSZD_RobotPlattform/install/mecanum_robot/share/mecanum_robot/environment/pythonpath.dsv\n'}
[1.833344] (mecanum_robot) StdoutLine: {'line': b'-- Installing: /home/bd/Documents/Robot/YSZD_RobotPlattform/install/mecanum_robot/lib/python3.10/site-packages/mecanum_robot-1.0.0-py3.10.egg-info\n'}
[1.833442] (mecanum_robot) StdoutLine: {'line': b'-- Installing: /home/bd/Documents/Robot/YSZD_RobotPlattform/install/mecanum_robot/lib/python3.10/site-packages/mecanum_robot-1.0.0-py3.10.egg-info/top_level.txt\n'}
[1.833479] (mecanum_robot) StdoutLine: {'line': b'-- Installing: /home/bd/Documents/Robot/YSZD_RobotPlattform/install/mecanum_robot/lib/python3.10/site-packages/mecanum_robot-1.0.0-py3.10.egg-info/dependency_links.txt\n'}
[1.833514] (mecanum_robot) StdoutLine: {'line': b'-- Installing: /home/bd/Documents/Robot/YSZD_RobotPlattform/install/mecanum_robot/lib/python3.10/site-packages/mecanum_robot-1.0.0-py3.10.egg-info/PKG-INFO\n'}
[1.833585] (mecanum_robot) StdoutLine: {'line': b'-- Installing: /home/bd/Documents/Robot/YSZD_RobotPlattform/install/mecanum_robot/lib/python3.10/site-packages/mecanum_robot-1.0.0-py3.10.egg-info/SOURCES.txt\n'}
[1.833619] (mecanum_robot) StdoutLine: {'line': b'-- Installing: /home/bd/Documents/Robot/YSZD_RobotPlattform/install/mecanum_robot/lib/python3.10/site-packages/mecanum_robot\n'}
[1.833652] (mecanum_robot) StdoutLine: {'line': b'-- Installing: /home/bd/Documents/Robot/YSZD_RobotPlattform/install/mecanum_robot/lib/python3.10/site-packages/mecanum_robot/__init__.py\n'}
[1.859889] (mecanum_robot) StdoutLine: {'line': b"Listing '/home/bd/Documents/Robot/YSZD_RobotPlattform/install/mecanum_robot/lib/python3.10/site-packages/mecanum_robot'...\n"}
[1.860149] (mecanum_robot) StdoutLine: {'line': b"Compiling '/home/bd/Documents/Robot/YSZD_RobotPlattform/install/mecanum_robot/lib/python3.10/site-packages/mecanum_robot/__init__.py'...\n"}
[1.863797] (mecanum_robot) StdoutLine: {'line': b'-- Installing: /home/bd/Documents/Robot/YSZD_RobotPlattform/install/mecanum_robot/lib/mecanum_robot/robot_node.py\n'}
[1.864000] (mecanum_robot) StdoutLine: {'line': b'-- Installing: /home/bd/Documents/Robot/YSZD_RobotPlattform/install/mecanum_robot/lib/mecanum_robot/remote_control.py\n'}
[1.864138] (mecanum_robot) StdoutLine: {'line': b'-- Installing: /home/bd/Documents/Robot/YSZD_RobotPlattform/install/mecanum_robot/lib/mecanum_robot/path_publisher.py\n'}
[1.864219] (mecanum_robot) StdoutLine: {'line': b'-- Installing: /home/bd/Documents/Robot/YSZD_RobotPlattform/install/mecanum_robot/lib/mecanum_robot/camera_node_fixed.py\n'}
[1.864417] (mecanum_robot) StdoutLine: {'line': b'-- Installing: /home/bd/Documents/Robot/YSZD_RobotPlattform/install/mecanum_robot/lib/mecanum_robot/apriltag_detector_enhanced.py\n'}
[1.864576] (mecanum_robot) StdoutLine: {'line': b'-- Installing: /home/bd/Documents/Robot/YSZD_RobotPlattform/install/mecanum_robot/lib/mecanum_robot/position_calculator.py\n'}
[1.864705] (mecanum_robot) StdoutLine: {'line': b'-- Installing: /home/bd/Documents/Robot/YSZD_RobotPlattform/install/mecanum_robot/lib/mecanum_robot/image_viewer.py\n'}
[1.864864] (mecanum_robot) StdoutLine: {'line': b'-- Installing: /home/bd/Documents/Robot/YSZD_RobotPlattform/install/mecanum_robot/lib/mecanum_robot/waypoint_follower.py\n'}
[1.865112] (mecanum_robot) StdoutLine: {'line': b'-- Installing: /home/bd/Documents/Robot/YSZD_RobotPlattform/install/mecanum_robot/lib/mecanum_robot/waypoint_recorder.py\n'}
[1.865218] (mecanum_robot) StdoutLine: {'line': b'-- Installing: /home/bd/Documents/Robot/YSZD_RobotPlattform/install/mecanum_robot/lib/mecanum_robot/ros2_websocket_bridge.py\n'}
[1.865327] (mecanum_robot) StdoutLine: {'line': b'-- Installing: /home/bd/Documents/Robot/YSZD_RobotPlattform/install/mecanum_robot/share/mecanum_robot//launch\n'}
[1.865410] (mecanum_robot) StdoutLine: {'line': b'-- Installing: /home/bd/Documents/Robot/YSZD_RobotPlattform/install/mecanum_robot/share/mecanum_robot//launch/mecanum_robot_clean.launch.py\n'}
[1.865496] (mecanum_robot) StdoutLine: {'line': b'-- Installing: /home/bd/Documents/Robot/YSZD_RobotPlattform/install/mecanum_robot/share/mecanum_robot//launch/apriltag_robot.launch.py\n'}
[1.865574] (mecanum_robot) StdoutLine: {'line': b'-- Installing: /home/bd/Documents/Robot/YSZD_RobotPlattform/install/mecanum_robot/share/mecanum_robot//launch/apriltag_robot_fixed.launch.py\n'}
[1.865778] (mecanum_robot) StdoutLine: {'line': b'-- Installing: /home/bd/Documents/Robot/YSZD_RobotPlattform/install/mecanum_robot/share/mecanum_robot//launch/nav2_with_obstacles.launch.py\n'}
[1.865991] (mecanum_robot) StdoutLine: {'line': b'-- Installing: /home/bd/Documents/Robot/YSZD_RobotPlattform/install/mecanum_robot/share/mecanum_robot//launch/simple_nav2.launch.py\n'}
[1.866203] (mecanum_robot) StdoutLine: {'line': b'-- Installing: /home/bd/Documents/Robot/YSZD_RobotPlattform/install/mecanum_robot/share/mecanum_robot//launch/robot_state_machine.launch.py\n'}
[1.866383] (mecanum_robot) StdoutLine: {'line': b'-- Installing: /home/bd/Documents/Robot/YSZD_RobotPlattform/install/mecanum_robot/share/mecanum_robot//launch/mecanum_robot.launch.py\n'}
[1.866464] (mecanum_robot) StdoutLine: {'line': b'-- Installing: /home/bd/Documents/Robot/YSZD_RobotPlattform/install/mecanum_robot/share/mecanum_robot//urdf\n'}
[1.866504] (mecanum_robot) StdoutLine: {'line': b'-- Installing: /home/bd/Documents/Robot/YSZD_RobotPlattform/install/mecanum_robot/share/mecanum_robot//urdf/mecanum_robot.urdf\n'}
[1.866540] (mecanum_robot) StdoutLine: {'line': b'-- Installing: /home/bd/Documents/Robot/YSZD_RobotPlattform/install/mecanum_robot/share/mecanum_robot//rviz\n'}
[1.866575] (mecanum_robot) StdoutLine: {'line': b'-- Installing: /home/bd/Documents/Robot/YSZD_RobotPlattform/install/mecanum_robot/share/mecanum_robot//rviz/mecanum_robot.rviz\n'}
[1.866609] (mecanum_robot) StdoutLine: {'line': b'-- Installing: /home/bd/Documents/Robot/YSZD_RobotPlattform/install/mecanum_robot/share/mecanum_robot//rviz/nav2_with_obstacles.rviz\n'}
[1.866829] (mecanum_robot) StdoutLine: {'line': b'-- Installing: /home/bd/Documents/Robot/YSZD_RobotPlattform/install/mecanum_robot/share/mecanum_robot//rviz/mecanum_robot_path.rviz\n'}
[1.866961] (mecanum_robot) StdoutLine: {'line': b'-- Installing: /home/bd/Documents/Robot/YSZD_RobotPlattform/install/mecanum_robot/share/mecanum_robot//rviz/map_display.rviz\n'}
[1.867042] (mecanum_robot) StdoutLine: {'line': b'-- Installing: /home/bd/Documents/Robot/YSZD_RobotPlattform/install/mecanum_robot/share/mecanum_robot//rviz/simple_path.rviz\n'}
[1.867127] (mecanum_robot) StdoutLine: {'line': b'-- Installing: /home/bd/Documents/Robot/YSZD_RobotPlattform/install/mecanum_robot/share/mecanum_robot//config\n'}
[1.867225] (mecanum_robot) StdoutLine: {'line': b'-- Installing: /home/bd/Documents/Robot/YSZD_RobotPlattform/install/mecanum_robot/share/mecanum_robot//config/nav2_params.yaml\n'}
[1.867300] (mecanum_robot) StdoutLine: {'line': b'-- Installing: /home/bd/Documents/Robot/YSZD_RobotPlattform/install/mecanum_robot/share/ament_index/resource_index/package_run_dependencies/mecanum_robot\n'}
[1.867374] (mecanum_robot) StdoutLine: {'line': b'-- Installing: /home/bd/Documents/Robot/YSZD_RobotPlattform/install/mecanum_robot/share/ament_index/resource_index/parent_prefix_path/mecanum_robot\n'}
[1.867444] (mecanum_robot) StdoutLine: {'line': b'-- Installing: /home/bd/Documents/Robot/YSZD_RobotPlattform/install/mecanum_robot/share/mecanum_robot/environment/ament_prefix_path.sh\n'}
[1.867516] (mecanum_robot) StdoutLine: {'line': b'-- Installing: /home/bd/Documents/Robot/YSZD_RobotPlattform/install/mecanum_robot/share/mecanum_robot/environment/ament_prefix_path.dsv\n'}
[1.867587] (mecanum_robot) StdoutLine: {'line': b'-- Installing: /home/bd/Documents/Robot/YSZD_RobotPlattform/install/mecanum_robot/share/mecanum_robot/environment/path.sh\n'}
[1.867661] (mecanum_robot) StdoutLine: {'line': b'-- Installing: /home/bd/Documents/Robot/YSZD_RobotPlattform/install/mecanum_robot/share/mecanum_robot/environment/path.dsv\n'}
[1.867831] (mecanum_robot) StdoutLine: {'line': b'-- Installing: /home/bd/Documents/Robot/YSZD_RobotPlattform/install/mecanum_robot/share/mecanum_robot/local_setup.bash\n'}
[1.868358] (mecanum_robot) StdoutLine: {'line': b'-- Installing: /home/bd/Documents/Robot/YSZD_RobotPlattform/install/mecanum_robot/share/mecanum_robot/local_setup.sh\n'}
[1.868535] (mecanum_robot) StdoutLine: {'line': b'-- Installing: /home/bd/Documents/Robot/YSZD_RobotPlattform/install/mecanum_robot/share/mecanum_robot/local_setup.zsh\n'}
[1.868695] (mecanum_robot) StdoutLine: {'line': b'-- Installing: /home/bd/Documents/Robot/YSZD_RobotPlattform/install/mecanum_robot/share/mecanum_robot/local_setup.dsv\n'}
[1.868781] (mecanum_robot) StdoutLine: {'line': b'-- Installing: /home/bd/Documents/Robot/YSZD_RobotPlattform/install/mecanum_robot/share/mecanum_robot/package.dsv\n'}
[1.868867] (mecanum_robot) StdoutLine: {'line': b'-- Installing: /home/bd/Documents/Robot/YSZD_RobotPlattform/install/mecanum_robot/share/ament_index/resource_index/packages/mecanum_robot\n'}
[1.868953] (mecanum_robot) StdoutLine: {'line': b'-- Installing: /home/bd/Documents/Robot/YSZD_RobotPlattform/install/mecanum_robot/share/mecanum_robot/cmake/mecanum_robotConfig.cmake\n'}
[1.869029] (mecanum_robot) StdoutLine: {'line': b'-- Installing: /home/bd/Documents/Robot/YSZD_RobotPlattform/install/mecanum_robot/share/mecanum_robot/cmake/mecanum_robotConfig-version.cmake\n'}
[1.869105] (mecanum_robot) StdoutLine: {'line': b'-- Installing: /home/bd/Documents/Robot/YSZD_RobotPlattform/install/mecanum_robot/share/mecanum_robot/package.xml\n'}
[1.869181] (mecanum_robot) CommandEnded: {'returncode': 0}
[1.902516] (-) TimerEvent: {}
[1.906473] (mecanum_robot) JobEnded: {'identifier': 'mecanum_robot', 'rc': 0}
[1.907479] (-) EventReactorShutdown: {}
