[0.260s] DEBUG:colcon:Command line arguments: ['/usr/bin/colcon', 'build', '--packages-select', 'mecanum_robot']
[0.260s] DEBUG:colcon:Parsed command line arguments: Namespace(log_base=None, log_level=None, verb_name='build', build_base='build', install_base='install', merge_install=False, symlink_install=False, test_result_base=None, continue_on_error=False, executor='parallel', parallel_workers=6, event_handlers=None, ignore_user_meta=False, metas=['./colcon.meta'], base_paths=['.'], packages_ignore=None, packages_ignore_regex=None, paths=None, packages_up_to=None, packages_up_to_regex=None, packages_above=None, packages_above_and_dependencies=None, packages_above_depth=None, packages_select_by_dep=None, packages_skip_by_dep=None, packages_skip_up_to=None, packages_select_build_failed=False, packages_skip_build_finished=False, packages_select_test_failures=False, packages_skip_test_passed=False, packages_select=['mecanum_robot'], packages_skip=None, packages_select_regex=None, packages_skip_regex=None, packages_start=None, packages_end=None, allow_overriding=[], cmake_args=None, cmake_target=None, cmake_target_skip_unavailable=False, cmake_clean_cache=False, cmake_clean_first=False, cmake_force_configure=False, ament_cmake_args=None, catkin_cmake_args=None, catkin_skip_building_tests=False, verb_parser=<colcon_defaults.argument_parser.defaults.DefaultArgumentsDecorator object at 0xffff8cff9270>, verb_extension=<colcon_core.verb.build.BuildVerb object at 0xffff8d1aa6b0>, main=<bound method BuildVerb.main of <colcon_core.verb.build.BuildVerb object at 0xffff8d1aa6b0>>)
[0.354s] Level 1:colcon.colcon_core.package_discovery:discover_packages(colcon_meta) check parameters
[0.354s] Level 1:colcon.colcon_core.package_discovery:discover_packages(recursive) check parameters
[0.355s] Level 1:colcon.colcon_core.package_discovery:discover_packages(ignore) check parameters
[0.355s] Level 1:colcon.colcon_core.package_discovery:discover_packages(path) check parameters
[0.355s] Level 1:colcon.colcon_core.package_discovery:discover_packages(colcon_meta) discover
[0.355s] Level 1:colcon.colcon_core.package_discovery:discover_packages(recursive) discover
[0.355s] INFO:colcon.colcon_core.package_discovery:Crawling recursively for packages in '/home/y1234/Documents/robot_ws/YSZD_RobotPlattform'
[0.355s] Level 1:colcon.colcon_core.package_identification:_identify(.) by extensions ['ignore', 'ignore_ament_install']
[0.356s] Level 1:colcon.colcon_core.package_identification:_identify(.) by extension 'ignore'
[0.356s] Level 1:colcon.colcon_core.package_identification:_identify(.) by extension 'ignore_ament_install'
[0.356s] Level 1:colcon.colcon_core.package_identification:_identify(.) by extensions ['colcon_pkg']
[0.356s] Level 1:colcon.colcon_core.package_identification:_identify(.) by extension 'colcon_pkg'
[0.356s] Level 1:colcon.colcon_core.package_identification:_identify(.) by extensions ['colcon_meta']
[0.356s] Level 1:colcon.colcon_core.package_identification:_identify(.) by extension 'colcon_meta'
[0.356s] Level 1:colcon.colcon_core.package_identification:_identify(.) by extensions ['ros']
[0.356s] Level 1:colcon.colcon_core.package_identification:_identify(.) by extension 'ros'
[0.394s] DEBUG:colcon.colcon_core.package_identification:Package '.' with type 'ros.ament_cmake' and name 'mecanum_robot'
[0.395s] Level 1:colcon.colcon_core.package_discovery:discover_packages(recursive) using defaults
[0.395s] Level 1:colcon.colcon_core.package_discovery:discover_packages(ignore) discover
[0.395s] Level 1:colcon.colcon_core.package_discovery:discover_packages(ignore) using defaults
[0.395s] Level 1:colcon.colcon_core.package_discovery:discover_packages(path) discover
[0.395s] Level 1:colcon.colcon_core.package_discovery:discover_packages(path) using defaults
[0.456s] Level 1:colcon.colcon_core.package_discovery:discover_packages(prefix_path) check parameters
[0.456s] Level 1:colcon.colcon_core.package_discovery:discover_packages(prefix_path) discover
[0.461s] DEBUG:colcon.colcon_installed_package_information.package_discovery:Found 1 installed packages in /home/y1234/Documents/robot_ws/YSZD_RobotPlattform/install
[0.464s] DEBUG:colcon.colcon_installed_package_information.package_discovery:Found 274 installed packages in /opt/ros/humble
[0.468s] Level 1:colcon.colcon_core.package_discovery:discover_packages(prefix_path) using defaults
[0.540s] Level 5:colcon.colcon_core.verb:set package 'mecanum_robot' build argument 'cmake_args' from command line to 'None'
[0.540s] Level 5:colcon.colcon_core.verb:set package 'mecanum_robot' build argument 'cmake_target' from command line to 'None'
[0.540s] Level 5:colcon.colcon_core.verb:set package 'mecanum_robot' build argument 'cmake_target_skip_unavailable' from command line to 'False'
[0.540s] Level 5:colcon.colcon_core.verb:set package 'mecanum_robot' build argument 'cmake_clean_cache' from command line to 'False'
[0.540s] Level 5:colcon.colcon_core.verb:set package 'mecanum_robot' build argument 'cmake_clean_first' from command line to 'False'
[0.541s] Level 5:colcon.colcon_core.verb:set package 'mecanum_robot' build argument 'cmake_force_configure' from command line to 'False'
[0.541s] Level 5:colcon.colcon_core.verb:set package 'mecanum_robot' build argument 'ament_cmake_args' from command line to 'None'
[0.541s] Level 5:colcon.colcon_core.verb:set package 'mecanum_robot' build argument 'catkin_cmake_args' from command line to 'None'
[0.541s] Level 5:colcon.colcon_core.verb:set package 'mecanum_robot' build argument 'catkin_skip_building_tests' from command line to 'False'
[0.541s] DEBUG:colcon.colcon_core.verb:Building package 'mecanum_robot' with the following arguments: {'ament_cmake_args': None, 'build_base': '/home/y1234/Documents/robot_ws/YSZD_RobotPlattform/build/mecanum_robot', 'catkin_cmake_args': None, 'catkin_skip_building_tests': False, 'cmake_args': None, 'cmake_clean_cache': False, 'cmake_clean_first': False, 'cmake_force_configure': False, 'cmake_target': None, 'cmake_target_skip_unavailable': False, 'install_base': '/home/y1234/Documents/robot_ws/YSZD_RobotPlattform/install/mecanum_robot', 'merge_install': False, 'path': '/home/y1234/Documents/robot_ws/YSZD_RobotPlattform', 'symlink_install': False, 'test_result_base': None}
[0.541s] INFO:colcon.colcon_core.executor:Executing jobs using 'parallel' executor
[0.543s] DEBUG:colcon.colcon_parallel_executor.executor.parallel:run_until_complete
[0.544s] INFO:colcon.colcon_ros.task.ament_cmake.build:Building ROS package in '/home/y1234/Documents/robot_ws/YSZD_RobotPlattform' with build type 'ament_cmake'
[0.544s] INFO:colcon.colcon_cmake.task.cmake.build:Building CMake package in '/home/y1234/Documents/robot_ws/YSZD_RobotPlattform'
[0.551s] INFO:colcon.colcon_core.plugin_system:Skipping extension 'colcon_core.shell.bat': Not used on non-Windows systems
[0.552s] INFO:colcon.colcon_core.shell:Skip shell extension 'powershell' for command environment: Not usable outside of PowerShell
[0.552s] DEBUG:colcon.colcon_core.shell:Skip shell extension 'dsv' for command environment
[0.578s] DEBUG:colcon.colcon_core.event_handler.log_command:Invoking command in '/home/y1234/Documents/robot_ws/YSZD_RobotPlattform/build/mecanum_robot': CMAKE_PREFIX_PATH=${CMAKE_PREFIX_PATH}:/opt/ros/humble /usr/bin/cmake --build /home/y1234/Documents/robot_ws/YSZD_RobotPlattform/build/mecanum_robot -- -j6 -l6
[1.475s] DEBUG:colcon.colcon_core.event_handler.log_command:Invoked command in '/home/y1234/Documents/robot_ws/YSZD_RobotPlattform/build/mecanum_robot' returned '0': CMAKE_PREFIX_PATH=${CMAKE_PREFIX_PATH}:/opt/ros/humble /usr/bin/cmake --build /home/y1234/Documents/robot_ws/YSZD_RobotPlattform/build/mecanum_robot -- -j6 -l6
[1.498s] DEBUG:colcon.colcon_core.event_handler.log_command:Invoking command in '/home/y1234/Documents/robot_ws/YSZD_RobotPlattform/build/mecanum_robot': CMAKE_PREFIX_PATH=${CMAKE_PREFIX_PATH}:/opt/ros/humble /usr/bin/cmake --install /home/y1234/Documents/robot_ws/YSZD_RobotPlattform/build/mecanum_robot
[1.618s] Level 1:colcon.colcon_core.environment:create_environment_scripts_only(mecanum_robot)
[1.628s] Level 1:colcon.colcon_core.environment:checking '/home/y1234/Documents/robot_ws/YSZD_RobotPlattform/install/mecanum_robot' for CMake module files
[1.629s] Level 1:colcon.colcon_core.environment:checking '/home/y1234/Documents/robot_ws/YSZD_RobotPlattform/install/mecanum_robot' for CMake config files
[1.629s] Level 1:colcon.colcon_core.shell:create_environment_hook('mecanum_robot', 'cmake_prefix_path')
[1.630s] INFO:colcon.colcon_core.shell:Creating environment hook '/home/y1234/Documents/robot_ws/YSZD_RobotPlattform/install/mecanum_robot/share/mecanum_robot/hook/cmake_prefix_path.ps1'
[1.633s] DEBUG:colcon.colcon_core.event_handler.log_command:Invoked command in '/home/y1234/Documents/robot_ws/YSZD_RobotPlattform/build/mecanum_robot' returned '0': CMAKE_PREFIX_PATH=${CMAKE_PREFIX_PATH}:/opt/ros/humble /usr/bin/cmake --install /home/y1234/Documents/robot_ws/YSZD_RobotPlattform/build/mecanum_robot
[1.634s] INFO:colcon.colcon_core.shell:Creating environment descriptor '/home/y1234/Documents/robot_ws/YSZD_RobotPlattform/install/mecanum_robot/share/mecanum_robot/hook/cmake_prefix_path.dsv'
[1.636s] INFO:colcon.colcon_core.shell:Creating environment hook '/home/y1234/Documents/robot_ws/YSZD_RobotPlattform/install/mecanum_robot/share/mecanum_robot/hook/cmake_prefix_path.sh'
[1.639s] Level 1:colcon.colcon_core.environment:checking '/home/y1234/Documents/robot_ws/YSZD_RobotPlattform/install/mecanum_robot/lib'
[1.639s] Level 1:colcon.colcon_core.environment:checking '/home/y1234/Documents/robot_ws/YSZD_RobotPlattform/install/mecanum_robot/bin'
[1.640s] Level 1:colcon.colcon_core.environment:checking '/home/y1234/Documents/robot_ws/YSZD_RobotPlattform/install/mecanum_robot/lib/pkgconfig/mecanum_robot.pc'
[1.640s] Level 1:colcon.colcon_core.environment:checking '/home/y1234/Documents/robot_ws/YSZD_RobotPlattform/install/mecanum_robot/lib/python3.10/site-packages'
[1.641s] Level 1:colcon.colcon_core.environment:checking '/home/y1234/Documents/robot_ws/YSZD_RobotPlattform/install/mecanum_robot/bin'
[1.642s] INFO:colcon.colcon_core.shell:Creating package script '/home/y1234/Documents/robot_ws/YSZD_RobotPlattform/install/mecanum_robot/share/mecanum_robot/package.ps1'
[1.647s] INFO:colcon.colcon_core.shell:Creating package descriptor '/home/y1234/Documents/robot_ws/YSZD_RobotPlattform/install/mecanum_robot/share/mecanum_robot/package.dsv'
[1.648s] INFO:colcon.colcon_core.shell:Creating package script '/home/y1234/Documents/robot_ws/YSZD_RobotPlattform/install/mecanum_robot/share/mecanum_robot/package.sh'
[1.653s] INFO:colcon.colcon_core.shell:Creating package script '/home/y1234/Documents/robot_ws/YSZD_RobotPlattform/install/mecanum_robot/share/mecanum_robot/package.bash'
[1.655s] INFO:colcon.colcon_core.shell:Creating package script '/home/y1234/Documents/robot_ws/YSZD_RobotPlattform/install/mecanum_robot/share/mecanum_robot/package.zsh'
[1.656s] Level 1:colcon.colcon_core.environment:create_file_with_runtime_dependencies(/home/y1234/Documents/robot_ws/YSZD_RobotPlattform/install/mecanum_robot/share/colcon-core/packages/mecanum_robot)
[1.658s] Level 1:colcon.colcon_core.environment:create_environment_scripts_only(mecanum_robot)
[1.658s] Level 1:colcon.colcon_core.environment:checking '/home/y1234/Documents/robot_ws/YSZD_RobotPlattform/install/mecanum_robot' for CMake module files
[1.660s] Level 1:colcon.colcon_core.environment:checking '/home/y1234/Documents/robot_ws/YSZD_RobotPlattform/install/mecanum_robot' for CMake config files
[1.660s] Level 1:colcon.colcon_core.shell:create_environment_hook('mecanum_robot', 'cmake_prefix_path')
[1.661s] INFO:colcon.colcon_core.shell:Creating environment hook '/home/y1234/Documents/robot_ws/YSZD_RobotPlattform/install/mecanum_robot/share/mecanum_robot/hook/cmake_prefix_path.ps1'
[1.662s] INFO:colcon.colcon_core.shell:Creating environment descriptor '/home/y1234/Documents/robot_ws/YSZD_RobotPlattform/install/mecanum_robot/share/mecanum_robot/hook/cmake_prefix_path.dsv'
[1.663s] INFO:colcon.colcon_core.shell:Creating environment hook '/home/y1234/Documents/robot_ws/YSZD_RobotPlattform/install/mecanum_robot/share/mecanum_robot/hook/cmake_prefix_path.sh'
[1.664s] Level 1:colcon.colcon_core.environment:checking '/home/y1234/Documents/robot_ws/YSZD_RobotPlattform/install/mecanum_robot/lib'
[1.664s] Level 1:colcon.colcon_core.environment:checking '/home/y1234/Documents/robot_ws/YSZD_RobotPlattform/install/mecanum_robot/bin'
[1.664s] Level 1:colcon.colcon_core.environment:checking '/home/y1234/Documents/robot_ws/YSZD_RobotPlattform/install/mecanum_robot/lib/pkgconfig/mecanum_robot.pc'
[1.665s] Level 1:colcon.colcon_core.environment:checking '/home/y1234/Documents/robot_ws/YSZD_RobotPlattform/install/mecanum_robot/lib/python3.10/site-packages'
[1.665s] Level 1:colcon.colcon_core.environment:checking '/home/y1234/Documents/robot_ws/YSZD_RobotPlattform/install/mecanum_robot/bin'
[1.666s] INFO:colcon.colcon_core.shell:Creating package script '/home/y1234/Documents/robot_ws/YSZD_RobotPlattform/install/mecanum_robot/share/mecanum_robot/package.ps1'
[1.667s] INFO:colcon.colcon_core.shell:Creating package descriptor '/home/y1234/Documents/robot_ws/YSZD_RobotPlattform/install/mecanum_robot/share/mecanum_robot/package.dsv'
[1.668s] INFO:colcon.colcon_core.shell:Creating package script '/home/y1234/Documents/robot_ws/YSZD_RobotPlattform/install/mecanum_robot/share/mecanum_robot/package.sh'
[1.669s] INFO:colcon.colcon_core.shell:Creating package script '/home/y1234/Documents/robot_ws/YSZD_RobotPlattform/install/mecanum_robot/share/mecanum_robot/package.bash'
[1.670s] INFO:colcon.colcon_core.shell:Creating package script '/home/y1234/Documents/robot_ws/YSZD_RobotPlattform/install/mecanum_robot/share/mecanum_robot/package.zsh'
[1.671s] Level 1:colcon.colcon_core.environment:create_file_with_runtime_dependencies(/home/y1234/Documents/robot_ws/YSZD_RobotPlattform/install/mecanum_robot/share/colcon-core/packages/mecanum_robot)
[1.671s] DEBUG:colcon.colcon_parallel_executor.executor.parallel:closing loop
[1.672s] DEBUG:colcon.colcon_parallel_executor.executor.parallel:loop closed
[1.672s] DEBUG:colcon.colcon_parallel_executor.executor.parallel:run_until_complete finished with '0'
[1.672s] DEBUG:colcon.colcon_core.event_reactor:joining thread
[1.682s] INFO:colcon.colcon_core.plugin_system:Skipping extension 'colcon_notification.desktop_notification.terminal_notifier': Not used on non-Darwin systems
[1.683s] INFO:colcon.colcon_core.plugin_system:Skipping extension 'colcon_notification.desktop_notification.win32': Not used on non-Windows systems
[1.683s] INFO:colcon.colcon_notification.desktop_notification:Sending desktop notification using 'notify2'
[1.718s] DEBUG:colcon.colcon_core.event_reactor:joined thread
[1.719s] INFO:colcon.colcon_core.shell:Creating prefix script '/home/y1234/Documents/robot_ws/YSZD_RobotPlattform/install/local_setup.ps1'
[1.721s] INFO:colcon.colcon_core.shell:Creating prefix util module '/home/y1234/Documents/robot_ws/YSZD_RobotPlattform/install/_local_setup_util_ps1.py'
[1.725s] INFO:colcon.colcon_core.shell:Creating prefix chain script '/home/y1234/Documents/robot_ws/YSZD_RobotPlattform/install/setup.ps1'
[1.731s] INFO:colcon.colcon_core.shell:Creating prefix script '/home/y1234/Documents/robot_ws/YSZD_RobotPlattform/install/local_setup.sh'
[1.732s] INFO:colcon.colcon_core.shell:Creating prefix util module '/home/y1234/Documents/robot_ws/YSZD_RobotPlattform/install/_local_setup_util_sh.py'
[1.734s] INFO:colcon.colcon_core.shell:Creating prefix chain script '/home/y1234/Documents/robot_ws/YSZD_RobotPlattform/install/setup.sh'
[1.736s] INFO:colcon.colcon_core.shell:Creating prefix script '/home/y1234/Documents/robot_ws/YSZD_RobotPlattform/install/local_setup.bash'
[1.738s] INFO:colcon.colcon_core.shell:Creating prefix chain script '/home/y1234/Documents/robot_ws/YSZD_RobotPlattform/install/setup.bash'
[1.740s] INFO:colcon.colcon_core.shell:Creating prefix script '/home/y1234/Documents/robot_ws/YSZD_RobotPlattform/install/local_setup.zsh'
[1.741s] INFO:colcon.colcon_core.shell:Creating prefix chain script '/home/y1234/Documents/robot_ws/YSZD_RobotPlattform/install/setup.zsh'
