[0.075s] DEBUG:colcon:Command line arguments: ['/usr/bin/colcon', 'build', '--base-paths', 'src', '--packages-select', 'ros2_robot_bridge']
[0.075s] DEBUG:colcon:Parsed command line arguments: Namespace(log_base=None, log_level=None, verb_name='build', build_base='build', install_base='install', merge_install=False, symlink_install=False, test_result_base=None, continue_on_error=False, executor='parallel', parallel_workers=16, event_handlers=None, ignore_user_meta=False, metas=['./colcon.meta'], base_paths=['src'], packages_ignore=None, packages_ignore_regex=None, paths=None, packages_up_to=None, packages_up_to_regex=None, packages_above=None, packages_above_and_dependencies=None, packages_above_depth=None, packages_select_by_dep=None, packages_skip_by_dep=None, packages_skip_up_to=None, packages_select_build_failed=False, packages_skip_build_finished=False, packages_select_test_failures=False, packages_skip_test_passed=False, packages_select=['ros2_robot_bridge'], packages_skip=None, packages_select_regex=None, packages_skip_regex=None, packages_start=None, packages_end=None, allow_overriding=[], cmake_args=None, cmake_target=None, cmake_target_skip_unavailable=False, cmake_clean_cache=False, cmake_clean_first=False, cmake_force_configure=False, ament_cmake_args=None, catkin_cmake_args=None, catkin_skip_building_tests=False, mixin_files=None, mixin=None, verb_parser=<colcon_mixin.mixin.mixin_argument.MixinArgumentDecorator object at 0x7b1e63962d40>, verb_extension=<colcon_core.verb.build.BuildVerb object at 0x7b1e63962890>, main=<bound method BuildVerb.main of <colcon_core.verb.build.BuildVerb object at 0x7b1e63962890>>, mixin_verb=('build',))
[0.197s] Level 1:colcon.colcon_core.package_discovery:discover_packages(colcon_meta) check parameters
[0.198s] Level 1:colcon.colcon_core.package_discovery:discover_packages(recursive) check parameters
[0.198s] Level 1:colcon.colcon_core.package_discovery:discover_packages(ignore) check parameters
[0.198s] Level 1:colcon.colcon_core.package_discovery:discover_packages(path) check parameters
[0.198s] Level 1:colcon.colcon_core.package_discovery:discover_packages(recursive) discover
[0.198s] INFO:colcon.colcon_core.package_discovery:Crawling recursively for packages in '/home/bd/Documents/Robot/YSZD_RobotPlattform/src'
[0.198s] Level 1:colcon.colcon_core.package_identification:_identify(src) by extensions ['ignore', 'ignore_ament_install']
[0.198s] Level 1:colcon.colcon_core.package_identification:_identify(src) by extension 'ignore'
[0.198s] Level 1:colcon.colcon_core.package_identification:_identify(src) by extension 'ignore_ament_install'
[0.198s] Level 1:colcon.colcon_core.package_identification:_identify(src) by extensions ['colcon_pkg']
[0.198s] Level 1:colcon.colcon_core.package_identification:_identify(src) by extension 'colcon_pkg'
[0.198s] Level 1:colcon.colcon_core.package_identification:_identify(src) by extensions ['colcon_meta']
[0.198s] Level 1:colcon.colcon_core.package_identification:_identify(src) by extension 'colcon_meta'
[0.198s] Level 1:colcon.colcon_core.package_identification:_identify(src) by extensions ['ros']
[0.198s] Level 1:colcon.colcon_core.package_identification:_identify(src) by extension 'ros'
[0.205s] Level 1:colcon.colcon_core.package_identification:_identify(src) by extensions ['cmake', 'python']
[0.205s] Level 1:colcon.colcon_core.package_identification:_identify(src) by extension 'cmake'
[0.205s] Level 1:colcon.colcon_core.package_identification:_identify(src) by extension 'python'
[0.205s] Level 1:colcon.colcon_core.package_identification:_identify(src) by extensions ['python_setup_py']
[0.205s] Level 1:colcon.colcon_core.package_identification:_identify(src) by extension 'python_setup_py'
[0.206s] Level 1:colcon.colcon_core.package_identification:_identify(src/ros2_robot_bridge) by extensions ['ignore', 'ignore_ament_install']
[0.206s] Level 1:colcon.colcon_core.package_identification:_identify(src/ros2_robot_bridge) by extension 'ignore'
[0.206s] Level 1:colcon.colcon_core.package_identification:_identify(src/ros2_robot_bridge) by extension 'ignore_ament_install'
[0.206s] Level 1:colcon.colcon_core.package_identification:_identify(src/ros2_robot_bridge) by extensions ['colcon_pkg']
[0.206s] Level 1:colcon.colcon_core.package_identification:_identify(src/ros2_robot_bridge) by extension 'colcon_pkg'
[0.206s] Level 1:colcon.colcon_core.package_identification:_identify(src/ros2_robot_bridge) by extensions ['colcon_meta']
[0.206s] Level 1:colcon.colcon_core.package_identification:_identify(src/ros2_robot_bridge) by extension 'colcon_meta'
[0.206s] Level 1:colcon.colcon_core.package_identification:_identify(src/ros2_robot_bridge) by extensions ['ros']
[0.206s] Level 1:colcon.colcon_core.package_identification:_identify(src/ros2_robot_bridge) by extension 'ros'
[0.207s] DEBUG:colcon.colcon_core.package_identification:Package 'src/ros2_robot_bridge' with type 'ros.ament_cmake' and name 'ros2_robot_bridge'
[0.208s] Level 1:colcon.colcon_core.package_discovery:discover_packages(recursive) using defaults
[0.231s] Level 1:colcon.colcon_core.package_discovery:discover_packages(prefix_path) check parameters
[0.231s] Level 1:colcon.colcon_core.package_discovery:discover_packages(prefix_path) discover
[0.233s] DEBUG:colcon.colcon_installed_package_information.package_discovery:Found 391 installed packages in /opt/ros/humble
[0.234s] Level 1:colcon.colcon_core.package_discovery:discover_packages(prefix_path) using defaults
[0.262s] Level 5:colcon.colcon_core.verb:set package 'ros2_robot_bridge' build argument 'cmake_args' from command line to 'None'
[0.262s] Level 5:colcon.colcon_core.verb:set package 'ros2_robot_bridge' build argument 'cmake_target' from command line to 'None'
[0.262s] Level 5:colcon.colcon_core.verb:set package 'ros2_robot_bridge' build argument 'cmake_target_skip_unavailable' from command line to 'False'
[0.262s] Level 5:colcon.colcon_core.verb:set package 'ros2_robot_bridge' build argument 'cmake_clean_cache' from command line to 'False'
[0.262s] Level 5:colcon.colcon_core.verb:set package 'ros2_robot_bridge' build argument 'cmake_clean_first' from command line to 'False'
[0.262s] Level 5:colcon.colcon_core.verb:set package 'ros2_robot_bridge' build argument 'cmake_force_configure' from command line to 'False'
[0.262s] Level 5:colcon.colcon_core.verb:set package 'ros2_robot_bridge' build argument 'ament_cmake_args' from command line to 'None'
[0.262s] Level 5:colcon.colcon_core.verb:set package 'ros2_robot_bridge' build argument 'catkin_cmake_args' from command line to 'None'
[0.262s] Level 5:colcon.colcon_core.verb:set package 'ros2_robot_bridge' build argument 'catkin_skip_building_tests' from command line to 'False'
[0.262s] DEBUG:colcon.colcon_core.verb:Building package 'ros2_robot_bridge' with the following arguments: {'ament_cmake_args': None, 'build_base': '/home/bd/Documents/Robot/YSZD_RobotPlattform/build/ros2_robot_bridge', 'catkin_cmake_args': None, 'catkin_skip_building_tests': False, 'cmake_args': None, 'cmake_clean_cache': False, 'cmake_clean_first': False, 'cmake_force_configure': False, 'cmake_target': None, 'cmake_target_skip_unavailable': False, 'install_base': '/home/bd/Documents/Robot/YSZD_RobotPlattform/install/ros2_robot_bridge', 'merge_install': False, 'path': '/home/bd/Documents/Robot/YSZD_RobotPlattform/src/ros2_robot_bridge', 'symlink_install': False, 'test_result_base': None}
[0.262s] INFO:colcon.colcon_core.executor:Executing jobs using 'parallel' executor
[0.263s] DEBUG:colcon.colcon_parallel_executor.executor.parallel:run_until_complete
[0.263s] INFO:colcon.colcon_ros.task.ament_cmake.build:Building ROS package in '/home/bd/Documents/Robot/YSZD_RobotPlattform/src/ros2_robot_bridge' with build type 'ament_cmake'
[0.263s] INFO:colcon.colcon_cmake.task.cmake.build:Building CMake package in '/home/bd/Documents/Robot/YSZD_RobotPlattform/src/ros2_robot_bridge'
[0.265s] INFO:colcon.colcon_core.plugin_system:Skipping extension 'colcon_core.shell.bat': Not used on non-Windows systems
[0.265s] INFO:colcon.colcon_core.shell:Skip shell extension 'powershell' for command environment: Not usable outside of PowerShell
[0.265s] DEBUG:colcon.colcon_core.shell:Skip shell extension 'dsv' for command environment
[0.271s] DEBUG:colcon.colcon_core.event_handler.log_command:Invoking command in '/home/bd/Documents/Robot/YSZD_RobotPlattform/build/ros2_robot_bridge': CMAKE_PREFIX_PATH=/opt/ros/humble /usr/bin/cmake /home/bd/Documents/Robot/YSZD_RobotPlattform/src/ros2_robot_bridge -DCMAKE_INSTALL_PREFIX=/home/bd/Documents/Robot/YSZD_RobotPlattform/install/ros2_robot_bridge
[0.649s] DEBUG:colcon.colcon_core.event_handler.log_command:Invoked command in '/home/bd/Documents/Robot/YSZD_RobotPlattform/build/ros2_robot_bridge' returned '0': CMAKE_PREFIX_PATH=/opt/ros/humble /usr/bin/cmake /home/bd/Documents/Robot/YSZD_RobotPlattform/src/ros2_robot_bridge -DCMAKE_INSTALL_PREFIX=/home/bd/Documents/Robot/YSZD_RobotPlattform/install/ros2_robot_bridge
[0.652s] DEBUG:colcon.colcon_core.event_handler.log_command:Invoking command in '/home/bd/Documents/Robot/YSZD_RobotPlattform/build/ros2_robot_bridge': CMAKE_PREFIX_PATH=/opt/ros/humble /usr/bin/cmake --build /home/bd/Documents/Robot/YSZD_RobotPlattform/build/ros2_robot_bridge -- -j16 -l16
[7.767s] DEBUG:colcon.colcon_core.event_handler.log_command:Invoked command in '/home/bd/Documents/Robot/YSZD_RobotPlattform/build/ros2_robot_bridge' returned '0': CMAKE_PREFIX_PATH=/opt/ros/humble /usr/bin/cmake --build /home/bd/Documents/Robot/YSZD_RobotPlattform/build/ros2_robot_bridge -- -j16 -l16
[7.775s] DEBUG:colcon.colcon_core.event_handler.log_command:Invoking command in '/home/bd/Documents/Robot/YSZD_RobotPlattform/build/ros2_robot_bridge': CMAKE_PREFIX_PATH=/opt/ros/humble /usr/bin/cmake --install /home/bd/Documents/Robot/YSZD_RobotPlattform/build/ros2_robot_bridge
[7.786s] Level 1:colcon.colcon_core.environment:create_environment_scripts_only(ros2_robot_bridge)
[7.788s] DEBUG:colcon.colcon_core.event_handler.log_command:Invoked command in '/home/bd/Documents/Robot/YSZD_RobotPlattform/build/ros2_robot_bridge' returned '0': CMAKE_PREFIX_PATH=/opt/ros/humble /usr/bin/cmake --install /home/bd/Documents/Robot/YSZD_RobotPlattform/build/ros2_robot_bridge
[7.789s] Level 1:colcon.colcon_core.environment:checking '/home/bd/Documents/Robot/YSZD_RobotPlattform/install/ros2_robot_bridge' for CMake module files
[7.789s] Level 1:colcon.colcon_core.environment:checking '/home/bd/Documents/Robot/YSZD_RobotPlattform/install/ros2_robot_bridge' for CMake config files
[7.789s] Level 1:colcon.colcon_core.shell:create_environment_hook('ros2_robot_bridge', 'cmake_prefix_path')
[7.789s] INFO:colcon.colcon_core.shell:Creating environment hook '/home/bd/Documents/Robot/YSZD_RobotPlattform/install/ros2_robot_bridge/share/ros2_robot_bridge/hook/cmake_prefix_path.ps1'
[7.790s] INFO:colcon.colcon_core.shell:Creating environment descriptor '/home/bd/Documents/Robot/YSZD_RobotPlattform/install/ros2_robot_bridge/share/ros2_robot_bridge/hook/cmake_prefix_path.dsv'
[7.791s] INFO:colcon.colcon_core.shell:Creating environment hook '/home/bd/Documents/Robot/YSZD_RobotPlattform/install/ros2_robot_bridge/share/ros2_robot_bridge/hook/cmake_prefix_path.sh'
[7.791s] Level 1:colcon.colcon_core.environment:checking '/home/bd/Documents/Robot/YSZD_RobotPlattform/install/ros2_robot_bridge/lib'
[7.791s] Level 1:colcon.colcon_core.environment:checking '/home/bd/Documents/Robot/YSZD_RobotPlattform/install/ros2_robot_bridge/bin'
[7.792s] Level 1:colcon.colcon_core.environment:checking '/home/bd/Documents/Robot/YSZD_RobotPlattform/install/ros2_robot_bridge/lib/pkgconfig/ros2_robot_bridge.pc'
[7.792s] Level 1:colcon.colcon_core.environment:checking '/home/bd/Documents/Robot/YSZD_RobotPlattform/install/ros2_robot_bridge/lib/python3.10/site-packages'
[7.792s] Level 1:colcon.colcon_core.environment:checking '/home/bd/Documents/Robot/YSZD_RobotPlattform/install/ros2_robot_bridge/bin'
[7.792s] INFO:colcon.colcon_core.shell:Creating package script '/home/bd/Documents/Robot/YSZD_RobotPlattform/install/ros2_robot_bridge/share/ros2_robot_bridge/package.ps1'
[7.793s] INFO:colcon.colcon_core.shell:Creating package descriptor '/home/bd/Documents/Robot/YSZD_RobotPlattform/install/ros2_robot_bridge/share/ros2_robot_bridge/package.dsv'
[7.793s] INFO:colcon.colcon_core.shell:Creating package script '/home/bd/Documents/Robot/YSZD_RobotPlattform/install/ros2_robot_bridge/share/ros2_robot_bridge/package.sh'
[7.793s] INFO:colcon.colcon_core.shell:Creating package script '/home/bd/Documents/Robot/YSZD_RobotPlattform/install/ros2_robot_bridge/share/ros2_robot_bridge/package.bash'
[7.794s] INFO:colcon.colcon_core.shell:Creating package script '/home/bd/Documents/Robot/YSZD_RobotPlattform/install/ros2_robot_bridge/share/ros2_robot_bridge/package.zsh'
[7.794s] Level 1:colcon.colcon_core.environment:create_file_with_runtime_dependencies(/home/bd/Documents/Robot/YSZD_RobotPlattform/install/ros2_robot_bridge/share/colcon-core/packages/ros2_robot_bridge)
[7.795s] Level 1:colcon.colcon_core.environment:create_environment_scripts_only(ros2_robot_bridge)
[7.795s] Level 1:colcon.colcon_core.environment:checking '/home/bd/Documents/Robot/YSZD_RobotPlattform/install/ros2_robot_bridge' for CMake module files
[7.795s] Level 1:colcon.colcon_core.environment:checking '/home/bd/Documents/Robot/YSZD_RobotPlattform/install/ros2_robot_bridge' for CMake config files
[7.795s] Level 1:colcon.colcon_core.shell:create_environment_hook('ros2_robot_bridge', 'cmake_prefix_path')
[7.796s] INFO:colcon.colcon_core.shell:Creating environment hook '/home/bd/Documents/Robot/YSZD_RobotPlattform/install/ros2_robot_bridge/share/ros2_robot_bridge/hook/cmake_prefix_path.ps1'
[7.796s] INFO:colcon.colcon_core.shell:Creating environment descriptor '/home/bd/Documents/Robot/YSZD_RobotPlattform/install/ros2_robot_bridge/share/ros2_robot_bridge/hook/cmake_prefix_path.dsv'
[7.796s] INFO:colcon.colcon_core.shell:Creating environment hook '/home/bd/Documents/Robot/YSZD_RobotPlattform/install/ros2_robot_bridge/share/ros2_robot_bridge/hook/cmake_prefix_path.sh'
[7.796s] Level 1:colcon.colcon_core.environment:checking '/home/bd/Documents/Robot/YSZD_RobotPlattform/install/ros2_robot_bridge/lib'
[7.796s] Level 1:colcon.colcon_core.environment:checking '/home/bd/Documents/Robot/YSZD_RobotPlattform/install/ros2_robot_bridge/bin'
[7.796s] Level 1:colcon.colcon_core.environment:checking '/home/bd/Documents/Robot/YSZD_RobotPlattform/install/ros2_robot_bridge/lib/pkgconfig/ros2_robot_bridge.pc'
[7.797s] Level 1:colcon.colcon_core.environment:checking '/home/bd/Documents/Robot/YSZD_RobotPlattform/install/ros2_robot_bridge/lib/python3.10/site-packages'
[7.797s] Level 1:colcon.colcon_core.environment:checking '/home/bd/Documents/Robot/YSZD_RobotPlattform/install/ros2_robot_bridge/bin'
[7.797s] INFO:colcon.colcon_core.shell:Creating package script '/home/bd/Documents/Robot/YSZD_RobotPlattform/install/ros2_robot_bridge/share/ros2_robot_bridge/package.ps1'
[7.797s] INFO:colcon.colcon_core.shell:Creating package descriptor '/home/bd/Documents/Robot/YSZD_RobotPlattform/install/ros2_robot_bridge/share/ros2_robot_bridge/package.dsv'
[7.798s] INFO:colcon.colcon_core.shell:Creating package script '/home/bd/Documents/Robot/YSZD_RobotPlattform/install/ros2_robot_bridge/share/ros2_robot_bridge/package.sh'
[7.798s] INFO:colcon.colcon_core.shell:Creating package script '/home/bd/Documents/Robot/YSZD_RobotPlattform/install/ros2_robot_bridge/share/ros2_robot_bridge/package.bash'
[7.798s] INFO:colcon.colcon_core.shell:Creating package script '/home/bd/Documents/Robot/YSZD_RobotPlattform/install/ros2_robot_bridge/share/ros2_robot_bridge/package.zsh'
[7.798s] Level 1:colcon.colcon_core.environment:create_file_with_runtime_dependencies(/home/bd/Documents/Robot/YSZD_RobotPlattform/install/ros2_robot_bridge/share/colcon-core/packages/ros2_robot_bridge)
[7.798s] DEBUG:colcon.colcon_parallel_executor.executor.parallel:closing loop
[7.799s] DEBUG:colcon.colcon_parallel_executor.executor.parallel:loop closed
[7.799s] DEBUG:colcon.colcon_parallel_executor.executor.parallel:run_until_complete finished with '0'
[7.799s] DEBUG:colcon.colcon_core.event_reactor:joining thread
[7.808s] INFO:colcon.colcon_core.plugin_system:Skipping extension 'colcon_notification.desktop_notification.terminal_notifier': Not used on non-Darwin systems
[7.808s] INFO:colcon.colcon_core.plugin_system:Skipping extension 'colcon_notification.desktop_notification.win32': Not used on non-Windows systems
[7.808s] INFO:colcon.colcon_notification.desktop_notification:Sending desktop notification using 'notify2'
[7.827s] DEBUG:colcon.colcon_core.event_reactor:joined thread
[7.828s] INFO:colcon.colcon_core.shell:Creating prefix script '/home/bd/Documents/Robot/YSZD_RobotPlattform/install/local_setup.ps1'
[7.829s] INFO:colcon.colcon_core.shell:Creating prefix util module '/home/bd/Documents/Robot/YSZD_RobotPlattform/install/_local_setup_util_ps1.py'
[7.830s] INFO:colcon.colcon_core.shell:Creating prefix chain script '/home/bd/Documents/Robot/YSZD_RobotPlattform/install/setup.ps1'
[7.830s] INFO:colcon.colcon_core.shell:Creating prefix script '/home/bd/Documents/Robot/YSZD_RobotPlattform/install/local_setup.sh'
[7.831s] INFO:colcon.colcon_core.shell:Creating prefix util module '/home/bd/Documents/Robot/YSZD_RobotPlattform/install/_local_setup_util_sh.py'
[7.831s] INFO:colcon.colcon_core.shell:Creating prefix chain script '/home/bd/Documents/Robot/YSZD_RobotPlattform/install/setup.sh'
[7.831s] INFO:colcon.colcon_core.shell:Creating prefix script '/home/bd/Documents/Robot/YSZD_RobotPlattform/install/local_setup.bash'
[7.832s] INFO:colcon.colcon_core.shell:Creating prefix chain script '/home/bd/Documents/Robot/YSZD_RobotPlattform/install/setup.bash'
[7.832s] INFO:colcon.colcon_core.shell:Creating prefix script '/home/bd/Documents/Robot/YSZD_RobotPlattform/install/local_setup.zsh'
[7.833s] INFO:colcon.colcon_core.shell:Creating prefix chain script '/home/bd/Documents/Robot/YSZD_RobotPlattform/install/setup.zsh'
