[0.000000] (-) TimerEvent: {}
[0.000405] (mecanum_robot) JobQueued: {'identifier': 'mecanum_robot', 'dependencies': OrderedDict()}
[0.000529] (mecanum_robot) JobStarted: {'identifier': 'mecanum_robot'}
[0.025630] (mecanum_robot) JobProgress: {'identifier': 'mecanum_robot', 'progress': 'cmake'}
[0.028837] (mecanum_robot) JobProgress: {'identifier': 'mecanum_robot', 'progress': 'build'}
[0.030442] (mecanum_robot) Command: {'cmd': ['/usr/bin/cmake', '--build', '/home/y1234/Documents/robot_ws/YSZD_RobotPlattform/build/mecanum_robot', '--', '-j6', '-l6'], 'cwd': '/home/y1234/Documents/robot_ws/YSZD_RobotPlattform/build/mecanum_robot', 'env': OrderedDict([('LESSOPEN', '| /usr/bin/lesspipe %s'), ('VSCODE_CWD', '/home/y1234'), ('VSCODE_ESM_ENTRYPOINT', 'vs/workbench/api/node/extensionHostProcess'), ('USER', 'y1234'), ('VSCODE_NLS_CONFIG', '{"userLocale":"en-us","osLocale":"en-us","resolvedLanguage":"en","defaultMessagesFile":"/usr/share/cursor/resources/app/out/nls.messages.json","locale":"en-us","availableLanguages":{}}'), ('VSCODE_HANDLES_UNCAUGHT_ERRORS', 'true'), ('XDG_SESSION_TYPE', 'x11'), ('SHLVL', '0'), ('LD_LIBRARY_PATH', '/opt/ros/humble/opt/rviz_ogre_vendor/lib:/opt/ros/humble/lib/aarch64-linux-gnu:/opt/ros/humble/lib'), ('HOME', '/home/y1234'), ('CHROME_DESKTOP', 'cursor.desktop'), ('OLDPWD', '/home/y1234/Documents/robot_ws/YSZD_RobotPlattform'), ('DESKTOP_SESSION', 'ubuntu'), ('VSCODE_IPC_HOOK', '/run/user/1000/vscode-9bde45c7-2.1.-main.sock'), ('GIO_LAUNCHED_DESKTOP_FILE', '/usr/share/applications/cursor.desktop'), ('ROS_PYTHON_VERSION', '3'), ('GNOME_SHELL_SESSION_MODE', 'ubuntu'), ('GTK_MODULES', 'gail:atk-bridge'), ('MANAGERPID', '2287'), ('DBUS_STARTER_BUS_TYPE', 'session'), ('SYSTEMD_EXEC_PID', '2446'), ('NO_COLOR', '1'), ('DBUS_SESSION_BUS_ADDRESS', 'unix:path=/run/user/1000/bus,guid=461ec7e6010024b1891cb2bf692aab19'), ('GIO_LAUNCHED_DESKTOP_FILE_PID', '9538'), ('VSCODE_CRASH_REPORTER_PROCESS_TYPE', 'extensionHost'), ('IM_CONFIG_PHASE', '1'), ('VSCODE_L10N_BUNDLE_LOCATION', ''), ('COLCON_PREFIX_PATH', '/home/y1234/Documents/robot_ws/YSZD_RobotPlattform/install'), ('ROS_DISTRO', 'humble'), ('GTK_IM_MODULE', 'ibus'), ('LOGNAME', 'y1234'), ('FORCE_COLOR', '0'), ('JOURNAL_STREAM', '8:41816'), ('_', '/usr/bin/colcon'), ('ROS_VERSION', '2'), ('XDG_SESSION_CLASS', 'user'), ('USERNAME', 'y1234'), ('TERM', 'dumb'), ('GNOME_DESKTOP_SESSION_ID', 'this-is-deprecated'), ('ROS_LOCALHOST_ONLY', '0'), ('COMPOSER_NO_INTERACTION', '1'), ('WINDOWPATH', '2'), ('PATH', '/home/y1234/.local/bin:/opt/ros/humble/bin:/usr/local/sbin:/usr/local/bin:/usr/sbin:/usr/bin:/sbin:/bin:/usr/games:/usr/local/games:/snap/bin:/snap/bin'), ('SESSION_MANAGER', 'local/y1234-desktop:@/tmp/.ICE-unix/2446,unix/y1234-desktop:/tmp/.ICE-unix/2446'), ('INVOCATION_ID', 'c96251ba9684404d9fa68e2e99e2482b'), ('XDG_MENU_PREFIX', 'gnome-'), ('VSCODE_PROCESS_TITLE', 'extension-host  [2-2]'), ('XDG_RUNTIME_DIR', '/run/user/1000'), ('GDK_BACKEND', 'x11'), ('CURSOR_AGENT', '1'), ('DISPLAY', ':1'), ('LANG', 'en_US.UTF-8'), ('XDG_CURRENT_DESKTOP', 'Unity'), ('XMODIFIERS', '@im=ibus'), ('XDG_SESSION_DESKTOP', 'ubuntu'), ('XAUTHORITY', '/run/user/1000/gdm/Xauthority'), ('LS_COLORS', ''), ('CURSOR_TRACE_ID', 'a49f775bffae4c9ca56ce2f8a80c17e3'), ('SSH_AGENT_LAUNCHER', 'gnome-keyring'), ('SSH_AUTH_SOCK', '/run/user/1000/keyring/ssh'), ('AMENT_PREFIX_PATH', '/home/y1234/Documents/robot_ws/YSZD_RobotPlattform/install/mecanum_robot:/opt/ros/humble'), ('ORIGINAL_XDG_CURRENT_DESKTOP', 'ubuntu:GNOME'), ('SHELL', '/bin/bash'), ('QT_ACCESSIBILITY', '1'), ('GDMSESSION', 'ubuntu'), ('LESSCLOSE', '/usr/bin/lesspipe %s %s'), ('GPG_AGENT_INFO', '/run/user/1000/gnupg/S.gpg-agent:0:1'), ('QT_IM_MODULE', 'ibus'), ('PWD', '/home/y1234/Documents/robot_ws/YSZD_RobotPlattform/build/mecanum_robot'), ('LC_ALL', 'en_US.UTF-8'), ('XDG_CONFIG_DIRS', '/etc/xdg/xdg-ubuntu:/etc/xdg'), ('VSCODE_CODE_CACHE_PATH', '/home/y1234/.config/Cursor/CachedData/7584ea888f7eb7bf76c9873a8f71b28f034a9820'), ('DBUS_STARTER_ADDRESS', 'unix:path=/run/user/1000/bus,guid=461ec7e6010024b1891cb2bf692aab19'), ('XDG_DATA_DIRS', '/usr/share/ubuntu:/usr/share/gnome:/usr/local/share/:/usr/share/:/var/lib/snapd/desktop'), ('PYTHONPATH', '/home/y1234/Documents/robot_ws/YSZD_RobotPlattform/install/mecanum_robot/local/lib/python3.10/dist-packages:/home/y1234/.local/lib/python3.10/site-packages:/opt/ros/humble/lib/python3.10/site-packages:/opt/ros/humble/local/lib/python3.10/dist-packages'), ('COLCON', '1'), ('_ZO_DOCTOR', '0'), ('CMAKE_PREFIX_PATH', '/home/y1234/Documents/robot_ws/YSZD_RobotPlattform/install/mecanum_robot:/opt/ros/humble'), ('VSCODE_PID', '9538')]), 'shell': False}
[0.098357] (-) TimerEvent: {}
[0.198770] (-) TimerEvent: {}
[0.251961] (mecanum_robot) StdoutLine: {'line': b'Built target ament_cmake_python_copy_mecanum_robot\n'}
[0.299032] (-) TimerEvent: {}
[0.399403] (-) TimerEvent: {}
[0.499767] (-) TimerEvent: {}
[0.600132] (-) TimerEvent: {}
[0.700483] (-) TimerEvent: {}
[0.801540] (-) TimerEvent: {}
[0.901974] (-) TimerEvent: {}
[1.002333] (-) TimerEvent: {}
[1.102697] (-) TimerEvent: {}
[1.159925] (mecanum_robot) StdoutLine: {'line': b'running egg_info\n'}
[1.165769] (mecanum_robot) StdoutLine: {'line': b'writing mecanum_robot.egg-info/PKG-INFO\n'}
[1.167311] (mecanum_robot) StdoutLine: {'line': b'writing dependency_links to mecanum_robot.egg-info/dependency_links.txt\n'}
[1.169188] (mecanum_robot) StdoutLine: {'line': b'writing top-level names to mecanum_robot.egg-info/top_level.txt\n'}
[1.179695] (mecanum_robot) StdoutLine: {'line': b"reading manifest file 'mecanum_robot.egg-info/SOURCES.txt'\n"}
[1.183712] (mecanum_robot) StdoutLine: {'line': b"writing manifest file 'mecanum_robot.egg-info/SOURCES.txt'\n"}
[1.202850] (-) TimerEvent: {}
[1.303212] (-) TimerEvent: {}
[1.306511] (mecanum_robot) StdoutLine: {'line': b'Built target ament_cmake_python_build_mecanum_robot_egg\n'}
[1.343336] (mecanum_robot) CommandEnded: {'returncode': 0}
[1.348393] (mecanum_robot) JobProgress: {'identifier': 'mecanum_robot', 'progress': 'install'}
[1.400483] (mecanum_robot) Command: {'cmd': ['/usr/bin/cmake', '--install', '/home/y1234/Documents/robot_ws/YSZD_RobotPlattform/build/mecanum_robot'], 'cwd': '/home/y1234/Documents/robot_ws/YSZD_RobotPlattform/build/mecanum_robot', 'env': OrderedDict([('LESSOPEN', '| /usr/bin/lesspipe %s'), ('VSCODE_CWD', '/home/y1234'), ('VSCODE_ESM_ENTRYPOINT', 'vs/workbench/api/node/extensionHostProcess'), ('USER', 'y1234'), ('VSCODE_NLS_CONFIG', '{"userLocale":"en-us","osLocale":"en-us","resolvedLanguage":"en","defaultMessagesFile":"/usr/share/cursor/resources/app/out/nls.messages.json","locale":"en-us","availableLanguages":{}}'), ('VSCODE_HANDLES_UNCAUGHT_ERRORS', 'true'), ('XDG_SESSION_TYPE', 'x11'), ('SHLVL', '0'), ('LD_LIBRARY_PATH', '/opt/ros/humble/opt/rviz_ogre_vendor/lib:/opt/ros/humble/lib/aarch64-linux-gnu:/opt/ros/humble/lib'), ('HOME', '/home/y1234'), ('CHROME_DESKTOP', 'cursor.desktop'), ('OLDPWD', '/home/y1234/Documents/robot_ws/YSZD_RobotPlattform'), ('DESKTOP_SESSION', 'ubuntu'), ('VSCODE_IPC_HOOK', '/run/user/1000/vscode-9bde45c7-2.1.-main.sock'), ('GIO_LAUNCHED_DESKTOP_FILE', '/usr/share/applications/cursor.desktop'), ('ROS_PYTHON_VERSION', '3'), ('GNOME_SHELL_SESSION_MODE', 'ubuntu'), ('GTK_MODULES', 'gail:atk-bridge'), ('MANAGERPID', '2287'), ('DBUS_STARTER_BUS_TYPE', 'session'), ('SYSTEMD_EXEC_PID', '2446'), ('NO_COLOR', '1'), ('DBUS_SESSION_BUS_ADDRESS', 'unix:path=/run/user/1000/bus,guid=461ec7e6010024b1891cb2bf692aab19'), ('GIO_LAUNCHED_DESKTOP_FILE_PID', '9538'), ('VSCODE_CRASH_REPORTER_PROCESS_TYPE', 'extensionHost'), ('IM_CONFIG_PHASE', '1'), ('VSCODE_L10N_BUNDLE_LOCATION', ''), ('COLCON_PREFIX_PATH', '/home/y1234/Documents/robot_ws/YSZD_RobotPlattform/install'), ('ROS_DISTRO', 'humble'), ('GTK_IM_MODULE', 'ibus'), ('LOGNAME', 'y1234'), ('FORCE_COLOR', '0'), ('JOURNAL_STREAM', '8:41816'), ('_', '/usr/bin/colcon'), ('ROS_VERSION', '2'), ('XDG_SESSION_CLASS', 'user'), ('USERNAME', 'y1234'), ('TERM', 'dumb'), ('GNOME_DESKTOP_SESSION_ID', 'this-is-deprecated'), ('ROS_LOCALHOST_ONLY', '0'), ('COMPOSER_NO_INTERACTION', '1'), ('WINDOWPATH', '2'), ('PATH', '/home/y1234/.local/bin:/opt/ros/humble/bin:/usr/local/sbin:/usr/local/bin:/usr/sbin:/usr/bin:/sbin:/bin:/usr/games:/usr/local/games:/snap/bin:/snap/bin'), ('SESSION_MANAGER', 'local/y1234-desktop:@/tmp/.ICE-unix/2446,unix/y1234-desktop:/tmp/.ICE-unix/2446'), ('INVOCATION_ID', 'c96251ba9684404d9fa68e2e99e2482b'), ('XDG_MENU_PREFIX', 'gnome-'), ('VSCODE_PROCESS_TITLE', 'extension-host  [2-2]'), ('XDG_RUNTIME_DIR', '/run/user/1000'), ('GDK_BACKEND', 'x11'), ('CURSOR_AGENT', '1'), ('DISPLAY', ':1'), ('LANG', 'en_US.UTF-8'), ('XDG_CURRENT_DESKTOP', 'Unity'), ('XMODIFIERS', '@im=ibus'), ('XDG_SESSION_DESKTOP', 'ubuntu'), ('XAUTHORITY', '/run/user/1000/gdm/Xauthority'), ('LS_COLORS', ''), ('CURSOR_TRACE_ID', 'a49f775bffae4c9ca56ce2f8a80c17e3'), ('SSH_AGENT_LAUNCHER', 'gnome-keyring'), ('SSH_AUTH_SOCK', '/run/user/1000/keyring/ssh'), ('AMENT_PREFIX_PATH', '/home/y1234/Documents/robot_ws/YSZD_RobotPlattform/install/mecanum_robot:/opt/ros/humble'), ('ORIGINAL_XDG_CURRENT_DESKTOP', 'ubuntu:GNOME'), ('SHELL', '/bin/bash'), ('QT_ACCESSIBILITY', '1'), ('GDMSESSION', 'ubuntu'), ('LESSCLOSE', '/usr/bin/lesspipe %s %s'), ('GPG_AGENT_INFO', '/run/user/1000/gnupg/S.gpg-agent:0:1'), ('QT_IM_MODULE', 'ibus'), ('PWD', '/home/y1234/Documents/robot_ws/YSZD_RobotPlattform/build/mecanum_robot'), ('LC_ALL', 'en_US.UTF-8'), ('XDG_CONFIG_DIRS', '/etc/xdg/xdg-ubuntu:/etc/xdg'), ('VSCODE_CODE_CACHE_PATH', '/home/y1234/.config/Cursor/CachedData/7584ea888f7eb7bf76c9873a8f71b28f034a9820'), ('DBUS_STARTER_ADDRESS', 'unix:path=/run/user/1000/bus,guid=461ec7e6010024b1891cb2bf692aab19'), ('XDG_DATA_DIRS', '/usr/share/ubuntu:/usr/share/gnome:/usr/local/share/:/usr/share/:/var/lib/snapd/desktop'), ('PYTHONPATH', '/home/y1234/Documents/robot_ws/YSZD_RobotPlattform/install/mecanum_robot/local/lib/python3.10/dist-packages:/home/y1234/.local/lib/python3.10/site-packages:/opt/ros/humble/lib/python3.10/site-packages:/opt/ros/humble/local/lib/python3.10/dist-packages'), ('COLCON', '1'), ('_ZO_DOCTOR', '0'), ('CMAKE_PREFIX_PATH', '/home/y1234/Documents/robot_ws/YSZD_RobotPlattform/install/mecanum_robot:/opt/ros/humble'), ('VSCODE_PID', '9538')]), 'shell': False}
[1.403326] (-) TimerEvent: {}
[1.432462] (mecanum_robot) StdoutLine: {'line': b'-- Install configuration: ""\n'}
[1.433094] (mecanum_robot) StdoutLine: {'line': b'-- Up-to-date: /home/y1234/Documents/robot_ws/YSZD_RobotPlattform/install/mecanum_robot/share/mecanum_robot/environment/pythonpath.sh\n'}
[1.433280] (mecanum_robot) StdoutLine: {'line': b'-- Up-to-date: /home/y1234/Documents/robot_ws/YSZD_RobotPlattform/install/mecanum_robot/share/mecanum_robot/environment/pythonpath.dsv\n'}
[1.433424] (mecanum_robot) StdoutLine: {'line': b'-- Up-to-date: /home/y1234/Documents/robot_ws/YSZD_RobotPlattform/install/mecanum_robot/local/lib/python3.10/dist-packages/mecanum_robot-1.0.0-py3.10.egg-info\n'}
[1.433552] (mecanum_robot) StdoutLine: {'line': b'-- Installing: /home/y1234/Documents/robot_ws/YSZD_RobotPlattform/install/mecanum_robot/local/lib/python3.10/dist-packages/mecanum_robot-1.0.0-py3.10.egg-info/SOURCES.txt\n'}
[1.433991] (mecanum_robot) StdoutLine: {'line': b'-- Installing: /home/y1234/Documents/robot_ws/YSZD_RobotPlattform/install/mecanum_robot/local/lib/python3.10/dist-packages/mecanum_robot-1.0.0-py3.10.egg-info/top_level.txt\n'}
[1.434153] (mecanum_robot) StdoutLine: {'line': b'-- Installing: /home/y1234/Documents/robot_ws/YSZD_RobotPlattform/install/mecanum_robot/local/lib/python3.10/dist-packages/mecanum_robot-1.0.0-py3.10.egg-info/dependency_links.txt\n'}
[1.434509] (mecanum_robot) StdoutLine: {'line': b'-- Installing: /home/y1234/Documents/robot_ws/YSZD_RobotPlattform/install/mecanum_robot/local/lib/python3.10/dist-packages/mecanum_robot-1.0.0-py3.10.egg-info/PKG-INFO\n'}
[1.434779] (mecanum_robot) StdoutLine: {'line': b'-- Up-to-date: /home/y1234/Documents/robot_ws/YSZD_RobotPlattform/install/mecanum_robot/local/lib/python3.10/dist-packages/mecanum_robot\n'}
[1.434922] (mecanum_robot) StdoutLine: {'line': b'-- Up-to-date: /home/y1234/Documents/robot_ws/YSZD_RobotPlattform/install/mecanum_robot/local/lib/python3.10/dist-packages/mecanum_robot/__init__.py\n'}
[1.503523] (-) TimerEvent: {}
[1.530762] (mecanum_robot) StdoutLine: {'line': b"Listing '/home/y1234/Documents/robot_ws/YSZD_RobotPlattform/install/mecanum_robot/local/lib/python3.10/dist-packages/mecanum_robot'...\n"}
[1.554960] (mecanum_robot) StdoutLine: {'line': b'-- Up-to-date: /home/y1234/Documents/robot_ws/YSZD_RobotPlattform/install/mecanum_robot/lib/mecanum_robot/robot_node.py\n'}
[1.555409] (mecanum_robot) StdoutLine: {'line': b'-- Up-to-date: /home/y1234/Documents/robot_ws/YSZD_RobotPlattform/install/mecanum_robot/lib/mecanum_robot/remote_control.py\n'}
[1.555556] (mecanum_robot) StdoutLine: {'line': b'-- Up-to-date: /home/y1234/Documents/robot_ws/YSZD_RobotPlattform/install/mecanum_robot/lib/mecanum_robot/path_publisher.py\n'}
[1.555683] (mecanum_robot) StdoutLine: {'line': b'-- Up-to-date: /home/y1234/Documents/robot_ws/YSZD_RobotPlattform/install/mecanum_robot/lib/mecanum_robot/camera_node_fixed.py\n'}
[1.555804] (mecanum_robot) StdoutLine: {'line': b'-- Installing: /home/y1234/Documents/robot_ws/YSZD_RobotPlattform/install/mecanum_robot/lib/mecanum_robot/realsense_camera_node.py\n'}
[1.556809] (mecanum_robot) StdoutLine: {'line': b'-- Up-to-date: /home/y1234/Documents/robot_ws/YSZD_RobotPlattform/install/mecanum_robot/lib/mecanum_robot/apriltag_detector_enhanced.py\n'}
[1.556989] (mecanum_robot) StdoutLine: {'line': b'-- Up-to-date: /home/y1234/Documents/robot_ws/YSZD_RobotPlattform/install/mecanum_robot/lib/mecanum_robot/apriltag_detector_opencv4.py\n'}
[1.557134] (mecanum_robot) StdoutLine: {'line': b'-- Up-to-date: /home/y1234/Documents/robot_ws/YSZD_RobotPlattform/install/mecanum_robot/lib/mecanum_robot/position_calculator.py\n'}
[1.557689] (mecanum_robot) StdoutLine: {'line': b'-- Up-to-date: /home/y1234/Documents/robot_ws/YSZD_RobotPlattform/install/mecanum_robot/lib/mecanum_robot/image_viewer.py\n'}
[1.557886] (mecanum_robot) StdoutLine: {'line': b'-- Up-to-date: /home/y1234/Documents/robot_ws/YSZD_RobotPlattform/install/mecanum_robot/lib/mecanum_robot/waypoint_follower.py\n'}
[1.558029] (mecanum_robot) StdoutLine: {'line': b'-- Up-to-date: /home/y1234/Documents/robot_ws/YSZD_RobotPlattform/install/mecanum_robot/lib/mecanum_robot/waypoint_recorder.py\n'}
[1.558152] (mecanum_robot) StdoutLine: {'line': b'-- Up-to-date: /home/y1234/Documents/robot_ws/YSZD_RobotPlattform/install/mecanum_robot/lib/mecanum_robot/ros2_websocket_bridge.py\n'}
[1.558269] (mecanum_robot) StdoutLine: {'line': b'-- Installing: /home/y1234/Documents/robot_ws/YSZD_RobotPlattform/install/mecanum_robot/lib/mecanum_robot/ultrasonic_sensor_node.py\n'}
[1.558383] (mecanum_robot) StdoutLine: {'line': b'-- Up-to-date: /home/y1234/Documents/robot_ws/YSZD_RobotPlattform/install/mecanum_robot/share/mecanum_robot//launch\n'}
[1.558497] (mecanum_robot) StdoutLine: {'line': b'-- Up-to-date: /home/y1234/Documents/robot_ws/YSZD_RobotPlattform/install/mecanum_robot/share/mecanum_robot//launch/nav2_with_obstacles.launch.py\n'}
[1.558609] (mecanum_robot) StdoutLine: {'line': b'-- Up-to-date: /home/y1234/Documents/robot_ws/YSZD_RobotPlattform/install/mecanum_robot/share/mecanum_robot//launch/apriltag_robot.launch.py\n'}
[1.558717] (mecanum_robot) StdoutLine: {'line': b'-- Up-to-date: /home/y1234/Documents/robot_ws/YSZD_RobotPlattform/install/mecanum_robot/share/mecanum_robot//launch/mecanum_robot.launch.py\n'}
[1.558854] (mecanum_robot) StdoutLine: {'line': b'-- Up-to-date: /home/y1234/Documents/robot_ws/YSZD_RobotPlattform/install/mecanum_robot/share/mecanum_robot//launch/simple_nav2.launch.py\n'}
[1.558966] (mecanum_robot) StdoutLine: {'line': b'-- Up-to-date: /home/y1234/Documents/robot_ws/YSZD_RobotPlattform/install/mecanum_robot/share/mecanum_robot//launch/mecanum_robot_clean.launch.py\n'}
[1.559075] (mecanum_robot) StdoutLine: {'line': b'-- Up-to-date: /home/y1234/Documents/robot_ws/YSZD_RobotPlattform/install/mecanum_robot/share/mecanum_robot//launch/__pycache__\n'}
[1.559930] (mecanum_robot) StdoutLine: {'line': b'-- Up-to-date: /home/y1234/Documents/robot_ws/YSZD_RobotPlattform/install/mecanum_robot/share/mecanum_robot//launch/__pycache__/mecanum_robot_clean.launch.cpython-310.pyc\n'}
[1.560466] (mecanum_robot) StdoutLine: {'line': b'-- Up-to-date: /home/y1234/Documents/robot_ws/YSZD_RobotPlattform/install/mecanum_robot/share/mecanum_robot//launch/__pycache__/apriltag_robot.launch.cpython-310.pyc\n'}
[1.560638] (mecanum_robot) StdoutLine: {'line': b'-- Up-to-date: /home/y1234/Documents/robot_ws/YSZD_RobotPlattform/install/mecanum_robot/share/mecanum_robot//launch/__pycache__/mecanum_robot.launch.cpython-310.pyc\n'}
[1.561582] (mecanum_robot) StdoutLine: {'line': b'-- Installing: /home/y1234/Documents/robot_ws/YSZD_RobotPlattform/install/mecanum_robot/share/mecanum_robot//launch/__pycache__/apriltag_robot_fixed.launch.cpython-310.pyc\n'}
[1.561787] (mecanum_robot) StdoutLine: {'line': b'-- Up-to-date: /home/y1234/Documents/robot_ws/YSZD_RobotPlattform/install/mecanum_robot/share/mecanum_robot//launch/robot_state_machine.launch.py\n'}
[1.561953] (mecanum_robot) StdoutLine: {'line': b'-- Installing: /home/y1234/Documents/robot_ws/YSZD_RobotPlattform/install/mecanum_robot/share/mecanum_robot//launch/apriltag_robot_fixed.launch.py\n'}
[1.562078] (mecanum_robot) StdoutLine: {'line': b'-- Up-to-date: /home/y1234/Documents/robot_ws/YSZD_RobotPlattform/install/mecanum_robot/share/mecanum_robot//urdf\n'}
[1.562198] (mecanum_robot) StdoutLine: {'line': b'-- Up-to-date: /home/y1234/Documents/robot_ws/YSZD_RobotPlattform/install/mecanum_robot/share/mecanum_robot//urdf/mecanum_robot.urdf\n'}
[1.562312] (mecanum_robot) StdoutLine: {'line': b'-- Up-to-date: /home/y1234/Documents/robot_ws/YSZD_RobotPlattform/install/mecanum_robot/share/mecanum_robot//rviz\n'}
[1.562492] (mecanum_robot) StdoutLine: {'line': b'-- Up-to-date: /home/y1234/Documents/robot_ws/YSZD_RobotPlattform/install/mecanum_robot/share/mecanum_robot//rviz/map_display.rviz\n'}
[1.562614] (mecanum_robot) StdoutLine: {'line': b'-- Up-to-date: /home/y1234/Documents/robot_ws/YSZD_RobotPlattform/install/mecanum_robot/share/mecanum_robot//rviz/mecanum_robot.rviz\n'}
[1.562803] (mecanum_robot) StdoutLine: {'line': b'-- Up-to-date: /home/y1234/Documents/robot_ws/YSZD_RobotPlattform/install/mecanum_robot/share/mecanum_robot//rviz/mecanum_robot_path.rviz\n'}
[1.563583] (mecanum_robot) StdoutLine: {'line': b'-- Up-to-date: /home/y1234/Documents/robot_ws/YSZD_RobotPlattform/install/mecanum_robot/share/mecanum_robot//rviz/simple_path.rviz\n'}
[1.563714] (mecanum_robot) StdoutLine: {'line': b'-- Up-to-date: /home/y1234/Documents/robot_ws/YSZD_RobotPlattform/install/mecanum_robot/share/mecanum_robot//rviz/nav2_with_obstacles.rviz\n'}
[1.563829] (mecanum_robot) StdoutLine: {'line': b'-- Up-to-date: /home/y1234/Documents/robot_ws/YSZD_RobotPlattform/install/mecanum_robot/share/mecanum_robot//config\n'}
[1.563941] (mecanum_robot) StdoutLine: {'line': b'-- Up-to-date: /home/y1234/Documents/robot_ws/YSZD_RobotPlattform/install/mecanum_robot/share/mecanum_robot//config/nav2_params.yaml\n'}
[1.564053] (mecanum_robot) StdoutLine: {'line': b'-- Up-to-date: /home/y1234/Documents/robot_ws/YSZD_RobotPlattform/install/mecanum_robot/share/ament_index/resource_index/package_run_dependencies/mecanum_robot\n'}
[1.565047] (mecanum_robot) StdoutLine: {'line': b'-- Up-to-date: /home/y1234/Documents/robot_ws/YSZD_RobotPlattform/install/mecanum_robot/share/ament_index/resource_index/parent_prefix_path/mecanum_robot\n'}
[1.565266] (mecanum_robot) StdoutLine: {'line': b'-- Up-to-date: /home/y1234/Documents/robot_ws/YSZD_RobotPlattform/install/mecanum_robot/share/mecanum_robot/environment/ament_prefix_path.sh\n'}
[1.565400] (mecanum_robot) StdoutLine: {'line': b'-- Up-to-date: /home/y1234/Documents/robot_ws/YSZD_RobotPlattform/install/mecanum_robot/share/mecanum_robot/environment/ament_prefix_path.dsv\n'}
[1.565702] (mecanum_robot) StdoutLine: {'line': b'-- Up-to-date: /home/y1234/Documents/robot_ws/YSZD_RobotPlattform/install/mecanum_robot/share/mecanum_robot/environment/path.sh\n'}
[1.565857] (mecanum_robot) StdoutLine: {'line': b'-- Up-to-date: /home/y1234/Documents/robot_ws/YSZD_RobotPlattform/install/mecanum_robot/share/mecanum_robot/environment/path.dsv\n'}
[1.566008] (mecanum_robot) StdoutLine: {'line': b'-- Up-to-date: /home/y1234/Documents/robot_ws/YSZD_RobotPlattform/install/mecanum_robot/share/mecanum_robot/local_setup.bash\n'}
[1.566120] (mecanum_robot) StdoutLine: {'line': b'-- Up-to-date: /home/y1234/Documents/robot_ws/YSZD_RobotPlattform/install/mecanum_robot/share/mecanum_robot/local_setup.sh\n'}
[1.566228] (mecanum_robot) StdoutLine: {'line': b'-- Up-to-date: /home/y1234/Documents/robot_ws/YSZD_RobotPlattform/install/mecanum_robot/share/mecanum_robot/local_setup.zsh\n'}
[1.566335] (mecanum_robot) StdoutLine: {'line': b'-- Up-to-date: /home/y1234/Documents/robot_ws/YSZD_RobotPlattform/install/mecanum_robot/share/mecanum_robot/local_setup.dsv\n'}
[1.566470] (mecanum_robot) StdoutLine: {'line': b'-- Installing: /home/y1234/Documents/robot_ws/YSZD_RobotPlattform/install/mecanum_robot/share/mecanum_robot/package.dsv\n'}
[1.566577] (mecanum_robot) StdoutLine: {'line': b'-- Up-to-date: /home/y1234/Documents/robot_ws/YSZD_RobotPlattform/install/mecanum_robot/share/ament_index/resource_index/packages/mecanum_robot\n'}
[1.566684] (mecanum_robot) StdoutLine: {'line': b'-- Up-to-date: /home/y1234/Documents/robot_ws/YSZD_RobotPlattform/install/mecanum_robot/share/mecanum_robot/cmake/mecanum_robotConfig.cmake\n'}
[1.566788] (mecanum_robot) StdoutLine: {'line': b'-- Up-to-date: /home/y1234/Documents/robot_ws/YSZD_RobotPlattform/install/mecanum_robot/share/mecanum_robot/cmake/mecanum_robotConfig-version.cmake\n'}
[1.566896] (mecanum_robot) StdoutLine: {'line': b'-- Up-to-date: /home/y1234/Documents/robot_ws/YSZD_RobotPlattform/install/mecanum_robot/share/mecanum_robot/package.xml\n'}
[1.570524] (mecanum_robot) CommandEnded: {'returncode': 0}
[1.603826] (-) TimerEvent: {}
[1.615575] (mecanum_robot) JobEnded: {'identifier': 'mecanum_robot', 'rc': 0}
[1.616809] (-) EventReactorShutdown: {}
