[0.020s] Invoking command in '/home/y1234/Documents/robot_ws/YSZD_RobotPlattform/build/mecanum_robot': CMAKE_PREFIX_PATH=/opt/ros/humble /usr/bin/cmake /home/y1234/Documents/robot_ws/YSZD_RobotPlattform -DCMAKE_INSTALL_PREFIX=/home/y1234/Documents/robot_ws/YSZD_RobotPlattform/install/mecanum_robot
[0.197s] -- The C compiler identification is GNU 11.4.0
[0.369s] -- The CXX compiler identification is GNU 11.4.0
[0.395s] -- Detecting C compiler ABI info
[0.578s] -- Detecting C compiler ABI info - done
[0.590s] -- Check for working C compiler: /usr/bin/cc - skipped
[0.593s] -- Detecting C compile features
[0.594s] -- Detecting C compile features - done
[0.601s] -- Detecting CXX compiler ABI info
[0.783s] -- Detecting CXX compiler ABI info - done
[0.802s] -- Check for working CXX compiler: /usr/bin/c++ - skipped
[0.803s] -- Detecting CXX compile features
[0.806s] -- Detecting CXX compile features - done
[0.822s] -- Found ament_cmake: 1.3.12 (/opt/ros/humble/share/ament_cmake/cmake)
[1.766s] -- Found Python3: /usr/bin/python3 (found version "3.10.12") found components: Interpreter 
[2.000s] -- Found rclpy: 3.3.17 (/opt/ros/humble/share/rclpy/cmake)
[2.003s] -- Found rclcpp: 16.0.15 (/opt/ros/humble/share/rclcpp/cmake)
[2.098s] -- Found rosidl_generator_c: 3.1.7 (/opt/ros/humble/share/rosidl_generator_c/cmake)
[2.111s] -- Found rosidl_adapter: 3.1.7 (/opt/ros/humble/share/rosidl_adapter/cmake)
[2.129s] -- Found rosidl_generator_cpp: 3.1.7 (/opt/ros/humble/share/rosidl_generator_cpp/cmake)
[2.156s] -- Using all available rosidl_typesupport_c: rosidl_typesupport_fastrtps_c;rosidl_typesupport_introspection_c
[2.198s] -- Using all available rosidl_typesupport_cpp: rosidl_typesupport_fastrtps_cpp;rosidl_typesupport_introspection_cpp
[2.285s] -- Found rmw_implementation_cmake: 6.1.2 (/opt/ros/humble/share/rmw_implementation_cmake/cmake)
[2.290s] -- Found rmw_fastrtps_cpp: 6.2.9 (/opt/ros/humble/share/rmw_fastrtps_cpp/cmake)
[2.474s] -- Found OpenSSL: /usr/lib/aarch64-linux-gnu/libcrypto.so (found version "3.0.2")  
[2.536s] -- Found FastRTPS: /opt/ros/humble/include  
[2.628s] -- Using RMW implementation 'rmw_fastrtps_cpp' as default
[2.652s] -- Looking for pthread.h
[2.822s] -- Looking for pthread.h - found
[2.828s] -- Performing Test CMAKE_HAVE_LIBC_PTHREAD
[2.997s] -- Performing Test CMAKE_HAVE_LIBC_PTHREAD - Success
[3.001s] -- Found Threads: TRUE  
[3.139s] -- Found geometry_msgs: 4.9.0 (/opt/ros/humble/share/geometry_msgs/cmake)
[3.168s] -- Found sensor_msgs: 4.9.0 (/opt/ros/humble/share/sensor_msgs/cmake)
[3.204s] -- Found nav_msgs: 4.9.0 (/opt/ros/humble/share/nav_msgs/cmake)
[3.240s] -- Found tf2_ros: 0.25.17 (/opt/ros/humble/share/tf2_ros/cmake)
[3.442s] -- Found tf2_geometry_msgs: 0.25.17 (/opt/ros/humble/share/tf2_geometry_msgs/cmake)
[3.467s] -- Found eigen3_cmake_module: 0.1.1 (/opt/ros/humble/share/eigen3_cmake_module/cmake)
[3.469s] -- Found Eigen3: TRUE (found version "3.4.0") 
[3.470s] -- Ensuring Eigen3 include directory is part of orocos-kdl CMake target
[3.475s] -- Found cv_bridge: 3.2.1 (/opt/ros/humble/share/cv_bridge/cmake)
[3.497s] -- Found image_transport: 3.1.12 (/opt/ros/humble/share/image_transport/cmake)
[3.543s] -- Found OpenCV: /usr (found version "4.5.4") 
[3.753s] -- Found ament_lint_auto: 0.12.14 (/opt/ros/humble/share/ament_lint_auto/cmake)
[3.960s] -- Added test 'copyright' to check source files copyright and LICENSE
[4.060s] -- Added test 'cppcheck' to perform static code analysis on C / C++ code
[4.060s] -- Configured cppcheck include dirs: 
[4.060s] -- Configured cppcheck exclude dirs and/or files: 
[4.159s] -- Added test 'cpplint' to check C / C++ code against the Google style
[4.159s] -- Configured cpplint exclude dirs and/or files: 
[4.172s] -- Added test 'flake8' to check Python code syntax and style conventions
[4.195s] -- Added test 'lint_cmake' to check CMake code style
[4.209s] -- Added test 'pep257' to check Python code against some of the docstring style conventions in PEP 257
[4.299s] -- Added test 'uncrustify' to check C / C++ code style
[4.299s] -- Configured uncrustify additional arguments: 
[4.312s] -- Added test 'xmllint' to check XML markup files
[4.316s] -- Configuring done
[4.354s] -- Generating done
[4.366s] -- Build files have been written to: /home/y1234/Documents/robot_ws/YSZD_RobotPlattform/build/mecanum_robot
[4.405s] Invoked command in '/home/y1234/Documents/robot_ws/YSZD_RobotPlattform/build/mecanum_robot' returned '0': CMAKE_PREFIX_PATH=/opt/ros/humble /usr/bin/cmake /home/y1234/Documents/robot_ws/YSZD_RobotPlattform -DCMAKE_INSTALL_PREFIX=/home/y1234/Documents/robot_ws/YSZD_RobotPlattform/install/mecanum_robot
[4.410s] Invoking command in '/home/y1234/Documents/robot_ws/YSZD_RobotPlattform/build/mecanum_robot': CMAKE_PREFIX_PATH=/opt/ros/humble /usr/bin/cmake --build /home/y1234/Documents/robot_ws/YSZD_RobotPlattform/build/mecanum_robot -- -j6 -l6
[4.557s] [  0%] Built target ament_cmake_python_copy_mecanum_robot
[4.612s] [ 50%] Building CXX object CMakeFiles/realsense_dual_camera_node.dir/src/realsense_dual_camera_node.cpp.o
[23.195s] [100%] Linking CXX executable realsense_dual_camera_node
[25.160s] [100%] Built target realsense_dual_camera_node
[25.707s] running egg_info
[25.739s] creating mecanum_robot.egg-info
[25.739s] writing mecanum_robot.egg-info/PKG-INFO
[25.741s] writing dependency_links to mecanum_robot.egg-info/dependency_links.txt
[25.742s] writing top-level names to mecanum_robot.egg-info/top_level.txt
[25.743s] writing manifest file 'mecanum_robot.egg-info/SOURCES.txt'
[25.835s] reading manifest file 'mecanum_robot.egg-info/SOURCES.txt'
[25.896s] Traceback (most recent call last):
[25.896s]   File "/home/y1234/Documents/robot_ws/YSZD_RobotPlattform/build/mecanum_robot/ament_cmake_python/mecanum_robot/setup.py", line 4, in <module>
[25.896s]     setup(
[25.896s]   File "/home/y1234/.local/lib/python3.10/site-packages/setuptools/__init__.py", line 117, in setup
[25.897s]     return distutils.core.setup(**attrs)
[25.897s]   File "/home/y1234/.local/lib/python3.10/site-packages/setuptools/_distutils/core.py", line 186, in setup
[25.897s]     return run_commands(dist)
[25.897s]   File "/home/y1234/.local/lib/python3.10/site-packages/setuptools/_distutils/core.py", line 202, in run_commands
[25.897s]     dist.run_commands()
[25.897s]   File "/home/y1234/.local/lib/python3.10/site-packages/setuptools/_distutils/dist.py", line 1002, in run_commands
[25.898s]     self.run_command(cmd)
[25.898s]   File "/home/y1234/.local/lib/python3.10/site-packages/setuptools/dist.py", line 1104, in run_command
[25.898s]     super().run_command(command)
[25.898s]   File "/home/y1234/.local/lib/python3.10/site-packages/setuptools/_distutils/dist.py", line 1021, in run_command
[25.898s]     cmd_obj.run()
[25.898s]   File "/home/y1234/.local/lib/python3.10/site-packages/setuptools/command/egg_info.py", line 312, in run
[25.899s]     self.find_sources()
[25.899s]   File "/home/y1234/.local/lib/python3.10/site-packages/setuptools/command/egg_info.py", line 320, in find_sources
[25.899s]     mm.run()
[25.899s]   File "/home/y1234/.local/lib/python3.10/site-packages/setuptools/command/egg_info.py", line 548, in run
[25.899s]     self.prune_file_list()
[25.899s]   File "/home/y1234/.local/lib/python3.10/site-packages/setuptools/command/sdist.py", line 162, in prune_file_list
[25.899s]     super().prune_file_list()
[25.899s]   File "/home/y1234/.local/lib/python3.10/site-packages/setuptools/_distutils/command/sdist.py", line 386, in prune_file_list
[25.901s]     base_dir = self.distribution.get_fullname()
[25.901s]   File "/home/y1234/.local/lib/python3.10/site-packages/setuptools/_core_metadata.py", line 275, in get_fullname
[25.901s]     return _distribution_fullname(self.get_name(), self.get_version())
[25.902s]   File "/home/y1234/.local/lib/python3.10/site-packages/setuptools/_core_metadata.py", line 293, in _distribution_fullname
[25.902s]     canonicalize_version(version, strip_trailing_zero=False),
[25.902s] TypeError: canonicalize_version() got an unexpected keyword argument 'strip_trailing_zero'
[26.007s] gmake[2]: *** [CMakeFiles/ament_cmake_python_build_mecanum_robot_egg.dir/build.make:70: CMakeFiles/ament_cmake_python_build_mecanum_robot_egg] Error 1
[26.008s] gmake[1]: *** [CMakeFiles/Makefile2:166: CMakeFiles/ament_cmake_python_build_mecanum_robot_egg.dir/all] Error 2
[26.008s] gmake: *** [Makefile:146: all] Error 2
[26.019s] Invoked command in '/home/y1234/Documents/robot_ws/YSZD_RobotPlattform/build/mecanum_robot' returned '2': CMAKE_PREFIX_PATH=/opt/ros/humble /usr/bin/cmake --build /home/y1234/Documents/robot_ws/YSZD_RobotPlattform/build/mecanum_robot -- -j6 -l6
