[0.000000] (-) TimerEvent: {}
[0.000219] (mecanum_robot) JobQueued: {'identifier': 'mecanum_robot', 'dependencies': OrderedDict()}
[0.000290] (mecanum_robot) JobStarted: {'identifier': 'mecanum_robot'}
[0.018410] (mecanum_robot) JobProgress: {'identifier': 'mecanum_robot', 'progress': 'cmake'}
[0.019462] (mecanum_robot) Command: {'cmd': ['/usr/bin/cmake', '/home/y1234/Documents/robot_ws/YSZD_RobotPlattform', '-DCMAKE_INSTALL_PREFIX=/home/y1234/Documents/robot_ws/YSZD_RobotPlattform/install/mecanum_robot'], 'cwd': '/home/y1234/Documents/robot_ws/YSZD_RobotPlattform/build/mecanum_robot', 'env': OrderedDict([('LESSOPEN', '| /usr/bin/lesspipe %s'), ('VSCODE_CWD', '/home/y1234'), ('VSCODE_ESM_ENTRYPOINT', 'vs/workbench/api/node/extensionHostProcess'), ('USER', 'y1234'), ('VSCODE_NLS_CONFIG', '{"userLocale":"en-us","osLocale":"en-us","resolvedLanguage":"en","defaultMessagesFile":"/usr/share/cursor/resources/app/out/nls.messages.json","locale":"en-us","availableLanguages":{}}'), ('VSCODE_HANDLES_UNCAUGHT_ERRORS', 'true'), ('XDG_SESSION_TYPE', 'x11'), ('SHLVL', '0'), ('LD_LIBRARY_PATH', '/opt/ros/humble/opt/rviz_ogre_vendor/lib:/opt/ros/humble/lib/aarch64-linux-gnu:/opt/ros/humble/lib'), ('HOME', '/home/y1234'), ('CHROME_DESKTOP', 'cursor.desktop'), ('OLDPWD', '/home/y1234/Documents/robot_ws/YSZD_RobotPlattform'), ('DESKTOP_SESSION', 'ubuntu'), ('VSCODE_IPC_HOOK', '/run/user/1000/vscode-9bde45c7-2.1.-main.sock'), ('JETSON_L4T', '36.4.7'), ('GIO_LAUNCHED_DESKTOP_FILE', '/usr/share/applications/cursor.desktop'), ('ROS_PYTHON_VERSION', '3'), ('GNOME_SHELL_SESSION_MODE', 'ubuntu'), ('GTK_MODULES', 'gail:atk-bridge'), ('JETSON_MODEL', 'NVIDIA Jetson Orin Nano Engineering Reference Developer Kit Super'), ('MANAGERPID', '2426'), ('DBUS_STARTER_BUS_TYPE', 'session'), ('SYSTEMD_EXEC_PID', '2579'), ('NO_COLOR', '1'), ('DBUS_SESSION_BUS_ADDRESS', 'unix:path=/run/user/1000/bus,guid=101e4732536b7840e83c2f8e692b11d1'), ('GIO_LAUNCHED_DESKTOP_FILE_PID', '282671'), ('VSCODE_CRASH_REPORTER_PROCESS_TYPE', 'extensionHost'), ('IM_CONFIG_PHASE', '1'), ('VSCODE_L10N_BUNDLE_LOCATION', ''), ('ROS_DISTRO', 'humble'), ('GTK_IM_MODULE', 'ibus'), ('LOGNAME', 'y1234'), ('FORCE_COLOR', '0'), ('JETSON_MODULE', 'NVIDIA Jetson Orin Nano (Developer kit)'), ('JETSON_SERIAL_NUMBER', '1423325070422'), ('JOURNAL_STREAM', '8:47228'), ('_', '/usr/bin/colcon'), ('ROS_VERSION', '2'), ('XDG_SESSION_CLASS', 'user'), ('USERNAME', 'y1234'), ('TERM', 'dumb'), ('GNOME_DESKTOP_SESSION_ID', 'this-is-deprecated'), ('ROS_LOCALHOST_ONLY', '0'), ('COMPOSER_NO_INTERACTION', '1'), ('WINDOWPATH', '2'), ('PATH', '/home/y1234/.local/bin:/home/y1234/.local/bin:/opt/ros/humble/bin:/home/y1234/.local/bin:/usr/local/sbin:/usr/local/bin:/usr/sbin:/usr/bin:/sbin:/bin:/usr/games:/usr/local/games:/snap/bin:/snap/bin'), ('SESSION_MANAGER', 'local/y1234-desktop:@/tmp/.ICE-unix/2579,unix/y1234-desktop:/tmp/.ICE-unix/2579'), ('INVOCATION_ID', '4e2b57a535a74839a53cbbf8f3632876'), ('XDG_MENU_PREFIX', 'gnome-'), ('VSCODE_PROCESS_TITLE', 'extension-host  [4-4]'), ('XDG_RUNTIME_DIR', '/run/user/1000'), ('GDK_BACKEND', 'x11'), ('CURSOR_AGENT', '1'), ('DISPLAY', ':1'), ('LANG', 'en_US.UTF-8'), ('XDG_CURRENT_DESKTOP', 'Unity'), ('XMODIFIERS', '@im=ibus'), ('XDG_SESSION_DESKTOP', 'ubuntu'), ('XAUTHORITY', '/run/user/1000/gdm/Xauthority'), ('LS_COLORS', ''), ('JETSON_SOC', 'tegra234'), ('CURSOR_TRACE_ID', 'e00e5c5c151240209371aa6effdd0d1c'), ('SSH_AGENT_LAUNCHER', 'gnome-keyring'), ('SSH_AUTH_SOCK', '/run/user/1000/keyring/ssh'), ('AMENT_PREFIX_PATH', '/opt/ros/humble'), ('ORIGINAL_XDG_CURRENT_DESKTOP', 'ubuntu:GNOME'), ('SHELL', '/bin/bash'), ('QT_ACCESSIBILITY', '1'), ('GDMSESSION', 'ubuntu'), ('LESSCLOSE', '/usr/bin/lesspipe %s %s'), ('GPG_AGENT_INFO', '/run/user/1000/gnupg/S.gpg-agent:0:1'), ('QT_IM_MODULE', 'ibus'), ('JETSON_CUDA_ARCH_BIN', '8.7'), ('PWD', '/home/y1234/Documents/robot_ws/YSZD_RobotPlattform/build/mecanum_robot'), ('LC_ALL', 'en_US.UTF-8'), ('XDG_CONFIG_DIRS', '/etc/xdg/xdg-ubuntu:/etc/xdg'), ('VSCODE_CODE_CACHE_PATH', '/home/y1234/.config/Cursor/CachedData/7584ea888f7eb7bf76c9873a8f71b28f034a9820'), ('DBUS_STARTER_ADDRESS', 'unix:path=/run/user/1000/bus,guid=101e4732536b7840e83c2f8e692b11d1'), ('XDG_DATA_DIRS', '/usr/share/ubuntu:/usr/share/gnome:/usr/local/share/:/usr/share/:/var/lib/snapd/desktop'), ('PYTHONPATH', '/home/y1234/.local/lib/python3.10/site-packages:/home/y1234/.local/lib/python3.10/site-packages:/opt/ros/humble/lib/python3.10/site-packages:/opt/ros/humble/local/lib/python3.10/dist-packages'), ('COLCON', '1'), ('_ZO_DOCTOR', '0'), ('JETSON_JETPACK', ''), ('VSCODE_PID', '282671'), ('JETSON_P_NUMBER', 'p3767-0005'), ('CMAKE_PREFIX_PATH', '/opt/ros/humble')]), 'shell': False}
[0.097105] (-) TimerEvent: {}
[0.197122] (mecanum_robot) StdoutLine: {'line': b'-- The C compiler identification is GNU 11.4.0\n'}
[0.197628] (-) TimerEvent: {}
[0.297864] (-) TimerEvent: {}
[0.369149] (mecanum_robot) StdoutLine: {'line': b'-- The CXX compiler identification is GNU 11.4.0\n'}
[0.394730] (mecanum_robot) StdoutLine: {'line': b'-- Detecting C compiler ABI info\n'}
[0.398050] (-) TimerEvent: {}
[0.498540] (-) TimerEvent: {}
[0.577502] (mecanum_robot) StdoutLine: {'line': b'-- Detecting C compiler ABI info - done\n'}
[0.589709] (mecanum_robot) StdoutLine: {'line': b'-- Check for working C compiler: /usr/bin/cc - skipped\n'}
[0.592832] (mecanum_robot) StdoutLine: {'line': b'-- Detecting C compile features\n'}
[0.594396] (mecanum_robot) StdoutLine: {'line': b'-- Detecting C compile features - done\n'}
[0.598632] (-) TimerEvent: {}
[0.600806] (mecanum_robot) StdoutLine: {'line': b'-- Detecting CXX compiler ABI info\n'}
[0.698862] (-) TimerEvent: {}
[0.782443] (mecanum_robot) StdoutLine: {'line': b'-- Detecting CXX compiler ABI info - done\n'}
[0.799017] (-) TimerEvent: {}
[0.801677] (mecanum_robot) StdoutLine: {'line': b'-- Check for working CXX compiler: /usr/bin/c++ - skipped\n'}
[0.803114] (mecanum_robot) StdoutLine: {'line': b'-- Detecting CXX compile features\n'}
[0.805431] (mecanum_robot) StdoutLine: {'line': b'-- Detecting CXX compile features - done\n'}
[0.822250] (mecanum_robot) StdoutLine: {'line': b'-- Found ament_cmake: 1.3.12 (/opt/ros/humble/share/ament_cmake/cmake)\n'}
[0.899203] (-) TimerEvent: {}
[0.999741] (-) TimerEvent: {}
[1.100316] (-) TimerEvent: {}
[1.200759] (-) TimerEvent: {}
[1.301475] (-) TimerEvent: {}
[1.402239] (-) TimerEvent: {}
[1.502783] (-) TimerEvent: {}
[1.603202] (-) TimerEvent: {}
[1.703609] (-) TimerEvent: {}
[1.765931] (mecanum_robot) StdoutLine: {'line': b'-- Found Python3: /usr/bin/python3 (found version "3.10.12") found components: Interpreter \n'}
[1.803824] (-) TimerEvent: {}
[1.904490] (-) TimerEvent: {}
[1.999005] (mecanum_robot) StdoutLine: {'line': b'-- Found rclpy: 3.3.17 (/opt/ros/humble/share/rclpy/cmake)\n'}
[2.002908] (mecanum_robot) StdoutLine: {'line': b'-- Found rclcpp: 16.0.15 (/opt/ros/humble/share/rclcpp/cmake)\n'}
[2.004550] (-) TimerEvent: {}
[2.097834] (mecanum_robot) StdoutLine: {'line': b'-- Found rosidl_generator_c: 3.1.7 (/opt/ros/humble/share/rosidl_generator_c/cmake)\n'}
[2.104763] (-) TimerEvent: {}
[2.110846] (mecanum_robot) StdoutLine: {'line': b'-- Found rosidl_adapter: 3.1.7 (/opt/ros/humble/share/rosidl_adapter/cmake)\n'}
[2.128388] (mecanum_robot) StdoutLine: {'line': b'-- Found rosidl_generator_cpp: 3.1.7 (/opt/ros/humble/share/rosidl_generator_cpp/cmake)\n'}
[2.155994] (mecanum_robot) StdoutLine: {'line': b'-- Using all available rosidl_typesupport_c: rosidl_typesupport_fastrtps_c;rosidl_typesupport_introspection_c\n'}
[2.198036] (mecanum_robot) StdoutLine: {'line': b'-- Using all available rosidl_typesupport_cpp: rosidl_typesupport_fastrtps_cpp;rosidl_typesupport_introspection_cpp\n'}
[2.204926] (-) TimerEvent: {}
[2.284489] (mecanum_robot) StdoutLine: {'line': b'-- Found rmw_implementation_cmake: 6.1.2 (/opt/ros/humble/share/rmw_implementation_cmake/cmake)\n'}
[2.289503] (mecanum_robot) StdoutLine: {'line': b'-- Found rmw_fastrtps_cpp: 6.2.9 (/opt/ros/humble/share/rmw_fastrtps_cpp/cmake)\n'}
[2.305124] (-) TimerEvent: {}
[2.405602] (-) TimerEvent: {}
[2.473386] (mecanum_robot) StdoutLine: {'line': b'-- Found OpenSSL: /usr/lib/aarch64-linux-gnu/libcrypto.so (found version "3.0.2")  \n'}
[2.505772] (-) TimerEvent: {}
[2.536223] (mecanum_robot) StdoutLine: {'line': b'-- Found FastRTPS: /opt/ros/humble/include  \n'}
[2.605984] (-) TimerEvent: {}
[2.628397] (mecanum_robot) StdoutLine: {'line': b"-- Using RMW implementation 'rmw_fastrtps_cpp' as default\n"}
[2.652354] (mecanum_robot) StdoutLine: {'line': b'-- Looking for pthread.h\n'}
[2.706147] (-) TimerEvent: {}
[2.806562] (-) TimerEvent: {}
[2.821623] (mecanum_robot) StdoutLine: {'line': b'-- Looking for pthread.h - found\n'}
[2.827233] (mecanum_robot) StdoutLine: {'line': b'-- Performing Test CMAKE_HAVE_LIBC_PTHREAD\n'}
[2.906801] (-) TimerEvent: {}
[2.997083] (mecanum_robot) StdoutLine: {'line': b'-- Performing Test CMAKE_HAVE_LIBC_PTHREAD - Success\n'}
[3.000739] (mecanum_robot) StdoutLine: {'line': b'-- Found Threads: TRUE  \n'}
[3.007033] (-) TimerEvent: {}
[3.107476] (-) TimerEvent: {}
[3.138852] (mecanum_robot) StdoutLine: {'line': b'-- Found geometry_msgs: 4.9.0 (/opt/ros/humble/share/geometry_msgs/cmake)\n'}
[3.167432] (mecanum_robot) StdoutLine: {'line': b'-- Found sensor_msgs: 4.9.0 (/opt/ros/humble/share/sensor_msgs/cmake)\n'}
[3.204229] (mecanum_robot) StdoutLine: {'line': b'-- Found nav_msgs: 4.9.0 (/opt/ros/humble/share/nav_msgs/cmake)\n'}
[3.207634] (-) TimerEvent: {}
[3.239736] (mecanum_robot) StdoutLine: {'line': b'-- Found tf2_ros: 0.25.17 (/opt/ros/humble/share/tf2_ros/cmake)\n'}
[3.307884] (-) TimerEvent: {}
[3.408374] (-) TimerEvent: {}
[3.441328] (mecanum_robot) StdoutLine: {'line': b'-- Found tf2_geometry_msgs: 0.25.17 (/opt/ros/humble/share/tf2_geometry_msgs/cmake)\n'}
[3.466841] (mecanum_robot) StdoutLine: {'line': b'-- Found eigen3_cmake_module: 0.1.1 (/opt/ros/humble/share/eigen3_cmake_module/cmake)\n'}
[3.469518] (mecanum_robot) StdoutLine: {'line': b'-- Found Eigen3: TRUE (found version "3.4.0") \n'}
[3.469872] (mecanum_robot) StdoutLine: {'line': b'-- Ensuring Eigen3 include directory is part of orocos-kdl CMake target\n'}
[3.474762] (mecanum_robot) StdoutLine: {'line': b'-- Found cv_bridge: 3.2.1 (/opt/ros/humble/share/cv_bridge/cmake)\n'}
[3.496986] (mecanum_robot) StdoutLine: {'line': b'-- Found image_transport: 3.1.12 (/opt/ros/humble/share/image_transport/cmake)\n'}
[3.508566] (-) TimerEvent: {}
[3.543234] (mecanum_robot) StdoutLine: {'line': b'-- Found OpenCV: /usr (found version "4.5.4") \n'}
[3.608731] (-) TimerEvent: {}
[3.712344] (-) TimerEvent: {}
[3.752670] (mecanum_robot) StdoutLine: {'line': b'-- Found ament_lint_auto: 0.12.14 (/opt/ros/humble/share/ament_lint_auto/cmake)\n'}
[3.812533] (-) TimerEvent: {}
[3.912994] (-) TimerEvent: {}
[3.960283] (mecanum_robot) StdoutLine: {'line': b"-- Added test 'copyright' to check source files copyright and LICENSE\n"}
[4.013164] (-) TimerEvent: {}
[4.059538] (mecanum_robot) StdoutLine: {'line': b"-- Added test 'cppcheck' to perform static code analysis on C / C++ code\n"}
[4.060044] (mecanum_robot) StdoutLine: {'line': b'-- Configured cppcheck include dirs: \n'}
[4.060197] (mecanum_robot) StdoutLine: {'line': b'-- Configured cppcheck exclude dirs and/or files: \n'}
[4.113366] (-) TimerEvent: {}
[4.158554] (mecanum_robot) StdoutLine: {'line': b"-- Added test 'cpplint' to check C / C++ code against the Google style\n"}
[4.159180] (mecanum_robot) StdoutLine: {'line': b'-- Configured cpplint exclude dirs and/or files: \n'}
[4.171571] (mecanum_robot) StdoutLine: {'line': b"-- Added test 'flake8' to check Python code syntax and style conventions\n"}
[4.195270] (mecanum_robot) StdoutLine: {'line': b"-- Added test 'lint_cmake' to check CMake code style\n"}
[4.208273] (mecanum_robot) StdoutLine: {'line': b"-- Added test 'pep257' to check Python code against some of the docstring style conventions in PEP 257\n"}
[4.213571] (-) TimerEvent: {}
[4.299230] (mecanum_robot) StdoutLine: {'line': b"-- Added test 'uncrustify' to check C / C++ code style\n"}
[4.299693] (mecanum_robot) StdoutLine: {'line': b'-- Configured uncrustify additional arguments: \n'}
[4.312137] (mecanum_robot) StdoutLine: {'line': b"-- Added test 'xmllint' to check XML markup files\n"}
[4.313637] (-) TimerEvent: {}
[4.315644] (mecanum_robot) StdoutLine: {'line': b'-- Configuring done\n'}
[4.353942] (mecanum_robot) StdoutLine: {'line': b'-- Generating done\n'}
[4.365981] (mecanum_robot) StdoutLine: {'line': b'-- Build files have been written to: /home/y1234/Documents/robot_ws/YSZD_RobotPlattform/build/mecanum_robot\n'}
[4.404195] (mecanum_robot) CommandEnded: {'returncode': 0}
[4.406332] (mecanum_robot) JobProgress: {'identifier': 'mecanum_robot', 'progress': 'build'}
[4.408370] (mecanum_robot) Command: {'cmd': ['/usr/bin/cmake', '--build', '/home/y1234/Documents/robot_ws/YSZD_RobotPlattform/build/mecanum_robot', '--', '-j6', '-l6'], 'cwd': '/home/y1234/Documents/robot_ws/YSZD_RobotPlattform/build/mecanum_robot', 'env': OrderedDict([('LESSOPEN', '| /usr/bin/lesspipe %s'), ('VSCODE_CWD', '/home/y1234'), ('VSCODE_ESM_ENTRYPOINT', 'vs/workbench/api/node/extensionHostProcess'), ('USER', 'y1234'), ('VSCODE_NLS_CONFIG', '{"userLocale":"en-us","osLocale":"en-us","resolvedLanguage":"en","defaultMessagesFile":"/usr/share/cursor/resources/app/out/nls.messages.json","locale":"en-us","availableLanguages":{}}'), ('VSCODE_HANDLES_UNCAUGHT_ERRORS', 'true'), ('XDG_SESSION_TYPE', 'x11'), ('SHLVL', '0'), ('LD_LIBRARY_PATH', '/opt/ros/humble/opt/rviz_ogre_vendor/lib:/opt/ros/humble/lib/aarch64-linux-gnu:/opt/ros/humble/lib'), ('HOME', '/home/y1234'), ('CHROME_DESKTOP', 'cursor.desktop'), ('OLDPWD', '/home/y1234/Documents/robot_ws/YSZD_RobotPlattform'), ('DESKTOP_SESSION', 'ubuntu'), ('VSCODE_IPC_HOOK', '/run/user/1000/vscode-9bde45c7-2.1.-main.sock'), ('JETSON_L4T', '36.4.7'), ('GIO_LAUNCHED_DESKTOP_FILE', '/usr/share/applications/cursor.desktop'), ('ROS_PYTHON_VERSION', '3'), ('GNOME_SHELL_SESSION_MODE', 'ubuntu'), ('GTK_MODULES', 'gail:atk-bridge'), ('JETSON_MODEL', 'NVIDIA Jetson Orin Nano Engineering Reference Developer Kit Super'), ('MANAGERPID', '2426'), ('DBUS_STARTER_BUS_TYPE', 'session'), ('SYSTEMD_EXEC_PID', '2579'), ('NO_COLOR', '1'), ('DBUS_SESSION_BUS_ADDRESS', 'unix:path=/run/user/1000/bus,guid=101e4732536b7840e83c2f8e692b11d1'), ('GIO_LAUNCHED_DESKTOP_FILE_PID', '282671'), ('VSCODE_CRASH_REPORTER_PROCESS_TYPE', 'extensionHost'), ('IM_CONFIG_PHASE', '1'), ('VSCODE_L10N_BUNDLE_LOCATION', ''), ('ROS_DISTRO', 'humble'), ('GTK_IM_MODULE', 'ibus'), ('LOGNAME', 'y1234'), ('FORCE_COLOR', '0'), ('JETSON_MODULE', 'NVIDIA Jetson Orin Nano (Developer kit)'), ('JETSON_SERIAL_NUMBER', '1423325070422'), ('JOURNAL_STREAM', '8:47228'), ('_', '/usr/bin/colcon'), ('ROS_VERSION', '2'), ('XDG_SESSION_CLASS', 'user'), ('USERNAME', 'y1234'), ('TERM', 'dumb'), ('GNOME_DESKTOP_SESSION_ID', 'this-is-deprecated'), ('ROS_LOCALHOST_ONLY', '0'), ('COMPOSER_NO_INTERACTION', '1'), ('WINDOWPATH', '2'), ('PATH', '/home/y1234/.local/bin:/home/y1234/.local/bin:/opt/ros/humble/bin:/home/y1234/.local/bin:/usr/local/sbin:/usr/local/bin:/usr/sbin:/usr/bin:/sbin:/bin:/usr/games:/usr/local/games:/snap/bin:/snap/bin'), ('SESSION_MANAGER', 'local/y1234-desktop:@/tmp/.ICE-unix/2579,unix/y1234-desktop:/tmp/.ICE-unix/2579'), ('INVOCATION_ID', '4e2b57a535a74839a53cbbf8f3632876'), ('XDG_MENU_PREFIX', 'gnome-'), ('VSCODE_PROCESS_TITLE', 'extension-host  [4-4]'), ('XDG_RUNTIME_DIR', '/run/user/1000'), ('GDK_BACKEND', 'x11'), ('CURSOR_AGENT', '1'), ('DISPLAY', ':1'), ('LANG', 'en_US.UTF-8'), ('XDG_CURRENT_DESKTOP', 'Unity'), ('XMODIFIERS', '@im=ibus'), ('XDG_SESSION_DESKTOP', 'ubuntu'), ('XAUTHORITY', '/run/user/1000/gdm/Xauthority'), ('LS_COLORS', ''), ('JETSON_SOC', 'tegra234'), ('CURSOR_TRACE_ID', 'e00e5c5c151240209371aa6effdd0d1c'), ('SSH_AGENT_LAUNCHER', 'gnome-keyring'), ('SSH_AUTH_SOCK', '/run/user/1000/keyring/ssh'), ('AMENT_PREFIX_PATH', '/opt/ros/humble'), ('ORIGINAL_XDG_CURRENT_DESKTOP', 'ubuntu:GNOME'), ('SHELL', '/bin/bash'), ('QT_ACCESSIBILITY', '1'), ('GDMSESSION', 'ubuntu'), ('LESSCLOSE', '/usr/bin/lesspipe %s %s'), ('GPG_AGENT_INFO', '/run/user/1000/gnupg/S.gpg-agent:0:1'), ('QT_IM_MODULE', 'ibus'), ('JETSON_CUDA_ARCH_BIN', '8.7'), ('PWD', '/home/y1234/Documents/robot_ws/YSZD_RobotPlattform/build/mecanum_robot'), ('LC_ALL', 'en_US.UTF-8'), ('XDG_CONFIG_DIRS', '/etc/xdg/xdg-ubuntu:/etc/xdg'), ('VSCODE_CODE_CACHE_PATH', '/home/y1234/.config/Cursor/CachedData/7584ea888f7eb7bf76c9873a8f71b28f034a9820'), ('DBUS_STARTER_ADDRESS', 'unix:path=/run/user/1000/bus,guid=101e4732536b7840e83c2f8e692b11d1'), ('XDG_DATA_DIRS', '/usr/share/ubuntu:/usr/share/gnome:/usr/local/share/:/usr/share/:/var/lib/snapd/desktop'), ('PYTHONPATH', '/home/y1234/.local/lib/python3.10/site-packages:/home/y1234/.local/lib/python3.10/site-packages:/opt/ros/humble/lib/python3.10/site-packages:/opt/ros/humble/local/lib/python3.10/dist-packages'), ('COLCON', '1'), ('_ZO_DOCTOR', '0'), ('JETSON_JETPACK', ''), ('VSCODE_PID', '282671'), ('JETSON_P_NUMBER', 'p3767-0005'), ('CMAKE_PREFIX_PATH', '/opt/ros/humble')]), 'shell': False}
[4.413761] (-) TimerEvent: {}
[4.514113] (-) TimerEvent: {}
[4.556631] (mecanum_robot) StdoutLine: {'line': b'[  0%] Built target ament_cmake_python_copy_mecanum_robot\n'}
[4.611983] (mecanum_robot) StdoutLine: {'line': b'[ 50%] Building CXX object CMakeFiles/realsense_dual_camera_node.dir/src/realsense_dual_camera_node.cpp.o\n'}
[4.614694] (-) TimerEvent: {}
[4.715152] (-) TimerEvent: {}
[4.815650] (-) TimerEvent: {}
[4.916086] (-) TimerEvent: {}
[5.016623] (-) TimerEvent: {}
[5.117872] (-) TimerEvent: {}
[5.218356] (-) TimerEvent: {}
[5.319353] (-) TimerEvent: {}
[5.420133] (-) TimerEvent: {}
[5.520975] (-) TimerEvent: {}
[5.621696] (-) TimerEvent: {}
[5.722536] (-) TimerEvent: {}
[5.823971] (-) TimerEvent: {}
[5.924395] (-) TimerEvent: {}
[6.024831] (-) TimerEvent: {}
[6.125285] (-) TimerEvent: {}
[6.225887] (-) TimerEvent: {}
[6.326321] (-) TimerEvent: {}
[6.426735] (-) TimerEvent: {}
[6.527150] (-) TimerEvent: {}
[6.627629] (-) TimerEvent: {}
[6.728109] (-) TimerEvent: {}
[6.828592] (-) TimerEvent: {}
[6.929056] (-) TimerEvent: {}
[7.029500] (-) TimerEvent: {}
[7.129940] (-) TimerEvent: {}
[7.230377] (-) TimerEvent: {}
[7.330823] (-) TimerEvent: {}
[7.431266] (-) TimerEvent: {}
[7.532069] (-) TimerEvent: {}
[7.632616] (-) TimerEvent: {}
[7.733103] (-) TimerEvent: {}
[7.833582] (-) TimerEvent: {}
[7.934027] (-) TimerEvent: {}
[8.034491] (-) TimerEvent: {}
[8.134961] (-) TimerEvent: {}
[8.235399] (-) TimerEvent: {}
[8.335980] (-) TimerEvent: {}
[8.436640] (-) TimerEvent: {}
[8.537114] (-) TimerEvent: {}
[8.637550] (-) TimerEvent: {}
[8.738273] (-) TimerEvent: {}
[8.838802] (-) TimerEvent: {}
[8.939235] (-) TimerEvent: {}
[9.039880] (-) TimerEvent: {}
[9.140338] (-) TimerEvent: {}
[9.240796] (-) TimerEvent: {}
[9.341242] (-) TimerEvent: {}
[9.441657] (-) TimerEvent: {}
[9.542101] (-) TimerEvent: {}
[9.642547] (-) TimerEvent: {}
[9.743081] (-) TimerEvent: {}
[9.843546] (-) TimerEvent: {}
[9.944345] (-) TimerEvent: {}
[10.044824] (-) TimerEvent: {}
[10.145334] (-) TimerEvent: {}
[10.245843] (-) TimerEvent: {}
[10.346282] (-) TimerEvent: {}
[10.446727] (-) TimerEvent: {}
[10.547158] (-) TimerEvent: {}
[10.647577] (-) TimerEvent: {}
[10.748026] (-) TimerEvent: {}
[10.848447] (-) TimerEvent: {}
[10.950220] (-) TimerEvent: {}
[11.050625] (-) TimerEvent: {}
[11.151111] (-) TimerEvent: {}
[11.251577] (-) TimerEvent: {}
[11.352015] (-) TimerEvent: {}
[11.454938] (-) TimerEvent: {}
[11.555506] (-) TimerEvent: {}
[11.655943] (-) TimerEvent: {}
[11.756383] (-) TimerEvent: {}
[11.856833] (-) TimerEvent: {}
[11.957302] (-) TimerEvent: {}
[12.057721] (-) TimerEvent: {}
[12.158182] (-) TimerEvent: {}
[12.258731] (-) TimerEvent: {}
[12.359151] (-) TimerEvent: {}
[12.459572] (-) TimerEvent: {}
[12.559998] (-) TimerEvent: {}
[12.660431] (-) TimerEvent: {}
[12.760839] (-) TimerEvent: {}
[12.861247] (-) TimerEvent: {}
[12.961662] (-) TimerEvent: {}
[13.062079] (-) TimerEvent: {}
[13.162501] (-) TimerEvent: {}
[13.263085] (-) TimerEvent: {}
[13.363505] (-) TimerEvent: {}
[13.463938] (-) TimerEvent: {}
[13.564353] (-) TimerEvent: {}
[13.664906] (-) TimerEvent: {}
[13.765404] (-) TimerEvent: {}
[13.865806] (-) TimerEvent: {}
[13.966240] (-) TimerEvent: {}
[14.066670] (-) TimerEvent: {}
[14.167310] (-) TimerEvent: {}
[14.267784] (-) TimerEvent: {}
[14.368308] (-) TimerEvent: {}
[14.468793] (-) TimerEvent: {}
[14.569253] (-) TimerEvent: {}
[14.669667] (-) TimerEvent: {}
[14.770105] (-) TimerEvent: {}
[14.870589] (-) TimerEvent: {}
[14.971038] (-) TimerEvent: {}
[15.071525] (-) TimerEvent: {}
[15.171933] (-) TimerEvent: {}
[15.272351] (-) TimerEvent: {}
[15.372769] (-) TimerEvent: {}
[15.473217] (-) TimerEvent: {}
[15.573654] (-) TimerEvent: {}
[15.674068] (-) TimerEvent: {}
[15.774505] (-) TimerEvent: {}
[15.874972] (-) TimerEvent: {}
[15.975488] (-) TimerEvent: {}
[16.075968] (-) TimerEvent: {}
[16.176390] (-) TimerEvent: {}
[16.276800] (-) TimerEvent: {}
[16.377301] (-) TimerEvent: {}
[16.477787] (-) TimerEvent: {}
[16.578222] (-) TimerEvent: {}
[16.678746] (-) TimerEvent: {}
[16.779159] (-) TimerEvent: {}
[16.879586] (-) TimerEvent: {}
[16.980139] (-) TimerEvent: {}
[17.080597] (-) TimerEvent: {}
[17.181053] (-) TimerEvent: {}
[17.281482] (-) TimerEvent: {}
[17.381948] (-) TimerEvent: {}
[17.482372] (-) TimerEvent: {}
[17.582800] (-) TimerEvent: {}
[17.683208] (-) TimerEvent: {}
[17.783633] (-) TimerEvent: {}
[17.884083] (-) TimerEvent: {}
[17.984521] (-) TimerEvent: {}
[18.084946] (-) TimerEvent: {}
[18.185380] (-) TimerEvent: {}
[18.285801] (-) TimerEvent: {}
[18.386203] (-) TimerEvent: {}
[18.486622] (-) TimerEvent: {}
[18.587223] (-) TimerEvent: {}
[18.687644] (-) TimerEvent: {}
[18.791625] (-) TimerEvent: {}
[18.892096] (-) TimerEvent: {}
[18.992523] (-) TimerEvent: {}
[19.093115] (-) TimerEvent: {}
[19.193589] (-) TimerEvent: {}
[19.294239] (-) TimerEvent: {}
[19.394938] (-) TimerEvent: {}
[19.495346] (-) TimerEvent: {}
[19.595799] (-) TimerEvent: {}
[19.696268] (-) TimerEvent: {}
[19.796697] (-) TimerEvent: {}
[19.897083] (-) TimerEvent: {}
[19.997472] (-) TimerEvent: {}
[20.098144] (-) TimerEvent: {}
[20.198534] (-) TimerEvent: {}
[20.298948] (-) TimerEvent: {}
[20.399436] (-) TimerEvent: {}
[20.500006] (-) TimerEvent: {}
[20.600438] (-) TimerEvent: {}
[20.700873] (-) TimerEvent: {}
[20.801270] (-) TimerEvent: {}
[20.901665] (-) TimerEvent: {}
[21.002122] (-) TimerEvent: {}
[21.102530] (-) TimerEvent: {}
[21.202969] (-) TimerEvent: {}
[21.303397] (-) TimerEvent: {}
[21.403827] (-) TimerEvent: {}
[21.504266] (-) TimerEvent: {}
[21.604684] (-) TimerEvent: {}
[21.705081] (-) TimerEvent: {}
[21.805602] (-) TimerEvent: {}
[21.906011] (-) TimerEvent: {}
[22.006422] (-) TimerEvent: {}
[22.106952] (-) TimerEvent: {}
[22.207475] (-) TimerEvent: {}
[22.307949] (-) TimerEvent: {}
[22.408334] (-) TimerEvent: {}
[22.508831] (-) TimerEvent: {}
[22.609287] (-) TimerEvent: {}
[22.709765] (-) TimerEvent: {}
[22.810306] (-) TimerEvent: {}
[22.911004] (-) TimerEvent: {}
[23.011465] (-) TimerEvent: {}
[23.111920] (-) TimerEvent: {}
[23.194513] (mecanum_robot) StdoutLine: {'line': b'[100%] Linking CXX executable realsense_dual_camera_node\n'}
[23.212123] (-) TimerEvent: {}
[23.312608] (-) TimerEvent: {}
[23.413070] (-) TimerEvent: {}
[23.513477] (-) TimerEvent: {}
[23.613965] (-) TimerEvent: {}
[23.714382] (-) TimerEvent: {}
[23.814900] (-) TimerEvent: {}
[23.915338] (-) TimerEvent: {}
[24.015781] (-) TimerEvent: {}
[24.116207] (-) TimerEvent: {}
[24.216628] (-) TimerEvent: {}
[24.317066] (-) TimerEvent: {}
[24.417520] (-) TimerEvent: {}
[24.517924] (-) TimerEvent: {}
[24.618395] (-) TimerEvent: {}
[24.718912] (-) TimerEvent: {}
[24.819320] (-) TimerEvent: {}
[24.919805] (-) TimerEvent: {}
[25.020227] (-) TimerEvent: {}
[25.120661] (-) TimerEvent: {}
[25.160261] (mecanum_robot) StdoutLine: {'line': b'[100%] Built target realsense_dual_camera_node\n'}
[25.220792] (-) TimerEvent: {}
[25.321353] (-) TimerEvent: {}
[25.421731] (-) TimerEvent: {}
[25.522097] (-) TimerEvent: {}
[25.622456] (-) TimerEvent: {}
[25.707261] (mecanum_robot) StdoutLine: {'line': b'running egg_info\n'}
[25.722605] (-) TimerEvent: {}
[25.738768] (mecanum_robot) StdoutLine: {'line': b'creating mecanum_robot.egg-info\n'}
[25.739581] (mecanum_robot) StdoutLine: {'line': b'writing mecanum_robot.egg-info/PKG-INFO\n'}
[25.740889] (mecanum_robot) StdoutLine: {'line': b'writing dependency_links to mecanum_robot.egg-info/dependency_links.txt\n'}
[25.742130] (mecanum_robot) StdoutLine: {'line': b'writing top-level names to mecanum_robot.egg-info/top_level.txt\n'}
[25.742988] (mecanum_robot) StdoutLine: {'line': b"writing manifest file 'mecanum_robot.egg-info/SOURCES.txt'\n"}
[25.822792] (-) TimerEvent: {}
[25.834882] (mecanum_robot) StdoutLine: {'line': b"reading manifest file 'mecanum_robot.egg-info/SOURCES.txt'\n"}
[25.895809] (mecanum_robot) StderrLine: {'line': b'Traceback (most recent call last):\n'}
[25.896385] (mecanum_robot) StderrLine: {'line': b'  File "/home/y1234/Documents/robot_ws/YSZD_RobotPlattform/build/mecanum_robot/ament_cmake_python/mecanum_robot/setup.py", line 4, in <module>\n'}
[25.896552] (mecanum_robot) StderrLine: {'line': b'    setup(\n'}
[25.896680] (mecanum_robot) StderrLine: {'line': b'  File "/home/y1234/.local/lib/python3.10/site-packages/setuptools/__init__.py", line 117, in setup\n'}
[25.896812] (mecanum_robot) StderrLine: {'line': b'    return distutils.core.setup(**attrs)\n'}
[25.896928] (mecanum_robot) StderrLine: {'line': b'  File "/home/y1234/.local/lib/python3.10/site-packages/setuptools/_distutils/core.py", line 186, in setup\n'}
[25.897041] (mecanum_robot) StderrLine: {'line': b'    return run_commands(dist)\n'}
[25.897151] (mecanum_robot) StderrLine: {'line': b'  File "/home/y1234/.local/lib/python3.10/site-packages/setuptools/_distutils/core.py", line 202, in run_commands\n'}
[25.897262] (mecanum_robot) StderrLine: {'line': b'    dist.run_commands()\n'}
[25.897369] (mecanum_robot) StderrLine: {'line': b'  File "/home/y1234/.local/lib/python3.10/site-packages/setuptools/_distutils/dist.py", line 1002, in run_commands\n'}
[25.897981] (mecanum_robot) StderrLine: {'line': b'    self.run_command(cmd)\n'}
[25.898140] (mecanum_robot) StderrLine: {'line': b'  File "/home/y1234/.local/lib/python3.10/site-packages/setuptools/dist.py", line 1104, in run_command\n'}
[25.898261] (mecanum_robot) StderrLine: {'line': b'    super().run_command(command)\n'}
[25.898373] (mecanum_robot) StderrLine: {'line': b'  File "/home/y1234/.local/lib/python3.10/site-packages/setuptools/_distutils/dist.py", line 1021, in run_command\n'}
[25.898482] (mecanum_robot) StderrLine: {'line': b'    cmd_obj.run()\n'}
[25.898590] (mecanum_robot) StderrLine: {'line': b'  File "/home/y1234/.local/lib/python3.10/site-packages/setuptools/command/egg_info.py", line 312, in run\n'}
[25.898726] (mecanum_robot) StderrLine: {'line': b'    self.find_sources()\n'}
[25.898852] (mecanum_robot) StderrLine: {'line': b'  File "/home/y1234/.local/lib/python3.10/site-packages/setuptools/command/egg_info.py", line 320, in find_sources\n'}
[25.898961] (mecanum_robot) StderrLine: {'line': b'    mm.run()\n'}
[25.899063] (mecanum_robot) StderrLine: {'line': b'  File "/home/y1234/.local/lib/python3.10/site-packages/setuptools/command/egg_info.py", line 548, in run\n'}
[25.899166] (mecanum_robot) StderrLine: {'line': b'    self.prune_file_list()\n'}
[25.899270] (mecanum_robot) StderrLine: {'line': b'  File "/home/y1234/.local/lib/python3.10/site-packages/setuptools/command/sdist.py", line 162, in prune_file_list\n'}
[25.899370] (mecanum_robot) StderrLine: {'line': b'    super().prune_file_list()\n'}
[25.899470] (mecanum_robot) StderrLine: {'line': b'  File "/home/y1234/.local/lib/python3.10/site-packages/setuptools/_distutils/command/sdist.py", line 386, in prune_file_list\n'}
[25.901369] (mecanum_robot) StderrLine: {'line': b'    base_dir = self.distribution.get_fullname()\n'}
[25.901581] (mecanum_robot) StderrLine: {'line': b'  File "/home/y1234/.local/lib/python3.10/site-packages/setuptools/_core_metadata.py", line 275, in get_fullname\n'}
[25.901707] (mecanum_robot) StderrLine: {'line': b'    return _distribution_fullname(self.get_name(), self.get_version())\n'}
[25.901816] (mecanum_robot) StderrLine: {'line': b'  File "/home/y1234/.local/lib/python3.10/site-packages/setuptools/_core_metadata.py", line 293, in _distribution_fullname\n'}
[25.901927] (mecanum_robot) StderrLine: {'line': b'    canonicalize_version(version, strip_trailing_zero=False),\n'}
[25.902035] (mecanum_robot) StderrLine: {'line': b"TypeError: canonicalize_version() got an unexpected keyword argument 'strip_trailing_zero'\n"}
[25.922980] (-) TimerEvent: {}
[26.007303] (mecanum_robot) StderrLine: {'line': b'gmake[2]: *** [CMakeFiles/ament_cmake_python_build_mecanum_robot_egg.dir/build.make:70: CMakeFiles/ament_cmake_python_build_mecanum_robot_egg] Error 1\n'}
[26.008279] (mecanum_robot) StderrLine: {'line': b'gmake[1]: *** [CMakeFiles/Makefile2:166: CMakeFiles/ament_cmake_python_build_mecanum_robot_egg.dir/all] Error 2\n'}
[26.008554] (mecanum_robot) StderrLine: {'line': b'gmake: *** [Makefile:146: all] Error 2\n'}
[26.018117] (mecanum_robot) CommandEnded: {'returncode': 2}
[26.023196] (-) TimerEvent: {}
[26.080518] (mecanum_robot) JobEnded: {'identifier': 'mecanum_robot', 'rc': 2}
[26.083278] (-) EventReactorShutdown: {}
