[0.012s] Invoking command in '/home/bd/Documents/Robot/YSZD_RobotPlattform/build/mecanum_robot': CMAKE_PREFIX_PATH=/opt/ros/humble /usr/bin/cmake --build /home/bd/Documents/Robot/YSZD_RobotPlattform/build/mecanum_robot -- -j16 -l16
[0.020s] CMake Error: The current CMakeCache.txt directory /home/bd/Documents/Robot/YSZD_RobotPlattform/build/mecanum_robot/CMakeCache.txt is different than the directory /home/bd/Documents/Robot/agv_sim/build/mecanum_robot where CMakeCache.txt was created. This may result in binaries being created in the wrong place. If you are not sure, reedit the CMakeCache.txt
[0.081s] -- Found ament_cmake: 1.3.12 (/opt/ros/humble/share/ament_cmake/cmake)
[0.227s] -- Found rclpy: 3.3.17 (/opt/ros/humble/share/rclpy/cmake)
[0.228s] -- Found geometry_msgs: 4.9.0 (/opt/ros/humble/share/geometry_msgs/cmake)
[0.259s] -- Found rosidl_generator_c: 3.1.7 (/opt/ros/humble/share/rosidl_generator_c/cmake)
[0.264s] -- Found rosidl_adapter: 3.1.7 (/opt/ros/humble/share/rosidl_adapter/cmake)
[0.275s] -- Found rosidl_generator_cpp: 3.1.7 (/opt/ros/humble/share/rosidl_generator_cpp/cmake)
[0.290s] -- Using all available rosidl_typesupport_c: rosidl_typesupport_fastrtps_c;rosidl_typesupport_introspection_c
[0.303s] -- Using all available rosidl_typesupport_cpp: rosidl_typesupport_fastrtps_cpp;rosidl_typesupport_introspection_cpp
[0.343s] -- Found sensor_msgs: 4.9.0 (/opt/ros/humble/share/sensor_msgs/cmake)
[0.363s] -- Found nav_msgs: 4.9.0 (/opt/ros/humble/share/nav_msgs/cmake)
[0.382s] -- Found tf2_ros: 0.25.16 (/opt/ros/humble/share/tf2_ros/cmake)
[0.443s] -- Found rmw_implementation_cmake: 6.1.2 (/opt/ros/humble/share/rmw_implementation_cmake/cmake)
[0.445s] -- Found rmw_fastrtps_cpp: 6.2.9 (/opt/ros/humble/share/rmw_fastrtps_cpp/cmake)
[0.541s] -- Using RMW implementation 'rmw_fastrtps_cpp' as default
[0.683s] -- Found tf2_geometry_msgs: 0.25.16 (/opt/ros/humble/share/tf2_geometry_msgs/cmake)
[0.693s] -- Found eigen3_cmake_module: 0.1.1 (/opt/ros/humble/share/eigen3_cmake_module/cmake)
[0.694s] -- Ensuring Eigen3 include directory is part of orocos-kdl CMake target
[0.774s] -- Found ament_lint_auto: 0.12.14 (/opt/ros/humble/share/ament_lint_auto/cmake)
[0.857s] -- Added test 'copyright' to check source files copyright and LICENSE
[0.980s] -- Added test 'cppcheck' to perform static code analysis on C / C++ code
[0.981s] -- Configured cppcheck include dirs: 
[0.981s] -- Configured cppcheck exclude dirs and/or files: 
[1.015s] -- Added test 'cpplint' to check C / C++ code against the Google style
[1.015s] -- Configured cpplint exclude dirs and/or files: 
[1.020s] -- Added test 'flake8' to check Python code syntax and style conventions
[1.030s] -- Added test 'lint_cmake' to check CMake code style
[1.034s] -- Added test 'pep257' to check Python code against some of the docstring style conventions in PEP 257
[1.067s] -- Added test 'uncrustify' to check C / C++ code style
[1.067s] -- Configured uncrustify additional arguments: 
[1.072s] -- Added test 'xmllint' to check XML markup files
[1.074s] -- Configuring done
[1.083s] -- Generating done
[1.085s] -- Build files have been written to: /home/bd/Documents/Robot/agv_sim/build/mecanum_robot
[1.128s] Built target ament_cmake_python_copy_mecanum_robot
[1.416s] running egg_info
[1.430s] writing mecanum_robot.egg-info/PKG-INFO
[1.431s] writing dependency_links to mecanum_robot.egg-info/dependency_links.txt
[1.431s] writing top-level names to mecanum_robot.egg-info/top_level.txt
[1.597s] writing manifest file 'mecanum_robot.egg-info/SOURCES.txt'
[1.635s] Built target ament_cmake_python_build_mecanum_robot_egg
[1.644s] Invoked command in '/home/bd/Documents/Robot/YSZD_RobotPlattform/build/mecanum_robot' returned '0': CMAKE_PREFIX_PATH=/opt/ros/humble /usr/bin/cmake --build /home/bd/Documents/Robot/YSZD_RobotPlattform/build/mecanum_robot -- -j16 -l16
[1.653s] Invoking command in '/home/bd/Documents/Robot/YSZD_RobotPlattform/build/mecanum_robot': CMAKE_PREFIX_PATH=/opt/ros/humble /usr/bin/cmake --install /home/bd/Documents/Robot/YSZD_RobotPlattform/build/mecanum_robot
[1.661s] -- Install configuration: ""
[1.661s] -- Up-to-date: /home/bd/Documents/Robot/agv_sim/install/mecanum_robot/share/mecanum_robot/environment/pythonpath.sh
[1.661s] -- Installing: /home/bd/Documents/Robot/agv_sim/install/mecanum_robot/share/mecanum_robot/environment/pythonpath.dsv
[1.661s] -- Up-to-date: /home/bd/Documents/Robot/agv_sim/install/mecanum_robot/lib/python3.10/site-packages/mecanum_robot-1.0.0-py3.10.egg-info
[1.661s] -- Installing: /home/bd/Documents/Robot/agv_sim/install/mecanum_robot/lib/python3.10/site-packages/mecanum_robot-1.0.0-py3.10.egg-info/top_level.txt
[1.661s] -- Installing: /home/bd/Documents/Robot/agv_sim/install/mecanum_robot/lib/python3.10/site-packages/mecanum_robot-1.0.0-py3.10.egg-info/dependency_links.txt
[1.661s] -- Installing: /home/bd/Documents/Robot/agv_sim/install/mecanum_robot/lib/python3.10/site-packages/mecanum_robot-1.0.0-py3.10.egg-info/PKG-INFO
[1.661s] -- Installing: /home/bd/Documents/Robot/agv_sim/install/mecanum_robot/lib/python3.10/site-packages/mecanum_robot-1.0.0-py3.10.egg-info/SOURCES.txt
[1.661s] -- Up-to-date: /home/bd/Documents/Robot/agv_sim/install/mecanum_robot/lib/python3.10/site-packages/mecanum_robot
[1.661s] -- Up-to-date: /home/bd/Documents/Robot/agv_sim/install/mecanum_robot/lib/python3.10/site-packages/mecanum_robot/__init__.py
[1.688s] Listing '/home/bd/Documents/Robot/agv_sim/install/mecanum_robot/lib/python3.10/site-packages/mecanum_robot'...
[1.693s] -- Up-to-date: /home/bd/Documents/Robot/agv_sim/install/mecanum_robot/lib/mecanum_robot/robot_node.py
[1.693s] -- Up-to-date: /home/bd/Documents/Robot/agv_sim/install/mecanum_robot/lib/mecanum_robot/remote_control.py
[1.693s] -- Up-to-date: /home/bd/Documents/Robot/agv_sim/install/mecanum_robot/lib/mecanum_robot/path_publisher.py
[1.693s] -- Up-to-date: /home/bd/Documents/Robot/agv_sim/install/mecanum_robot/lib/mecanum_robot/camera_node_fixed.py
[1.693s] -- Up-to-date: /home/bd/Documents/Robot/agv_sim/install/mecanum_robot/lib/mecanum_robot/apriltag_detector_enhanced.py
[1.693s] -- Up-to-date: /home/bd/Documents/Robot/agv_sim/install/mecanum_robot/lib/mecanum_robot/position_calculator.py
[1.693s] -- Up-to-date: /home/bd/Documents/Robot/agv_sim/install/mecanum_robot/lib/mecanum_robot/image_viewer.py
[1.693s] -- Up-to-date: /home/bd/Documents/Robot/agv_sim/install/mecanum_robot/lib/mecanum_robot/waypoint_follower.py
[1.693s] -- Up-to-date: /home/bd/Documents/Robot/agv_sim/install/mecanum_robot/lib/mecanum_robot/waypoint_recorder.py
[1.693s] -- Up-to-date: /home/bd/Documents/Robot/agv_sim/install/mecanum_robot/lib/mecanum_robot/ros2_websocket_bridge.py
[1.693s] -- Up-to-date: /home/bd/Documents/Robot/agv_sim/install/mecanum_robot/share/mecanum_robot//launch
[1.693s] -- Up-to-date: /home/bd/Documents/Robot/agv_sim/install/mecanum_robot/share/mecanum_robot//launch/mecanum_robot_clean.launch.py
[1.693s] -- Up-to-date: /home/bd/Documents/Robot/agv_sim/install/mecanum_robot/share/mecanum_robot//launch/apriltag_robot.launch.py
[1.693s] -- Up-to-date: /home/bd/Documents/Robot/agv_sim/install/mecanum_robot/share/mecanum_robot//launch/apriltag_robot_fixed.launch.py
[1.693s] -- Up-to-date: /home/bd/Documents/Robot/agv_sim/install/mecanum_robot/share/mecanum_robot//launch/nav2_with_obstacles.launch.py
[1.693s] -- Up-to-date: /home/bd/Documents/Robot/agv_sim/install/mecanum_robot/share/mecanum_robot//launch/simple_nav2.launch.py
[1.693s] -- Up-to-date: /home/bd/Documents/Robot/agv_sim/install/mecanum_robot/share/mecanum_robot//launch/robot_state_machine.launch.py
[1.693s] -- Up-to-date: /home/bd/Documents/Robot/agv_sim/install/mecanum_robot/share/mecanum_robot//launch/mecanum_robot.launch.py
[1.693s] -- Up-to-date: /home/bd/Documents/Robot/agv_sim/install/mecanum_robot/share/mecanum_robot//urdf
[1.693s] -- Up-to-date: /home/bd/Documents/Robot/agv_sim/install/mecanum_robot/share/mecanum_robot//urdf/mecanum_robot.urdf
[1.693s] -- Up-to-date: /home/bd/Documents/Robot/agv_sim/install/mecanum_robot/share/mecanum_robot//rviz
[1.693s] -- Up-to-date: /home/bd/Documents/Robot/agv_sim/install/mecanum_robot/share/mecanum_robot//rviz/mecanum_robot.rviz
[1.693s] -- Up-to-date: /home/bd/Documents/Robot/agv_sim/install/mecanum_robot/share/mecanum_robot//rviz/nav2_with_obstacles.rviz
[1.693s] -- Up-to-date: /home/bd/Documents/Robot/agv_sim/install/mecanum_robot/share/mecanum_robot//rviz/mecanum_robot_path.rviz
[1.693s] -- Up-to-date: /home/bd/Documents/Robot/agv_sim/install/mecanum_robot/share/mecanum_robot//rviz/map_display.rviz
[1.694s] -- Up-to-date: /home/bd/Documents/Robot/agv_sim/install/mecanum_robot/share/mecanum_robot//rviz/simple_path.rviz
[1.694s] -- Up-to-date: /home/bd/Documents/Robot/agv_sim/install/mecanum_robot/share/mecanum_robot//config
[1.694s] -- Up-to-date: /home/bd/Documents/Robot/agv_sim/install/mecanum_robot/share/mecanum_robot//config/nav2_params.yaml
[1.694s] -- Up-to-date: /home/bd/Documents/Robot/agv_sim/install/mecanum_robot/share/ament_index/resource_index/package_run_dependencies/mecanum_robot
[1.694s] -- Installing: /home/bd/Documents/Robot/agv_sim/install/mecanum_robot/share/ament_index/resource_index/parent_prefix_path/mecanum_robot
[1.694s] -- Up-to-date: /home/bd/Documents/Robot/agv_sim/install/mecanum_robot/share/mecanum_robot/environment/ament_prefix_path.sh
[1.694s] -- Installing: /home/bd/Documents/Robot/agv_sim/install/mecanum_robot/share/mecanum_robot/environment/ament_prefix_path.dsv
[1.694s] -- Up-to-date: /home/bd/Documents/Robot/agv_sim/install/mecanum_robot/share/mecanum_robot/environment/path.sh
[1.694s] -- Installing: /home/bd/Documents/Robot/agv_sim/install/mecanum_robot/share/mecanum_robot/environment/path.dsv
[1.694s] -- Up-to-date: /home/bd/Documents/Robot/agv_sim/install/mecanum_robot/share/mecanum_robot/local_setup.bash
[1.694s] -- Up-to-date: /home/bd/Documents/Robot/agv_sim/install/mecanum_robot/share/mecanum_robot/local_setup.sh
[1.694s] -- Up-to-date: /home/bd/Documents/Robot/agv_sim/install/mecanum_robot/share/mecanum_robot/local_setup.zsh
[1.694s] -- Installing: /home/bd/Documents/Robot/agv_sim/install/mecanum_robot/share/mecanum_robot/local_setup.dsv
[1.695s] -- Installing: /home/bd/Documents/Robot/agv_sim/install/mecanum_robot/share/mecanum_robot/package.dsv
[1.695s] -- Up-to-date: /home/bd/Documents/Robot/agv_sim/install/mecanum_robot/share/ament_index/resource_index/packages/mecanum_robot
[1.695s] -- Up-to-date: /home/bd/Documents/Robot/agv_sim/install/mecanum_robot/share/mecanum_robot/cmake/mecanum_robotConfig.cmake
[1.695s] -- Up-to-date: /home/bd/Documents/Robot/agv_sim/install/mecanum_robot/share/mecanum_robot/cmake/mecanum_robotConfig-version.cmake
[1.695s] -- Up-to-date: /home/bd/Documents/Robot/agv_sim/install/mecanum_robot/share/mecanum_robot/package.xml
[1.695s] Invoked command in '/home/bd/Documents/Robot/YSZD_RobotPlattform/build/mecanum_robot' returned '0': CMAKE_PREFIX_PATH=/opt/ros/humble /usr/bin/cmake --install /home/bd/Documents/Robot/YSZD_RobotPlattform/build/mecanum_robot
