[0.024s] Invoking command in '/home/y1234/Documents/robot_ws/YSZD_RobotPlattform/build/mecanum_robot': CMAKE_PREFIX_PATH=${CMAKE_PREFIX_PATH}:/opt/ros/humble /usr/bin/cmake /home/y1234/Documents/robot_ws/YSZD_RobotPlattform -DCMAKE_INSTALL_PREFIX=/home/y1234/Documents/robot_ws/YSZD_RobotPlattform/install/mecanum_robot
[0.153s] -- The C compiler identification is GNU 11.4.0
[0.275s] -- The CXX compiler identification is GNU 11.4.0
[0.295s] -- Detecting C compiler ABI info
[0.437s] -- Detecting C compiler ABI info - done
[0.449s] -- Check for working C compiler: /usr/bin/cc - skipped
[0.454s] -- Detecting C compile features
[0.454s] -- Detecting C compile features - done
[0.466s] -- Detecting CXX compiler ABI info
[0.661s] -- Detecting CXX compiler ABI info - done
[0.685s] -- Check for working CXX compiler: /usr/bin/c++ - skipped
[0.687s] -- Detecting CXX compile features
[0.687s] -- Detecting CXX compile features - done
[0.690s] -- Found ament_cmake: 1.3.12 (/opt/ros/humble/share/ament_cmake/cmake)
[1.564s] -- Found Python3: /usr/bin/python3 (found version "3.10.12") found components: Interpreter 
[1.765s] -- Found rclpy: 3.3.17 (/opt/ros/humble/share/rclpy/cmake)
[1.766s] -- Found rclcpp: 16.0.15 (/opt/ros/humble/share/rclcpp/cmake)
[1.846s] -- Found rosidl_generator_c: 3.1.7 (/opt/ros/humble/share/rosidl_generator_c/cmake)
[1.856s] -- Found rosidl_adapter: 3.1.7 (/opt/ros/humble/share/rosidl_adapter/cmake)
[1.880s] -- Found rosidl_generator_cpp: 3.1.7 (/opt/ros/humble/share/rosidl_generator_cpp/cmake)
[1.901s] -- Using all available rosidl_typesupport_c: rosidl_typesupport_fastrtps_c;rosidl_typesupport_introspection_c
[1.934s] -- Using all available rosidl_typesupport_cpp: rosidl_typesupport_fastrtps_cpp;rosidl_typesupport_introspection_cpp
[2.024s] -- Found rmw_implementation_cmake: 6.1.2 (/opt/ros/humble/share/rmw_implementation_cmake/cmake)
[2.028s] -- Found rmw_fastrtps_cpp: 6.2.9 (/opt/ros/humble/share/rmw_fastrtps_cpp/cmake)
[2.218s] -- Found OpenSSL: /usr/lib/aarch64-linux-gnu/libcrypto.so (found version "3.0.2")  
[2.287s] -- Found FastRTPS: /opt/ros/humble/include  
[2.369s] -- Using RMW implementation 'rmw_fastrtps_cpp' as default
[2.394s] -- Looking for pthread.h
[2.555s] -- Looking for pthread.h - found
[2.561s] -- Performing Test CMAKE_HAVE_LIBC_PTHREAD
[2.726s] -- Performing Test CMAKE_HAVE_LIBC_PTHREAD - Success
[2.728s] -- Found Threads: TRUE  
[2.832s] -- Found geometry_msgs: 4.9.0 (/opt/ros/humble/share/geometry_msgs/cmake)
[2.866s] -- Found sensor_msgs: 4.9.0 (/opt/ros/humble/share/sensor_msgs/cmake)
[2.899s] -- Found nav_msgs: 4.9.0 (/opt/ros/humble/share/nav_msgs/cmake)
[2.930s] -- Found tf2_ros: 0.25.17 (/opt/ros/humble/share/tf2_ros/cmake)
[3.106s] -- Found tf2_geometry_msgs: 0.25.17 (/opt/ros/humble/share/tf2_geometry_msgs/cmake)
[3.134s] -- Found eigen3_cmake_module: 0.1.1 (/opt/ros/humble/share/eigen3_cmake_module/cmake)
[3.135s] -- Found Eigen3: TRUE (found version "3.4.0") 
[3.136s] -- Ensuring Eigen3 include directory is part of orocos-kdl CMake target
[3.142s] -- Found cv_bridge: 3.2.1 (/opt/ros/humble/share/cv_bridge/cmake)
[3.161s] -- Found image_transport: 3.1.12 (/opt/ros/humble/share/image_transport/cmake)
[3.203s] -- Found OpenCV: /usr (found version "4.5.4") 
[3.426s] -- Found ament_lint_auto: 0.12.14 (/opt/ros/humble/share/ament_lint_auto/cmake)
[3.621s] -- Added test 'copyright' to check source files copyright and LICENSE
[3.741s] -- Added test 'cppcheck' to perform static code analysis on C / C++ code
[3.741s] -- Configured cppcheck include dirs: 
[3.742s] -- Configured cppcheck exclude dirs and/or files: 
[3.833s] -- Added test 'cpplint' to check C / C++ code against the Google style
[3.833s] -- Configured cpplint exclude dirs and/or files: 
[3.845s] -- Added test 'flake8' to check Python code syntax and style conventions
[3.870s] -- Added test 'lint_cmake' to check CMake code style
[3.883s] -- Added test 'pep257' to check Python code against some of the docstring style conventions in PEP 257
[3.974s] -- Added test 'uncrustify' to check C / C++ code style
[3.974s] -- Configured uncrustify additional arguments: 
[3.986s] -- Added test 'xmllint' to check XML markup files
[3.995s] -- Configuring done
[4.025s] -- Generating done
[4.038s] -- Build files have been written to: /home/y1234/Documents/robot_ws/YSZD_RobotPlattform/build/mecanum_robot
[4.073s] Invoked command in '/home/y1234/Documents/robot_ws/YSZD_RobotPlattform/build/mecanum_robot' returned '0': CMAKE_PREFIX_PATH=${CMAKE_PREFIX_PATH}:/opt/ros/humble /usr/bin/cmake /home/y1234/Documents/robot_ws/YSZD_RobotPlattform -DCMAKE_INSTALL_PREFIX=/home/y1234/Documents/robot_ws/YSZD_RobotPlattform/install/mecanum_robot
[4.082s] Invoking command in '/home/y1234/Documents/robot_ws/YSZD_RobotPlattform/build/mecanum_robot': CMAKE_PREFIX_PATH=${CMAKE_PREFIX_PATH}:/opt/ros/humble /usr/bin/cmake --build /home/y1234/Documents/robot_ws/YSZD_RobotPlattform/build/mecanum_robot -- -j6 -l6
[4.204s] [  0%] Built target ament_cmake_python_copy_mecanum_robot
[4.247s] [ 50%] Building CXX object CMakeFiles/realsense_dual_camera_node.dir/src/realsense_dual_camera_node.cpp.o
[13.754s] /home/y1234/Documents/robot_ws/YSZD_RobotPlattform/src/realsense_dual_camera_node.cpp: In constructor ‘RealSenseDualCameraNode::RealSenseDualCameraNode()’:
[13.754s] /home/y1234/Documents/robot_ws/YSZD_RobotPlattform/src/realsense_dual_camera_node.cpp:322:32: error: no matching function for call to ‘RealSenseDualCameraNode::declare_parameter(const char [20])’
[13.754s]   322 |         this->declare_parameter("front_camera_serial");
[13.754s]       |         ~~~~~~~~~~~~~~~~~~~~~~~^~~~~~~~~~~~~~~~~~~~~~~
[13.756s] In file included from /opt/ros/humble/include/rclcpp/rclcpp/executors/single_threaded_executor.hpp:28,
[13.756s]                  from /opt/ros/humble/include/rclcpp/rclcpp/executors.hpp:22,
[13.756s]                  from /opt/ros/humble/include/rclcpp/rclcpp/rclcpp.hpp:155,
[13.756s]                  from /home/y1234/Documents/robot_ws/YSZD_RobotPlattform/src/realsense_dual_camera_node.cpp:1:
[13.756s] /opt/ros/humble/include/rclcpp/rclcpp/node.hpp:421:3: note: candidate: ‘template<class ParameterT> auto rclcpp::Node::declare_parameter(const string&, const ParameterT&, const ParameterDescriptor&, bool)’
[13.756s]   421 |   declare_parameter(
[13.757s]       |   ^~~~~~~~~~~~~~~~~
[13.757s] /opt/ros/humble/include/rclcpp/rclcpp/node.hpp:421:3: note:   template argument deduction/substitution failed:
[13.759s] /home/y1234/Documents/robot_ws/YSZD_RobotPlattform/src/realsense_dual_camera_node.cpp:322:32: note:   candidate expects 4 arguments, 1 provided
[13.759s]   322 |         this->declare_parameter("front_camera_serial");
[13.760s]       |         ~~~~~~~~~~~~~~~~~~~~~~~^~~~~~~~~~~~~~~~~~~~~~~
[13.760s] In file included from /opt/ros/humble/include/rclcpp/rclcpp/executors/single_threaded_executor.hpp:28,
[13.760s]                  from /opt/ros/humble/include/rclcpp/rclcpp/executors.hpp:22,
[13.760s]                  from /opt/ros/humble/include/rclcpp/rclcpp/rclcpp.hpp:155,
[13.760s]                  from /home/y1234/Documents/robot_ws/YSZD_RobotPlattform/src/realsense_dual_camera_node.cpp:1:
[13.760s] /opt/ros/humble/include/rclcpp/rclcpp/node.hpp:434:3: note: candidate: ‘template<class ParameterT> auto rclcpp::Node::declare_parameter(const string&, const ParameterDescriptor&, bool)’
[13.760s]   434 |   declare_parameter(
[13.760s]       |   ^~~~~~~~~~~~~~~~~
[13.761s] /opt/ros/humble/include/rclcpp/rclcpp/node.hpp:434:3: note:   template argument deduction/substitution failed:
[13.761s] /home/y1234/Documents/robot_ws/YSZD_RobotPlattform/src/realsense_dual_camera_node.cpp:322:32: note:   couldn’t deduce template parameter ‘ParameterT’
[13.761s]   322 |         this->declare_parameter("front_camera_serial");
[13.761s]       |         ~~~~~~~~~~~~~~~~~~~~~~~^~~~~~~~~~~~~~~~~~~~~~~
[13.761s] In file included from /opt/ros/humble/include/rclcpp/rclcpp/executors/single_threaded_executor.hpp:28,
[13.762s]                  from /opt/ros/humble/include/rclcpp/rclcpp/executors.hpp:22,
[13.762s]                  from /opt/ros/humble/include/rclcpp/rclcpp/rclcpp.hpp:155,
[13.762s]                  from /home/y1234/Documents/robot_ws/YSZD_RobotPlattform/src/realsense_dual_camera_node.cpp:1:
[13.762s] /opt/ros/humble/include/rclcpp/rclcpp/node.hpp:366:3: note: candidate: ‘const rclcpp::ParameterValue& rclcpp::Node::declare_parameter(const string&, const rclcpp::ParameterValue&, const ParameterDescriptor&, bool)’
[13.762s]   366 |   declare_parameter(
[13.762s]       |   ^~~~~~~~~~~~~~~~~
[13.762s] /opt/ros/humble/include/rclcpp/rclcpp/node.hpp:366:3: note:   candidate expects 4 arguments, 1 provided
[13.762s] /opt/ros/humble/include/rclcpp/rclcpp/node.hpp:391:3: note: candidate: ‘const rclcpp::ParameterValue& rclcpp::Node::declare_parameter(const string&, rclcpp::ParameterType, const ParameterDescriptor&, bool)’
[13.762s]   391 |   declare_parameter(
[13.763s]       |   ^~~~~~~~~~~~~~~~~
[13.763s] /opt/ros/humble/include/rclcpp/rclcpp/node.hpp:391:3: note:   candidate expects 4 arguments, 1 provided
[13.763s] /home/y1234/Documents/robot_ws/YSZD_RobotPlattform/src/realsense_dual_camera_node.cpp:323:32: error: no matching function for call to ‘RealSenseDualCameraNode::declare_parameter(const char [19])’
[13.763s]   323 |         this->declare_parameter("back_camera_serial");
[13.763s]       |         ~~~~~~~~~~~~~~~~~~~~~~~^~~~~~~~~~~~~~~~~~~~~~
[13.763s] In file included from /opt/ros/humble/include/rclcpp/rclcpp/executors/single_threaded_executor.hpp:28,
[13.763s]                  from /opt/ros/humble/include/rclcpp/rclcpp/executors.hpp:22,
[13.763s]                  from /opt/ros/humble/include/rclcpp/rclcpp/rclcpp.hpp:155,
[13.763s]                  from /home/y1234/Documents/robot_ws/YSZD_RobotPlattform/src/realsense_dual_camera_node.cpp:1:
[13.764s] /opt/ros/humble/include/rclcpp/rclcpp/node.hpp:421:3: note: candidate: ‘template<class ParameterT> auto rclcpp::Node::declare_parameter(const string&, const ParameterT&, const ParameterDescriptor&, bool)’
[13.764s]   421 |   declare_parameter(
[13.764s]       |   ^~~~~~~~~~~~~~~~~
[13.764s] /opt/ros/humble/include/rclcpp/rclcpp/node.hpp:421:3: note:   template argument deduction/substitution failed:
[13.764s] /home/y1234/Documents/robot_ws/YSZD_RobotPlattform/src/realsense_dual_camera_node.cpp:323:32: note:   candidate expects 4 arguments, 1 provided
[13.764s]   323 |         this->declare_parameter("back_camera_serial");
[13.764s]       |         ~~~~~~~~~~~~~~~~~~~~~~~^~~~~~~~~~~~~~~~~~~~~~
[13.764s] In file included from /opt/ros/humble/include/rclcpp/rclcpp/executors/single_threaded_executor.hpp:28,
[13.764s]                  from /opt/ros/humble/include/rclcpp/rclcpp/executors.hpp:22,
[13.765s]                  from /opt/ros/humble/include/rclcpp/rclcpp/rclcpp.hpp:155,
[13.765s]                  from /home/y1234/Documents/robot_ws/YSZD_RobotPlattform/src/realsense_dual_camera_node.cpp:1:
[13.765s] /opt/ros/humble/include/rclcpp/rclcpp/node.hpp:434:3: note: candidate: ‘template<class ParameterT> auto rclcpp::Node::declare_parameter(const string&, const ParameterDescriptor&, bool)’
[13.765s]   434 |   declare_parameter(
[13.765s]       |   ^~~~~~~~~~~~~~~~~
[13.765s] /opt/ros/humble/include/rclcpp/rclcpp/node.hpp:434:3: note:   template argument deduction/substitution failed:
[13.765s] /home/y1234/Documents/robot_ws/YSZD_RobotPlattform/src/realsense_dual_camera_node.cpp:323:32: note:   couldn’t deduce template parameter ‘ParameterT’
[13.765s]   323 |         this->declare_parameter("back_camera_serial");
[13.765s]       |         ~~~~~~~~~~~~~~~~~~~~~~~^~~~~~~~~~~~~~~~~~~~~~
[13.765s] In file included from /opt/ros/humble/include/rclcpp/rclcpp/executors/single_threaded_executor.hpp:28,
[13.766s]                  from /opt/ros/humble/include/rclcpp/rclcpp/executors.hpp:22,
[13.766s]                  from /opt/ros/humble/include/rclcpp/rclcpp/rclcpp.hpp:155,
[13.766s]                  from /home/y1234/Documents/robot_ws/YSZD_RobotPlattform/src/realsense_dual_camera_node.cpp:1:
[13.766s] /opt/ros/humble/include/rclcpp/rclcpp/node.hpp:366:3: note: candidate: ‘const rclcpp::ParameterValue& rclcpp::Node::declare_parameter(const string&, const rclcpp::ParameterValue&, const ParameterDescriptor&, bool)’
[13.766s]   366 |   declare_parameter(
[13.766s]       |   ^~~~~~~~~~~~~~~~~
[13.766s] /opt/ros/humble/include/rclcpp/rclcpp/node.hpp:366:3: note:   candidate expects 4 arguments, 1 provided
[13.766s] /opt/ros/humble/include/rclcpp/rclcpp/node.hpp:391:3: note: candidate: ‘const rclcpp::ParameterValue& rclcpp::Node::declare_parameter(const string&, rclcpp::ParameterType, const ParameterDescriptor&, bool)’
[13.766s]   391 |   declare_parameter(
[13.766s]       |   ^~~~~~~~~~~~~~~~~
[13.767s] /opt/ros/humble/include/rclcpp/rclcpp/node.hpp:391:3: note:   candidate expects 4 arguments, 1 provided
[17.941s] gmake[2]: *** [CMakeFiles/realsense_dual_camera_node.dir/build.make:76: CMakeFiles/realsense_dual_camera_node.dir/src/realsense_dual_camera_node.cpp.o] Error 1
[17.942s] gmake[1]: *** [CMakeFiles/Makefile2:192: CMakeFiles/realsense_dual_camera_node.dir/all] Error 2
[17.947s] gmake: *** [Makefile:146: all] Error 2
[17.951s] Invoked command in '/home/y1234/Documents/robot_ws/YSZD_RobotPlattform/build/mecanum_robot' returned '2': CMAKE_PREFIX_PATH=${CMAKE_PREFIX_PATH}:/opt/ros/humble /usr/bin/cmake --build /home/y1234/Documents/robot_ws/YSZD_RobotPlattform/build/mecanum_robot -- -j6 -l6
