[0.971s] DEBUG:colcon:Command line arguments: ['/usr/bin/colcon', 'build', '--packages-select', 'mecanum_robot']
[0.971s] DEBUG:colcon:Parsed command line arguments: Namespace(log_base=None, log_level=None, verb_name='build', build_base='build', install_base='install', merge_install=False, symlink_install=False, test_result_base=None, continue_on_error=False, executor='parallel', parallel_workers=6, event_handlers=None, ignore_user_meta=False, metas=['./colcon.meta'], base_paths=['.'], packages_ignore=None, packages_ignore_regex=None, paths=None, packages_up_to=None, packages_up_to_regex=None, packages_above=None, packages_above_and_dependencies=None, packages_above_depth=None, packages_select_by_dep=None, packages_skip_by_dep=None, packages_skip_up_to=None, packages_select_build_failed=False, packages_skip_build_finished=False, packages_select_test_failures=False, packages_skip_test_passed=False, packages_select=['mecanum_robot'], packages_skip=None, packages_select_regex=None, packages_skip_regex=None, packages_start=None, packages_end=None, allow_overriding=[], cmake_args=None, cmake_target=None, cmake_target_skip_unavailable=False, cmake_clean_cache=False, cmake_clean_first=False, cmake_force_configure=False, ament_cmake_args=None, catkin_cmake_args=None, catkin_skip_building_tests=False, verb_parser=<colcon_defaults.argument_parser.defaults.DefaultArgumentsDecorator object at 0xffff82e17ee0>, verb_extension=<colcon_core.verb.build.BuildVerb object at 0xffff8300d360>, main=<bound method BuildVerb.main of <colcon_core.verb.build.BuildVerb object at 0xffff8300d360>>)
[1.960s] Level 1:colcon.colcon_core.package_discovery:discover_packages(colcon_meta) check parameters
[1.962s] Level 1:colcon.colcon_core.package_discovery:discover_packages(recursive) check parameters
[1.963s] Level 1:colcon.colcon_core.package_discovery:discover_packages(ignore) check parameters
[1.963s] Level 1:colcon.colcon_core.package_discovery:discover_packages(path) check parameters
[1.963s] Level 1:colcon.colcon_core.package_discovery:discover_packages(colcon_meta) discover
[1.964s] Level 1:colcon.colcon_core.package_discovery:discover_packages(recursive) discover
[1.965s] INFO:colcon.colcon_core.package_discovery:Crawling recursively for packages in '/home/y1234/Documents/robot_ws/YSZD_RobotPlattform'
[1.966s] Level 1:colcon.colcon_core.package_identification:_identify(.) by extensions ['ignore', 'ignore_ament_install']
[1.967s] Level 1:colcon.colcon_core.package_identification:_identify(.) by extension 'ignore'
[1.968s] Level 1:colcon.colcon_core.package_identification:_identify(.) by extension 'ignore_ament_install'
[1.968s] Level 1:colcon.colcon_core.package_identification:_identify(.) by extensions ['colcon_pkg']
[1.969s] Level 1:colcon.colcon_core.package_identification:_identify(.) by extension 'colcon_pkg'
[1.969s] Level 1:colcon.colcon_core.package_identification:_identify(.) by extensions ['colcon_meta']
[1.970s] Level 1:colcon.colcon_core.package_identification:_identify(.) by extension 'colcon_meta'
[1.970s] Level 1:colcon.colcon_core.package_identification:_identify(.) by extensions ['ros']
[1.970s] Level 1:colcon.colcon_core.package_identification:_identify(.) by extension 'ros'
[2.087s] DEBUG:colcon.colcon_core.package_identification:Package '.' with type 'ros.ament_cmake' and name 'mecanum_robot'
[2.087s] Level 1:colcon.colcon_core.package_discovery:discover_packages(recursive) using defaults
[2.088s] Level 1:colcon.colcon_core.package_discovery:discover_packages(ignore) discover
[2.088s] Level 1:colcon.colcon_core.package_discovery:discover_packages(ignore) using defaults
[2.088s] Level 1:colcon.colcon_core.package_discovery:discover_packages(path) discover
[2.088s] Level 1:colcon.colcon_core.package_discovery:discover_packages(path) using defaults
[2.258s] Level 1:colcon.colcon_core.package_discovery:discover_packages(prefix_path) check parameters
[2.260s] Level 1:colcon.colcon_core.package_discovery:discover_packages(prefix_path) discover
[2.280s] DEBUG:colcon.colcon_installed_package_information.package_discovery:Found 1 installed packages in /home/y1234/Documents/robot_ws/YSZD_RobotPlattform/install
[2.286s] DEBUG:colcon.colcon_installed_package_information.package_discovery:Found 274 installed packages in /opt/ros/humble
[2.301s] Level 1:colcon.colcon_core.package_discovery:discover_packages(prefix_path) using defaults
[2.506s] Level 5:colcon.colcon_core.verb:set package 'mecanum_robot' build argument 'cmake_args' from command line to 'None'
[2.507s] Level 5:colcon.colcon_core.verb:set package 'mecanum_robot' build argument 'cmake_target' from command line to 'None'
[2.507s] Level 5:colcon.colcon_core.verb:set package 'mecanum_robot' build argument 'cmake_target_skip_unavailable' from command line to 'False'
[2.507s] Level 5:colcon.colcon_core.verb:set package 'mecanum_robot' build argument 'cmake_clean_cache' from command line to 'False'
[2.507s] Level 5:colcon.colcon_core.verb:set package 'mecanum_robot' build argument 'cmake_clean_first' from command line to 'False'
[2.507s] Level 5:colcon.colcon_core.verb:set package 'mecanum_robot' build argument 'cmake_force_configure' from command line to 'False'
[2.508s] Level 5:colcon.colcon_core.verb:set package 'mecanum_robot' build argument 'ament_cmake_args' from command line to 'None'
[2.508s] Level 5:colcon.colcon_core.verb:set package 'mecanum_robot' build argument 'catkin_cmake_args' from command line to 'None'
[2.508s] Level 5:colcon.colcon_core.verb:set package 'mecanum_robot' build argument 'catkin_skip_building_tests' from command line to 'False'
[2.508s] DEBUG:colcon.colcon_core.verb:Building package 'mecanum_robot' with the following arguments: {'ament_cmake_args': None, 'build_base': '/home/y1234/Documents/robot_ws/YSZD_RobotPlattform/build/mecanum_robot', 'catkin_cmake_args': None, 'catkin_skip_building_tests': False, 'cmake_args': None, 'cmake_clean_cache': False, 'cmake_clean_first': False, 'cmake_force_configure': False, 'cmake_target': None, 'cmake_target_skip_unavailable': False, 'install_base': '/home/y1234/Documents/robot_ws/YSZD_RobotPlattform/install/mecanum_robot', 'merge_install': False, 'path': '/home/y1234/Documents/robot_ws/YSZD_RobotPlattform', 'symlink_install': False, 'test_result_base': None}
[2.508s] INFO:colcon.colcon_core.executor:Executing jobs using 'parallel' executor
[2.534s] DEBUG:colcon.colcon_parallel_executor.executor.parallel:run_until_complete
[2.535s] INFO:colcon.colcon_ros.task.ament_cmake.build:Building ROS package in '/home/y1234/Documents/robot_ws/YSZD_RobotPlattform' with build type 'ament_cmake'
[2.535s] INFO:colcon.colcon_cmake.task.cmake.build:Building CMake package in '/home/y1234/Documents/robot_ws/YSZD_RobotPlattform'
[2.550s] INFO:colcon.colcon_core.plugin_system:Skipping extension 'colcon_core.shell.bat': Not used on non-Windows systems
[2.551s] INFO:colcon.colcon_core.shell:Skip shell extension 'powershell' for command environment: Not usable outside of PowerShell
[2.551s] DEBUG:colcon.colcon_core.shell:Skip shell extension 'dsv' for command environment
[2.607s] DEBUG:colcon.colcon_core.event_handler.log_command:Invoking command in '/home/y1234/Documents/robot_ws/YSZD_RobotPlattform/build/mecanum_robot': CMAKE_PREFIX_PATH=${CMAKE_PREFIX_PATH}:/opt/ros/humble /usr/bin/cmake --build /home/y1234/Documents/robot_ws/YSZD_RobotPlattform/build/mecanum_robot -- -j6 -l6
[4.702s] DEBUG:colcon.colcon_core.event_handler.log_command:Invoked command in '/home/y1234/Documents/robot_ws/YSZD_RobotPlattform/build/mecanum_robot' returned '0': CMAKE_PREFIX_PATH=${CMAKE_PREFIX_PATH}:/opt/ros/humble /usr/bin/cmake --build /home/y1234/Documents/robot_ws/YSZD_RobotPlattform/build/mecanum_robot -- -j6 -l6
[4.769s] DEBUG:colcon.colcon_core.event_handler.log_command:Invoking command in '/home/y1234/Documents/robot_ws/YSZD_RobotPlattform/build/mecanum_robot': CMAKE_PREFIX_PATH=${CMAKE_PREFIX_PATH}:/opt/ros/humble /usr/bin/cmake --install /home/y1234/Documents/robot_ws/YSZD_RobotPlattform/build/mecanum_robot
[5.030s] Level 1:colcon.colcon_core.environment:create_environment_scripts_only(mecanum_robot)
[5.033s] DEBUG:colcon.colcon_core.event_handler.log_command:Invoked command in '/home/y1234/Documents/robot_ws/YSZD_RobotPlattform/build/mecanum_robot' returned '0': CMAKE_PREFIX_PATH=${CMAKE_PREFIX_PATH}:/opt/ros/humble /usr/bin/cmake --install /home/y1234/Documents/robot_ws/YSZD_RobotPlattform/build/mecanum_robot
[5.050s] Level 1:colcon.colcon_core.environment:checking '/home/y1234/Documents/robot_ws/YSZD_RobotPlattform/install/mecanum_robot' for CMake module files
[5.052s] Level 1:colcon.colcon_core.environment:checking '/home/y1234/Documents/robot_ws/YSZD_RobotPlattform/install/mecanum_robot' for CMake config files
[5.053s] Level 1:colcon.colcon_core.shell:create_environment_hook('mecanum_robot', 'cmake_prefix_path')
[5.054s] INFO:colcon.colcon_core.shell:Creating environment hook '/home/y1234/Documents/robot_ws/YSZD_RobotPlattform/install/mecanum_robot/share/mecanum_robot/hook/cmake_prefix_path.ps1'
[5.059s] INFO:colcon.colcon_core.shell:Creating environment descriptor '/home/y1234/Documents/robot_ws/YSZD_RobotPlattform/install/mecanum_robot/share/mecanum_robot/hook/cmake_prefix_path.dsv'
[5.087s] INFO:colcon.colcon_core.shell:Creating environment hook '/home/y1234/Documents/robot_ws/YSZD_RobotPlattform/install/mecanum_robot/share/mecanum_robot/hook/cmake_prefix_path.sh'
[5.104s] Level 1:colcon.colcon_core.environment:checking '/home/y1234/Documents/robot_ws/YSZD_RobotPlattform/install/mecanum_robot/lib'
[5.113s] Level 1:colcon.colcon_core.environment:checking '/home/y1234/Documents/robot_ws/YSZD_RobotPlattform/install/mecanum_robot/bin'
[5.114s] Level 1:colcon.colcon_core.environment:checking '/home/y1234/Documents/robot_ws/YSZD_RobotPlattform/install/mecanum_robot/lib/pkgconfig/mecanum_robot.pc'
[5.115s] Level 1:colcon.colcon_core.environment:checking '/home/y1234/Documents/robot_ws/YSZD_RobotPlattform/install/mecanum_robot/lib/python3.10/site-packages'
[5.118s] Level 1:colcon.colcon_core.environment:checking '/home/y1234/Documents/robot_ws/YSZD_RobotPlattform/install/mecanum_robot/bin'
[5.122s] INFO:colcon.colcon_core.shell:Creating package script '/home/y1234/Documents/robot_ws/YSZD_RobotPlattform/install/mecanum_robot/share/mecanum_robot/package.ps1'
[5.131s] INFO:colcon.colcon_core.shell:Creating package descriptor '/home/y1234/Documents/robot_ws/YSZD_RobotPlattform/install/mecanum_robot/share/mecanum_robot/package.dsv'
[5.137s] INFO:colcon.colcon_core.shell:Creating package script '/home/y1234/Documents/robot_ws/YSZD_RobotPlattform/install/mecanum_robot/share/mecanum_robot/package.sh'
[5.153s] INFO:colcon.colcon_core.shell:Creating package script '/home/y1234/Documents/robot_ws/YSZD_RobotPlattform/install/mecanum_robot/share/mecanum_robot/package.bash'
[5.172s] INFO:colcon.colcon_core.shell:Creating package script '/home/y1234/Documents/robot_ws/YSZD_RobotPlattform/install/mecanum_robot/share/mecanum_robot/package.zsh'
[5.181s] Level 1:colcon.colcon_core.environment:create_file_with_runtime_dependencies(/home/y1234/Documents/robot_ws/YSZD_RobotPlattform/install/mecanum_robot/share/colcon-core/packages/mecanum_robot)
[5.183s] Level 1:colcon.colcon_core.environment:create_environment_scripts_only(mecanum_robot)
[5.184s] Level 1:colcon.colcon_core.environment:checking '/home/y1234/Documents/robot_ws/YSZD_RobotPlattform/install/mecanum_robot' for CMake module files
[5.187s] Level 1:colcon.colcon_core.environment:checking '/home/y1234/Documents/robot_ws/YSZD_RobotPlattform/install/mecanum_robot' for CMake config files
[5.188s] Level 1:colcon.colcon_core.shell:create_environment_hook('mecanum_robot', 'cmake_prefix_path')
[5.189s] INFO:colcon.colcon_core.shell:Creating environment hook '/home/y1234/Documents/robot_ws/YSZD_RobotPlattform/install/mecanum_robot/share/mecanum_robot/hook/cmake_prefix_path.ps1'
[5.191s] INFO:colcon.colcon_core.shell:Creating environment descriptor '/home/y1234/Documents/robot_ws/YSZD_RobotPlattform/install/mecanum_robot/share/mecanum_robot/hook/cmake_prefix_path.dsv'
[5.193s] INFO:colcon.colcon_core.shell:Creating environment hook '/home/y1234/Documents/robot_ws/YSZD_RobotPlattform/install/mecanum_robot/share/mecanum_robot/hook/cmake_prefix_path.sh'
[5.197s] Level 1:colcon.colcon_core.environment:checking '/home/y1234/Documents/robot_ws/YSZD_RobotPlattform/install/mecanum_robot/lib'
[5.197s] Level 1:colcon.colcon_core.environment:checking '/home/y1234/Documents/robot_ws/YSZD_RobotPlattform/install/mecanum_robot/bin'
[5.198s] Level 1:colcon.colcon_core.environment:checking '/home/y1234/Documents/robot_ws/YSZD_RobotPlattform/install/mecanum_robot/lib/pkgconfig/mecanum_robot.pc'
[5.198s] Level 1:colcon.colcon_core.environment:checking '/home/y1234/Documents/robot_ws/YSZD_RobotPlattform/install/mecanum_robot/lib/python3.10/site-packages'
[5.200s] Level 1:colcon.colcon_core.environment:checking '/home/y1234/Documents/robot_ws/YSZD_RobotPlattform/install/mecanum_robot/bin'
[5.207s] INFO:colcon.colcon_core.shell:Creating package script '/home/y1234/Documents/robot_ws/YSZD_RobotPlattform/install/mecanum_robot/share/mecanum_robot/package.ps1'
[5.210s] INFO:colcon.colcon_core.shell:Creating package descriptor '/home/y1234/Documents/robot_ws/YSZD_RobotPlattform/install/mecanum_robot/share/mecanum_robot/package.dsv'
[5.214s] INFO:colcon.colcon_core.shell:Creating package script '/home/y1234/Documents/robot_ws/YSZD_RobotPlattform/install/mecanum_robot/share/mecanum_robot/package.sh'
[5.218s] INFO:colcon.colcon_core.shell:Creating package script '/home/y1234/Documents/robot_ws/YSZD_RobotPlattform/install/mecanum_robot/share/mecanum_robot/package.bash'
[5.223s] INFO:colcon.colcon_core.shell:Creating package script '/home/y1234/Documents/robot_ws/YSZD_RobotPlattform/install/mecanum_robot/share/mecanum_robot/package.zsh'
[5.225s] Level 1:colcon.colcon_core.environment:create_file_with_runtime_dependencies(/home/y1234/Documents/robot_ws/YSZD_RobotPlattform/install/mecanum_robot/share/colcon-core/packages/mecanum_robot)
[5.227s] DEBUG:colcon.colcon_parallel_executor.executor.parallel:closing loop
[5.227s] DEBUG:colcon.colcon_parallel_executor.executor.parallel:loop closed
[5.227s] DEBUG:colcon.colcon_parallel_executor.executor.parallel:run_until_complete finished with '0'
[5.228s] DEBUG:colcon.colcon_core.event_reactor:joining thread
[5.248s] INFO:colcon.colcon_core.plugin_system:Skipping extension 'colcon_notification.desktop_notification.terminal_notifier': Not used on non-Darwin systems
[5.249s] INFO:colcon.colcon_core.plugin_system:Skipping extension 'colcon_notification.desktop_notification.win32': Not used on non-Windows systems
[5.249s] INFO:colcon.colcon_notification.desktop_notification:Sending desktop notification using 'notify2'
[5.673s] DEBUG:colcon.colcon_core.event_reactor:joined thread
[5.674s] INFO:colcon.colcon_core.shell:Creating prefix script '/home/y1234/Documents/robot_ws/YSZD_RobotPlattform/install/local_setup.ps1'
[5.677s] INFO:colcon.colcon_core.shell:Creating prefix util module '/home/y1234/Documents/robot_ws/YSZD_RobotPlattform/install/_local_setup_util_ps1.py'
[5.685s] INFO:colcon.colcon_core.shell:Creating prefix chain script '/home/y1234/Documents/robot_ws/YSZD_RobotPlattform/install/setup.ps1'
[5.694s] INFO:colcon.colcon_core.shell:Creating prefix script '/home/y1234/Documents/robot_ws/YSZD_RobotPlattform/install/local_setup.sh'
[5.706s] INFO:colcon.colcon_core.shell:Creating prefix util module '/home/y1234/Documents/robot_ws/YSZD_RobotPlattform/install/_local_setup_util_sh.py'
[5.711s] INFO:colcon.colcon_core.shell:Creating prefix chain script '/home/y1234/Documents/robot_ws/YSZD_RobotPlattform/install/setup.sh'
[5.735s] INFO:colcon.colcon_core.shell:Creating prefix script '/home/y1234/Documents/robot_ws/YSZD_RobotPlattform/install/local_setup.bash'
[5.739s] INFO:colcon.colcon_core.shell:Creating prefix chain script '/home/y1234/Documents/robot_ws/YSZD_RobotPlattform/install/setup.bash'
[5.746s] INFO:colcon.colcon_core.shell:Creating prefix script '/home/y1234/Documents/robot_ws/YSZD_RobotPlattform/install/local_setup.zsh'
[5.751s] INFO:colcon.colcon_core.shell:Creating prefix chain script '/home/y1234/Documents/robot_ws/YSZD_RobotPlattform/install/setup.zsh'
