[0.000000] (-) TimerEvent: {}
[0.000301] (mecanum_robot) JobQueued: {'identifier': 'mecanum_robot', 'dependencies': OrderedDict()}
[0.000993] (mecanum_robot) JobStarted: {'identifier': 'mecanum_robot'}
[0.019149] (mecanum_robot) JobProgress: {'identifier': 'mecanum_robot', 'progress': 'cmake'}
[0.020213] (mecanum_robot) Command: {'cmd': ['/usr/bin/cmake', '/home/y1234/Documents/robot_ws/YSZD_RobotPlattform', '-DCMAKE_INSTALL_PREFIX=/home/y1234/Documents/robot_ws/YSZD_RobotPlattform/install/mecanum_robot'], 'cwd': '/home/y1234/Documents/robot_ws/YSZD_RobotPlattform/build/mecanum_robot', 'env': OrderedDict([('LESSOPEN', '| /usr/bin/lesspipe %s'), ('VSCODE_CWD', '/home/y1234'), ('VSCODE_ESM_ENTRYPOINT', 'vs/workbench/api/node/extensionHostProcess'), ('USER', 'y1234'), ('VSCODE_NLS_CONFIG', '{"userLocale":"en-us","osLocale":"en-us","resolvedLanguage":"en","defaultMessagesFile":"/usr/share/cursor/resources/app/out/nls.messages.json","locale":"en-us","availableLanguages":{}}'), ('VSCODE_HANDLES_UNCAUGHT_ERRORS', 'true'), ('XDG_SESSION_TYPE', 'x11'), ('SHLVL', '0'), ('LD_LIBRARY_PATH', '/opt/ros/humble/opt/rviz_ogre_vendor/lib:/opt/ros/humble/lib/aarch64-linux-gnu:/opt/ros/humble/lib'), ('HOME', '/home/y1234'), ('CHROME_DESKTOP', 'cursor.desktop'), ('OLDPWD', '/home/y1234/Documents/robot_ws/YSZD_RobotPlattform'), ('DESKTOP_SESSION', 'ubuntu'), ('VSCODE_IPC_HOOK', '/run/user/1000/vscode-9bde45c7-2.1.-main.sock'), ('JETSON_L4T', '36.4.7'), ('GIO_LAUNCHED_DESKTOP_FILE', '/usr/share/applications/cursor.desktop'), ('ROS_PYTHON_VERSION', '3'), ('GNOME_SHELL_SESSION_MODE', 'ubuntu'), ('GTK_MODULES', 'gail:atk-bridge'), ('JETSON_MODEL', 'NVIDIA Jetson Orin Nano Engineering Reference Developer Kit Super'), ('MANAGERPID', '2508'), ('DBUS_STARTER_BUS_TYPE', 'session'), ('SYSTEMD_EXEC_PID', '2653'), ('NO_COLOR', '1'), ('DBUS_SESSION_BUS_ADDRESS', 'unix:path=/run/user/1000/bus,guid=949a50e6bbe6e0f8ed7e56de692c20a1'), ('GIO_LAUNCHED_DESKTOP_FILE_PID', '6220'), ('VSCODE_CRASH_REPORTER_PROCESS_TYPE', 'extensionHost'), ('IM_CONFIG_PHASE', '1'), ('COLCON_PREFIX_PATH', '/home/y1234/Documents/robot_ws/YSZD_RobotPlattform/install'), ('ROS_DISTRO', 'humble'), ('GTK_IM_MODULE', 'ibus'), ('LOGNAME', 'y1234'), ('FORCE_COLOR', '0'), ('JETSON_MODULE', 'NVIDIA Jetson Orin Nano (Developer kit)'), ('JETSON_SERIAL_NUMBER', '1423325070422'), ('JOURNAL_STREAM', '8:47217'), ('_', '/usr/bin/colcon'), ('ROS_VERSION', '2'), ('XDG_SESSION_CLASS', 'user'), ('USERNAME', 'y1234'), ('TERM', 'dumb'), ('GNOME_DESKTOP_SESSION_ID', 'this-is-deprecated'), ('ROS_LOCALHOST_ONLY', '0'), ('COMPOSER_NO_INTERACTION', '1'), ('WINDOWPATH', '2'), ('PATH', '/home/y1234/.local/bin:/home/y1234/.local/bin:/opt/ros/humble/bin:/home/y1234/.local/bin:/usr/local/sbin:/usr/local/bin:/usr/sbin:/usr/bin:/sbin:/bin:/usr/games:/usr/local/games:/snap/bin:/snap/bin'), ('SESSION_MANAGER', 'local/y1234-desktop:@/tmp/.ICE-unix/2653,unix/y1234-desktop:/tmp/.ICE-unix/2653'), ('INVOCATION_ID', '4b949f2179274e0fb2b3f5b4fddf8230'), ('XDG_MENU_PREFIX', 'gnome-'), ('VSCODE_PROCESS_TITLE', 'extension-host  [1-1]'), ('XDG_RUNTIME_DIR', '/run/user/1000'), ('GDK_BACKEND', 'x11'), ('CURSOR_AGENT', '1'), ('DISPLAY', ':1'), ('LANG', 'en_US.UTF-8'), ('XDG_CURRENT_DESKTOP', 'Unity'), ('XMODIFIERS', '@im=ibus'), ('XDG_SESSION_DESKTOP', 'ubuntu'), ('XAUTHORITY', '/run/user/1000/gdm/Xauthority'), ('LS_COLORS', ''), ('JETSON_SOC', 'tegra234'), ('CURSOR_TRACE_ID', 'd4368823bcf34ebbb4f964e442f27956'), ('SSH_AGENT_LAUNCHER', 'gnome-keyring'), ('SSH_AUTH_SOCK', '/run/user/1000/keyring/ssh'), ('AMENT_PREFIX_PATH', '/home/y1234/Documents/robot_ws/YSZD_RobotPlattform/install/mecanum_robot:/opt/ros/humble'), ('ORIGINAL_XDG_CURRENT_DESKTOP', 'ubuntu:GNOME'), ('SHELL', '/bin/bash'), ('QT_ACCESSIBILITY', '1'), ('GDMSESSION', 'ubuntu'), ('LESSCLOSE', '/usr/bin/lesspipe %s %s'), ('GPG_AGENT_INFO', '/run/user/1000/gnupg/S.gpg-agent:0:1'), ('QT_IM_MODULE', 'ibus'), ('JETSON_CUDA_ARCH_BIN', '8.7'), ('PWD', '/home/y1234/Documents/robot_ws/YSZD_RobotPlattform/build/mecanum_robot'), ('LC_ALL', 'en_US.UTF-8'), ('XDG_CONFIG_DIRS', '/etc/xdg/xdg-ubuntu:/etc/xdg'), ('VSCODE_CODE_CACHE_PATH', '/home/y1234/.config/Cursor/CachedData/7584ea888f7eb7bf76c9873a8f71b28f034a9820'), ('DBUS_STARTER_ADDRESS', 'unix:path=/run/user/1000/bus,guid=949a50e6bbe6e0f8ed7e56de692c20a1'), ('XDG_DATA_DIRS', '/usr/share/ubuntu:/usr/share/gnome:/usr/local/share/:/usr/share/:/var/lib/snapd/desktop'), ('PYTHONPATH', '/home/y1234/Documents/robot_ws/YSZD_RobotPlattform/install/mecanum_robot/local/lib/python3.10/dist-packages:/home/y1234/.local/lib/python3.10/site-packages:/home/y1234/.local/lib/python3.10/site-packages:/opt/ros/humble/lib/python3.10/site-packages:/opt/ros/humble/local/lib/python3.10/dist-packages'), ('COLCON', '1'), ('_ZO_DOCTOR', '0'), ('JETSON_JETPACK', ''), ('CMAKE_PREFIX_PATH', '/home/y1234/Documents/robot_ws/YSZD_RobotPlattform/install/mecanum_robot:/opt/ros/humble'), ('VSCODE_PID', '6220'), ('JETSON_P_NUMBER', 'p3767-0005')]), 'shell': False}
[0.099480] (-) TimerEvent: {}
[0.199913] (-) TimerEvent: {}
[0.224137] (mecanum_robot) StdoutLine: {'line': b'-- The C compiler identification is GNU 11.4.0\n'}
[0.300108] (-) TimerEvent: {}
[0.385341] (mecanum_robot) StdoutLine: {'line': b'-- The CXX compiler identification is GNU 11.4.0\n'}
[0.400272] (-) TimerEvent: {}
[0.408404] (mecanum_robot) StdoutLine: {'line': b'-- Detecting C compiler ABI info\n'}
[0.500452] (-) TimerEvent: {}
[0.578402] (mecanum_robot) StdoutLine: {'line': b'-- Detecting C compiler ABI info - done\n'}
[0.594285] (mecanum_robot) StdoutLine: {'line': b'-- Check for working C compiler: /usr/bin/cc - skipped\n'}
[0.594939] (mecanum_robot) StdoutLine: {'line': b'-- Detecting C compile features\n'}
[0.595674] (mecanum_robot) StdoutLine: {'line': b'-- Detecting C compile features - done\n'}
[0.600534] (-) TimerEvent: {}
[0.605674] (mecanum_robot) StdoutLine: {'line': b'-- Detecting CXX compiler ABI info\n'}
[0.700777] (-) TimerEvent: {}
[0.762617] (mecanum_robot) StdoutLine: {'line': b'-- Detecting CXX compiler ABI info - done\n'}
[0.776129] (mecanum_robot) StdoutLine: {'line': b'-- Check for working CXX compiler: /usr/bin/c++ - skipped\n'}
[0.776731] (mecanum_robot) StdoutLine: {'line': b'-- Detecting CXX compile features\n'}
[0.777420] (mecanum_robot) StdoutLine: {'line': b'-- Detecting CXX compile features - done\n'}
[0.786789] (mecanum_robot) StdoutLine: {'line': b'-- Found ament_cmake: 1.3.12 (/opt/ros/humble/share/ament_cmake/cmake)\n'}
[0.800959] (-) TimerEvent: {}
[0.901370] (-) TimerEvent: {}
[1.001712] (-) TimerEvent: {}
[1.102350] (-) TimerEvent: {}
[1.202761] (-) TimerEvent: {}
[1.303190] (-) TimerEvent: {}
[1.403582] (-) TimerEvent: {}
[1.503981] (-) TimerEvent: {}
[1.604385] (-) TimerEvent: {}
[1.610516] (mecanum_robot) StdoutLine: {'line': b'-- Found Python3: /usr/bin/python3 (found version "3.10.12") found components: Interpreter \n'}
[1.704536] (-) TimerEvent: {}
[1.804941] (-) TimerEvent: {}
[1.813923] (mecanum_robot) StdoutLine: {'line': b'-- Found rclpy: 3.3.17 (/opt/ros/humble/share/rclpy/cmake)\n'}
[1.816952] (mecanum_robot) StdoutLine: {'line': b'-- Found rclcpp: 16.0.15 (/opt/ros/humble/share/rclcpp/cmake)\n'}
[1.900827] (mecanum_robot) StdoutLine: {'line': b'-- Found rosidl_generator_c: 3.1.7 (/opt/ros/humble/share/rosidl_generator_c/cmake)\n'}
[1.905065] (-) TimerEvent: {}
[1.911125] (mecanum_robot) StdoutLine: {'line': b'-- Found rosidl_adapter: 3.1.7 (/opt/ros/humble/share/rosidl_adapter/cmake)\n'}
[1.928458] (mecanum_robot) StdoutLine: {'line': b'-- Found rosidl_generator_cpp: 3.1.7 (/opt/ros/humble/share/rosidl_generator_cpp/cmake)\n'}
[1.957130] (mecanum_robot) StdoutLine: {'line': b'-- Using all available rosidl_typesupport_c: rosidl_typesupport_fastrtps_c;rosidl_typesupport_introspection_c\n'}
[1.989168] (mecanum_robot) StdoutLine: {'line': b'-- Using all available rosidl_typesupport_cpp: rosidl_typesupport_fastrtps_cpp;rosidl_typesupport_introspection_cpp\n'}
[2.005258] (-) TimerEvent: {}
[2.076792] (mecanum_robot) StdoutLine: {'line': b'-- Found rmw_implementation_cmake: 6.1.2 (/opt/ros/humble/share/rmw_implementation_cmake/cmake)\n'}
[2.081633] (mecanum_robot) StdoutLine: {'line': b'-- Found rmw_fastrtps_cpp: 6.2.9 (/opt/ros/humble/share/rmw_fastrtps_cpp/cmake)\n'}
[2.105432] (-) TimerEvent: {}
[2.205854] (-) TimerEvent: {}
[2.252644] (mecanum_robot) StdoutLine: {'line': b'-- Found OpenSSL: /usr/lib/aarch64-linux-gnu/libcrypto.so (found version "3.0.2")  \n'}
[2.306036] (-) TimerEvent: {}
[2.309405] (mecanum_robot) StdoutLine: {'line': b'-- Found FastRTPS: /opt/ros/humble/include  \n'}
[2.381951] (mecanum_robot) StdoutLine: {'line': b"-- Using RMW implementation 'rmw_fastrtps_cpp' as default\n"}
[2.399600] (mecanum_robot) StdoutLine: {'line': b'-- Looking for pthread.h\n'}
[2.406346] (-) TimerEvent: {}
[2.506775] (-) TimerEvent: {}
[2.553328] (mecanum_robot) StdoutLine: {'line': b'-- Looking for pthread.h - found\n'}
[2.554038] (mecanum_robot) StdoutLine: {'line': b'-- Performing Test CMAKE_HAVE_LIBC_PTHREAD\n'}
[2.606948] (-) TimerEvent: {}
[2.698055] (mecanum_robot) StdoutLine: {'line': b'-- Performing Test CMAKE_HAVE_LIBC_PTHREAD - Success\n'}
[2.702956] (mecanum_robot) StdoutLine: {'line': b'-- Found Threads: TRUE  \n'}
[2.707136] (-) TimerEvent: {}
[2.807613] (-) TimerEvent: {}
[2.829736] (mecanum_robot) StdoutLine: {'line': b'-- Found geometry_msgs: 4.9.0 (/opt/ros/humble/share/geometry_msgs/cmake)\n'}
[2.858614] (mecanum_robot) StdoutLine: {'line': b'-- Found sensor_msgs: 4.9.0 (/opt/ros/humble/share/sensor_msgs/cmake)\n'}
[2.894331] (mecanum_robot) StdoutLine: {'line': b'-- Found nav_msgs: 4.9.0 (/opt/ros/humble/share/nav_msgs/cmake)\n'}
[2.907814] (-) TimerEvent: {}
[2.929100] (mecanum_robot) StdoutLine: {'line': b'-- Found tf2_ros: 0.25.17 (/opt/ros/humble/share/tf2_ros/cmake)\n'}
[3.008004] (-) TimerEvent: {}
[3.108436] (-) TimerEvent: {}
[3.129667] (mecanum_robot) StdoutLine: {'line': b'-- Found tf2_geometry_msgs: 0.25.17 (/opt/ros/humble/share/tf2_geometry_msgs/cmake)\n'}
[3.159610] (mecanum_robot) StdoutLine: {'line': b'-- Found eigen3_cmake_module: 0.1.1 (/opt/ros/humble/share/eigen3_cmake_module/cmake)\n'}
[3.162218] (mecanum_robot) StdoutLine: {'line': b'-- Found Eigen3: TRUE (found version "3.4.0") \n'}
[3.162448] (mecanum_robot) StdoutLine: {'line': b'-- Ensuring Eigen3 include directory is part of orocos-kdl CMake target\n'}
[3.172609] (mecanum_robot) StdoutLine: {'line': b'-- Found cv_bridge: 3.2.1 (/opt/ros/humble/share/cv_bridge/cmake)\n'}
[3.195751] (mecanum_robot) StdoutLine: {'line': b'-- Found image_transport: 3.1.12 (/opt/ros/humble/share/image_transport/cmake)\n'}
[3.208613] (-) TimerEvent: {}
[3.242652] (mecanum_robot) StdoutLine: {'line': b'-- Found OpenCV: /usr (found version "4.5.4") \n'}
[3.308831] (-) TimerEvent: {}
[3.409235] (-) TimerEvent: {}
[3.455018] (mecanum_robot) StdoutLine: {'line': b'-- Found ament_lint_auto: 0.12.14 (/opt/ros/humble/share/ament_lint_auto/cmake)\n'}
[3.509415] (-) TimerEvent: {}
[3.609924] (-) TimerEvent: {}
[3.648559] (mecanum_robot) StdoutLine: {'line': b"-- Added test 'copyright' to check source files copyright and LICENSE\n"}
[3.710080] (-) TimerEvent: {}
[3.736588] (mecanum_robot) StdoutLine: {'line': b"-- Added test 'cppcheck' to perform static code analysis on C / C++ code\n"}
[3.737082] (mecanum_robot) StdoutLine: {'line': b'-- Configured cppcheck include dirs: \n'}
[3.737245] (mecanum_robot) StdoutLine: {'line': b'-- Configured cppcheck exclude dirs and/or files: \n'}
[3.810336] (-) TimerEvent: {}
[3.821700] (mecanum_robot) StdoutLine: {'line': b"-- Added test 'cpplint' to check C / C++ code against the Google style\n"}
[3.822200] (mecanum_robot) StdoutLine: {'line': b'-- Configured cpplint exclude dirs and/or files: \n'}
[3.833125] (mecanum_robot) StdoutLine: {'line': b"-- Added test 'flake8' to check Python code syntax and style conventions\n"}
[3.855386] (mecanum_robot) StdoutLine: {'line': b"-- Added test 'lint_cmake' to check CMake code style\n"}
[3.867012] (mecanum_robot) StdoutLine: {'line': b"-- Added test 'pep257' to check Python code against some of the docstring style conventions in PEP 257\n"}
[3.910519] (-) TimerEvent: {}
[3.950218] (mecanum_robot) StdoutLine: {'line': b"-- Added test 'uncrustify' to check C / C++ code style\n"}
[3.950740] (mecanum_robot) StdoutLine: {'line': b'-- Configured uncrustify additional arguments: \n'}
[3.962398] (mecanum_robot) StdoutLine: {'line': b"-- Added test 'xmllint' to check XML markup files\n"}
[3.965739] (mecanum_robot) StdoutLine: {'line': b'-- Configuring done\n'}
[4.000744] (mecanum_robot) StdoutLine: {'line': b'-- Generating done\n'}
[4.010682] (-) TimerEvent: {}
[4.011958] (mecanum_robot) StdoutLine: {'line': b'-- Build files have been written to: /home/y1234/Documents/robot_ws/YSZD_RobotPlattform/build/mecanum_robot\n'}
[4.044512] (mecanum_robot) CommandEnded: {'returncode': 0}
[4.048755] (mecanum_robot) JobProgress: {'identifier': 'mecanum_robot', 'progress': 'build'}
[4.049159] (mecanum_robot) Command: {'cmd': ['/usr/bin/cmake', '--build', '/home/y1234/Documents/robot_ws/YSZD_RobotPlattform/build/mecanum_robot', '--', '-j6', '-l6'], 'cwd': '/home/y1234/Documents/robot_ws/YSZD_RobotPlattform/build/mecanum_robot', 'env': OrderedDict([('LESSOPEN', '| /usr/bin/lesspipe %s'), ('VSCODE_CWD', '/home/y1234'), ('VSCODE_ESM_ENTRYPOINT', 'vs/workbench/api/node/extensionHostProcess'), ('USER', 'y1234'), ('VSCODE_NLS_CONFIG', '{"userLocale":"en-us","osLocale":"en-us","resolvedLanguage":"en","defaultMessagesFile":"/usr/share/cursor/resources/app/out/nls.messages.json","locale":"en-us","availableLanguages":{}}'), ('VSCODE_HANDLES_UNCAUGHT_ERRORS', 'true'), ('XDG_SESSION_TYPE', 'x11'), ('SHLVL', '0'), ('LD_LIBRARY_PATH', '/opt/ros/humble/opt/rviz_ogre_vendor/lib:/opt/ros/humble/lib/aarch64-linux-gnu:/opt/ros/humble/lib'), ('HOME', '/home/y1234'), ('CHROME_DESKTOP', 'cursor.desktop'), ('OLDPWD', '/home/y1234/Documents/robot_ws/YSZD_RobotPlattform'), ('DESKTOP_SESSION', 'ubuntu'), ('VSCODE_IPC_HOOK', '/run/user/1000/vscode-9bde45c7-2.1.-main.sock'), ('JETSON_L4T', '36.4.7'), ('GIO_LAUNCHED_DESKTOP_FILE', '/usr/share/applications/cursor.desktop'), ('ROS_PYTHON_VERSION', '3'), ('GNOME_SHELL_SESSION_MODE', 'ubuntu'), ('GTK_MODULES', 'gail:atk-bridge'), ('JETSON_MODEL', 'NVIDIA Jetson Orin Nano Engineering Reference Developer Kit Super'), ('MANAGERPID', '2508'), ('DBUS_STARTER_BUS_TYPE', 'session'), ('SYSTEMD_EXEC_PID', '2653'), ('NO_COLOR', '1'), ('DBUS_SESSION_BUS_ADDRESS', 'unix:path=/run/user/1000/bus,guid=949a50e6bbe6e0f8ed7e56de692c20a1'), ('GIO_LAUNCHED_DESKTOP_FILE_PID', '6220'), ('VSCODE_CRASH_REPORTER_PROCESS_TYPE', 'extensionHost'), ('IM_CONFIG_PHASE', '1'), ('COLCON_PREFIX_PATH', '/home/y1234/Documents/robot_ws/YSZD_RobotPlattform/install'), ('ROS_DISTRO', 'humble'), ('GTK_IM_MODULE', 'ibus'), ('LOGNAME', 'y1234'), ('FORCE_COLOR', '0'), ('JETSON_MODULE', 'NVIDIA Jetson Orin Nano (Developer kit)'), ('JETSON_SERIAL_NUMBER', '1423325070422'), ('JOURNAL_STREAM', '8:47217'), ('_', '/usr/bin/colcon'), ('ROS_VERSION', '2'), ('XDG_SESSION_CLASS', 'user'), ('USERNAME', 'y1234'), ('TERM', 'dumb'), ('GNOME_DESKTOP_SESSION_ID', 'this-is-deprecated'), ('ROS_LOCALHOST_ONLY', '0'), ('COMPOSER_NO_INTERACTION', '1'), ('WINDOWPATH', '2'), ('PATH', '/home/y1234/.local/bin:/home/y1234/.local/bin:/opt/ros/humble/bin:/home/y1234/.local/bin:/usr/local/sbin:/usr/local/bin:/usr/sbin:/usr/bin:/sbin:/bin:/usr/games:/usr/local/games:/snap/bin:/snap/bin'), ('SESSION_MANAGER', 'local/y1234-desktop:@/tmp/.ICE-unix/2653,unix/y1234-desktop:/tmp/.ICE-unix/2653'), ('INVOCATION_ID', '4b949f2179274e0fb2b3f5b4fddf8230'), ('XDG_MENU_PREFIX', 'gnome-'), ('VSCODE_PROCESS_TITLE', 'extension-host  [1-1]'), ('XDG_RUNTIME_DIR', '/run/user/1000'), ('GDK_BACKEND', 'x11'), ('CURSOR_AGENT', '1'), ('DISPLAY', ':1'), ('LANG', 'en_US.UTF-8'), ('XDG_CURRENT_DESKTOP', 'Unity'), ('XMODIFIERS', '@im=ibus'), ('XDG_SESSION_DESKTOP', 'ubuntu'), ('XAUTHORITY', '/run/user/1000/gdm/Xauthority'), ('LS_COLORS', ''), ('JETSON_SOC', 'tegra234'), ('CURSOR_TRACE_ID', 'd4368823bcf34ebbb4f964e442f27956'), ('SSH_AGENT_LAUNCHER', 'gnome-keyring'), ('SSH_AUTH_SOCK', '/run/user/1000/keyring/ssh'), ('AMENT_PREFIX_PATH', '/home/y1234/Documents/robot_ws/YSZD_RobotPlattform/install/mecanum_robot:/opt/ros/humble'), ('ORIGINAL_XDG_CURRENT_DESKTOP', 'ubuntu:GNOME'), ('SHELL', '/bin/bash'), ('QT_ACCESSIBILITY', '1'), ('GDMSESSION', 'ubuntu'), ('LESSCLOSE', '/usr/bin/lesspipe %s %s'), ('GPG_AGENT_INFO', '/run/user/1000/gnupg/S.gpg-agent:0:1'), ('QT_IM_MODULE', 'ibus'), ('JETSON_CUDA_ARCH_BIN', '8.7'), ('PWD', '/home/y1234/Documents/robot_ws/YSZD_RobotPlattform/build/mecanum_robot'), ('LC_ALL', 'en_US.UTF-8'), ('XDG_CONFIG_DIRS', '/etc/xdg/xdg-ubuntu:/etc/xdg'), ('VSCODE_CODE_CACHE_PATH', '/home/y1234/.config/Cursor/CachedData/7584ea888f7eb7bf76c9873a8f71b28f034a9820'), ('DBUS_STARTER_ADDRESS', 'unix:path=/run/user/1000/bus,guid=949a50e6bbe6e0f8ed7e56de692c20a1'), ('XDG_DATA_DIRS', '/usr/share/ubuntu:/usr/share/gnome:/usr/local/share/:/usr/share/:/var/lib/snapd/desktop'), ('PYTHONPATH', '/home/y1234/Documents/robot_ws/YSZD_RobotPlattform/install/mecanum_robot/local/lib/python3.10/dist-packages:/home/y1234/.local/lib/python3.10/site-packages:/home/y1234/.local/lib/python3.10/site-packages:/opt/ros/humble/lib/python3.10/site-packages:/opt/ros/humble/local/lib/python3.10/dist-packages'), ('COLCON', '1'), ('_ZO_DOCTOR', '0'), ('JETSON_JETPACK', ''), ('CMAKE_PREFIX_PATH', '/home/y1234/Documents/robot_ws/YSZD_RobotPlattform/install/mecanum_robot:/opt/ros/humble'), ('VSCODE_PID', '6220'), ('JETSON_P_NUMBER', 'p3767-0005')]), 'shell': False}
[4.110864] (-) TimerEvent: {}
[4.156705] (mecanum_robot) StdoutLine: {'line': b'[ 50%] Building CXX object CMakeFiles/realsense_dual_camera_node.dir/src/realsense_dual_camera_node.cpp.o\n'}
[4.166274] (mecanum_robot) StdoutLine: {'line': b'[ 50%] Built target ament_cmake_python_copy_mecanum_robot\n'}
[4.211051] (-) TimerEvent: {}
[4.311493] (-) TimerEvent: {}
[4.411860] (-) TimerEvent: {}
[4.512215] (-) TimerEvent: {}
[4.591934] (mecanum_robot) StdoutLine: {'line': b'running egg_info\n'}
[4.595086] (mecanum_robot) StdoutLine: {'line': b'creating mecanum_robot.egg-info\n'}
[4.612362] (-) TimerEvent: {}
[4.624282] (mecanum_robot) StdoutLine: {'line': b'writing mecanum_robot.egg-info/PKG-INFO\n'}
[4.626307] (mecanum_robot) StdoutLine: {'line': b'writing dependency_links to mecanum_robot.egg-info/dependency_links.txt\n'}
[4.627983] (mecanum_robot) StdoutLine: {'line': b'writing top-level names to mecanum_robot.egg-info/top_level.txt\n'}
[4.629134] (mecanum_robot) StdoutLine: {'line': b"writing manifest file 'mecanum_robot.egg-info/SOURCES.txt'\n"}
[4.712530] (-) TimerEvent: {}
[4.717831] (mecanum_robot) StdoutLine: {'line': b"reading manifest file 'mecanum_robot.egg-info/SOURCES.txt'\n"}
[4.718998] (mecanum_robot) StdoutLine: {'line': b"writing manifest file 'mecanum_robot.egg-info/SOURCES.txt'\n"}
[4.812709] (-) TimerEvent: {}
[4.820710] (mecanum_robot) StdoutLine: {'line': b'[ 50%] Built target ament_cmake_python_build_mecanum_robot_egg\n'}
[4.912878] (-) TimerEvent: {}
[5.013299] (-) TimerEvent: {}
[5.113727] (-) TimerEvent: {}
[5.214150] (-) TimerEvent: {}
[5.314619] (-) TimerEvent: {}
[5.415086] (-) TimerEvent: {}
[5.515524] (-) TimerEvent: {}
[5.616133] (-) TimerEvent: {}
[5.716633] (-) TimerEvent: {}
[5.817067] (-) TimerEvent: {}
[5.917504] (-) TimerEvent: {}
[6.017961] (-) TimerEvent: {}
[6.118386] (-) TimerEvent: {}
[6.218819] (-) TimerEvent: {}
[6.319268] (-) TimerEvent: {}
[6.419710] (-) TimerEvent: {}
[6.520167] (-) TimerEvent: {}
[6.620595] (-) TimerEvent: {}
[6.721032] (-) TimerEvent: {}
[6.821459] (-) TimerEvent: {}
[6.921909] (-) TimerEvent: {}
[7.022362] (-) TimerEvent: {}
[7.122832] (-) TimerEvent: {}
[7.223255] (-) TimerEvent: {}
[7.323710] (-) TimerEvent: {}
[7.424178] (-) TimerEvent: {}
[7.525255] (-) TimerEvent: {}
[7.625759] (-) TimerEvent: {}
[7.726201] (-) TimerEvent: {}
[7.826638] (-) TimerEvent: {}
[7.927096] (-) TimerEvent: {}
[8.027546] (-) TimerEvent: {}
[8.128050] (-) TimerEvent: {}
[8.228549] (-) TimerEvent: {}
[8.329075] (-) TimerEvent: {}
[8.429494] (-) TimerEvent: {}
[8.529945] (-) TimerEvent: {}
[8.630446] (-) TimerEvent: {}
[8.730935] (-) TimerEvent: {}
[8.831372] (-) TimerEvent: {}
[8.931913] (-) TimerEvent: {}
[9.032659] (-) TimerEvent: {}
[9.133200] (-) TimerEvent: {}
[9.233677] (-) TimerEvent: {}
[9.334095] (-) TimerEvent: {}
[9.434600] (-) TimerEvent: {}
[9.535053] (-) TimerEvent: {}
[9.635498] (-) TimerEvent: {}
[9.736086] (-) TimerEvent: {}
[9.836567] (-) TimerEvent: {}
[9.937052] (-) TimerEvent: {}
[10.037607] (-) TimerEvent: {}
[10.138065] (-) TimerEvent: {}
[10.238704] (-) TimerEvent: {}
[10.339140] (-) TimerEvent: {}
[10.439604] (-) TimerEvent: {}
[10.542284] (-) TimerEvent: {}
[10.642828] (-) TimerEvent: {}
[10.743277] (-) TimerEvent: {}
[10.843730] (-) TimerEvent: {}
[10.944206] (-) TimerEvent: {}
[11.044616] (-) TimerEvent: {}
[11.145035] (-) TimerEvent: {}
[11.245454] (-) TimerEvent: {}
[11.345887] (-) TimerEvent: {}
[11.446341] (-) TimerEvent: {}
[11.546899] (-) TimerEvent: {}
[11.647432] (-) TimerEvent: {}
[11.747935] (-) TimerEvent: {}
[11.848396] (-) TimerEvent: {}
[11.948817] (-) TimerEvent: {}
[12.049283] (-) TimerEvent: {}
[12.149718] (-) TimerEvent: {}
[12.250165] (-) TimerEvent: {}
[12.350575] (-) TimerEvent: {}
[12.451001] (-) TimerEvent: {}
[12.551500] (-) TimerEvent: {}
[12.651991] (-) TimerEvent: {}
[12.752592] (-) TimerEvent: {}
[12.853079] (-) TimerEvent: {}
[12.953513] (-) TimerEvent: {}
[13.053956] (-) TimerEvent: {}
[13.154450] (-) TimerEvent: {}
[13.254914] (-) TimerEvent: {}
[13.355544] (-) TimerEvent: {}
[13.455967] (-) TimerEvent: {}
[13.556477] (-) TimerEvent: {}
[13.656940] (-) TimerEvent: {}
[13.757398] (-) TimerEvent: {}
[13.857818] (-) TimerEvent: {}
[13.958262] (-) TimerEvent: {}
[14.058699] (-) TimerEvent: {}
[14.159126] (-) TimerEvent: {}
[14.259739] (-) TimerEvent: {}
[14.360186] (-) TimerEvent: {}
[14.460628] (-) TimerEvent: {}
[14.562324] (-) TimerEvent: {}
[14.662915] (-) TimerEvent: {}
[14.764008] (-) TimerEvent: {}
[14.864435] (-) TimerEvent: {}
[14.964856] (-) TimerEvent: {}
[15.065290] (-) TimerEvent: {}
[15.165734] (-) TimerEvent: {}
[15.266155] (-) TimerEvent: {}
[15.366589] (-) TimerEvent: {}
[15.467017] (-) TimerEvent: {}
[15.568021] (-) TimerEvent: {}
[15.668479] (-) TimerEvent: {}
[15.768908] (-) TimerEvent: {}
[15.869338] (-) TimerEvent: {}
[15.969752] (-) TimerEvent: {}
[16.070170] (-) TimerEvent: {}
[16.170597] (-) TimerEvent: {}
[16.271042] (-) TimerEvent: {}
[16.371470] (-) TimerEvent: {}
[16.471914] (-) TimerEvent: {}
[16.572355] (-) TimerEvent: {}
[16.672789] (-) TimerEvent: {}
[16.773241] (-) TimerEvent: {}
[16.873671] (-) TimerEvent: {}
[16.974116] (-) TimerEvent: {}
[17.074560] (-) TimerEvent: {}
[17.174993] (-) TimerEvent: {}
[17.275450] (-) TimerEvent: {}
[17.376298] (-) TimerEvent: {}
[17.476704] (-) TimerEvent: {}
[17.577105] (-) TimerEvent: {}
[17.677526] (-) TimerEvent: {}
[17.777938] (-) TimerEvent: {}
[17.878366] (-) TimerEvent: {}
[17.979955] (-) TimerEvent: {}
[18.082137] (-) TimerEvent: {}
[18.182562] (-) TimerEvent: {}
[18.282977] (-) TimerEvent: {}
[18.383395] (-) TimerEvent: {}
[18.483840] (-) TimerEvent: {}
[18.584247] (-) TimerEvent: {}
[18.684673] (-) TimerEvent: {}
[18.785098] (-) TimerEvent: {}
[18.885508] (-) TimerEvent: {}
[18.985909] (-) TimerEvent: {}
[19.086298] (-) TimerEvent: {}
[19.186701] (-) TimerEvent: {}
[19.287305] (-) TimerEvent: {}
[19.387717] (-) TimerEvent: {}
[19.488158] (-) TimerEvent: {}
[19.588597] (-) TimerEvent: {}
[19.689029] (-) TimerEvent: {}
[19.789446] (-) TimerEvent: {}
[19.891106] (-) TimerEvent: {}
[19.991570] (-) TimerEvent: {}
[20.092089] (-) TimerEvent: {}
[20.193020] (-) TimerEvent: {}
[20.293433] (-) TimerEvent: {}
[20.393872] (-) TimerEvent: {}
[20.494313] (-) TimerEvent: {}
[20.594775] (-) TimerEvent: {}
[20.695229] (-) TimerEvent: {}
[20.795695] (-) TimerEvent: {}
[20.896164] (-) TimerEvent: {}
[20.996596] (-) TimerEvent: {}
[21.097773] (-) TimerEvent: {}
[21.199159] (-) TimerEvent: {}
[21.299677] (-) TimerEvent: {}
[21.400496] (-) TimerEvent: {}
[21.500908] (-) TimerEvent: {}
[21.601372] (-) TimerEvent: {}
[21.701844] (-) TimerEvent: {}
[21.802276] (-) TimerEvent: {}
[21.902751] (-) TimerEvent: {}
[21.968121] (mecanum_robot) StdoutLine: {'line': b'[100%] Linking CXX executable realsense_dual_camera_node\n'}
[22.002943] (-) TimerEvent: {}
[22.103397] (-) TimerEvent: {}
[22.203882] (-) TimerEvent: {}
[22.304385] (-) TimerEvent: {}
[22.404894] (-) TimerEvent: {}
[22.505368] (-) TimerEvent: {}
[22.605871] (-) TimerEvent: {}
[22.706395] (-) TimerEvent: {}
[22.806844] (-) TimerEvent: {}
[22.907295] (-) TimerEvent: {}
[23.007762] (-) TimerEvent: {}
[23.108343] (-) TimerEvent: {}
[23.208852] (-) TimerEvent: {}
[23.309303] (-) TimerEvent: {}
[23.409747] (-) TimerEvent: {}
[23.510165] (-) TimerEvent: {}
[23.568440] (mecanum_robot) StdoutLine: {'line': b'[100%] Built target realsense_dual_camera_node\n'}
[23.597220] (mecanum_robot) CommandEnded: {'returncode': 0}
[23.600243] (mecanum_robot) JobProgress: {'identifier': 'mecanum_robot', 'progress': 'install'}
[23.612001] (-) TimerEvent: {}
[23.626122] (mecanum_robot) Command: {'cmd': ['/usr/bin/cmake', '--install', '/home/y1234/Documents/robot_ws/YSZD_RobotPlattform/build/mecanum_robot'], 'cwd': '/home/y1234/Documents/robot_ws/YSZD_RobotPlattform/build/mecanum_robot', 'env': OrderedDict([('LESSOPEN', '| /usr/bin/lesspipe %s'), ('VSCODE_CWD', '/home/y1234'), ('VSCODE_ESM_ENTRYPOINT', 'vs/workbench/api/node/extensionHostProcess'), ('USER', 'y1234'), ('VSCODE_NLS_CONFIG', '{"userLocale":"en-us","osLocale":"en-us","resolvedLanguage":"en","defaultMessagesFile":"/usr/share/cursor/resources/app/out/nls.messages.json","locale":"en-us","availableLanguages":{}}'), ('VSCODE_HANDLES_UNCAUGHT_ERRORS', 'true'), ('XDG_SESSION_TYPE', 'x11'), ('SHLVL', '0'), ('LD_LIBRARY_PATH', '/opt/ros/humble/opt/rviz_ogre_vendor/lib:/opt/ros/humble/lib/aarch64-linux-gnu:/opt/ros/humble/lib'), ('HOME', '/home/y1234'), ('CHROME_DESKTOP', 'cursor.desktop'), ('OLDPWD', '/home/y1234/Documents/robot_ws/YSZD_RobotPlattform'), ('DESKTOP_SESSION', 'ubuntu'), ('VSCODE_IPC_HOOK', '/run/user/1000/vscode-9bde45c7-2.1.-main.sock'), ('JETSON_L4T', '36.4.7'), ('GIO_LAUNCHED_DESKTOP_FILE', '/usr/share/applications/cursor.desktop'), ('ROS_PYTHON_VERSION', '3'), ('GNOME_SHELL_SESSION_MODE', 'ubuntu'), ('GTK_MODULES', 'gail:atk-bridge'), ('JETSON_MODEL', 'NVIDIA Jetson Orin Nano Engineering Reference Developer Kit Super'), ('MANAGERPID', '2508'), ('DBUS_STARTER_BUS_TYPE', 'session'), ('SYSTEMD_EXEC_PID', '2653'), ('NO_COLOR', '1'), ('DBUS_SESSION_BUS_ADDRESS', 'unix:path=/run/user/1000/bus,guid=949a50e6bbe6e0f8ed7e56de692c20a1'), ('GIO_LAUNCHED_DESKTOP_FILE_PID', '6220'), ('VSCODE_CRASH_REPORTER_PROCESS_TYPE', 'extensionHost'), ('IM_CONFIG_PHASE', '1'), ('COLCON_PREFIX_PATH', '/home/y1234/Documents/robot_ws/YSZD_RobotPlattform/install'), ('ROS_DISTRO', 'humble'), ('GTK_IM_MODULE', 'ibus'), ('LOGNAME', 'y1234'), ('FORCE_COLOR', '0'), ('JETSON_MODULE', 'NVIDIA Jetson Orin Nano (Developer kit)'), ('JETSON_SERIAL_NUMBER', '1423325070422'), ('JOURNAL_STREAM', '8:47217'), ('_', '/usr/bin/colcon'), ('ROS_VERSION', '2'), ('XDG_SESSION_CLASS', 'user'), ('USERNAME', 'y1234'), ('TERM', 'dumb'), ('GNOME_DESKTOP_SESSION_ID', 'this-is-deprecated'), ('ROS_LOCALHOST_ONLY', '0'), ('COMPOSER_NO_INTERACTION', '1'), ('WINDOWPATH', '2'), ('PATH', '/home/y1234/.local/bin:/home/y1234/.local/bin:/opt/ros/humble/bin:/home/y1234/.local/bin:/usr/local/sbin:/usr/local/bin:/usr/sbin:/usr/bin:/sbin:/bin:/usr/games:/usr/local/games:/snap/bin:/snap/bin'), ('SESSION_MANAGER', 'local/y1234-desktop:@/tmp/.ICE-unix/2653,unix/y1234-desktop:/tmp/.ICE-unix/2653'), ('INVOCATION_ID', '4b949f2179274e0fb2b3f5b4fddf8230'), ('XDG_MENU_PREFIX', 'gnome-'), ('VSCODE_PROCESS_TITLE', 'extension-host  [1-1]'), ('XDG_RUNTIME_DIR', '/run/user/1000'), ('GDK_BACKEND', 'x11'), ('CURSOR_AGENT', '1'), ('DISPLAY', ':1'), ('LANG', 'en_US.UTF-8'), ('XDG_CURRENT_DESKTOP', 'Unity'), ('XMODIFIERS', '@im=ibus'), ('XDG_SESSION_DESKTOP', 'ubuntu'), ('XAUTHORITY', '/run/user/1000/gdm/Xauthority'), ('LS_COLORS', ''), ('JETSON_SOC', 'tegra234'), ('CURSOR_TRACE_ID', 'd4368823bcf34ebbb4f964e442f27956'), ('SSH_AGENT_LAUNCHER', 'gnome-keyring'), ('SSH_AUTH_SOCK', '/run/user/1000/keyring/ssh'), ('AMENT_PREFIX_PATH', '/home/y1234/Documents/robot_ws/YSZD_RobotPlattform/install/mecanum_robot:/opt/ros/humble'), ('ORIGINAL_XDG_CURRENT_DESKTOP', 'ubuntu:GNOME'), ('SHELL', '/bin/bash'), ('QT_ACCESSIBILITY', '1'), ('GDMSESSION', 'ubuntu'), ('LESSCLOSE', '/usr/bin/lesspipe %s %s'), ('GPG_AGENT_INFO', '/run/user/1000/gnupg/S.gpg-agent:0:1'), ('QT_IM_MODULE', 'ibus'), ('JETSON_CUDA_ARCH_BIN', '8.7'), ('PWD', '/home/y1234/Documents/robot_ws/YSZD_RobotPlattform/build/mecanum_robot'), ('LC_ALL', 'en_US.UTF-8'), ('XDG_CONFIG_DIRS', '/etc/xdg/xdg-ubuntu:/etc/xdg'), ('VSCODE_CODE_CACHE_PATH', '/home/y1234/.config/Cursor/CachedData/7584ea888f7eb7bf76c9873a8f71b28f034a9820'), ('DBUS_STARTER_ADDRESS', 'unix:path=/run/user/1000/bus,guid=949a50e6bbe6e0f8ed7e56de692c20a1'), ('XDG_DATA_DIRS', '/usr/share/ubuntu:/usr/share/gnome:/usr/local/share/:/usr/share/:/var/lib/snapd/desktop'), ('PYTHONPATH', '/home/y1234/Documents/robot_ws/YSZD_RobotPlattform/install/mecanum_robot/local/lib/python3.10/dist-packages:/home/y1234/.local/lib/python3.10/site-packages:/home/y1234/.local/lib/python3.10/site-packages:/opt/ros/humble/lib/python3.10/site-packages:/opt/ros/humble/local/lib/python3.10/dist-packages'), ('COLCON', '1'), ('_ZO_DOCTOR', '0'), ('JETSON_JETPACK', ''), ('CMAKE_PREFIX_PATH', '/home/y1234/Documents/robot_ws/YSZD_RobotPlattform/install/mecanum_robot:/opt/ros/humble'), ('VSCODE_PID', '6220'), ('JETSON_P_NUMBER', 'p3767-0005')]), 'shell': False}
[23.650424] (mecanum_robot) StdoutLine: {'line': b'-- Install configuration: ""\n'}
[23.651055] (mecanum_robot) StdoutLine: {'line': b'-- Installing: /home/y1234/Documents/robot_ws/YSZD_RobotPlattform/install/mecanum_robot/share/mecanum_robot/environment/pythonpath.sh\n'}
[23.651569] (mecanum_robot) StdoutLine: {'line': b'-- Installing: /home/y1234/Documents/robot_ws/YSZD_RobotPlattform/install/mecanum_robot/share/mecanum_robot/environment/pythonpath.dsv\n'}
[23.652336] (mecanum_robot) StdoutLine: {'line': b'-- Installing: /home/y1234/Documents/robot_ws/YSZD_RobotPlattform/install/mecanum_robot/local/lib/python3.10/dist-packages/mecanum_robot-1.0.0-py3.10.egg-info\n'}
[23.652749] (mecanum_robot) StdoutLine: {'line': b'-- Installing: /home/y1234/Documents/robot_ws/YSZD_RobotPlattform/install/mecanum_robot/local/lib/python3.10/dist-packages/mecanum_robot-1.0.0-py3.10.egg-info/SOURCES.txt\n'}
[23.653183] (mecanum_robot) StdoutLine: {'line': b'-- Installing: /home/y1234/Documents/robot_ws/YSZD_RobotPlattform/install/mecanum_robot/local/lib/python3.10/dist-packages/mecanum_robot-1.0.0-py3.10.egg-info/top_level.txt\n'}
[23.653507] (mecanum_robot) StdoutLine: {'line': b'-- Installing: /home/y1234/Documents/robot_ws/YSZD_RobotPlattform/install/mecanum_robot/local/lib/python3.10/dist-packages/mecanum_robot-1.0.0-py3.10.egg-info/dependency_links.txt\n'}
[23.654012] (mecanum_robot) StdoutLine: {'line': b'-- Installing: /home/y1234/Documents/robot_ws/YSZD_RobotPlattform/install/mecanum_robot/local/lib/python3.10/dist-packages/mecanum_robot-1.0.0-py3.10.egg-info/PKG-INFO\n'}
[23.654608] (mecanum_robot) StdoutLine: {'line': b'-- Installing: /home/y1234/Documents/robot_ws/YSZD_RobotPlattform/install/mecanum_robot/local/lib/python3.10/dist-packages/mecanum_robot\n'}
[23.654797] (mecanum_robot) StdoutLine: {'line': b'-- Installing: /home/y1234/Documents/robot_ws/YSZD_RobotPlattform/install/mecanum_robot/local/lib/python3.10/dist-packages/mecanum_robot/__init__.py\n'}
[23.712173] (-) TimerEvent: {}
[23.725403] (mecanum_robot) StdoutLine: {'line': b"Listing '/home/y1234/Documents/robot_ws/YSZD_RobotPlattform/install/mecanum_robot/local/lib/python3.10/dist-packages/mecanum_robot'...\n"}
[23.725946] (mecanum_robot) StdoutLine: {'line': b"Compiling '/home/y1234/Documents/robot_ws/YSZD_RobotPlattform/install/mecanum_robot/local/lib/python3.10/dist-packages/mecanum_robot/__init__.py'...\n"}
[23.741661] (mecanum_robot) StdoutLine: {'line': b'-- Installing: /home/y1234/Documents/robot_ws/YSZD_RobotPlattform/install/mecanum_robot/lib/mecanum_robot/robot_node.py\n'}
[23.742447] (mecanum_robot) StdoutLine: {'line': b'-- Installing: /home/y1234/Documents/robot_ws/YSZD_RobotPlattform/install/mecanum_robot/lib/mecanum_robot/remote_control.py\n'}
[23.746367] (mecanum_robot) StdoutLine: {'line': b'-- Installing: /home/y1234/Documents/robot_ws/YSZD_RobotPlattform/install/mecanum_robot/lib/mecanum_robot/path_publisher.py\n'}
[23.746866] (mecanum_robot) StdoutLine: {'line': b'-- Installing: /home/y1234/Documents/robot_ws/YSZD_RobotPlattform/install/mecanum_robot/lib/mecanum_robot/camera_node_fixed.py\n'}
[23.747026] (mecanum_robot) StdoutLine: {'line': b'-- Installing: /home/y1234/Documents/robot_ws/YSZD_RobotPlattform/install/mecanum_robot/lib/mecanum_robot/realsense_camera_node.py\n'}
[23.747154] (mecanum_robot) StdoutLine: {'line': b'-- Installing: /home/y1234/Documents/robot_ws/YSZD_RobotPlattform/install/mecanum_robot/lib/mecanum_robot/apriltag_detector_enhanced.py\n'}
[23.747298] (mecanum_robot) StdoutLine: {'line': b'-- Installing: /home/y1234/Documents/robot_ws/YSZD_RobotPlattform/install/mecanum_robot/lib/mecanum_robot/apriltag_detector_opencv4.py\n'}
[23.747414] (mecanum_robot) StdoutLine: {'line': b'-- Installing: /home/y1234/Documents/robot_ws/YSZD_RobotPlattform/install/mecanum_robot/lib/mecanum_robot/position_calculator.py\n'}
[23.748866] (mecanum_robot) StdoutLine: {'line': b'-- Installing: /home/y1234/Documents/robot_ws/YSZD_RobotPlattform/install/mecanum_robot/lib/mecanum_robot/image_viewer.py\n'}
[23.749246] (mecanum_robot) StdoutLine: {'line': b'-- Installing: /home/y1234/Documents/robot_ws/YSZD_RobotPlattform/install/mecanum_robot/lib/mecanum_robot/waypoint_follower.py\n'}
[23.749407] (mecanum_robot) StdoutLine: {'line': b'-- Installing: /home/y1234/Documents/robot_ws/YSZD_RobotPlattform/install/mecanum_robot/lib/mecanum_robot/waypoint_recorder.py\n'}
[23.749542] (mecanum_robot) StdoutLine: {'line': b'-- Installing: /home/y1234/Documents/robot_ws/YSZD_RobotPlattform/install/mecanum_robot/lib/mecanum_robot/ros2_websocket_bridge.py\n'}
[23.749929] (mecanum_robot) StdoutLine: {'line': b'-- Installing: /home/y1234/Documents/robot_ws/YSZD_RobotPlattform/install/mecanum_robot/lib/mecanum_robot/ultrasonic_sensor_node.py\n'}
[23.750104] (mecanum_robot) StdoutLine: {'line': b'-- Installing: /home/y1234/Documents/robot_ws/YSZD_RobotPlattform/install/mecanum_robot/share/mecanum_robot//launch\n'}
[23.750236] (mecanum_robot) StdoutLine: {'line': b'-- Installing: /home/y1234/Documents/robot_ws/YSZD_RobotPlattform/install/mecanum_robot/share/mecanum_robot//launch/nav2_with_obstacles.launch.py\n'}
[23.750524] (mecanum_robot) StdoutLine: {'line': b'-- Installing: /home/y1234/Documents/robot_ws/YSZD_RobotPlattform/install/mecanum_robot/share/mecanum_robot//launch/apriltag_robot.launch.py\n'}
[23.750879] (mecanum_robot) StdoutLine: {'line': b'-- Installing: /home/y1234/Documents/robot_ws/YSZD_RobotPlattform/install/mecanum_robot/share/mecanum_robot//launch/mecanum_robot.launch.py\n'}
[23.751285] (mecanum_robot) StdoutLine: {'line': b'-- Installing: /home/y1234/Documents/robot_ws/YSZD_RobotPlattform/install/mecanum_robot/share/mecanum_robot//launch/simple_nav2.launch.py\n'}
[23.751683] (mecanum_robot) StdoutLine: {'line': b'-- Installing: /home/y1234/Documents/robot_ws/YSZD_RobotPlattform/install/mecanum_robot/share/mecanum_robot//launch/mecanum_robot_clean.launch.py\n'}
[23.752462] (mecanum_robot) StdoutLine: {'line': b'-- Installing: /home/y1234/Documents/robot_ws/YSZD_RobotPlattform/install/mecanum_robot/share/mecanum_robot//launch/__pycache__\n'}
[23.752948] (mecanum_robot) StdoutLine: {'line': b'-- Installing: /home/y1234/Documents/robot_ws/YSZD_RobotPlattform/install/mecanum_robot/share/mecanum_robot//launch/__pycache__/mecanum_robot_clean.launch.cpython-310.pyc\n'}
[23.753609] (mecanum_robot) StdoutLine: {'line': b'-- Installing: /home/y1234/Documents/robot_ws/YSZD_RobotPlattform/install/mecanum_robot/share/mecanum_robot//launch/__pycache__/apriltag_robot.launch.cpython-310.pyc\n'}
[23.753958] (mecanum_robot) StdoutLine: {'line': b'-- Installing: /home/y1234/Documents/robot_ws/YSZD_RobotPlattform/install/mecanum_robot/share/mecanum_robot//launch/__pycache__/mecanum_robot.launch.cpython-310.pyc\n'}
[23.754314] (mecanum_robot) StdoutLine: {'line': b'-- Installing: /home/y1234/Documents/robot_ws/YSZD_RobotPlattform/install/mecanum_robot/share/mecanum_robot//launch/__pycache__/apriltag_robot_fixed.launch.cpython-310.pyc\n'}
[23.755086] (mecanum_robot) StdoutLine: {'line': b'-- Installing: /home/y1234/Documents/robot_ws/YSZD_RobotPlattform/install/mecanum_robot/share/mecanum_robot//launch/robot_state_machine.launch.py\n'}
[23.755384] (mecanum_robot) StdoutLine: {'line': b'-- Installing: /home/y1234/Documents/robot_ws/YSZD_RobotPlattform/install/mecanum_robot/share/mecanum_robot//launch/apriltag_robot_fixed.launch.py\n'}
[23.755816] (mecanum_robot) StdoutLine: {'line': b'-- Installing: /home/y1234/Documents/robot_ws/YSZD_RobotPlattform/install/mecanum_robot/share/mecanum_robot//urdf\n'}
[23.756095] (mecanum_robot) StdoutLine: {'line': b'-- Installing: /home/y1234/Documents/robot_ws/YSZD_RobotPlattform/install/mecanum_robot/share/mecanum_robot//urdf/mecanum_robot.urdf\n'}
[23.756409] (mecanum_robot) StdoutLine: {'line': b'-- Installing: /home/y1234/Documents/robot_ws/YSZD_RobotPlattform/install/mecanum_robot/share/mecanum_robot//rviz\n'}
[23.756633] (mecanum_robot) StdoutLine: {'line': b'-- Installing: /home/y1234/Documents/robot_ws/YSZD_RobotPlattform/install/mecanum_robot/share/mecanum_robot//rviz/map_display.rviz\n'}
[23.756851] (mecanum_robot) StdoutLine: {'line': b'-- Installing: /home/y1234/Documents/robot_ws/YSZD_RobotPlattform/install/mecanum_robot/share/mecanum_robot//rviz/mecanum_robot.rviz\n'}
[23.757065] (mecanum_robot) StdoutLine: {'line': b'-- Installing: /home/y1234/Documents/robot_ws/YSZD_RobotPlattform/install/mecanum_robot/share/mecanum_robot//rviz/mecanum_robot_path.rviz\n'}
[23.757289] (mecanum_robot) StdoutLine: {'line': b'-- Installing: /home/y1234/Documents/robot_ws/YSZD_RobotPlattform/install/mecanum_robot/share/mecanum_robot//rviz/simple_path.rviz\n'}
[23.757717] (mecanum_robot) StdoutLine: {'line': b'-- Installing: /home/y1234/Documents/robot_ws/YSZD_RobotPlattform/install/mecanum_robot/share/mecanum_robot//rviz/nav2_with_obstacles.rviz\n'}
[23.758012] (mecanum_robot) StdoutLine: {'line': b'-- Installing: /home/y1234/Documents/robot_ws/YSZD_RobotPlattform/install/mecanum_robot/share/mecanum_robot//config\n'}
[23.758350] (mecanum_robot) StdoutLine: {'line': b'-- Installing: /home/y1234/Documents/robot_ws/YSZD_RobotPlattform/install/mecanum_robot/share/mecanum_robot//config/nav2_params.yaml\n'}
[23.758569] (mecanum_robot) StdoutLine: {'line': b'-- Installing: /home/y1234/Documents/robot_ws/YSZD_RobotPlattform/install/mecanum_robot/lib/mecanum_robot/realsense_dual_camera_node\n'}
[23.764384] (mecanum_robot) StdoutLine: {'line': b'-- Set runtime path of "/home/y1234/Documents/robot_ws/YSZD_RobotPlattform/install/mecanum_robot/lib/mecanum_robot/realsense_dual_camera_node" to ""\n'}
[23.764808] (mecanum_robot) StdoutLine: {'line': b'-- Installing: /home/y1234/Documents/robot_ws/YSZD_RobotPlattform/install/mecanum_robot/share/ament_index/resource_index/package_run_dependencies/mecanum_robot\n'}
[23.765118] (mecanum_robot) StdoutLine: {'line': b'-- Installing: /home/y1234/Documents/robot_ws/YSZD_RobotPlattform/install/mecanum_robot/share/ament_index/resource_index/parent_prefix_path/mecanum_robot\n'}
[23.765354] (mecanum_robot) StdoutLine: {'line': b'-- Installing: /home/y1234/Documents/robot_ws/YSZD_RobotPlattform/install/mecanum_robot/share/mecanum_robot/environment/ament_prefix_path.sh\n'}
[23.765564] (mecanum_robot) StdoutLine: {'line': b'-- Installing: /home/y1234/Documents/robot_ws/YSZD_RobotPlattform/install/mecanum_robot/share/mecanum_robot/environment/ament_prefix_path.dsv\n'}
[23.765838] (mecanum_robot) StdoutLine: {'line': b'-- Installing: /home/y1234/Documents/robot_ws/YSZD_RobotPlattform/install/mecanum_robot/share/mecanum_robot/environment/path.sh\n'}
[23.766052] (mecanum_robot) StdoutLine: {'line': b'-- Installing: /home/y1234/Documents/robot_ws/YSZD_RobotPlattform/install/mecanum_robot/share/mecanum_robot/environment/path.dsv\n'}
[23.766282] (mecanum_robot) StdoutLine: {'line': b'-- Installing: /home/y1234/Documents/robot_ws/YSZD_RobotPlattform/install/mecanum_robot/share/mecanum_robot/local_setup.bash\n'}
[23.766499] (mecanum_robot) StdoutLine: {'line': b'-- Installing: /home/y1234/Documents/robot_ws/YSZD_RobotPlattform/install/mecanum_robot/share/mecanum_robot/local_setup.sh\n'}
[23.766742] (mecanum_robot) StdoutLine: {'line': b'-- Installing: /home/y1234/Documents/robot_ws/YSZD_RobotPlattform/install/mecanum_robot/share/mecanum_robot/local_setup.zsh\n'}
[23.767006] (mecanum_robot) StdoutLine: {'line': b'-- Installing: /home/y1234/Documents/robot_ws/YSZD_RobotPlattform/install/mecanum_robot/share/mecanum_robot/local_setup.dsv\n'}
[23.767210] (mecanum_robot) StdoutLine: {'line': b'-- Installing: /home/y1234/Documents/robot_ws/YSZD_RobotPlattform/install/mecanum_robot/share/mecanum_robot/package.dsv\n'}
[23.767509] (mecanum_robot) StdoutLine: {'line': b'-- Installing: /home/y1234/Documents/robot_ws/YSZD_RobotPlattform/install/mecanum_robot/share/ament_index/resource_index/packages/mecanum_robot\n'}
[23.767793] (mecanum_robot) StdoutLine: {'line': b'-- Installing: /home/y1234/Documents/robot_ws/YSZD_RobotPlattform/install/mecanum_robot/share/mecanum_robot/cmake/mecanum_robotConfig.cmake\n'}
[23.768051] (mecanum_robot) StdoutLine: {'line': b'-- Installing: /home/y1234/Documents/robot_ws/YSZD_RobotPlattform/install/mecanum_robot/share/mecanum_robot/cmake/mecanum_robotConfig-version.cmake\n'}
[23.768265] (mecanum_robot) StdoutLine: {'line': b'-- Installing: /home/y1234/Documents/robot_ws/YSZD_RobotPlattform/install/mecanum_robot/share/mecanum_robot/package.xml\n'}
[23.773563] (mecanum_robot) CommandEnded: {'returncode': 0}
[23.812973] (-) TimerEvent: {}
[23.831128] (mecanum_robot) JobEnded: {'identifier': 'mecanum_robot', 'rc': 0}
[23.832691] (-) EventReactorShutdown: {}
