[0.000000] (-) TimerEvent: {}
[0.000301] (mecanum_robot) JobQueued: {'identifier': 'mecanum_robot', 'dependencies': OrderedDict()}
[0.002512] (mecanum_robot) JobStarted: {'identifier': 'mecanum_robot'}
[0.036140] (mecanum_robot) JobProgress: {'identifier': 'mecanum_robot', 'progress': 'cmake'}
[0.036286] (mecanum_robot) Command: {'cmd': ['/usr/bin/cmake', '/home/y1234/Documents/robot_ws/YSZD_RobotPlattform', '-DCMAKE_INSTALL_PREFIX=/home/y1234/Documents/robot_ws/YSZD_RobotPlattform/install/mecanum_robot'], 'cwd': '/home/y1234/Documents/robot_ws/YSZD_RobotPlattform/build/mecanum_robot', 'env': OrderedDict([('LESSOPEN', '| /usr/bin/lesspipe %s'), ('VSCODE_CWD', '/home/y1234'), ('VSCODE_ESM_ENTRYPOINT', 'vs/workbench/api/node/extensionHostProcess'), ('USER', 'y1234'), ('VSCODE_NLS_CONFIG', '{"userLocale":"en-us","osLocale":"en-us","resolvedLanguage":"en","defaultMessagesFile":"/usr/share/cursor/resources/app/out/nls.messages.json","locale":"en-us","availableLanguages":{}}'), ('VSCODE_HANDLES_UNCAUGHT_ERRORS', 'true'), ('XDG_SESSION_TYPE', 'x11'), ('SHLVL', '0'), ('LD_LIBRARY_PATH', '/opt/ros/humble/opt/rviz_ogre_vendor/lib:/opt/ros/humble/lib/aarch64-linux-gnu:/opt/ros/humble/lib'), ('HOME', '/home/y1234'), ('CHROME_DESKTOP', 'cursor.desktop'), ('OLDPWD', '/home/y1234/Documents/robot_ws/YSZD_RobotPlattform'), ('DESKTOP_SESSION', 'ubuntu'), ('VSCODE_IPC_HOOK', '/run/user/1000/vscode-9bde45c7-2.1.-main.sock'), ('GIO_LAUNCHED_DESKTOP_FILE', '/usr/share/applications/cursor.desktop'), ('ROS_PYTHON_VERSION', '3'), ('GNOME_SHELL_SESSION_MODE', 'ubuntu'), ('GTK_MODULES', 'gail:atk-bridge'), ('MANAGERPID', '2287'), ('DBUS_STARTER_BUS_TYPE', 'session'), ('SYSTEMD_EXEC_PID', '2446'), ('NO_COLOR', '1'), ('DBUS_SESSION_BUS_ADDRESS', 'unix:path=/run/user/1000/bus,guid=461ec7e6010024b1891cb2bf692aab19'), ('GIO_LAUNCHED_DESKTOP_FILE_PID', '9538'), ('VSCODE_CRASH_REPORTER_PROCESS_TYPE', 'extensionHost'), ('IM_CONFIG_PHASE', '1'), ('VSCODE_L10N_BUNDLE_LOCATION', ''), ('ROS_DISTRO', 'humble'), ('GTK_IM_MODULE', 'ibus'), ('LOGNAME', 'y1234'), ('FORCE_COLOR', '0'), ('JOURNAL_STREAM', '8:41816'), ('_', '/usr/bin/colcon'), ('ROS_VERSION', '2'), ('XDG_SESSION_CLASS', 'user'), ('USERNAME', 'y1234'), ('TERM', 'dumb'), ('GNOME_DESKTOP_SESSION_ID', 'this-is-deprecated'), ('ROS_LOCALHOST_ONLY', '0'), ('COMPOSER_NO_INTERACTION', '1'), ('WINDOWPATH', '2'), ('PATH', '/home/y1234/.local/bin:/opt/ros/humble/bin:/usr/local/sbin:/usr/local/bin:/usr/sbin:/usr/bin:/sbin:/bin:/usr/games:/usr/local/games:/snap/bin:/snap/bin'), ('SESSION_MANAGER', 'local/y1234-desktop:@/tmp/.ICE-unix/2446,unix/y1234-desktop:/tmp/.ICE-unix/2446'), ('INVOCATION_ID', 'c96251ba9684404d9fa68e2e99e2482b'), ('XDG_MENU_PREFIX', 'gnome-'), ('VSCODE_PROCESS_TITLE', 'extension-host  [2-2]'), ('XDG_RUNTIME_DIR', '/run/user/1000'), ('GDK_BACKEND', 'x11'), ('CURSOR_AGENT', '1'), ('DISPLAY', ':1'), ('LANG', 'en_US.UTF-8'), ('XDG_CURRENT_DESKTOP', 'Unity'), ('XMODIFIERS', '@im=ibus'), ('XDG_SESSION_DESKTOP', 'ubuntu'), ('XAUTHORITY', '/run/user/1000/gdm/Xauthority'), ('LS_COLORS', ''), ('CURSOR_TRACE_ID', 'a49f775bffae4c9ca56ce2f8a80c17e3'), ('SSH_AGENT_LAUNCHER', 'gnome-keyring'), ('SSH_AUTH_SOCK', '/run/user/1000/keyring/ssh'), ('AMENT_PREFIX_PATH', '/opt/ros/humble'), ('ORIGINAL_XDG_CURRENT_DESKTOP', 'ubuntu:GNOME'), ('SHELL', '/bin/bash'), ('QT_ACCESSIBILITY', '1'), ('GDMSESSION', 'ubuntu'), ('LESSCLOSE', '/usr/bin/lesspipe %s %s'), ('GPG_AGENT_INFO', '/run/user/1000/gnupg/S.gpg-agent:0:1'), ('QT_IM_MODULE', 'ibus'), ('PWD', '/home/y1234/Documents/robot_ws/YSZD_RobotPlattform/build/mecanum_robot'), ('LC_ALL', 'en_US.UTF-8'), ('XDG_CONFIG_DIRS', '/etc/xdg/xdg-ubuntu:/etc/xdg'), ('VSCODE_CODE_CACHE_PATH', '/home/y1234/.config/Cursor/CachedData/7584ea888f7eb7bf76c9873a8f71b28f034a9820'), ('DBUS_STARTER_ADDRESS', 'unix:path=/run/user/1000/bus,guid=461ec7e6010024b1891cb2bf692aab19'), ('XDG_DATA_DIRS', '/usr/share/ubuntu:/usr/share/gnome:/usr/local/share/:/usr/share/:/var/lib/snapd/desktop'), ('PYTHONPATH', '/home/y1234/.local/lib/python3.10/site-packages:/opt/ros/humble/lib/python3.10/site-packages:/opt/ros/humble/local/lib/python3.10/dist-packages'), ('COLCON', '1'), ('_ZO_DOCTOR', '0'), ('VSCODE_PID', '9538'), ('CMAKE_PREFIX_PATH', '/opt/ros/humble')]), 'shell': False}
[0.098939] (-) TimerEvent: {}
[0.199376] (-) TimerEvent: {}
[0.299799] (-) TimerEvent: {}
[0.334265] (mecanum_robot) StdoutLine: {'line': b'-- The C compiler identification is GNU 11.4.0\n'}
[0.399978] (-) TimerEvent: {}
[0.500397] (-) TimerEvent: {}
[0.567598] (mecanum_robot) StdoutLine: {'line': b'-- The CXX compiler identification is GNU 11.4.0\n'}
[0.598316] (mecanum_robot) StdoutLine: {'line': b'-- Detecting C compiler ABI info\n'}
[0.600509] (-) TimerEvent: {}
[0.700857] (-) TimerEvent: {}
[0.799142] (mecanum_robot) StdoutLine: {'line': b'-- Detecting C compiler ABI info - done\n'}
[0.800993] (-) TimerEvent: {}
[0.815099] (mecanum_robot) StdoutLine: {'line': b'-- Check for working C compiler: /usr/bin/cc - skipped\n'}
[0.819458] (mecanum_robot) StdoutLine: {'line': b'-- Detecting C compile features\n'}
[0.820805] (mecanum_robot) StdoutLine: {'line': b'-- Detecting C compile features - done\n'}
[0.830923] (mecanum_robot) StdoutLine: {'line': b'-- Detecting CXX compiler ABI info\n'}
[0.901161] (-) TimerEvent: {}
[1.001656] (-) TimerEvent: {}
[1.071177] (mecanum_robot) StdoutLine: {'line': b'-- Detecting CXX compiler ABI info - done\n'}
[1.100731] (mecanum_robot) StdoutLine: {'line': b'-- Check for working CXX compiler: /usr/bin/c++ - skipped\n'}
[1.101732] (-) TimerEvent: {}
[1.102449] (mecanum_robot) StdoutLine: {'line': b'-- Detecting CXX compile features\n'}
[1.104192] (mecanum_robot) StdoutLine: {'line': b'-- Detecting CXX compile features - done\n'}
[1.116508] (mecanum_robot) StdoutLine: {'line': b'-- Found ament_cmake: 1.3.12 (/opt/ros/humble/share/ament_cmake/cmake)\n'}
[1.201911] (-) TimerEvent: {}
[1.302289] (-) TimerEvent: {}
[1.402706] (-) TimerEvent: {}
[1.503107] (-) TimerEvent: {}
[1.581197] (mecanum_robot) StdoutLine: {'line': b'-- Found Python3: /usr/bin/python3 (found version "3.10.12") found components: Interpreter \n'}
[1.603253] (-) TimerEvent: {}
[1.703648] (-) TimerEvent: {}
[1.804045] (-) TimerEvent: {}
[1.902022] (mecanum_robot) StdoutLine: {'line': b'-- Found rclpy: 3.3.17 (/opt/ros/humble/share/rclpy/cmake)\n'}
[1.904124] (-) TimerEvent: {}
[1.911997] (mecanum_robot) StdoutLine: {'line': b'-- Found geometry_msgs: 4.9.0 (/opt/ros/humble/share/geometry_msgs/cmake)\n'}
[2.004296] (-) TimerEvent: {}
[2.018150] (mecanum_robot) StdoutLine: {'line': b'-- Found rosidl_generator_c: 3.1.7 (/opt/ros/humble/share/rosidl_generator_c/cmake)\n'}
[2.032863] (mecanum_robot) StdoutLine: {'line': b'-- Found rosidl_adapter: 3.1.7 (/opt/ros/humble/share/rosidl_adapter/cmake)\n'}
[2.055001] (mecanum_robot) StdoutLine: {'line': b'-- Found rosidl_generator_cpp: 3.1.7 (/opt/ros/humble/share/rosidl_generator_cpp/cmake)\n'}
[2.094816] (mecanum_robot) StdoutLine: {'line': b'-- Using all available rosidl_typesupport_c: rosidl_typesupport_fastrtps_c;rosidl_typesupport_introspection_c\n'}
[2.104463] (-) TimerEvent: {}
[2.140610] (mecanum_robot) StdoutLine: {'line': b'-- Using all available rosidl_typesupport_cpp: rosidl_typesupport_fastrtps_cpp;rosidl_typesupport_introspection_cpp\n'}
[2.204723] (-) TimerEvent: {}
[2.265057] (mecanum_robot) StdoutLine: {'line': b'-- Found sensor_msgs: 4.9.0 (/opt/ros/humble/share/sensor_msgs/cmake)\n'}
[2.304924] (-) TimerEvent: {}
[2.314208] (mecanum_robot) StdoutLine: {'line': b'-- Found nav_msgs: 4.9.0 (/opt/ros/humble/share/nav_msgs/cmake)\n'}
[2.380969] (mecanum_robot) StdoutLine: {'line': b'-- Found tf2_ros: 0.25.17 (/opt/ros/humble/share/tf2_ros/cmake)\n'}
[2.405079] (-) TimerEvent: {}
[2.505560] (-) TimerEvent: {}
[2.605983] (-) TimerEvent: {}
[2.622373] (mecanum_robot) StdoutLine: {'line': b'-- Found rmw_implementation_cmake: 6.1.2 (/opt/ros/humble/share/rmw_implementation_cmake/cmake)\n'}
[2.646060] (mecanum_robot) StdoutLine: {'line': b'-- Found rmw_fastrtps_cpp: 6.2.9 (/opt/ros/humble/share/rmw_fastrtps_cpp/cmake)\n'}
[2.706158] (-) TimerEvent: {}
[2.806579] (-) TimerEvent: {}
[2.907022] (-) TimerEvent: {}
[3.007815] (-) TimerEvent: {}
[3.037738] (mecanum_robot) StdoutLine: {'line': b'-- Found OpenSSL: /usr/lib/aarch64-linux-gnu/libcrypto.so (found version "3.0.2")  \n'}
[3.108034] (-) TimerEvent: {}
[3.121856] (mecanum_robot) StdoutLine: {'line': b'-- Found FastRTPS: /opt/ros/humble/include  \n'}
[3.209991] (-) TimerEvent: {}
[3.227223] (mecanum_robot) StdoutLine: {'line': b"-- Using RMW implementation 'rmw_fastrtps_cpp' as default\n"}
[3.267414] (mecanum_robot) StdoutLine: {'line': b'-- Looking for pthread.h\n'}
[3.308689] (-) TimerEvent: {}
[3.409152] (-) TimerEvent: {}
[3.509597] (-) TimerEvent: {}
[3.536853] (mecanum_robot) StdoutLine: {'line': b'-- Looking for pthread.h - found\n'}
[3.537456] (mecanum_robot) StdoutLine: {'line': b'-- Performing Test CMAKE_HAVE_LIBC_PTHREAD\n'}
[3.609738] (-) TimerEvent: {}
[3.710175] (-) TimerEvent: {}
[3.809129] (mecanum_robot) StdoutLine: {'line': b'-- Performing Test CMAKE_HAVE_LIBC_PTHREAD - Success\n'}
[3.811554] (-) TimerEvent: {}
[3.814375] (mecanum_robot) StdoutLine: {'line': b'-- Found Threads: TRUE  \n'}
[3.911740] (-) TimerEvent: {}
[4.012158] (-) TimerEvent: {}
[4.112592] (-) TimerEvent: {}
[4.166913] (mecanum_robot) StdoutLine: {'line': b'-- Found tf2_geometry_msgs: 0.25.17 (/opt/ros/humble/share/tf2_geometry_msgs/cmake)\n'}
[4.201536] (mecanum_robot) StdoutLine: {'line': b'-- Found eigen3_cmake_module: 0.1.1 (/opt/ros/humble/share/eigen3_cmake_module/cmake)\n'}
[4.205640] (mecanum_robot) StdoutLine: {'line': b'-- Found Eigen3: TRUE (found version "3.4.0") \n'}
[4.206204] (mecanum_robot) StdoutLine: {'line': b'-- Ensuring Eigen3 include directory is part of orocos-kdl CMake target\n'}
[4.212829] (-) TimerEvent: {}
[4.316431] (-) TimerEvent: {}
[4.417470] (-) TimerEvent: {}
[4.479383] (mecanum_robot) StdoutLine: {'line': b'-- Found ament_lint_auto: 0.12.14 (/opt/ros/humble/share/ament_lint_auto/cmake)\n'}
[4.517633] (-) TimerEvent: {}
[4.618067] (-) TimerEvent: {}
[4.718594] (-) TimerEvent: {}
[4.819743] (-) TimerEvent: {}
[4.828685] (mecanum_robot) StdoutLine: {'line': b"-- Added test 'copyright' to check source files copyright and LICENSE\n"}
[4.865604] (mecanum_robot) StdoutLine: {'line': b"-- Added test 'cppcheck' to perform static code analysis on C / C++ code\n"}
[4.866120] (mecanum_robot) StdoutLine: {'line': b'-- Configured cppcheck include dirs: \n'}
[4.866308] (mecanum_robot) StdoutLine: {'line': b'-- Configured cppcheck exclude dirs and/or files: \n'}
[4.901979] (mecanum_robot) StdoutLine: {'line': b"-- Added test 'cpplint' to check C / C++ code against the Google style\n"}
[4.902533] (mecanum_robot) StdoutLine: {'line': b'-- Configured cpplint exclude dirs and/or files: \n'}
[4.909238] (mecanum_robot) StdoutLine: {'line': b"-- Added test 'flake8' to check Python code syntax and style conventions\n"}
[4.919912] (-) TimerEvent: {}
[4.922143] (mecanum_robot) StdoutLine: {'line': b"-- Added test 'lint_cmake' to check CMake code style\n"}
[4.927835] (mecanum_robot) StdoutLine: {'line': b"-- Added test 'pep257' to check Python code against some of the docstring style conventions in PEP 257\n"}
[4.959540] (mecanum_robot) StdoutLine: {'line': b"-- Added test 'uncrustify' to check C / C++ code style\n"}
[4.960140] (mecanum_robot) StdoutLine: {'line': b'-- Configured uncrustify additional arguments: \n'}
[4.966393] (mecanum_robot) StdoutLine: {'line': b"-- Added test 'xmllint' to check XML markup files\n"}
[4.969968] (mecanum_robot) StdoutLine: {'line': b'-- Configuring done\n'}
[4.998956] (mecanum_robot) StdoutLine: {'line': b'-- Generating done\n'}
[5.012298] (mecanum_robot) StdoutLine: {'line': b'-- Build files have been written to: /home/y1234/Documents/robot_ws/YSZD_RobotPlattform/build/mecanum_robot\n'}
[5.020073] (-) TimerEvent: {}
[5.064918] (mecanum_robot) CommandEnded: {'returncode': 0}
[5.070663] (mecanum_robot) JobProgress: {'identifier': 'mecanum_robot', 'progress': 'build'}
[5.070765] (mecanum_robot) Command: {'cmd': ['/usr/bin/cmake', '--build', '/home/y1234/Documents/robot_ws/YSZD_RobotPlattform/build/mecanum_robot', '--', '-j6', '-l6'], 'cwd': '/home/y1234/Documents/robot_ws/YSZD_RobotPlattform/build/mecanum_robot', 'env': OrderedDict([('LESSOPEN', '| /usr/bin/lesspipe %s'), ('VSCODE_CWD', '/home/y1234'), ('VSCODE_ESM_ENTRYPOINT', 'vs/workbench/api/node/extensionHostProcess'), ('USER', 'y1234'), ('VSCODE_NLS_CONFIG', '{"userLocale":"en-us","osLocale":"en-us","resolvedLanguage":"en","defaultMessagesFile":"/usr/share/cursor/resources/app/out/nls.messages.json","locale":"en-us","availableLanguages":{}}'), ('VSCODE_HANDLES_UNCAUGHT_ERRORS', 'true'), ('XDG_SESSION_TYPE', 'x11'), ('SHLVL', '0'), ('LD_LIBRARY_PATH', '/opt/ros/humble/opt/rviz_ogre_vendor/lib:/opt/ros/humble/lib/aarch64-linux-gnu:/opt/ros/humble/lib'), ('HOME', '/home/y1234'), ('CHROME_DESKTOP', 'cursor.desktop'), ('OLDPWD', '/home/y1234/Documents/robot_ws/YSZD_RobotPlattform'), ('DESKTOP_SESSION', 'ubuntu'), ('VSCODE_IPC_HOOK', '/run/user/1000/vscode-9bde45c7-2.1.-main.sock'), ('GIO_LAUNCHED_DESKTOP_FILE', '/usr/share/applications/cursor.desktop'), ('ROS_PYTHON_VERSION', '3'), ('GNOME_SHELL_SESSION_MODE', 'ubuntu'), ('GTK_MODULES', 'gail:atk-bridge'), ('MANAGERPID', '2287'), ('DBUS_STARTER_BUS_TYPE', 'session'), ('SYSTEMD_EXEC_PID', '2446'), ('NO_COLOR', '1'), ('DBUS_SESSION_BUS_ADDRESS', 'unix:path=/run/user/1000/bus,guid=461ec7e6010024b1891cb2bf692aab19'), ('GIO_LAUNCHED_DESKTOP_FILE_PID', '9538'), ('VSCODE_CRASH_REPORTER_PROCESS_TYPE', 'extensionHost'), ('IM_CONFIG_PHASE', '1'), ('VSCODE_L10N_BUNDLE_LOCATION', ''), ('ROS_DISTRO', 'humble'), ('GTK_IM_MODULE', 'ibus'), ('LOGNAME', 'y1234'), ('FORCE_COLOR', '0'), ('JOURNAL_STREAM', '8:41816'), ('_', '/usr/bin/colcon'), ('ROS_VERSION', '2'), ('XDG_SESSION_CLASS', 'user'), ('USERNAME', 'y1234'), ('TERM', 'dumb'), ('GNOME_DESKTOP_SESSION_ID', 'this-is-deprecated'), ('ROS_LOCALHOST_ONLY', '0'), ('COMPOSER_NO_INTERACTION', '1'), ('WINDOWPATH', '2'), ('PATH', '/home/y1234/.local/bin:/opt/ros/humble/bin:/usr/local/sbin:/usr/local/bin:/usr/sbin:/usr/bin:/sbin:/bin:/usr/games:/usr/local/games:/snap/bin:/snap/bin'), ('SESSION_MANAGER', 'local/y1234-desktop:@/tmp/.ICE-unix/2446,unix/y1234-desktop:/tmp/.ICE-unix/2446'), ('INVOCATION_ID', 'c96251ba9684404d9fa68e2e99e2482b'), ('XDG_MENU_PREFIX', 'gnome-'), ('VSCODE_PROCESS_TITLE', 'extension-host  [2-2]'), ('XDG_RUNTIME_DIR', '/run/user/1000'), ('GDK_BACKEND', 'x11'), ('CURSOR_AGENT', '1'), ('DISPLAY', ':1'), ('LANG', 'en_US.UTF-8'), ('XDG_CURRENT_DESKTOP', 'Unity'), ('XMODIFIERS', '@im=ibus'), ('XDG_SESSION_DESKTOP', 'ubuntu'), ('XAUTHORITY', '/run/user/1000/gdm/Xauthority'), ('LS_COLORS', ''), ('CURSOR_TRACE_ID', 'a49f775bffae4c9ca56ce2f8a80c17e3'), ('SSH_AGENT_LAUNCHER', 'gnome-keyring'), ('SSH_AUTH_SOCK', '/run/user/1000/keyring/ssh'), ('AMENT_PREFIX_PATH', '/opt/ros/humble'), ('ORIGINAL_XDG_CURRENT_DESKTOP', 'ubuntu:GNOME'), ('SHELL', '/bin/bash'), ('QT_ACCESSIBILITY', '1'), ('GDMSESSION', 'ubuntu'), ('LESSCLOSE', '/usr/bin/lesspipe %s %s'), ('GPG_AGENT_INFO', '/run/user/1000/gnupg/S.gpg-agent:0:1'), ('QT_IM_MODULE', 'ibus'), ('PWD', '/home/y1234/Documents/robot_ws/YSZD_RobotPlattform/build/mecanum_robot'), ('LC_ALL', 'en_US.UTF-8'), ('XDG_CONFIG_DIRS', '/etc/xdg/xdg-ubuntu:/etc/xdg'), ('VSCODE_CODE_CACHE_PATH', '/home/y1234/.config/Cursor/CachedData/7584ea888f7eb7bf76c9873a8f71b28f034a9820'), ('DBUS_STARTER_ADDRESS', 'unix:path=/run/user/1000/bus,guid=461ec7e6010024b1891cb2bf692aab19'), ('XDG_DATA_DIRS', '/usr/share/ubuntu:/usr/share/gnome:/usr/local/share/:/usr/share/:/var/lib/snapd/desktop'), ('PYTHONPATH', '/home/y1234/.local/lib/python3.10/site-packages:/opt/ros/humble/lib/python3.10/site-packages:/opt/ros/humble/local/lib/python3.10/dist-packages'), ('COLCON', '1'), ('_ZO_DOCTOR', '0'), ('VSCODE_PID', '9538'), ('CMAKE_PREFIX_PATH', '/opt/ros/humble')]), 'shell': False}
[5.120256] (-) TimerEvent: {}
[5.220760] (-) TimerEvent: {}
[5.256320] (mecanum_robot) StdoutLine: {'line': b'Built target ament_cmake_python_copy_mecanum_robot\n'}
[5.321135] (-) TimerEvent: {}
[5.421674] (-) TimerEvent: {}
[5.522101] (-) TimerEvent: {}
[5.622621] (-) TimerEvent: {}
[5.723069] (-) TimerEvent: {}
[5.824326] (-) TimerEvent: {}
[5.924858] (-) TimerEvent: {}
[6.025424] (-) TimerEvent: {}
[6.126854] (-) TimerEvent: {}
[6.158485] (mecanum_robot) StdoutLine: {'line': b'running egg_info\n'}
[6.162258] (mecanum_robot) StdoutLine: {'line': b'creating mecanum_robot.egg-info\n'}
[6.164160] (mecanum_robot) StdoutLine: {'line': b'writing mecanum_robot.egg-info/PKG-INFO\n'}
[6.165958] (mecanum_robot) StdoutLine: {'line': b'writing dependency_links to mecanum_robot.egg-info/dependency_links.txt\n'}
[6.167550] (mecanum_robot) StdoutLine: {'line': b'writing top-level names to mecanum_robot.egg-info/top_level.txt\n'}
[6.169471] (mecanum_robot) StdoutLine: {'line': b"writing manifest file 'mecanum_robot.egg-info/SOURCES.txt'\n"}
[6.176559] (mecanum_robot) StdoutLine: {'line': b"reading manifest file 'mecanum_robot.egg-info/SOURCES.txt'\n"}
[6.179986] (mecanum_robot) StdoutLine: {'line': b"writing manifest file 'mecanum_robot.egg-info/SOURCES.txt'\n"}
[6.226795] (-) TimerEvent: {}
[6.316061] (mecanum_robot) StdoutLine: {'line': b'Built target ament_cmake_python_build_mecanum_robot_egg\n'}
[6.326989] (-) TimerEvent: {}
[6.396028] (mecanum_robot) CommandEnded: {'returncode': 0}
[6.397272] (mecanum_robot) JobProgress: {'identifier': 'mecanum_robot', 'progress': 'install'}
[6.427195] (-) TimerEvent: {}
[6.436543] (mecanum_robot) Command: {'cmd': ['/usr/bin/cmake', '--install', '/home/y1234/Documents/robot_ws/YSZD_RobotPlattform/build/mecanum_robot'], 'cwd': '/home/y1234/Documents/robot_ws/YSZD_RobotPlattform/build/mecanum_robot', 'env': OrderedDict([('LESSOPEN', '| /usr/bin/lesspipe %s'), ('VSCODE_CWD', '/home/y1234'), ('VSCODE_ESM_ENTRYPOINT', 'vs/workbench/api/node/extensionHostProcess'), ('USER', 'y1234'), ('VSCODE_NLS_CONFIG', '{"userLocale":"en-us","osLocale":"en-us","resolvedLanguage":"en","defaultMessagesFile":"/usr/share/cursor/resources/app/out/nls.messages.json","locale":"en-us","availableLanguages":{}}'), ('VSCODE_HANDLES_UNCAUGHT_ERRORS', 'true'), ('XDG_SESSION_TYPE', 'x11'), ('SHLVL', '0'), ('LD_LIBRARY_PATH', '/opt/ros/humble/opt/rviz_ogre_vendor/lib:/opt/ros/humble/lib/aarch64-linux-gnu:/opt/ros/humble/lib'), ('HOME', '/home/y1234'), ('CHROME_DESKTOP', 'cursor.desktop'), ('OLDPWD', '/home/y1234/Documents/robot_ws/YSZD_RobotPlattform'), ('DESKTOP_SESSION', 'ubuntu'), ('VSCODE_IPC_HOOK', '/run/user/1000/vscode-9bde45c7-2.1.-main.sock'), ('GIO_LAUNCHED_DESKTOP_FILE', '/usr/share/applications/cursor.desktop'), ('ROS_PYTHON_VERSION', '3'), ('GNOME_SHELL_SESSION_MODE', 'ubuntu'), ('GTK_MODULES', 'gail:atk-bridge'), ('MANAGERPID', '2287'), ('DBUS_STARTER_BUS_TYPE', 'session'), ('SYSTEMD_EXEC_PID', '2446'), ('NO_COLOR', '1'), ('DBUS_SESSION_BUS_ADDRESS', 'unix:path=/run/user/1000/bus,guid=461ec7e6010024b1891cb2bf692aab19'), ('GIO_LAUNCHED_DESKTOP_FILE_PID', '9538'), ('VSCODE_CRASH_REPORTER_PROCESS_TYPE', 'extensionHost'), ('IM_CONFIG_PHASE', '1'), ('VSCODE_L10N_BUNDLE_LOCATION', ''), ('ROS_DISTRO', 'humble'), ('GTK_IM_MODULE', 'ibus'), ('LOGNAME', 'y1234'), ('FORCE_COLOR', '0'), ('JOURNAL_STREAM', '8:41816'), ('_', '/usr/bin/colcon'), ('ROS_VERSION', '2'), ('XDG_SESSION_CLASS', 'user'), ('USERNAME', 'y1234'), ('TERM', 'dumb'), ('GNOME_DESKTOP_SESSION_ID', 'this-is-deprecated'), ('ROS_LOCALHOST_ONLY', '0'), ('COMPOSER_NO_INTERACTION', '1'), ('WINDOWPATH', '2'), ('PATH', '/home/y1234/.local/bin:/opt/ros/humble/bin:/usr/local/sbin:/usr/local/bin:/usr/sbin:/usr/bin:/sbin:/bin:/usr/games:/usr/local/games:/snap/bin:/snap/bin'), ('SESSION_MANAGER', 'local/y1234-desktop:@/tmp/.ICE-unix/2446,unix/y1234-desktop:/tmp/.ICE-unix/2446'), ('INVOCATION_ID', 'c96251ba9684404d9fa68e2e99e2482b'), ('XDG_MENU_PREFIX', 'gnome-'), ('VSCODE_PROCESS_TITLE', 'extension-host  [2-2]'), ('XDG_RUNTIME_DIR', '/run/user/1000'), ('GDK_BACKEND', 'x11'), ('CURSOR_AGENT', '1'), ('DISPLAY', ':1'), ('LANG', 'en_US.UTF-8'), ('XDG_CURRENT_DESKTOP', 'Unity'), ('XMODIFIERS', '@im=ibus'), ('XDG_SESSION_DESKTOP', 'ubuntu'), ('XAUTHORITY', '/run/user/1000/gdm/Xauthority'), ('LS_COLORS', ''), ('CURSOR_TRACE_ID', 'a49f775bffae4c9ca56ce2f8a80c17e3'), ('SSH_AGENT_LAUNCHER', 'gnome-keyring'), ('SSH_AUTH_SOCK', '/run/user/1000/keyring/ssh'), ('AMENT_PREFIX_PATH', '/opt/ros/humble'), ('ORIGINAL_XDG_CURRENT_DESKTOP', 'ubuntu:GNOME'), ('SHELL', '/bin/bash'), ('QT_ACCESSIBILITY', '1'), ('GDMSESSION', 'ubuntu'), ('LESSCLOSE', '/usr/bin/lesspipe %s %s'), ('GPG_AGENT_INFO', '/run/user/1000/gnupg/S.gpg-agent:0:1'), ('QT_IM_MODULE', 'ibus'), ('PWD', '/home/y1234/Documents/robot_ws/YSZD_RobotPlattform/build/mecanum_robot'), ('LC_ALL', 'en_US.UTF-8'), ('XDG_CONFIG_DIRS', '/etc/xdg/xdg-ubuntu:/etc/xdg'), ('VSCODE_CODE_CACHE_PATH', '/home/y1234/.config/Cursor/CachedData/7584ea888f7eb7bf76c9873a8f71b28f034a9820'), ('DBUS_STARTER_ADDRESS', 'unix:path=/run/user/1000/bus,guid=461ec7e6010024b1891cb2bf692aab19'), ('XDG_DATA_DIRS', '/usr/share/ubuntu:/usr/share/gnome:/usr/local/share/:/usr/share/:/var/lib/snapd/desktop'), ('PYTHONPATH', '/home/y1234/.local/lib/python3.10/site-packages:/opt/ros/humble/lib/python3.10/site-packages:/opt/ros/humble/local/lib/python3.10/dist-packages'), ('COLCON', '1'), ('_ZO_DOCTOR', '0'), ('VSCODE_PID', '9538'), ('CMAKE_PREFIX_PATH', '/opt/ros/humble')]), 'shell': False}
[6.471452] (mecanum_robot) StdoutLine: {'line': b'-- Install configuration: ""\n'}
[6.473118] (mecanum_robot) StdoutLine: {'line': b'-- Installing: /home/y1234/Documents/robot_ws/YSZD_RobotPlattform/install/mecanum_robot/share/mecanum_robot/environment/pythonpath.sh\n'}
[6.473520] (mecanum_robot) StdoutLine: {'line': b'-- Installing: /home/y1234/Documents/robot_ws/YSZD_RobotPlattform/install/mecanum_robot/share/mecanum_robot/environment/pythonpath.dsv\n'}
[6.473706] (mecanum_robot) StdoutLine: {'line': b'-- Installing: /home/y1234/Documents/robot_ws/YSZD_RobotPlattform/install/mecanum_robot/local/lib/python3.10/dist-packages/mecanum_robot-1.0.0-py3.10.egg-info\n'}
[6.473932] (mecanum_robot) StdoutLine: {'line': b'-- Installing: /home/y1234/Documents/robot_ws/YSZD_RobotPlattform/install/mecanum_robot/local/lib/python3.10/dist-packages/mecanum_robot-1.0.0-py3.10.egg-info/SOURCES.txt\n'}
[6.474094] (mecanum_robot) StdoutLine: {'line': b'-- Installing: /home/y1234/Documents/robot_ws/YSZD_RobotPlattform/install/mecanum_robot/local/lib/python3.10/dist-packages/mecanum_robot-1.0.0-py3.10.egg-info/top_level.txt\n'}
[6.474247] (mecanum_robot) StdoutLine: {'line': b'-- Installing: /home/y1234/Documents/robot_ws/YSZD_RobotPlattform/install/mecanum_robot/local/lib/python3.10/dist-packages/mecanum_robot-1.0.0-py3.10.egg-info/dependency_links.txt\n'}
[6.477533] (mecanum_robot) StdoutLine: {'line': b'-- Installing: /home/y1234/Documents/robot_ws/YSZD_RobotPlattform/install/mecanum_robot/local/lib/python3.10/dist-packages/mecanum_robot-1.0.0-py3.10.egg-info/PKG-INFO\n'}
[6.477932] (mecanum_robot) StdoutLine: {'line': b'-- Installing: /home/y1234/Documents/robot_ws/YSZD_RobotPlattform/install/mecanum_robot/local/lib/python3.10/dist-packages/mecanum_robot\n'}
[6.478105] (mecanum_robot) StdoutLine: {'line': b'-- Installing: /home/y1234/Documents/robot_ws/YSZD_RobotPlattform/install/mecanum_robot/local/lib/python3.10/dist-packages/mecanum_robot/__init__.py\n'}
[6.527336] (-) TimerEvent: {}
[6.627913] (-) TimerEvent: {}
[6.631278] (mecanum_robot) StdoutLine: {'line': b"Listing '/home/y1234/Documents/robot_ws/YSZD_RobotPlattform/install/mecanum_robot/local/lib/python3.10/dist-packages/mecanum_robot'...\n"}
[6.631756] (mecanum_robot) StdoutLine: {'line': b"Compiling '/home/y1234/Documents/robot_ws/YSZD_RobotPlattform/install/mecanum_robot/local/lib/python3.10/dist-packages/mecanum_robot/__init__.py'...\n"}
[6.658187] (mecanum_robot) StdoutLine: {'line': b'-- Installing: /home/y1234/Documents/robot_ws/YSZD_RobotPlattform/install/mecanum_robot/lib/mecanum_robot/robot_node.py\n'}
[6.658683] (mecanum_robot) StdoutLine: {'line': b'-- Installing: /home/y1234/Documents/robot_ws/YSZD_RobotPlattform/install/mecanum_robot/lib/mecanum_robot/remote_control.py\n'}
[6.658885] (mecanum_robot) StdoutLine: {'line': b'-- Installing: /home/y1234/Documents/robot_ws/YSZD_RobotPlattform/install/mecanum_robot/lib/mecanum_robot/path_publisher.py\n'}
[6.659050] (mecanum_robot) StdoutLine: {'line': b'-- Installing: /home/y1234/Documents/robot_ws/YSZD_RobotPlattform/install/mecanum_robot/lib/mecanum_robot/camera_node_fixed.py\n'}
[6.659241] (mecanum_robot) StdoutLine: {'line': b'-- Installing: /home/y1234/Documents/robot_ws/YSZD_RobotPlattform/install/mecanum_robot/lib/mecanum_robot/realsense_camera_node.py\n'}
[6.659395] (mecanum_robot) StdoutLine: {'line': b'-- Installing: /home/y1234/Documents/robot_ws/YSZD_RobotPlattform/install/mecanum_robot/lib/mecanum_robot/apriltag_detector_enhanced.py\n'}
[6.659556] (mecanum_robot) StdoutLine: {'line': b'-- Installing: /home/y1234/Documents/robot_ws/YSZD_RobotPlattform/install/mecanum_robot/lib/mecanum_robot/apriltag_detector_opencv4.py\n'}
[6.659698] (mecanum_robot) StdoutLine: {'line': b'-- Installing: /home/y1234/Documents/robot_ws/YSZD_RobotPlattform/install/mecanum_robot/lib/mecanum_robot/position_calculator.py\n'}
[6.659840] (mecanum_robot) StdoutLine: {'line': b'-- Installing: /home/y1234/Documents/robot_ws/YSZD_RobotPlattform/install/mecanum_robot/lib/mecanum_robot/image_viewer.py\n'}
[6.659981] (mecanum_robot) StdoutLine: {'line': b'-- Installing: /home/y1234/Documents/robot_ws/YSZD_RobotPlattform/install/mecanum_robot/lib/mecanum_robot/waypoint_follower.py\n'}
[6.660119] (mecanum_robot) StdoutLine: {'line': b'-- Installing: /home/y1234/Documents/robot_ws/YSZD_RobotPlattform/install/mecanum_robot/lib/mecanum_robot/waypoint_recorder.py\n'}
[6.660256] (mecanum_robot) StdoutLine: {'line': b'-- Installing: /home/y1234/Documents/robot_ws/YSZD_RobotPlattform/install/mecanum_robot/lib/mecanum_robot/ros2_websocket_bridge.py\n'}
[6.660392] (mecanum_robot) StdoutLine: {'line': b'-- Installing: /home/y1234/Documents/robot_ws/YSZD_RobotPlattform/install/mecanum_robot/share/mecanum_robot//launch\n'}
[6.660532] (mecanum_robot) StdoutLine: {'line': b'-- Installing: /home/y1234/Documents/robot_ws/YSZD_RobotPlattform/install/mecanum_robot/share/mecanum_robot//launch/nav2_with_obstacles.launch.py\n'}
[6.660671] (mecanum_robot) StdoutLine: {'line': b'-- Installing: /home/y1234/Documents/robot_ws/YSZD_RobotPlattform/install/mecanum_robot/share/mecanum_robot//launch/apriltag_robot.launch.py\n'}
[6.660808] (mecanum_robot) StdoutLine: {'line': b'-- Installing: /home/y1234/Documents/robot_ws/YSZD_RobotPlattform/install/mecanum_robot/share/mecanum_robot//launch/mecanum_robot.launch.py\n'}
[6.667889] (mecanum_robot) StdoutLine: {'line': b'-- Installing: /home/y1234/Documents/robot_ws/YSZD_RobotPlattform/install/mecanum_robot/share/mecanum_robot//launch/simple_nav2.launch.py\n'}
[6.668374] (mecanum_robot) StdoutLine: {'line': b'-- Installing: /home/y1234/Documents/robot_ws/YSZD_RobotPlattform/install/mecanum_robot/share/mecanum_robot//launch/mecanum_robot_clean.launch.py\n'}
[6.668558] (mecanum_robot) StdoutLine: {'line': b'-- Installing: /home/y1234/Documents/robot_ws/YSZD_RobotPlattform/install/mecanum_robot/share/mecanum_robot//launch/__pycache__\n'}
[6.668711] (mecanum_robot) StdoutLine: {'line': b'-- Installing: /home/y1234/Documents/robot_ws/YSZD_RobotPlattform/install/mecanum_robot/share/mecanum_robot//launch/__pycache__/mecanum_robot_clean.launch.cpython-310.pyc\n'}
[6.670471] (mecanum_robot) StdoutLine: {'line': b'-- Installing: /home/y1234/Documents/robot_ws/YSZD_RobotPlattform/install/mecanum_robot/share/mecanum_robot//launch/__pycache__/apriltag_robot.launch.cpython-310.pyc\n'}
[6.670949] (mecanum_robot) StdoutLine: {'line': b'-- Installing: /home/y1234/Documents/robot_ws/YSZD_RobotPlattform/install/mecanum_robot/share/mecanum_robot//launch/__pycache__/mecanum_robot.launch.cpython-310.pyc\n'}
[6.671134] (mecanum_robot) StdoutLine: {'line': b'-- Installing: /home/y1234/Documents/robot_ws/YSZD_RobotPlattform/install/mecanum_robot/share/mecanum_robot//launch/__pycache__/apriltag_robot_fixed.launch.cpython-310.pyc\n'}
[6.671288] (mecanum_robot) StdoutLine: {'line': b'-- Installing: /home/y1234/Documents/robot_ws/YSZD_RobotPlattform/install/mecanum_robot/share/mecanum_robot//launch/robot_state_machine.launch.py\n'}
[6.671681] (mecanum_robot) StdoutLine: {'line': b'-- Installing: /home/y1234/Documents/robot_ws/YSZD_RobotPlattform/install/mecanum_robot/share/mecanum_robot//launch/apriltag_robot_fixed.launch.py\n'}
[6.672063] (mecanum_robot) StdoutLine: {'line': b'-- Installing: /home/y1234/Documents/robot_ws/YSZD_RobotPlattform/install/mecanum_robot/share/mecanum_robot//urdf\n'}
[6.672449] (mecanum_robot) StdoutLine: {'line': b'-- Installing: /home/y1234/Documents/robot_ws/YSZD_RobotPlattform/install/mecanum_robot/share/mecanum_robot//urdf/mecanum_robot.urdf\n'}
[6.672617] (mecanum_robot) StdoutLine: {'line': b'-- Installing: /home/y1234/Documents/robot_ws/YSZD_RobotPlattform/install/mecanum_robot/share/mecanum_robot//rviz\n'}
[6.672777] (mecanum_robot) StdoutLine: {'line': b'-- Installing: /home/y1234/Documents/robot_ws/YSZD_RobotPlattform/install/mecanum_robot/share/mecanum_robot//rviz/map_display.rviz\n'}
[6.672940] (mecanum_robot) StdoutLine: {'line': b'-- Installing: /home/y1234/Documents/robot_ws/YSZD_RobotPlattform/install/mecanum_robot/share/mecanum_robot//rviz/mecanum_robot.rviz\n'}
[6.673083] (mecanum_robot) StdoutLine: {'line': b'-- Installing: /home/y1234/Documents/robot_ws/YSZD_RobotPlattform/install/mecanum_robot/share/mecanum_robot//rviz/mecanum_robot_path.rviz\n'}
[6.673227] (mecanum_robot) StdoutLine: {'line': b'-- Installing: /home/y1234/Documents/robot_ws/YSZD_RobotPlattform/install/mecanum_robot/share/mecanum_robot//rviz/simple_path.rviz\n'}
[6.673422] (mecanum_robot) StdoutLine: {'line': b'-- Installing: /home/y1234/Documents/robot_ws/YSZD_RobotPlattform/install/mecanum_robot/share/mecanum_robot//rviz/nav2_with_obstacles.rviz\n'}
[6.673629] (mecanum_robot) StdoutLine: {'line': b'-- Installing: /home/y1234/Documents/robot_ws/YSZD_RobotPlattform/install/mecanum_robot/share/mecanum_robot//config\n'}
[6.673778] (mecanum_robot) StdoutLine: {'line': b'-- Installing: /home/y1234/Documents/robot_ws/YSZD_RobotPlattform/install/mecanum_robot/share/mecanum_robot//config/nav2_params.yaml\n'}
[6.673920] (mecanum_robot) StdoutLine: {'line': b'-- Installing: /home/y1234/Documents/robot_ws/YSZD_RobotPlattform/install/mecanum_robot/share/ament_index/resource_index/package_run_dependencies/mecanum_robot\n'}
[6.674058] (mecanum_robot) StdoutLine: {'line': b'-- Installing: /home/y1234/Documents/robot_ws/YSZD_RobotPlattform/install/mecanum_robot/share/ament_index/resource_index/parent_prefix_path/mecanum_robot\n'}
[6.674194] (mecanum_robot) StdoutLine: {'line': b'-- Installing: /home/y1234/Documents/robot_ws/YSZD_RobotPlattform/install/mecanum_robot/share/mecanum_robot/environment/ament_prefix_path.sh\n'}
[6.674327] (mecanum_robot) StdoutLine: {'line': b'-- Installing: /home/y1234/Documents/robot_ws/YSZD_RobotPlattform/install/mecanum_robot/share/mecanum_robot/environment/ament_prefix_path.dsv\n'}
[6.676472] (mecanum_robot) StdoutLine: {'line': b'-- Installing: /home/y1234/Documents/robot_ws/YSZD_RobotPlattform/install/mecanum_robot/share/mecanum_robot/environment/path.sh\n'}
[6.678083] (mecanum_robot) StdoutLine: {'line': b'-- Installing: /home/y1234/Documents/robot_ws/YSZD_RobotPlattform/install/mecanum_robot/share/mecanum_robot/environment/path.dsv\n'}
[6.678292] (mecanum_robot) StdoutLine: {'line': b'-- Installing: /home/y1234/Documents/robot_ws/YSZD_RobotPlattform/install/mecanum_robot/share/mecanum_robot/local_setup.bash\n'}
[6.678447] (mecanum_robot) StdoutLine: {'line': b'-- Installing: /home/y1234/Documents/robot_ws/YSZD_RobotPlattform/install/mecanum_robot/share/mecanum_robot/local_setup.sh\n'}
[6.678593] (mecanum_robot) StdoutLine: {'line': b'-- Installing: /home/y1234/Documents/robot_ws/YSZD_RobotPlattform/install/mecanum_robot/share/mecanum_robot/local_setup.zsh\n'}
[6.678733] (mecanum_robot) StdoutLine: {'line': b'-- Installing: /home/y1234/Documents/robot_ws/YSZD_RobotPlattform/install/mecanum_robot/share/mecanum_robot/local_setup.dsv\n'}
[6.679294] (mecanum_robot) StdoutLine: {'line': b'-- Installing: /home/y1234/Documents/robot_ws/YSZD_RobotPlattform/install/mecanum_robot/share/mecanum_robot/package.dsv\n'}
[6.686275] (mecanum_robot) StdoutLine: {'line': b'-- Installing: /home/y1234/Documents/robot_ws/YSZD_RobotPlattform/install/mecanum_robot/share/ament_index/resource_index/packages/mecanum_robot\n'}
[6.686966] (mecanum_robot) StdoutLine: {'line': b'-- Installing: /home/y1234/Documents/robot_ws/YSZD_RobotPlattform/install/mecanum_robot/share/mecanum_robot/cmake/mecanum_robotConfig.cmake\n'}
[6.687339] (mecanum_robot) StdoutLine: {'line': b'-- Installing: /home/y1234/Documents/robot_ws/YSZD_RobotPlattform/install/mecanum_robot/share/mecanum_robot/cmake/mecanum_robotConfig-version.cmake\n'}
[6.687821] (mecanum_robot) StdoutLine: {'line': b'-- Installing: /home/y1234/Documents/robot_ws/YSZD_RobotPlattform/install/mecanum_robot/share/mecanum_robot/package.xml\n'}
[6.697944] (mecanum_robot) CommandEnded: {'returncode': 0}
[6.728026] (-) TimerEvent: {}
[6.790352] (mecanum_robot) JobEnded: {'identifier': 'mecanum_robot', 'rc': 0}
[6.793829] (-) EventReactorShutdown: {}
