[0.000000] (-) TimerEvent: {}
[0.001129] (mecanum_robot) JobQueued: {'identifier': 'mecanum_robot', 'dependencies': OrderedDict()}
[0.007934] (mecanum_robot) JobStarted: {'identifier': 'mecanum_robot'}
[0.030696] (mecanum_robot) JobProgress: {'identifier': 'mecanum_robot', 'progress': 'cmake'}
[0.032694] (mecanum_robot) JobProgress: {'identifier': 'mecanum_robot', 'progress': 'build'}
[0.035091] (mecanum_robot) Command: {'cmd': ['/usr/bin/cmake', '--build', '/home/y1234/Documents/robot_ws/YSZD_RobotPlattform/build/mecanum_robot', '--', '-j6', '-l6'], 'cwd': '/home/y1234/Documents/robot_ws/YSZD_RobotPlattform/build/mecanum_robot', 'env': OrderedDict([('LESSOPEN', '| /usr/bin/lesspipe %s'), ('VSCODE_CWD', '/home/y1234'), ('VSCODE_ESM_ENTRYPOINT', 'vs/workbench/api/node/extensionHostProcess'), ('USER', 'y1234'), ('VSCODE_NLS_CONFIG', '{"userLocale":"en-us","osLocale":"en-us","resolvedLanguage":"en","defaultMessagesFile":"/usr/share/cursor/resources/app/out/nls.messages.json","locale":"en-us","availableLanguages":{}}'), ('VSCODE_HANDLES_UNCAUGHT_ERRORS', 'true'), ('XDG_SESSION_TYPE', 'x11'), ('SHLVL', '0'), ('LD_LIBRARY_PATH', '/opt/ros/humble/opt/rviz_ogre_vendor/lib:/opt/ros/humble/lib/aarch64-linux-gnu:/opt/ros/humble/lib'), ('HOME', '/home/y1234'), ('CHROME_DESKTOP', 'cursor.desktop'), ('OLDPWD', '/home/y1234/Documents/robot_ws/YSZD_RobotPlattform'), ('DESKTOP_SESSION', 'ubuntu'), ('VSCODE_IPC_HOOK', '/run/user/1000/vscode-9bde45c7-2.1.-main.sock'), ('GIO_LAUNCHED_DESKTOP_FILE', '/usr/share/applications/cursor.desktop'), ('ROS_PYTHON_VERSION', '3'), ('GNOME_SHELL_SESSION_MODE', 'ubuntu'), ('GTK_MODULES', 'gail:atk-bridge'), ('MANAGERPID', '2287'), ('DBUS_STARTER_BUS_TYPE', 'session'), ('SYSTEMD_EXEC_PID', '2446'), ('NO_COLOR', '1'), ('DBUS_SESSION_BUS_ADDRESS', 'unix:path=/run/user/1000/bus,guid=461ec7e6010024b1891cb2bf692aab19'), ('GIO_LAUNCHED_DESKTOP_FILE_PID', '9538'), ('VSCODE_CRASH_REPORTER_PROCESS_TYPE', 'extensionHost'), ('IM_CONFIG_PHASE', '1'), ('VSCODE_L10N_BUNDLE_LOCATION', ''), ('COLCON_PREFIX_PATH', '/home/y1234/Documents/robot_ws/YSZD_RobotPlattform/install'), ('ROS_DISTRO', 'humble'), ('GTK_IM_MODULE', 'ibus'), ('LOGNAME', 'y1234'), ('FORCE_COLOR', '0'), ('JOURNAL_STREAM', '8:41816'), ('_', '/usr/bin/colcon'), ('ROS_VERSION', '2'), ('XDG_SESSION_CLASS', 'user'), ('USERNAME', 'y1234'), ('TERM', 'dumb'), ('GNOME_DESKTOP_SESSION_ID', 'this-is-deprecated'), ('ROS_LOCALHOST_ONLY', '0'), ('COMPOSER_NO_INTERACTION', '1'), ('WINDOWPATH', '2'), ('PATH', '/home/y1234/.local/bin:/opt/ros/humble/bin:/usr/local/sbin:/usr/local/bin:/usr/sbin:/usr/bin:/sbin:/bin:/usr/games:/usr/local/games:/snap/bin:/snap/bin'), ('SESSION_MANAGER', 'local/y1234-desktop:@/tmp/.ICE-unix/2446,unix/y1234-desktop:/tmp/.ICE-unix/2446'), ('INVOCATION_ID', 'c96251ba9684404d9fa68e2e99e2482b'), ('XDG_MENU_PREFIX', 'gnome-'), ('VSCODE_PROCESS_TITLE', 'extension-host  [2-2]'), ('XDG_RUNTIME_DIR', '/run/user/1000'), ('GDK_BACKEND', 'x11'), ('CURSOR_AGENT', '1'), ('DISPLAY', ':1'), ('LANG', 'en_US.UTF-8'), ('XDG_CURRENT_DESKTOP', 'Unity'), ('XMODIFIERS', '@im=ibus'), ('XDG_SESSION_DESKTOP', 'ubuntu'), ('XAUTHORITY', '/run/user/1000/gdm/Xauthority'), ('LS_COLORS', ''), ('CURSOR_TRACE_ID', 'a49f775bffae4c9ca56ce2f8a80c17e3'), ('SSH_AGENT_LAUNCHER', 'gnome-keyring'), ('SSH_AUTH_SOCK', '/run/user/1000/keyring/ssh'), ('AMENT_PREFIX_PATH', '/home/y1234/Documents/robot_ws/YSZD_RobotPlattform/install/mecanum_robot:/opt/ros/humble'), ('ORIGINAL_XDG_CURRENT_DESKTOP', 'ubuntu:GNOME'), ('SHELL', '/bin/bash'), ('QT_ACCESSIBILITY', '1'), ('GDMSESSION', 'ubuntu'), ('LESSCLOSE', '/usr/bin/lesspipe %s %s'), ('GPG_AGENT_INFO', '/run/user/1000/gnupg/S.gpg-agent:0:1'), ('QT_IM_MODULE', 'ibus'), ('PWD', '/home/y1234/Documents/robot_ws/YSZD_RobotPlattform/build/mecanum_robot'), ('LC_ALL', 'en_US.UTF-8'), ('XDG_CONFIG_DIRS', '/etc/xdg/xdg-ubuntu:/etc/xdg'), ('VSCODE_CODE_CACHE_PATH', '/home/y1234/.config/Cursor/CachedData/7584ea888f7eb7bf76c9873a8f71b28f034a9820'), ('DBUS_STARTER_ADDRESS', 'unix:path=/run/user/1000/bus,guid=461ec7e6010024b1891cb2bf692aab19'), ('XDG_DATA_DIRS', '/usr/share/ubuntu:/usr/share/gnome:/usr/local/share/:/usr/share/:/var/lib/snapd/desktop'), ('PYTHONPATH', '/home/y1234/Documents/robot_ws/YSZD_RobotPlattform/install/mecanum_robot/local/lib/python3.10/dist-packages:/home/y1234/.local/lib/python3.10/site-packages:/opt/ros/humble/lib/python3.10/site-packages:/opt/ros/humble/local/lib/python3.10/dist-packages'), ('COLCON', '1'), ('_ZO_DOCTOR', '0'), ('CMAKE_PREFIX_PATH', '/home/y1234/Documents/robot_ws/YSZD_RobotPlattform/install/mecanum_robot:/opt/ros/humble'), ('VSCODE_PID', '9538')]), 'shell': False}
[0.098613] (-) TimerEvent: {}
[0.193239] (mecanum_robot) StdoutLine: {'line': b'-- Found ament_cmake: 1.3.12 (/opt/ros/humble/share/ament_cmake/cmake)\n'}
[0.199495] (-) TimerEvent: {}
[0.299925] (-) TimerEvent: {}
[0.400707] (-) TimerEvent: {}
[0.501125] (-) TimerEvent: {}
[0.601742] (-) TimerEvent: {}
[0.702170] (-) TimerEvent: {}
[0.726970] (mecanum_robot) StdoutLine: {'line': b'-- Found rclpy: 3.3.17 (/opt/ros/humble/share/rclpy/cmake)\n'}
[0.728293] (mecanum_robot) StdoutLine: {'line': b'-- Found geometry_msgs: 4.9.0 (/opt/ros/humble/share/geometry_msgs/cmake)\n'}
[0.803261] (-) TimerEvent: {}
[0.819151] (mecanum_robot) StdoutLine: {'line': b'-- Found rosidl_generator_c: 3.1.7 (/opt/ros/humble/share/rosidl_generator_c/cmake)\n'}
[0.830188] (mecanum_robot) StdoutLine: {'line': b'-- Found rosidl_adapter: 3.1.7 (/opt/ros/humble/share/rosidl_adapter/cmake)\n'}
[0.859531] (mecanum_robot) StdoutLine: {'line': b'-- Found rosidl_generator_cpp: 3.1.7 (/opt/ros/humble/share/rosidl_generator_cpp/cmake)\n'}
[0.894078] (mecanum_robot) StdoutLine: {'line': b'-- Using all available rosidl_typesupport_c: rosidl_typesupport_fastrtps_c;rosidl_typesupport_introspection_c\n'}
[0.903422] (-) TimerEvent: {}
[0.938832] (mecanum_robot) StdoutLine: {'line': b'-- Using all available rosidl_typesupport_cpp: rosidl_typesupport_fastrtps_cpp;rosidl_typesupport_introspection_cpp\n'}
[1.003780] (-) TimerEvent: {}
[1.090505] (mecanum_robot) StdoutLine: {'line': b'-- Found sensor_msgs: 4.9.0 (/opt/ros/humble/share/sensor_msgs/cmake)\n'}
[1.103927] (-) TimerEvent: {}
[1.127814] (mecanum_robot) StdoutLine: {'line': b'-- Found nav_msgs: 4.9.0 (/opt/ros/humble/share/nav_msgs/cmake)\n'}
[1.166587] (mecanum_robot) StdoutLine: {'line': b'-- Found tf2_ros: 0.25.17 (/opt/ros/humble/share/tf2_ros/cmake)\n'}
[1.204106] (-) TimerEvent: {}
[1.304524] (-) TimerEvent: {}
[1.404961] (-) TimerEvent: {}
[1.410484] (mecanum_robot) StdoutLine: {'line': b'-- Found rmw_implementation_cmake: 6.1.2 (/opt/ros/humble/share/rmw_implementation_cmake/cmake)\n'}
[1.417437] (mecanum_robot) StdoutLine: {'line': b'-- Found rmw_fastrtps_cpp: 6.2.9 (/opt/ros/humble/share/rmw_fastrtps_cpp/cmake)\n'}
[1.505456] (-) TimerEvent: {}
[1.605912] (-) TimerEvent: {}
[1.706361] (-) TimerEvent: {}
[1.806819] (-) TimerEvent: {}
[1.849400] (mecanum_robot) StdoutLine: {'line': b"-- Using RMW implementation 'rmw_fastrtps_cpp' as default\n"}
[1.906978] (-) TimerEvent: {}
[2.007427] (-) TimerEvent: {}
[2.107891] (-) TimerEvent: {}
[2.208331] (-) TimerEvent: {}
[2.276976] (mecanum_robot) StdoutLine: {'line': b'-- Found tf2_geometry_msgs: 0.25.17 (/opt/ros/humble/share/tf2_geometry_msgs/cmake)\n'}
[2.292276] (mecanum_robot) StdoutLine: {'line': b'-- Found eigen3_cmake_module: 0.1.1 (/opt/ros/humble/share/eigen3_cmake_module/cmake)\n'}
[2.297848] (mecanum_robot) StdoutLine: {'line': b'-- Ensuring Eigen3 include directory is part of orocos-kdl CMake target\n'}
[2.308835] (-) TimerEvent: {}
[2.409448] (-) TimerEvent: {}
[2.485598] (mecanum_robot) StdoutLine: {'line': b'-- Found ament_lint_auto: 0.12.14 (/opt/ros/humble/share/ament_lint_auto/cmake)\n'}
[2.509773] (-) TimerEvent: {}
[2.610176] (-) TimerEvent: {}
[2.710646] (-) TimerEvent: {}
[2.740184] (mecanum_robot) StdoutLine: {'line': b"-- Added test 'copyright' to check source files copyright and LICENSE\n"}
[2.810770] (-) TimerEvent: {}
[2.821270] (mecanum_robot) StdoutLine: {'line': b"-- Added test 'cppcheck' to perform static code analysis on C / C++ code\n"}
[2.823098] (mecanum_robot) StdoutLine: {'line': b'-- Configured cppcheck include dirs: \n'}
[2.823453] (mecanum_robot) StdoutLine: {'line': b'-- Configured cppcheck exclude dirs and/or files: \n'}
[2.910959] (-) TimerEvent: {}
[2.942167] (mecanum_robot) StdoutLine: {'line': b"-- Added test 'cpplint' to check C / C++ code against the Google style\n"}
[2.942699] (mecanum_robot) StdoutLine: {'line': b'-- Configured cpplint exclude dirs and/or files: \n'}
[2.965691] (mecanum_robot) StdoutLine: {'line': b"-- Added test 'flake8' to check Python code syntax and style conventions\n"}
[2.981635] (mecanum_robot) StdoutLine: {'line': b"-- Added test 'lint_cmake' to check CMake code style\n"}
[2.992038] (mecanum_robot) StdoutLine: {'line': b"-- Added test 'pep257' to check Python code against some of the docstring style conventions in PEP 257\n"}
[3.011118] (-) TimerEvent: {}
[3.052567] (mecanum_robot) StdoutLine: {'line': b"-- Added test 'uncrustify' to check C / C++ code style\n"}
[3.053162] (mecanum_robot) StdoutLine: {'line': b'-- Configured uncrustify additional arguments: \n'}
[3.059628] (mecanum_robot) StdoutLine: {'line': b"-- Added test 'xmllint' to check XML markup files\n"}
[3.061741] (mecanum_robot) StdoutLine: {'line': b'-- Configuring done\n'}
[3.089852] (mecanum_robot) StdoutLine: {'line': b'-- Generating done\n'}
[3.094771] (mecanum_robot) StdoutLine: {'line': b'-- Build files have been written to: /home/y1234/Documents/robot_ws/YSZD_RobotPlattform/build/mecanum_robot\n'}
[3.111472] (-) TimerEvent: {}
[3.211981] (-) TimerEvent: {}
[3.312447] (-) TimerEvent: {}
[3.319083] (mecanum_robot) StdoutLine: {'line': b'Built target ament_cmake_python_copy_mecanum_robot\n'}
[3.412808] (-) TimerEvent: {}
[3.513231] (-) TimerEvent: {}
[3.613750] (-) TimerEvent: {}
[3.714909] (-) TimerEvent: {}
[3.815344] (-) TimerEvent: {}
[3.915798] (-) TimerEvent: {}
[4.016216] (-) TimerEvent: {}
[4.118918] (-) TimerEvent: {}
[4.220681] (-) TimerEvent: {}
[4.259718] (mecanum_robot) StdoutLine: {'line': b'running egg_info\n'}
[4.262834] (mecanum_robot) StdoutLine: {'line': b'writing mecanum_robot.egg-info/PKG-INFO\n'}
[4.265754] (mecanum_robot) StdoutLine: {'line': b'writing dependency_links to mecanum_robot.egg-info/dependency_links.txt\n'}
[4.266809] (mecanum_robot) StdoutLine: {'line': b'writing top-level names to mecanum_robot.egg-info/top_level.txt\n'}
[4.271671] (mecanum_robot) StdoutLine: {'line': b"reading manifest file 'mecanum_robot.egg-info/SOURCES.txt'\n"}
[4.273173] (mecanum_robot) StdoutLine: {'line': b"writing manifest file 'mecanum_robot.egg-info/SOURCES.txt'\n"}
[4.321293] (-) TimerEvent: {}
[4.422840] (-) TimerEvent: {}
[4.439663] (mecanum_robot) StdoutLine: {'line': b'Built target ament_cmake_python_build_mecanum_robot_egg\n'}
[4.481136] (mecanum_robot) CommandEnded: {'returncode': 0}
[4.484220] (mecanum_robot) JobProgress: {'identifier': 'mecanum_robot', 'progress': 'install'}
[4.523025] (-) TimerEvent: {}
[4.534252] (mecanum_robot) Command: {'cmd': ['/usr/bin/cmake', '--install', '/home/y1234/Documents/robot_ws/YSZD_RobotPlattform/build/mecanum_robot'], 'cwd': '/home/y1234/Documents/robot_ws/YSZD_RobotPlattform/build/mecanum_robot', 'env': OrderedDict([('LESSOPEN', '| /usr/bin/lesspipe %s'), ('VSCODE_CWD', '/home/y1234'), ('VSCODE_ESM_ENTRYPOINT', 'vs/workbench/api/node/extensionHostProcess'), ('USER', 'y1234'), ('VSCODE_NLS_CONFIG', '{"userLocale":"en-us","osLocale":"en-us","resolvedLanguage":"en","defaultMessagesFile":"/usr/share/cursor/resources/app/out/nls.messages.json","locale":"en-us","availableLanguages":{}}'), ('VSCODE_HANDLES_UNCAUGHT_ERRORS', 'true'), ('XDG_SESSION_TYPE', 'x11'), ('SHLVL', '0'), ('LD_LIBRARY_PATH', '/opt/ros/humble/opt/rviz_ogre_vendor/lib:/opt/ros/humble/lib/aarch64-linux-gnu:/opt/ros/humble/lib'), ('HOME', '/home/y1234'), ('CHROME_DESKTOP', 'cursor.desktop'), ('OLDPWD', '/home/y1234/Documents/robot_ws/YSZD_RobotPlattform'), ('DESKTOP_SESSION', 'ubuntu'), ('VSCODE_IPC_HOOK', '/run/user/1000/vscode-9bde45c7-2.1.-main.sock'), ('GIO_LAUNCHED_DESKTOP_FILE', '/usr/share/applications/cursor.desktop'), ('ROS_PYTHON_VERSION', '3'), ('GNOME_SHELL_SESSION_MODE', 'ubuntu'), ('GTK_MODULES', 'gail:atk-bridge'), ('MANAGERPID', '2287'), ('DBUS_STARTER_BUS_TYPE', 'session'), ('SYSTEMD_EXEC_PID', '2446'), ('NO_COLOR', '1'), ('DBUS_SESSION_BUS_ADDRESS', 'unix:path=/run/user/1000/bus,guid=461ec7e6010024b1891cb2bf692aab19'), ('GIO_LAUNCHED_DESKTOP_FILE_PID', '9538'), ('VSCODE_CRASH_REPORTER_PROCESS_TYPE', 'extensionHost'), ('IM_CONFIG_PHASE', '1'), ('VSCODE_L10N_BUNDLE_LOCATION', ''), ('COLCON_PREFIX_PATH', '/home/y1234/Documents/robot_ws/YSZD_RobotPlattform/install'), ('ROS_DISTRO', 'humble'), ('GTK_IM_MODULE', 'ibus'), ('LOGNAME', 'y1234'), ('FORCE_COLOR', '0'), ('JOURNAL_STREAM', '8:41816'), ('_', '/usr/bin/colcon'), ('ROS_VERSION', '2'), ('XDG_SESSION_CLASS', 'user'), ('USERNAME', 'y1234'), ('TERM', 'dumb'), ('GNOME_DESKTOP_SESSION_ID', 'this-is-deprecated'), ('ROS_LOCALHOST_ONLY', '0'), ('COMPOSER_NO_INTERACTION', '1'), ('WINDOWPATH', '2'), ('PATH', '/home/y1234/.local/bin:/opt/ros/humble/bin:/usr/local/sbin:/usr/local/bin:/usr/sbin:/usr/bin:/sbin:/bin:/usr/games:/usr/local/games:/snap/bin:/snap/bin'), ('SESSION_MANAGER', 'local/y1234-desktop:@/tmp/.ICE-unix/2446,unix/y1234-desktop:/tmp/.ICE-unix/2446'), ('INVOCATION_ID', 'c96251ba9684404d9fa68e2e99e2482b'), ('XDG_MENU_PREFIX', 'gnome-'), ('VSCODE_PROCESS_TITLE', 'extension-host  [2-2]'), ('XDG_RUNTIME_DIR', '/run/user/1000'), ('GDK_BACKEND', 'x11'), ('CURSOR_AGENT', '1'), ('DISPLAY', ':1'), ('LANG', 'en_US.UTF-8'), ('XDG_CURRENT_DESKTOP', 'Unity'), ('XMODIFIERS', '@im=ibus'), ('XDG_SESSION_DESKTOP', 'ubuntu'), ('XAUTHORITY', '/run/user/1000/gdm/Xauthority'), ('LS_COLORS', ''), ('CURSOR_TRACE_ID', 'a49f775bffae4c9ca56ce2f8a80c17e3'), ('SSH_AGENT_LAUNCHER', 'gnome-keyring'), ('SSH_AUTH_SOCK', '/run/user/1000/keyring/ssh'), ('AMENT_PREFIX_PATH', '/home/y1234/Documents/robot_ws/YSZD_RobotPlattform/install/mecanum_robot:/opt/ros/humble'), ('ORIGINAL_XDG_CURRENT_DESKTOP', 'ubuntu:GNOME'), ('SHELL', '/bin/bash'), ('QT_ACCESSIBILITY', '1'), ('GDMSESSION', 'ubuntu'), ('LESSCLOSE', '/usr/bin/lesspipe %s %s'), ('GPG_AGENT_INFO', '/run/user/1000/gnupg/S.gpg-agent:0:1'), ('QT_IM_MODULE', 'ibus'), ('PWD', '/home/y1234/Documents/robot_ws/YSZD_RobotPlattform/build/mecanum_robot'), ('LC_ALL', 'en_US.UTF-8'), ('XDG_CONFIG_DIRS', '/etc/xdg/xdg-ubuntu:/etc/xdg'), ('VSCODE_CODE_CACHE_PATH', '/home/y1234/.config/Cursor/CachedData/7584ea888f7eb7bf76c9873a8f71b28f034a9820'), ('DBUS_STARTER_ADDRESS', 'unix:path=/run/user/1000/bus,guid=461ec7e6010024b1891cb2bf692aab19'), ('XDG_DATA_DIRS', '/usr/share/ubuntu:/usr/share/gnome:/usr/local/share/:/usr/share/:/var/lib/snapd/desktop'), ('PYTHONPATH', '/home/y1234/Documents/robot_ws/YSZD_RobotPlattform/install/mecanum_robot/local/lib/python3.10/dist-packages:/home/y1234/.local/lib/python3.10/site-packages:/opt/ros/humble/lib/python3.10/site-packages:/opt/ros/humble/local/lib/python3.10/dist-packages'), ('COLCON', '1'), ('_ZO_DOCTOR', '0'), ('CMAKE_PREFIX_PATH', '/home/y1234/Documents/robot_ws/YSZD_RobotPlattform/install/mecanum_robot:/opt/ros/humble'), ('VSCODE_PID', '9538')]), 'shell': False}
[4.558897] (mecanum_robot) StdoutLine: {'line': b'-- Install configuration: ""\n'}
[4.559391] (mecanum_robot) StdoutLine: {'line': b'-- Up-to-date: /home/y1234/Documents/robot_ws/YSZD_RobotPlattform/install/mecanum_robot/share/mecanum_robot/environment/pythonpath.sh\n'}
[4.559590] (mecanum_robot) StdoutLine: {'line': b'-- Installing: /home/y1234/Documents/robot_ws/YSZD_RobotPlattform/install/mecanum_robot/share/mecanum_robot/environment/pythonpath.dsv\n'}
[4.561367] (mecanum_robot) StdoutLine: {'line': b'-- Up-to-date: /home/y1234/Documents/robot_ws/YSZD_RobotPlattform/install/mecanum_robot/local/lib/python3.10/dist-packages/mecanum_robot-1.0.0-py3.10.egg-info\n'}
[4.561630] (mecanum_robot) StdoutLine: {'line': b'-- Installing: /home/y1234/Documents/robot_ws/YSZD_RobotPlattform/install/mecanum_robot/local/lib/python3.10/dist-packages/mecanum_robot-1.0.0-py3.10.egg-info/SOURCES.txt\n'}
[4.561802] (mecanum_robot) StdoutLine: {'line': b'-- Installing: /home/y1234/Documents/robot_ws/YSZD_RobotPlattform/install/mecanum_robot/local/lib/python3.10/dist-packages/mecanum_robot-1.0.0-py3.10.egg-info/top_level.txt\n'}
[4.561978] (mecanum_robot) StdoutLine: {'line': b'-- Installing: /home/y1234/Documents/robot_ws/YSZD_RobotPlattform/install/mecanum_robot/local/lib/python3.10/dist-packages/mecanum_robot-1.0.0-py3.10.egg-info/dependency_links.txt\n'}
[4.562137] (mecanum_robot) StdoutLine: {'line': b'-- Installing: /home/y1234/Documents/robot_ws/YSZD_RobotPlattform/install/mecanum_robot/local/lib/python3.10/dist-packages/mecanum_robot-1.0.0-py3.10.egg-info/PKG-INFO\n'}
[4.562285] (mecanum_robot) StdoutLine: {'line': b'-- Up-to-date: /home/y1234/Documents/robot_ws/YSZD_RobotPlattform/install/mecanum_robot/local/lib/python3.10/dist-packages/mecanum_robot\n'}
[4.562426] (mecanum_robot) StdoutLine: {'line': b'-- Up-to-date: /home/y1234/Documents/robot_ws/YSZD_RobotPlattform/install/mecanum_robot/local/lib/python3.10/dist-packages/mecanum_robot/__init__.py\n'}
[4.623155] (-) TimerEvent: {}
[4.676219] (mecanum_robot) StdoutLine: {'line': b"Listing '/home/y1234/Documents/robot_ws/YSZD_RobotPlattform/install/mecanum_robot/local/lib/python3.10/dist-packages/mecanum_robot'...\n"}
[4.693563] (mecanum_robot) StdoutLine: {'line': b'-- Up-to-date: /home/y1234/Documents/robot_ws/YSZD_RobotPlattform/install/mecanum_robot/lib/mecanum_robot/robot_node.py\n'}
[4.694072] (mecanum_robot) StdoutLine: {'line': b'-- Up-to-date: /home/y1234/Documents/robot_ws/YSZD_RobotPlattform/install/mecanum_robot/lib/mecanum_robot/remote_control.py\n'}
[4.694287] (mecanum_robot) StdoutLine: {'line': b'-- Up-to-date: /home/y1234/Documents/robot_ws/YSZD_RobotPlattform/install/mecanum_robot/lib/mecanum_robot/path_publisher.py\n'}
[4.694502] (mecanum_robot) StdoutLine: {'line': b'-- Up-to-date: /home/y1234/Documents/robot_ws/YSZD_RobotPlattform/install/mecanum_robot/lib/mecanum_robot/camera_node_fixed.py\n'}
[4.694691] (mecanum_robot) StdoutLine: {'line': b'-- Installing: /home/y1234/Documents/robot_ws/YSZD_RobotPlattform/install/mecanum_robot/lib/mecanum_robot/realsense_camera_node.py\n'}
[4.694876] (mecanum_robot) StdoutLine: {'line': b'-- Up-to-date: /home/y1234/Documents/robot_ws/YSZD_RobotPlattform/install/mecanum_robot/lib/mecanum_robot/apriltag_detector_enhanced.py\n'}
[4.695059] (mecanum_robot) StdoutLine: {'line': b'-- Up-to-date: /home/y1234/Documents/robot_ws/YSZD_RobotPlattform/install/mecanum_robot/lib/mecanum_robot/apriltag_detector_opencv4.py\n'}
[4.695225] (mecanum_robot) StdoutLine: {'line': b'-- Up-to-date: /home/y1234/Documents/robot_ws/YSZD_RobotPlattform/install/mecanum_robot/lib/mecanum_robot/position_calculator.py\n'}
[4.695381] (mecanum_robot) StdoutLine: {'line': b'-- Up-to-date: /home/y1234/Documents/robot_ws/YSZD_RobotPlattform/install/mecanum_robot/lib/mecanum_robot/image_viewer.py\n'}
[4.695538] (mecanum_robot) StdoutLine: {'line': b'-- Up-to-date: /home/y1234/Documents/robot_ws/YSZD_RobotPlattform/install/mecanum_robot/lib/mecanum_robot/waypoint_follower.py\n'}
[4.695690] (mecanum_robot) StdoutLine: {'line': b'-- Up-to-date: /home/y1234/Documents/robot_ws/YSZD_RobotPlattform/install/mecanum_robot/lib/mecanum_robot/waypoint_recorder.py\n'}
[4.695840] (mecanum_robot) StdoutLine: {'line': b'-- Up-to-date: /home/y1234/Documents/robot_ws/YSZD_RobotPlattform/install/mecanum_robot/lib/mecanum_robot/ros2_websocket_bridge.py\n'}
[4.695988] (mecanum_robot) StdoutLine: {'line': b'-- Up-to-date: /home/y1234/Documents/robot_ws/YSZD_RobotPlattform/install/mecanum_robot/share/mecanum_robot//launch\n'}
[4.696136] (mecanum_robot) StdoutLine: {'line': b'-- Up-to-date: /home/y1234/Documents/robot_ws/YSZD_RobotPlattform/install/mecanum_robot/share/mecanum_robot//launch/nav2_with_obstacles.launch.py\n'}
[4.696288] (mecanum_robot) StdoutLine: {'line': b'-- Up-to-date: /home/y1234/Documents/robot_ws/YSZD_RobotPlattform/install/mecanum_robot/share/mecanum_robot//launch/apriltag_robot.launch.py\n'}
[4.696443] (mecanum_robot) StdoutLine: {'line': b'-- Up-to-date: /home/y1234/Documents/robot_ws/YSZD_RobotPlattform/install/mecanum_robot/share/mecanum_robot//launch/mecanum_robot.launch.py\n'}
[4.696630] (mecanum_robot) StdoutLine: {'line': b'-- Up-to-date: /home/y1234/Documents/robot_ws/YSZD_RobotPlattform/install/mecanum_robot/share/mecanum_robot//launch/simple_nav2.launch.py\n'}
[4.696778] (mecanum_robot) StdoutLine: {'line': b'-- Up-to-date: /home/y1234/Documents/robot_ws/YSZD_RobotPlattform/install/mecanum_robot/share/mecanum_robot//launch/mecanum_robot_clean.launch.py\n'}
[4.696924] (mecanum_robot) StdoutLine: {'line': b'-- Up-to-date: /home/y1234/Documents/robot_ws/YSZD_RobotPlattform/install/mecanum_robot/share/mecanum_robot//launch/__pycache__\n'}
[4.697086] (mecanum_robot) StdoutLine: {'line': b'-- Up-to-date: /home/y1234/Documents/robot_ws/YSZD_RobotPlattform/install/mecanum_robot/share/mecanum_robot//launch/__pycache__/mecanum_robot_clean.launch.cpython-310.pyc\n'}
[4.697242] (mecanum_robot) StdoutLine: {'line': b'-- Up-to-date: /home/y1234/Documents/robot_ws/YSZD_RobotPlattform/install/mecanum_robot/share/mecanum_robot//launch/__pycache__/apriltag_robot.launch.cpython-310.pyc\n'}
[4.711463] (mecanum_robot) StdoutLine: {'line': b'-- Up-to-date: /home/y1234/Documents/robot_ws/YSZD_RobotPlattform/install/mecanum_robot/share/mecanum_robot//launch/__pycache__/mecanum_robot.launch.cpython-310.pyc\n'}
[4.711792] (mecanum_robot) StdoutLine: {'line': b'-- Installing: /home/y1234/Documents/robot_ws/YSZD_RobotPlattform/install/mecanum_robot/share/mecanum_robot//launch/__pycache__/apriltag_robot_fixed.launch.cpython-310.pyc\n'}
[4.712008] (mecanum_robot) StdoutLine: {'line': b'-- Up-to-date: /home/y1234/Documents/robot_ws/YSZD_RobotPlattform/install/mecanum_robot/share/mecanum_robot//launch/robot_state_machine.launch.py\n'}
[4.717289] (mecanum_robot) StdoutLine: {'line': b'-- Installing: /home/y1234/Documents/robot_ws/YSZD_RobotPlattform/install/mecanum_robot/share/mecanum_robot//launch/apriltag_robot_fixed.launch.py\n'}
[4.718073] (mecanum_robot) StdoutLine: {'line': b'-- Up-to-date: /home/y1234/Documents/robot_ws/YSZD_RobotPlattform/install/mecanum_robot/share/mecanum_robot//urdf\n'}
[4.718274] (mecanum_robot) StdoutLine: {'line': b'-- Up-to-date: /home/y1234/Documents/robot_ws/YSZD_RobotPlattform/install/mecanum_robot/share/mecanum_robot//urdf/mecanum_robot.urdf\n'}
[4.718442] (mecanum_robot) StdoutLine: {'line': b'-- Up-to-date: /home/y1234/Documents/robot_ws/YSZD_RobotPlattform/install/mecanum_robot/share/mecanum_robot//rviz\n'}
[4.718593] (mecanum_robot) StdoutLine: {'line': b'-- Up-to-date: /home/y1234/Documents/robot_ws/YSZD_RobotPlattform/install/mecanum_robot/share/mecanum_robot//rviz/map_display.rviz\n'}
[4.718795] (mecanum_robot) StdoutLine: {'line': b'-- Up-to-date: /home/y1234/Documents/robot_ws/YSZD_RobotPlattform/install/mecanum_robot/share/mecanum_robot//rviz/mecanum_robot.rviz\n'}
[4.718943] (mecanum_robot) StdoutLine: {'line': b'-- Installing: /home/y1234/Documents/robot_ws/YSZD_RobotPlattform/install/mecanum_robot/share/mecanum_robot//rviz/mecanum_robot_path.rviz\n'}
[4.719090] (mecanum_robot) StdoutLine: {'line': b'-- Up-to-date: /home/y1234/Documents/robot_ws/YSZD_RobotPlattform/install/mecanum_robot/share/mecanum_robot//rviz/simple_path.rviz\n'}
[4.719234] (mecanum_robot) StdoutLine: {'line': b'-- Up-to-date: /home/y1234/Documents/robot_ws/YSZD_RobotPlattform/install/mecanum_robot/share/mecanum_robot//rviz/nav2_with_obstacles.rviz\n'}
[4.719379] (mecanum_robot) StdoutLine: {'line': b'-- Up-to-date: /home/y1234/Documents/robot_ws/YSZD_RobotPlattform/install/mecanum_robot/share/mecanum_robot//config\n'}
[4.719516] (mecanum_robot) StdoutLine: {'line': b'-- Up-to-date: /home/y1234/Documents/robot_ws/YSZD_RobotPlattform/install/mecanum_robot/share/mecanum_robot//config/nav2_params.yaml\n'}
[4.719653] (mecanum_robot) StdoutLine: {'line': b'-- Up-to-date: /home/y1234/Documents/robot_ws/YSZD_RobotPlattform/install/mecanum_robot/share/ament_index/resource_index/package_run_dependencies/mecanum_robot\n'}
[4.719798] (mecanum_robot) StdoutLine: {'line': b'-- Installing: /home/y1234/Documents/robot_ws/YSZD_RobotPlattform/install/mecanum_robot/share/ament_index/resource_index/parent_prefix_path/mecanum_robot\n'}
[4.719954] (mecanum_robot) StdoutLine: {'line': b'-- Up-to-date: /home/y1234/Documents/robot_ws/YSZD_RobotPlattform/install/mecanum_robot/share/mecanum_robot/environment/ament_prefix_path.sh\n'}
[4.720091] (mecanum_robot) StdoutLine: {'line': b'-- Installing: /home/y1234/Documents/robot_ws/YSZD_RobotPlattform/install/mecanum_robot/share/mecanum_robot/environment/ament_prefix_path.dsv\n'}
[4.720230] (mecanum_robot) StdoutLine: {'line': b'-- Up-to-date: /home/y1234/Documents/robot_ws/YSZD_RobotPlattform/install/mecanum_robot/share/mecanum_robot/environment/path.sh\n'}
[4.720370] (mecanum_robot) StdoutLine: {'line': b'-- Installing: /home/y1234/Documents/robot_ws/YSZD_RobotPlattform/install/mecanum_robot/share/mecanum_robot/environment/path.dsv\n'}
[4.720506] (mecanum_robot) StdoutLine: {'line': b'-- Up-to-date: /home/y1234/Documents/robot_ws/YSZD_RobotPlattform/install/mecanum_robot/share/mecanum_robot/local_setup.bash\n'}
[4.720644] (mecanum_robot) StdoutLine: {'line': b'-- Up-to-date: /home/y1234/Documents/robot_ws/YSZD_RobotPlattform/install/mecanum_robot/share/mecanum_robot/local_setup.sh\n'}
[4.720778] (mecanum_robot) StdoutLine: {'line': b'-- Up-to-date: /home/y1234/Documents/robot_ws/YSZD_RobotPlattform/install/mecanum_robot/share/mecanum_robot/local_setup.zsh\n'}
[4.720911] (mecanum_robot) StdoutLine: {'line': b'-- Installing: /home/y1234/Documents/robot_ws/YSZD_RobotPlattform/install/mecanum_robot/share/mecanum_robot/local_setup.dsv\n'}
[4.721046] (mecanum_robot) StdoutLine: {'line': b'-- Installing: /home/y1234/Documents/robot_ws/YSZD_RobotPlattform/install/mecanum_robot/share/mecanum_robot/package.dsv\n'}
[4.721181] (mecanum_robot) StdoutLine: {'line': b'-- Up-to-date: /home/y1234/Documents/robot_ws/YSZD_RobotPlattform/install/mecanum_robot/share/ament_index/resource_index/packages/mecanum_robot\n'}
[4.721334] (mecanum_robot) StdoutLine: {'line': b'-- Up-to-date: /home/y1234/Documents/robot_ws/YSZD_RobotPlattform/install/mecanum_robot/share/mecanum_robot/cmake/mecanum_robotConfig.cmake\n'}
[4.721473] (mecanum_robot) StdoutLine: {'line': b'-- Up-to-date: /home/y1234/Documents/robot_ws/YSZD_RobotPlattform/install/mecanum_robot/share/mecanum_robot/cmake/mecanum_robotConfig-version.cmake\n'}
[4.721658] (mecanum_robot) StdoutLine: {'line': b'-- Up-to-date: /home/y1234/Documents/robot_ws/YSZD_RobotPlattform/install/mecanum_robot/share/mecanum_robot/package.xml\n'}
[4.730291] (mecanum_robot) CommandEnded: {'returncode': 0}
[4.731799] (-) TimerEvent: {}
[4.807540] (mecanum_robot) JobEnded: {'identifier': 'mecanum_robot', 'rc': 0}
[4.809945] (-) EventReactorShutdown: {}
