[0.396s] DEBUG:colcon:Command line arguments: ['/usr/bin/colcon', 'build', '--packages-select', 'mecanum_robot']
[0.397s] DEBUG:colcon:Parsed command line arguments: Namespace(log_base=None, log_level=None, verb_name='build', build_base='build', install_base='install', merge_install=False, symlink_install=False, test_result_base=None, continue_on_error=False, executor='parallel', parallel_workers=6, event_handlers=None, ignore_user_meta=False, metas=['./colcon.meta'], base_paths=['.'], packages_ignore=None, packages_ignore_regex=None, paths=None, packages_up_to=None, packages_up_to_regex=None, packages_above=None, packages_above_and_dependencies=None, packages_above_depth=None, packages_select_by_dep=None, packages_skip_by_dep=None, packages_skip_up_to=None, packages_select_build_failed=False, packages_skip_build_finished=False, packages_select_test_failures=False, packages_skip_test_passed=False, packages_select=['mecanum_robot'], packages_skip=None, packages_select_regex=None, packages_skip_regex=None, packages_start=None, packages_end=None, allow_overriding=[], cmake_args=None, cmake_target=None, cmake_target_skip_unavailable=False, cmake_clean_cache=False, cmake_clean_first=False, cmake_force_configure=False, ament_cmake_args=None, catkin_cmake_args=None, catkin_skip_building_tests=False, verb_parser=<colcon_defaults.argument_parser.defaults.DefaultArgumentsDecorator object at 0xffffafde7ee0>, verb_extension=<colcon_core.verb.build.BuildVerb object at 0xffffaffdd360>, main=<bound method BuildVerb.main of <colcon_core.verb.build.BuildVerb object at 0xffffaffdd360>>)
[1.304s] Level 1:colcon.colcon_core.package_discovery:discover_packages(colcon_meta) check parameters
[1.305s] Level 1:colcon.colcon_core.package_discovery:discover_packages(recursive) check parameters
[1.305s] Level 1:colcon.colcon_core.package_discovery:discover_packages(ignore) check parameters
[1.305s] Level 1:colcon.colcon_core.package_discovery:discover_packages(path) check parameters
[1.305s] Level 1:colcon.colcon_core.package_discovery:discover_packages(colcon_meta) discover
[1.305s] Level 1:colcon.colcon_core.package_discovery:discover_packages(recursive) discover
[1.306s] INFO:colcon.colcon_core.package_discovery:Crawling recursively for packages in '/home/y1234/Documents/robot_ws/YSZD_RobotPlattform'
[1.306s] Level 1:colcon.colcon_core.package_identification:_identify(.) by extensions ['ignore', 'ignore_ament_install']
[1.306s] Level 1:colcon.colcon_core.package_identification:_identify(.) by extension 'ignore'
[1.306s] Level 1:colcon.colcon_core.package_identification:_identify(.) by extension 'ignore_ament_install'
[1.307s] Level 1:colcon.colcon_core.package_identification:_identify(.) by extensions ['colcon_pkg']
[1.307s] Level 1:colcon.colcon_core.package_identification:_identify(.) by extension 'colcon_pkg'
[1.307s] Level 1:colcon.colcon_core.package_identification:_identify(.) by extensions ['colcon_meta']
[1.307s] Level 1:colcon.colcon_core.package_identification:_identify(.) by extension 'colcon_meta'
[1.307s] Level 1:colcon.colcon_core.package_identification:_identify(.) by extensions ['ros']
[1.307s] Level 1:colcon.colcon_core.package_identification:_identify(.) by extension 'ros'
[1.357s] DEBUG:colcon.colcon_core.package_identification:Package '.' with type 'ros.ament_cmake' and name 'mecanum_robot'
[1.358s] Level 1:colcon.colcon_core.package_discovery:discover_packages(recursive) using defaults
[1.358s] Level 1:colcon.colcon_core.package_discovery:discover_packages(ignore) discover
[1.358s] Level 1:colcon.colcon_core.package_discovery:discover_packages(ignore) using defaults
[1.359s] Level 1:colcon.colcon_core.package_discovery:discover_packages(path) discover
[1.359s] Level 1:colcon.colcon_core.package_discovery:discover_packages(path) using defaults
[1.514s] Level 1:colcon.colcon_core.package_discovery:discover_packages(prefix_path) check parameters
[1.514s] Level 1:colcon.colcon_core.package_discovery:discover_packages(prefix_path) discover
[1.520s] DEBUG:colcon.colcon_installed_package_information.package_discovery:Found 1 installed packages in /home/y1234/Documents/robot_ws/YSZD_RobotPlattform/install
[1.526s] DEBUG:colcon.colcon_installed_package_information.package_discovery:Found 274 installed packages in /opt/ros/humble
[1.541s] Level 1:colcon.colcon_core.package_discovery:discover_packages(prefix_path) using defaults
[1.695s] Level 5:colcon.colcon_core.verb:set package 'mecanum_robot' build argument 'cmake_args' from command line to 'None'
[1.695s] Level 5:colcon.colcon_core.verb:set package 'mecanum_robot' build argument 'cmake_target' from command line to 'None'
[1.696s] Level 5:colcon.colcon_core.verb:set package 'mecanum_robot' build argument 'cmake_target_skip_unavailable' from command line to 'False'
[1.696s] Level 5:colcon.colcon_core.verb:set package 'mecanum_robot' build argument 'cmake_clean_cache' from command line to 'False'
[1.696s] Level 5:colcon.colcon_core.verb:set package 'mecanum_robot' build argument 'cmake_clean_first' from command line to 'False'
[1.696s] Level 5:colcon.colcon_core.verb:set package 'mecanum_robot' build argument 'cmake_force_configure' from command line to 'False'
[1.697s] Level 5:colcon.colcon_core.verb:set package 'mecanum_robot' build argument 'ament_cmake_args' from command line to 'None'
[1.697s] Level 5:colcon.colcon_core.verb:set package 'mecanum_robot' build argument 'catkin_cmake_args' from command line to 'None'
[1.697s] Level 5:colcon.colcon_core.verb:set package 'mecanum_robot' build argument 'catkin_skip_building_tests' from command line to 'False'
[1.697s] DEBUG:colcon.colcon_core.verb:Building package 'mecanum_robot' with the following arguments: {'ament_cmake_args': None, 'build_base': '/home/y1234/Documents/robot_ws/YSZD_RobotPlattform/build/mecanum_robot', 'catkin_cmake_args': None, 'catkin_skip_building_tests': False, 'cmake_args': None, 'cmake_clean_cache': False, 'cmake_clean_first': False, 'cmake_force_configure': False, 'cmake_target': None, 'cmake_target_skip_unavailable': False, 'install_base': '/home/y1234/Documents/robot_ws/YSZD_RobotPlattform/install/mecanum_robot', 'merge_install': False, 'path': '/home/y1234/Documents/robot_ws/YSZD_RobotPlattform', 'symlink_install': False, 'test_result_base': None}
[1.698s] INFO:colcon.colcon_core.executor:Executing jobs using 'parallel' executor
[1.705s] DEBUG:colcon.colcon_parallel_executor.executor.parallel:run_until_complete
[1.706s] INFO:colcon.colcon_ros.task.ament_cmake.build:Building ROS package in '/home/y1234/Documents/robot_ws/YSZD_RobotPlattform' with build type 'ament_cmake'
[1.707s] INFO:colcon.colcon_cmake.task.cmake.build:Building CMake package in '/home/y1234/Documents/robot_ws/YSZD_RobotPlattform'
[1.717s] INFO:colcon.colcon_core.plugin_system:Skipping extension 'colcon_core.shell.bat': Not used on non-Windows systems
[1.717s] INFO:colcon.colcon_core.shell:Skip shell extension 'powershell' for command environment: Not usable outside of PowerShell
[1.718s] DEBUG:colcon.colcon_core.shell:Skip shell extension 'dsv' for command environment
[1.740s] DEBUG:colcon.colcon_core.event_handler.log_command:Invoking command in '/home/y1234/Documents/robot_ws/YSZD_RobotPlattform/build/mecanum_robot': CMAKE_PREFIX_PATH=${CMAKE_PREFIX_PATH}:/opt/ros/humble /usr/bin/cmake --build /home/y1234/Documents/robot_ws/YSZD_RobotPlattform/build/mecanum_robot -- -j6 -l6
[6.185s] DEBUG:colcon.colcon_core.event_handler.log_command:Invoked command in '/home/y1234/Documents/robot_ws/YSZD_RobotPlattform/build/mecanum_robot' returned '0': CMAKE_PREFIX_PATH=${CMAKE_PREFIX_PATH}:/opt/ros/humble /usr/bin/cmake --build /home/y1234/Documents/robot_ws/YSZD_RobotPlattform/build/mecanum_robot -- -j6 -l6
[6.239s] DEBUG:colcon.colcon_core.event_handler.log_command:Invoking command in '/home/y1234/Documents/robot_ws/YSZD_RobotPlattform/build/mecanum_robot': CMAKE_PREFIX_PATH=${CMAKE_PREFIX_PATH}:/opt/ros/humble /usr/bin/cmake --install /home/y1234/Documents/robot_ws/YSZD_RobotPlattform/build/mecanum_robot
[6.426s] Level 1:colcon.colcon_core.environment:create_environment_scripts_only(mecanum_robot)
[6.434s] DEBUG:colcon.colcon_core.event_handler.log_command:Invoked command in '/home/y1234/Documents/robot_ws/YSZD_RobotPlattform/build/mecanum_robot' returned '0': CMAKE_PREFIX_PATH=${CMAKE_PREFIX_PATH}:/opt/ros/humble /usr/bin/cmake --install /home/y1234/Documents/robot_ws/YSZD_RobotPlattform/build/mecanum_robot
[6.439s] Level 1:colcon.colcon_core.environment:checking '/home/y1234/Documents/robot_ws/YSZD_RobotPlattform/install/mecanum_robot' for CMake module files
[6.440s] Level 1:colcon.colcon_core.environment:checking '/home/y1234/Documents/robot_ws/YSZD_RobotPlattform/install/mecanum_robot' for CMake config files
[6.441s] Level 1:colcon.colcon_core.shell:create_environment_hook('mecanum_robot', 'cmake_prefix_path')
[6.441s] INFO:colcon.colcon_core.shell:Creating environment hook '/home/y1234/Documents/robot_ws/YSZD_RobotPlattform/install/mecanum_robot/share/mecanum_robot/hook/cmake_prefix_path.ps1'
[6.445s] INFO:colcon.colcon_core.shell:Creating environment descriptor '/home/y1234/Documents/robot_ws/YSZD_RobotPlattform/install/mecanum_robot/share/mecanum_robot/hook/cmake_prefix_path.dsv'
[6.447s] INFO:colcon.colcon_core.shell:Creating environment hook '/home/y1234/Documents/robot_ws/YSZD_RobotPlattform/install/mecanum_robot/share/mecanum_robot/hook/cmake_prefix_path.sh'
[6.449s] Level 1:colcon.colcon_core.environment:checking '/home/y1234/Documents/robot_ws/YSZD_RobotPlattform/install/mecanum_robot/lib'
[6.450s] Level 1:colcon.colcon_core.environment:checking '/home/y1234/Documents/robot_ws/YSZD_RobotPlattform/install/mecanum_robot/bin'
[6.451s] Level 1:colcon.colcon_core.environment:checking '/home/y1234/Documents/robot_ws/YSZD_RobotPlattform/install/mecanum_robot/lib/pkgconfig/mecanum_robot.pc'
[6.452s] Level 1:colcon.colcon_core.environment:checking '/home/y1234/Documents/robot_ws/YSZD_RobotPlattform/install/mecanum_robot/lib/python3.10/site-packages'
[6.454s] Level 1:colcon.colcon_core.environment:checking '/home/y1234/Documents/robot_ws/YSZD_RobotPlattform/install/mecanum_robot/bin'
[6.454s] INFO:colcon.colcon_core.shell:Creating package script '/home/y1234/Documents/robot_ws/YSZD_RobotPlattform/install/mecanum_robot/share/mecanum_robot/package.ps1'
[6.457s] INFO:colcon.colcon_core.shell:Creating package descriptor '/home/y1234/Documents/robot_ws/YSZD_RobotPlattform/install/mecanum_robot/share/mecanum_robot/package.dsv'
[6.458s] INFO:colcon.colcon_core.shell:Creating package script '/home/y1234/Documents/robot_ws/YSZD_RobotPlattform/install/mecanum_robot/share/mecanum_robot/package.sh'
[6.460s] INFO:colcon.colcon_core.shell:Creating package script '/home/y1234/Documents/robot_ws/YSZD_RobotPlattform/install/mecanum_robot/share/mecanum_robot/package.bash'
[6.463s] INFO:colcon.colcon_core.shell:Creating package script '/home/y1234/Documents/robot_ws/YSZD_RobotPlattform/install/mecanum_robot/share/mecanum_robot/package.zsh'
[6.465s] Level 1:colcon.colcon_core.environment:create_file_with_runtime_dependencies(/home/y1234/Documents/robot_ws/YSZD_RobotPlattform/install/mecanum_robot/share/colcon-core/packages/mecanum_robot)
[6.466s] Level 1:colcon.colcon_core.environment:create_environment_scripts_only(mecanum_robot)
[6.467s] Level 1:colcon.colcon_core.environment:checking '/home/y1234/Documents/robot_ws/YSZD_RobotPlattform/install/mecanum_robot' for CMake module files
[6.469s] Level 1:colcon.colcon_core.environment:checking '/home/y1234/Documents/robot_ws/YSZD_RobotPlattform/install/mecanum_robot' for CMake config files
[6.470s] Level 1:colcon.colcon_core.shell:create_environment_hook('mecanum_robot', 'cmake_prefix_path')
[6.471s] INFO:colcon.colcon_core.shell:Creating environment hook '/home/y1234/Documents/robot_ws/YSZD_RobotPlattform/install/mecanum_robot/share/mecanum_robot/hook/cmake_prefix_path.ps1'
[6.474s] INFO:colcon.colcon_core.shell:Creating environment descriptor '/home/y1234/Documents/robot_ws/YSZD_RobotPlattform/install/mecanum_robot/share/mecanum_robot/hook/cmake_prefix_path.dsv'
[6.476s] INFO:colcon.colcon_core.shell:Creating environment hook '/home/y1234/Documents/robot_ws/YSZD_RobotPlattform/install/mecanum_robot/share/mecanum_robot/hook/cmake_prefix_path.sh'
[6.478s] Level 1:colcon.colcon_core.environment:checking '/home/y1234/Documents/robot_ws/YSZD_RobotPlattform/install/mecanum_robot/lib'
[6.478s] Level 1:colcon.colcon_core.environment:checking '/home/y1234/Documents/robot_ws/YSZD_RobotPlattform/install/mecanum_robot/bin'
[6.478s] Level 1:colcon.colcon_core.environment:checking '/home/y1234/Documents/robot_ws/YSZD_RobotPlattform/install/mecanum_robot/lib/pkgconfig/mecanum_robot.pc'
[6.485s] Level 1:colcon.colcon_core.environment:checking '/home/y1234/Documents/robot_ws/YSZD_RobotPlattform/install/mecanum_robot/lib/python3.10/site-packages'
[6.486s] Level 1:colcon.colcon_core.environment:checking '/home/y1234/Documents/robot_ws/YSZD_RobotPlattform/install/mecanum_robot/bin'
[6.487s] INFO:colcon.colcon_core.shell:Creating package script '/home/y1234/Documents/robot_ws/YSZD_RobotPlattform/install/mecanum_robot/share/mecanum_robot/package.ps1'
[6.489s] INFO:colcon.colcon_core.shell:Creating package descriptor '/home/y1234/Documents/robot_ws/YSZD_RobotPlattform/install/mecanum_robot/share/mecanum_robot/package.dsv'
[6.490s] INFO:colcon.colcon_core.shell:Creating package script '/home/y1234/Documents/robot_ws/YSZD_RobotPlattform/install/mecanum_robot/share/mecanum_robot/package.sh'
[6.498s] INFO:colcon.colcon_core.shell:Creating package script '/home/y1234/Documents/robot_ws/YSZD_RobotPlattform/install/mecanum_robot/share/mecanum_robot/package.bash'
[6.505s] INFO:colcon.colcon_core.shell:Creating package script '/home/y1234/Documents/robot_ws/YSZD_RobotPlattform/install/mecanum_robot/share/mecanum_robot/package.zsh'
[6.507s] Level 1:colcon.colcon_core.environment:create_file_with_runtime_dependencies(/home/y1234/Documents/robot_ws/YSZD_RobotPlattform/install/mecanum_robot/share/colcon-core/packages/mecanum_robot)
[6.510s] DEBUG:colcon.colcon_parallel_executor.executor.parallel:closing loop
[6.511s] DEBUG:colcon.colcon_parallel_executor.executor.parallel:loop closed
[6.511s] DEBUG:colcon.colcon_parallel_executor.executor.parallel:run_until_complete finished with '0'
[6.512s] DEBUG:colcon.colcon_core.event_reactor:joining thread
[6.534s] INFO:colcon.colcon_core.plugin_system:Skipping extension 'colcon_notification.desktop_notification.terminal_notifier': Not used on non-Darwin systems
[6.535s] INFO:colcon.colcon_core.plugin_system:Skipping extension 'colcon_notification.desktop_notification.win32': Not used on non-Windows systems
[6.536s] INFO:colcon.colcon_notification.desktop_notification:Sending desktop notification using 'notify2'
[6.596s] DEBUG:colcon.colcon_core.event_reactor:joined thread
[6.597s] INFO:colcon.colcon_core.shell:Creating prefix script '/home/y1234/Documents/robot_ws/YSZD_RobotPlattform/install/local_setup.ps1'
[6.600s] INFO:colcon.colcon_core.shell:Creating prefix util module '/home/y1234/Documents/robot_ws/YSZD_RobotPlattform/install/_local_setup_util_ps1.py'
[6.604s] INFO:colcon.colcon_core.shell:Creating prefix chain script '/home/y1234/Documents/robot_ws/YSZD_RobotPlattform/install/setup.ps1'
[6.607s] INFO:colcon.colcon_core.shell:Creating prefix script '/home/y1234/Documents/robot_ws/YSZD_RobotPlattform/install/local_setup.sh'
[6.608s] INFO:colcon.colcon_core.shell:Creating prefix util module '/home/y1234/Documents/robot_ws/YSZD_RobotPlattform/install/_local_setup_util_sh.py'
[6.610s] INFO:colcon.colcon_core.shell:Creating prefix chain script '/home/y1234/Documents/robot_ws/YSZD_RobotPlattform/install/setup.sh'
[6.622s] INFO:colcon.colcon_core.shell:Creating prefix script '/home/y1234/Documents/robot_ws/YSZD_RobotPlattform/install/local_setup.bash'
[6.625s] INFO:colcon.colcon_core.shell:Creating prefix chain script '/home/y1234/Documents/robot_ws/YSZD_RobotPlattform/install/setup.bash'
[6.628s] INFO:colcon.colcon_core.shell:Creating prefix script '/home/y1234/Documents/robot_ws/YSZD_RobotPlattform/install/local_setup.zsh'
[6.629s] INFO:colcon.colcon_core.shell:Creating prefix chain script '/home/y1234/Documents/robot_ws/YSZD_RobotPlattform/install/setup.zsh'
