[0.073s] DEBUG:colcon:Command line arguments: ['/usr/bin/colcon', 'build', '--base-paths', 'src', '--packages-select', 'ros2_robot_bridge']
[0.073s] DEBUG:colcon:Parsed command line arguments: Namespace(log_base=None, log_level=None, verb_name='build', build_base='build', install_base='install', merge_install=False, symlink_install=False, test_result_base=None, continue_on_error=False, executor='parallel', parallel_workers=16, event_handlers=None, ignore_user_meta=False, metas=['./colcon.meta'], base_paths=['src'], packages_ignore=None, packages_ignore_regex=None, paths=None, packages_up_to=None, packages_up_to_regex=None, packages_above=None, packages_above_and_dependencies=None, packages_above_depth=None, packages_select_by_dep=None, packages_skip_by_dep=None, packages_skip_up_to=None, packages_select_build_failed=False, packages_skip_build_finished=False, packages_select_test_failures=False, packages_skip_test_passed=False, packages_select=['ros2_robot_bridge'], packages_skip=None, packages_select_regex=None, packages_skip_regex=None, packages_start=None, packages_end=None, allow_overriding=[], cmake_args=None, cmake_target=None, cmake_target_skip_unavailable=False, cmake_clean_cache=False, cmake_clean_first=False, cmake_force_configure=False, ament_cmake_args=None, catkin_cmake_args=None, catkin_skip_building_tests=False, mixin_files=None, mixin=None, verb_parser=<colcon_mixin.mixin.mixin_argument.MixinArgumentDecorator object at 0x78ef50362d40>, verb_extension=<colcon_core.verb.build.BuildVerb object at 0x78ef50362890>, main=<bound method BuildVerb.main of <colcon_core.verb.build.BuildVerb object at 0x78ef50362890>>, mixin_verb=('build',))
[0.192s] Level 1:colcon.colcon_core.package_discovery:discover_packages(colcon_meta) check parameters
[0.192s] Level 1:colcon.colcon_core.package_discovery:discover_packages(recursive) check parameters
[0.192s] Level 1:colcon.colcon_core.package_discovery:discover_packages(ignore) check parameters
[0.192s] Level 1:colcon.colcon_core.package_discovery:discover_packages(path) check parameters
[0.192s] Level 1:colcon.colcon_core.package_discovery:discover_packages(recursive) discover
[0.192s] INFO:colcon.colcon_core.package_discovery:Crawling recursively for packages in '/home/bd/Documents/Robot/YSZD_RobotPlattform/src'
[0.192s] Level 1:colcon.colcon_core.package_identification:_identify(src) by extensions ['ignore', 'ignore_ament_install']
[0.192s] Level 1:colcon.colcon_core.package_identification:_identify(src) by extension 'ignore'
[0.192s] Level 1:colcon.colcon_core.package_identification:_identify(src) by extension 'ignore_ament_install'
[0.192s] Level 1:colcon.colcon_core.package_identification:_identify(src) by extensions ['colcon_pkg']
[0.192s] Level 1:colcon.colcon_core.package_identification:_identify(src) by extension 'colcon_pkg'
[0.192s] Level 1:colcon.colcon_core.package_identification:_identify(src) by extensions ['colcon_meta']
[0.192s] Level 1:colcon.colcon_core.package_identification:_identify(src) by extension 'colcon_meta'
[0.192s] Level 1:colcon.colcon_core.package_identification:_identify(src) by extensions ['ros']
[0.192s] Level 1:colcon.colcon_core.package_identification:_identify(src) by extension 'ros'
[0.200s] Level 1:colcon.colcon_core.package_identification:_identify(src) by extensions ['cmake', 'python']
[0.200s] Level 1:colcon.colcon_core.package_identification:_identify(src) by extension 'cmake'
[0.200s] Level 1:colcon.colcon_core.package_identification:_identify(src) by extension 'python'
[0.200s] Level 1:colcon.colcon_core.package_identification:_identify(src) by extensions ['python_setup_py']
[0.200s] Level 1:colcon.colcon_core.package_identification:_identify(src) by extension 'python_setup_py'
[0.200s] Level 1:colcon.colcon_core.package_identification:_identify(src/c) by extensions ['ignore', 'ignore_ament_install']
[0.201s] Level 1:colcon.colcon_core.package_identification:_identify(src/c) by extension 'ignore'
[0.201s] Level 1:colcon.colcon_core.package_identification:_identify(src/c) by extension 'ignore_ament_install'
[0.201s] Level 1:colcon.colcon_core.package_identification:_identify(src/c) by extensions ['colcon_pkg']
[0.201s] Level 1:colcon.colcon_core.package_identification:_identify(src/c) by extension 'colcon_pkg'
[0.201s] Level 1:colcon.colcon_core.package_identification:_identify(src/c) by extensions ['colcon_meta']
[0.201s] Level 1:colcon.colcon_core.package_identification:_identify(src/c) by extension 'colcon_meta'
[0.201s] Level 1:colcon.colcon_core.package_identification:_identify(src/c) by extensions ['ros']
[0.201s] Level 1:colcon.colcon_core.package_identification:_identify(src/c) by extension 'ros'
[0.201s] Level 1:colcon.colcon_core.package_identification:_identify(src/c) by extensions ['cmake', 'python']
[0.201s] Level 1:colcon.colcon_core.package_identification:_identify(src/c) by extension 'cmake'
[0.203s] Level 1:colcon.colcon_core.package_identification:_identify(src/c) by extension 'python'
[0.203s] DEBUG:colcon.colcon_core.package_identification:Package 'src/c' with type 'cmake' and name 'robot-examples'
[0.203s] Level 1:colcon.colcon_core.package_identification:_identify(src/ros2_robot_bridge) by extensions ['ignore', 'ignore_ament_install']
[0.203s] Level 1:colcon.colcon_core.package_identification:_identify(src/ros2_robot_bridge) by extension 'ignore'
[0.203s] Level 1:colcon.colcon_core.package_identification:_identify(src/ros2_robot_bridge) by extension 'ignore_ament_install'
[0.203s] Level 1:colcon.colcon_core.package_identification:_identify(src/ros2_robot_bridge) by extensions ['colcon_pkg']
[0.203s] Level 1:colcon.colcon_core.package_identification:_identify(src/ros2_robot_bridge) by extension 'colcon_pkg'
[0.203s] Level 1:colcon.colcon_core.package_identification:_identify(src/ros2_robot_bridge) by extensions ['colcon_meta']
[0.203s] Level 1:colcon.colcon_core.package_identification:_identify(src/ros2_robot_bridge) by extension 'colcon_meta'
[0.203s] Level 1:colcon.colcon_core.package_identification:_identify(src/ros2_robot_bridge) by extensions ['ros']
[0.203s] Level 1:colcon.colcon_core.package_identification:_identify(src/ros2_robot_bridge) by extension 'ros'
[0.205s] DEBUG:colcon.colcon_core.package_identification:Package 'src/ros2_robot_bridge' with type 'ros.ament_cmake' and name 'ros2_robot_bridge'
[0.205s] Level 1:colcon.colcon_core.package_discovery:discover_packages(recursive) using defaults
[0.227s] INFO:colcon.colcon_core.package_selection:Skipping not selected package 'robot-examples' in 'src/c'
[0.228s] Level 1:colcon.colcon_core.package_discovery:discover_packages(prefix_path) check parameters
[0.228s] Level 1:colcon.colcon_core.package_discovery:discover_packages(prefix_path) discover
[0.230s] DEBUG:colcon.colcon_installed_package_information.package_discovery:Found 391 installed packages in /opt/ros/humble
[0.231s] Level 1:colcon.colcon_core.package_discovery:discover_packages(prefix_path) using defaults
[0.259s] Level 5:colcon.colcon_core.verb:set package 'ros2_robot_bridge' build argument 'cmake_args' from command line to 'None'
[0.259s] Level 5:colcon.colcon_core.verb:set package 'ros2_robot_bridge' build argument 'cmake_target' from command line to 'None'
[0.259s] Level 5:colcon.colcon_core.verb:set package 'ros2_robot_bridge' build argument 'cmake_target_skip_unavailable' from command line to 'False'
[0.259s] Level 5:colcon.colcon_core.verb:set package 'ros2_robot_bridge' build argument 'cmake_clean_cache' from command line to 'False'
[0.259s] Level 5:colcon.colcon_core.verb:set package 'ros2_robot_bridge' build argument 'cmake_clean_first' from command line to 'False'
[0.259s] Level 5:colcon.colcon_core.verb:set package 'ros2_robot_bridge' build argument 'cmake_force_configure' from command line to 'False'
[0.259s] Level 5:colcon.colcon_core.verb:set package 'ros2_robot_bridge' build argument 'ament_cmake_args' from command line to 'None'
[0.259s] Level 5:colcon.colcon_core.verb:set package 'ros2_robot_bridge' build argument 'catkin_cmake_args' from command line to 'None'
[0.259s] Level 5:colcon.colcon_core.verb:set package 'ros2_robot_bridge' build argument 'catkin_skip_building_tests' from command line to 'False'
[0.259s] DEBUG:colcon.colcon_core.verb:Building package 'ros2_robot_bridge' with the following arguments: {'ament_cmake_args': None, 'build_base': '/home/bd/Documents/Robot/YSZD_RobotPlattform/build/ros2_robot_bridge', 'catkin_cmake_args': None, 'catkin_skip_building_tests': False, 'cmake_args': None, 'cmake_clean_cache': False, 'cmake_clean_first': False, 'cmake_force_configure': False, 'cmake_target': None, 'cmake_target_skip_unavailable': False, 'install_base': '/home/bd/Documents/Robot/YSZD_RobotPlattform/install/ros2_robot_bridge', 'merge_install': False, 'path': '/home/bd/Documents/Robot/YSZD_RobotPlattform/src/ros2_robot_bridge', 'symlink_install': False, 'test_result_base': None}
[0.259s] INFO:colcon.colcon_core.executor:Executing jobs using 'parallel' executor
[0.260s] DEBUG:colcon.colcon_parallel_executor.executor.parallel:run_until_complete
[0.260s] INFO:colcon.colcon_ros.task.ament_cmake.build:Building ROS package in '/home/bd/Documents/Robot/YSZD_RobotPlattform/src/ros2_robot_bridge' with build type 'ament_cmake'
[0.260s] INFO:colcon.colcon_cmake.task.cmake.build:Building CMake package in '/home/bd/Documents/Robot/YSZD_RobotPlattform/src/ros2_robot_bridge'
[0.261s] INFO:colcon.colcon_core.plugin_system:Skipping extension 'colcon_core.shell.bat': Not used on non-Windows systems
[0.261s] INFO:colcon.colcon_core.shell:Skip shell extension 'powershell' for command environment: Not usable outside of PowerShell
[0.261s] DEBUG:colcon.colcon_core.shell:Skip shell extension 'dsv' for command environment
[0.267s] DEBUG:colcon.colcon_core.event_handler.log_command:Invoking command in '/home/bd/Documents/Robot/YSZD_RobotPlattform/build/ros2_robot_bridge': CMAKE_PREFIX_PATH=/opt/ros/humble /usr/bin/cmake --build /home/bd/Documents/Robot/YSZD_RobotPlattform/build/ros2_robot_bridge -- -j16 -l16
[7.322s] DEBUG:colcon.colcon_core.event_handler.log_command:Invoked command in '/home/bd/Documents/Robot/YSZD_RobotPlattform/build/ros2_robot_bridge' returned '0': CMAKE_PREFIX_PATH=/opt/ros/humble /usr/bin/cmake --build /home/bd/Documents/Robot/YSZD_RobotPlattform/build/ros2_robot_bridge -- -j16 -l16
[7.330s] DEBUG:colcon.colcon_core.event_handler.log_command:Invoking command in '/home/bd/Documents/Robot/YSZD_RobotPlattform/build/ros2_robot_bridge': CMAKE_PREFIX_PATH=/opt/ros/humble /usr/bin/cmake --install /home/bd/Documents/Robot/YSZD_RobotPlattform/build/ros2_robot_bridge
[7.339s] Level 1:colcon.colcon_core.environment:create_environment_scripts_only(ros2_robot_bridge)
[7.340s] DEBUG:colcon.colcon_core.event_handler.log_command:Invoked command in '/home/bd/Documents/Robot/YSZD_RobotPlattform/build/ros2_robot_bridge' returned '0': CMAKE_PREFIX_PATH=/opt/ros/humble /usr/bin/cmake --install /home/bd/Documents/Robot/YSZD_RobotPlattform/build/ros2_robot_bridge
[7.341s] Level 1:colcon.colcon_core.environment:checking '/home/bd/Documents/Robot/YSZD_RobotPlattform/install/ros2_robot_bridge' for CMake module files
[7.341s] Level 1:colcon.colcon_core.environment:checking '/home/bd/Documents/Robot/YSZD_RobotPlattform/install/ros2_robot_bridge' for CMake config files
[7.341s] Level 1:colcon.colcon_core.shell:create_environment_hook('ros2_robot_bridge', 'cmake_prefix_path')
[7.342s] INFO:colcon.colcon_core.shell:Creating environment hook '/home/bd/Documents/Robot/YSZD_RobotPlattform/install/ros2_robot_bridge/share/ros2_robot_bridge/hook/cmake_prefix_path.ps1'
[7.342s] INFO:colcon.colcon_core.shell:Creating environment descriptor '/home/bd/Documents/Robot/YSZD_RobotPlattform/install/ros2_robot_bridge/share/ros2_robot_bridge/hook/cmake_prefix_path.dsv'
[7.342s] INFO:colcon.colcon_core.shell:Creating environment hook '/home/bd/Documents/Robot/YSZD_RobotPlattform/install/ros2_robot_bridge/share/ros2_robot_bridge/hook/cmake_prefix_path.sh'
[7.343s] Level 1:colcon.colcon_core.environment:checking '/home/bd/Documents/Robot/YSZD_RobotPlattform/install/ros2_robot_bridge/lib'
[7.343s] Level 1:colcon.colcon_core.environment:checking '/home/bd/Documents/Robot/YSZD_RobotPlattform/install/ros2_robot_bridge/bin'
[7.343s] Level 1:colcon.colcon_core.environment:checking '/home/bd/Documents/Robot/YSZD_RobotPlattform/install/ros2_robot_bridge/lib/pkgconfig/ros2_robot_bridge.pc'
[7.343s] Level 1:colcon.colcon_core.environment:checking '/home/bd/Documents/Robot/YSZD_RobotPlattform/install/ros2_robot_bridge/lib/python3.10/site-packages'
[7.344s] Level 1:colcon.colcon_core.environment:checking '/home/bd/Documents/Robot/YSZD_RobotPlattform/install/ros2_robot_bridge/bin'
[7.344s] INFO:colcon.colcon_core.shell:Creating package script '/home/bd/Documents/Robot/YSZD_RobotPlattform/install/ros2_robot_bridge/share/ros2_robot_bridge/package.ps1'
[7.345s] INFO:colcon.colcon_core.shell:Creating package descriptor '/home/bd/Documents/Robot/YSZD_RobotPlattform/install/ros2_robot_bridge/share/ros2_robot_bridge/package.dsv'
[7.345s] INFO:colcon.colcon_core.shell:Creating package script '/home/bd/Documents/Robot/YSZD_RobotPlattform/install/ros2_robot_bridge/share/ros2_robot_bridge/package.sh'
[7.346s] INFO:colcon.colcon_core.shell:Creating package script '/home/bd/Documents/Robot/YSZD_RobotPlattform/install/ros2_robot_bridge/share/ros2_robot_bridge/package.bash'
[7.346s] INFO:colcon.colcon_core.shell:Creating package script '/home/bd/Documents/Robot/YSZD_RobotPlattform/install/ros2_robot_bridge/share/ros2_robot_bridge/package.zsh'
[7.346s] Level 1:colcon.colcon_core.environment:create_file_with_runtime_dependencies(/home/bd/Documents/Robot/YSZD_RobotPlattform/install/ros2_robot_bridge/share/colcon-core/packages/ros2_robot_bridge)
[7.347s] Level 1:colcon.colcon_core.environment:create_environment_scripts_only(ros2_robot_bridge)
[7.347s] Level 1:colcon.colcon_core.environment:checking '/home/bd/Documents/Robot/YSZD_RobotPlattform/install/ros2_robot_bridge' for CMake module files
[7.347s] Level 1:colcon.colcon_core.environment:checking '/home/bd/Documents/Robot/YSZD_RobotPlattform/install/ros2_robot_bridge' for CMake config files
[7.347s] Level 1:colcon.colcon_core.shell:create_environment_hook('ros2_robot_bridge', 'cmake_prefix_path')
[7.347s] INFO:colcon.colcon_core.shell:Creating environment hook '/home/bd/Documents/Robot/YSZD_RobotPlattform/install/ros2_robot_bridge/share/ros2_robot_bridge/hook/cmake_prefix_path.ps1'
[7.348s] INFO:colcon.colcon_core.shell:Creating environment descriptor '/home/bd/Documents/Robot/YSZD_RobotPlattform/install/ros2_robot_bridge/share/ros2_robot_bridge/hook/cmake_prefix_path.dsv'
[7.348s] INFO:colcon.colcon_core.shell:Creating environment hook '/home/bd/Documents/Robot/YSZD_RobotPlattform/install/ros2_robot_bridge/share/ros2_robot_bridge/hook/cmake_prefix_path.sh'
[7.348s] Level 1:colcon.colcon_core.environment:checking '/home/bd/Documents/Robot/YSZD_RobotPlattform/install/ros2_robot_bridge/lib'
[7.348s] Level 1:colcon.colcon_core.environment:checking '/home/bd/Documents/Robot/YSZD_RobotPlattform/install/ros2_robot_bridge/bin'
[7.348s] Level 1:colcon.colcon_core.environment:checking '/home/bd/Documents/Robot/YSZD_RobotPlattform/install/ros2_robot_bridge/lib/pkgconfig/ros2_robot_bridge.pc'
[7.348s] Level 1:colcon.colcon_core.environment:checking '/home/bd/Documents/Robot/YSZD_RobotPlattform/install/ros2_robot_bridge/lib/python3.10/site-packages'
[7.349s] Level 1:colcon.colcon_core.environment:checking '/home/bd/Documents/Robot/YSZD_RobotPlattform/install/ros2_robot_bridge/bin'
[7.349s] INFO:colcon.colcon_core.shell:Creating package script '/home/bd/Documents/Robot/YSZD_RobotPlattform/install/ros2_robot_bridge/share/ros2_robot_bridge/package.ps1'
[7.349s] INFO:colcon.colcon_core.shell:Creating package descriptor '/home/bd/Documents/Robot/YSZD_RobotPlattform/install/ros2_robot_bridge/share/ros2_robot_bridge/package.dsv'
[7.349s] INFO:colcon.colcon_core.shell:Creating package script '/home/bd/Documents/Robot/YSZD_RobotPlattform/install/ros2_robot_bridge/share/ros2_robot_bridge/package.sh'
[7.350s] INFO:colcon.colcon_core.shell:Creating package script '/home/bd/Documents/Robot/YSZD_RobotPlattform/install/ros2_robot_bridge/share/ros2_robot_bridge/package.bash'
[7.350s] INFO:colcon.colcon_core.shell:Creating package script '/home/bd/Documents/Robot/YSZD_RobotPlattform/install/ros2_robot_bridge/share/ros2_robot_bridge/package.zsh'
[7.350s] Level 1:colcon.colcon_core.environment:create_file_with_runtime_dependencies(/home/bd/Documents/Robot/YSZD_RobotPlattform/install/ros2_robot_bridge/share/colcon-core/packages/ros2_robot_bridge)
[7.350s] DEBUG:colcon.colcon_parallel_executor.executor.parallel:closing loop
[7.351s] DEBUG:colcon.colcon_parallel_executor.executor.parallel:loop closed
[7.351s] DEBUG:colcon.colcon_parallel_executor.executor.parallel:run_until_complete finished with '0'
[7.351s] DEBUG:colcon.colcon_core.event_reactor:joining thread
[7.354s] INFO:colcon.colcon_core.plugin_system:Skipping extension 'colcon_notification.desktop_notification.terminal_notifier': Not used on non-Darwin systems
[7.355s] INFO:colcon.colcon_core.plugin_system:Skipping extension 'colcon_notification.desktop_notification.win32': Not used on non-Windows systems
[7.355s] INFO:colcon.colcon_notification.desktop_notification:Sending desktop notification using 'notify2'
[7.364s] DEBUG:colcon.colcon_core.event_reactor:joined thread
[7.365s] INFO:colcon.colcon_core.shell:Creating prefix script '/home/bd/Documents/Robot/YSZD_RobotPlattform/install/local_setup.ps1'
[7.366s] INFO:colcon.colcon_core.shell:Creating prefix util module '/home/bd/Documents/Robot/YSZD_RobotPlattform/install/_local_setup_util_ps1.py'
[7.368s] INFO:colcon.colcon_core.shell:Creating prefix chain script '/home/bd/Documents/Robot/YSZD_RobotPlattform/install/setup.ps1'
[7.368s] INFO:colcon.colcon_core.shell:Creating prefix script '/home/bd/Documents/Robot/YSZD_RobotPlattform/install/local_setup.sh'
[7.369s] INFO:colcon.colcon_core.shell:Creating prefix util module '/home/bd/Documents/Robot/YSZD_RobotPlattform/install/_local_setup_util_sh.py'
[7.369s] INFO:colcon.colcon_core.shell:Creating prefix chain script '/home/bd/Documents/Robot/YSZD_RobotPlattform/install/setup.sh'
[7.370s] INFO:colcon.colcon_core.shell:Creating prefix script '/home/bd/Documents/Robot/YSZD_RobotPlattform/install/local_setup.bash'
[7.370s] INFO:colcon.colcon_core.shell:Creating prefix chain script '/home/bd/Documents/Robot/YSZD_RobotPlattform/install/setup.bash'
[7.370s] INFO:colcon.colcon_core.shell:Creating prefix script '/home/bd/Documents/Robot/YSZD_RobotPlattform/install/local_setup.zsh'
[7.371s] INFO:colcon.colcon_core.shell:Creating prefix chain script '/home/bd/Documents/Robot/YSZD_RobotPlattform/install/setup.zsh'
