[0.010s] Invoking command in '/home/bd/Documents/Robot/YSZD_RobotPlattform/build/mecanum_robot': CMAKE_PREFIX_PATH=/opt/ros/humble /usr/bin/cmake --build /home/bd/Documents/Robot/YSZD_RobotPlattform/build/mecanum_robot -- -j16 -l16
[0.036s] -- Found ament_cmake: 1.3.12 (/opt/ros/humble/share/ament_cmake/cmake)
[0.148s] -- Found rclpy: 3.3.17 (/opt/ros/humble/share/rclpy/cmake)
[0.148s] -- Found geometry_msgs: 4.9.0 (/opt/ros/humble/share/geometry_msgs/cmake)
[0.168s] -- Found rosidl_generator_c: 3.1.7 (/opt/ros/humble/share/rosidl_generator_c/cmake)
[0.170s] -- Found rosidl_adapter: 3.1.7 (/opt/ros/humble/share/rosidl_adapter/cmake)
[0.174s] -- Found rosidl_generator_cpp: 3.1.7 (/opt/ros/humble/share/rosidl_generator_cpp/cmake)
[0.183s] -- Using all available rosidl_typesupport_c: rosidl_typesupport_fastrtps_c;rosidl_typesupport_introspection_c
[0.195s] -- Using all available rosidl_typesupport_cpp: rosidl_typesupport_fastrtps_cpp;rosidl_typesupport_introspection_cpp
[0.227s] -- Found sensor_msgs: 4.9.0 (/opt/ros/humble/share/sensor_msgs/cmake)
[0.241s] -- Found nav_msgs: 4.9.0 (/opt/ros/humble/share/nav_msgs/cmake)
[0.256s] -- Found tf2_ros: 0.25.16 (/opt/ros/humble/share/tf2_ros/cmake)
[0.296s] -- Found rmw_implementation_cmake: 6.1.2 (/opt/ros/humble/share/rmw_implementation_cmake/cmake)
[0.297s] -- Found rmw_fastrtps_cpp: 6.2.9 (/opt/ros/humble/share/rmw_fastrtps_cpp/cmake)
[0.394s] -- Using RMW implementation 'rmw_fastrtps_cpp' as default
[0.478s] -- Found tf2_geometry_msgs: 0.25.16 (/opt/ros/humble/share/tf2_geometry_msgs/cmake)
[0.481s] -- Found eigen3_cmake_module: 0.1.1 (/opt/ros/humble/share/eigen3_cmake_module/cmake)
[0.482s] -- Ensuring Eigen3 include directory is part of orocos-kdl CMake target
[0.557s] -- Found ament_lint_auto: 0.12.14 (/opt/ros/humble/share/ament_lint_auto/cmake)
[0.630s] -- Added test 'copyright' to check source files copyright and LICENSE
[0.648s] -- Added test 'cppcheck' to perform static code analysis on C / C++ code
[0.648s] -- Configured cppcheck include dirs: 
[0.648s] -- Configured cppcheck exclude dirs and/or files: 
[0.666s] -- Added test 'cpplint' to check C / C++ code against the Google style
[0.667s] -- Configured cpplint exclude dirs and/or files: 
[0.669s] -- Added test 'flake8' to check Python code syntax and style conventions
[0.674s] -- Added test 'lint_cmake' to check CMake code style
[0.677s] -- Added test 'pep257' to check Python code against some of the docstring style conventions in PEP 257
[0.698s] -- Added test 'uncrustify' to check C / C++ code style
[0.698s] -- Configured uncrustify additional arguments: 
[0.701s] -- Added test 'xmllint' to check XML markup files
[0.701s] -- Configuring done
[0.707s] -- Generating done
[0.710s] -- Build files have been written to: /home/bd/Documents/Robot/YSZD_RobotPlattform/build/mecanum_robot
[0.757s] Built target ament_cmake_python_copy_mecanum_robot
[0.987s] running egg_info
[1.002s] writing mecanum_robot.egg-info/PKG-INFO
[1.003s] writing dependency_links to mecanum_robot.egg-info/dependency_links.txt
[1.003s] writing top-level names to mecanum_robot.egg-info/top_level.txt
[1.105s] writing manifest file 'mecanum_robot.egg-info/SOURCES.txt'
[1.147s] Built target ament_cmake_python_build_mecanum_robot_egg
[1.159s] Invoked command in '/home/bd/Documents/Robot/YSZD_RobotPlattform/build/mecanum_robot' returned '0': CMAKE_PREFIX_PATH=/opt/ros/humble /usr/bin/cmake --build /home/bd/Documents/Robot/YSZD_RobotPlattform/build/mecanum_robot -- -j16 -l16
[1.168s] Invoking command in '/home/bd/Documents/Robot/YSZD_RobotPlattform/build/mecanum_robot': CMAKE_PREFIX_PATH=/opt/ros/humble /usr/bin/cmake --install /home/bd/Documents/Robot/YSZD_RobotPlattform/build/mecanum_robot
[1.175s] -- Install configuration: ""
[1.175s] -- Up-to-date: /home/bd/Documents/Robot/YSZD_RobotPlattform/install/mecanum_robot/share/mecanum_robot/environment/pythonpath.sh
[1.176s] -- Installing: /home/bd/Documents/Robot/YSZD_RobotPlattform/install/mecanum_robot/share/mecanum_robot/environment/pythonpath.dsv
[1.176s] -- Up-to-date: /home/bd/Documents/Robot/YSZD_RobotPlattform/install/mecanum_robot/lib/python3.10/site-packages/mecanum_robot-1.0.0-py3.10.egg-info
[1.176s] -- Installing: /home/bd/Documents/Robot/YSZD_RobotPlattform/install/mecanum_robot/lib/python3.10/site-packages/mecanum_robot-1.0.0-py3.10.egg-info/top_level.txt
[1.176s] -- Installing: /home/bd/Documents/Robot/YSZD_RobotPlattform/install/mecanum_robot/lib/python3.10/site-packages/mecanum_robot-1.0.0-py3.10.egg-info/dependency_links.txt
[1.176s] -- Installing: /home/bd/Documents/Robot/YSZD_RobotPlattform/install/mecanum_robot/lib/python3.10/site-packages/mecanum_robot-1.0.0-py3.10.egg-info/PKG-INFO
[1.176s] -- Installing: /home/bd/Documents/Robot/YSZD_RobotPlattform/install/mecanum_robot/lib/python3.10/site-packages/mecanum_robot-1.0.0-py3.10.egg-info/SOURCES.txt
[1.176s] -- Up-to-date: /home/bd/Documents/Robot/YSZD_RobotPlattform/install/mecanum_robot/lib/python3.10/site-packages/mecanum_robot
[1.176s] -- Up-to-date: /home/bd/Documents/Robot/YSZD_RobotPlattform/install/mecanum_robot/lib/python3.10/site-packages/mecanum_robot/__init__.py
[1.204s] Listing '/home/bd/Documents/Robot/YSZD_RobotPlattform/install/mecanum_robot/lib/python3.10/site-packages/mecanum_robot'...
[1.209s] -- Installing: /home/bd/Documents/Robot/YSZD_RobotPlattform/install/mecanum_robot/lib/mecanum_robot/robot_node.py
[1.210s] -- Up-to-date: /home/bd/Documents/Robot/YSZD_RobotPlattform/install/mecanum_robot/lib/mecanum_robot/remote_control.py
[1.210s] -- Up-to-date: /home/bd/Documents/Robot/YSZD_RobotPlattform/install/mecanum_robot/lib/mecanum_robot/path_publisher.py
[1.210s] -- Up-to-date: /home/bd/Documents/Robot/YSZD_RobotPlattform/install/mecanum_robot/lib/mecanum_robot/camera_node_fixed.py
[1.211s] -- Up-to-date: /home/bd/Documents/Robot/YSZD_RobotPlattform/install/mecanum_robot/lib/mecanum_robot/apriltag_detector_enhanced.py
[1.211s] -- Up-to-date: /home/bd/Documents/Robot/YSZD_RobotPlattform/install/mecanum_robot/lib/mecanum_robot/apriltag_detector_opencv4.py
[1.211s] -- Up-to-date: /home/bd/Documents/Robot/YSZD_RobotPlattform/install/mecanum_robot/lib/mecanum_robot/position_calculator.py
[1.211s] -- Up-to-date: /home/bd/Documents/Robot/YSZD_RobotPlattform/install/mecanum_robot/lib/mecanum_robot/image_viewer.py
[1.211s] -- Up-to-date: /home/bd/Documents/Robot/YSZD_RobotPlattform/install/mecanum_robot/lib/mecanum_robot/waypoint_follower.py
[1.211s] -- Up-to-date: /home/bd/Documents/Robot/YSZD_RobotPlattform/install/mecanum_robot/lib/mecanum_robot/waypoint_recorder.py
[1.211s] -- Up-to-date: /home/bd/Documents/Robot/YSZD_RobotPlattform/install/mecanum_robot/lib/mecanum_robot/ros2_websocket_bridge.py
[1.211s] -- Up-to-date: /home/bd/Documents/Robot/YSZD_RobotPlattform/install/mecanum_robot/share/mecanum_robot//launch
[1.212s] -- Up-to-date: /home/bd/Documents/Robot/YSZD_RobotPlattform/install/mecanum_robot/share/mecanum_robot//launch/mecanum_robot_clean.launch.py
[1.212s] -- Up-to-date: /home/bd/Documents/Robot/YSZD_RobotPlattform/install/mecanum_robot/share/mecanum_robot//launch/apriltag_robot.launch.py
[1.212s] -- Up-to-date: /home/bd/Documents/Robot/YSZD_RobotPlattform/install/mecanum_robot/share/mecanum_robot//launch/apriltag_robot_fixed.launch.py
[1.212s] -- Up-to-date: /home/bd/Documents/Robot/YSZD_RobotPlattform/install/mecanum_robot/share/mecanum_robot//launch/__pycache__
[1.212s] -- Installing: /home/bd/Documents/Robot/YSZD_RobotPlattform/install/mecanum_robot/share/mecanum_robot//launch/__pycache__/apriltag_robot_fixed.launch.cpython-310.pyc
[1.212s] -- Up-to-date: /home/bd/Documents/Robot/YSZD_RobotPlattform/install/mecanum_robot/share/mecanum_robot//launch/__pycache__/mecanum_robot.launch.cpython-310.pyc
[1.212s] -- Up-to-date: /home/bd/Documents/Robot/YSZD_RobotPlattform/install/mecanum_robot/share/mecanum_robot//launch/__pycache__/mecanum_robot_clean.launch.cpython-310.pyc
[1.212s] -- Up-to-date: /home/bd/Documents/Robot/YSZD_RobotPlattform/install/mecanum_robot/share/mecanum_robot//launch/__pycache__/apriltag_robot.launch.cpython-310.pyc
[1.213s] -- Up-to-date: /home/bd/Documents/Robot/YSZD_RobotPlattform/install/mecanum_robot/share/mecanum_robot//launch/nav2_with_obstacles.launch.py
[1.214s] -- Up-to-date: /home/bd/Documents/Robot/YSZD_RobotPlattform/install/mecanum_robot/share/mecanum_robot//launch/simple_nav2.launch.py
[1.214s] -- Up-to-date: /home/bd/Documents/Robot/YSZD_RobotPlattform/install/mecanum_robot/share/mecanum_robot//launch/robot_state_machine.launch.py
[1.214s] -- Up-to-date: /home/bd/Documents/Robot/YSZD_RobotPlattform/install/mecanum_robot/share/mecanum_robot//launch/mecanum_robot.launch.py
[1.214s] -- Up-to-date: /home/bd/Documents/Robot/YSZD_RobotPlattform/install/mecanum_robot/share/mecanum_robot//urdf
[1.214s] -- Up-to-date: /home/bd/Documents/Robot/YSZD_RobotPlattform/install/mecanum_robot/share/mecanum_robot//urdf/mecanum_robot.urdf
[1.214s] -- Up-to-date: /home/bd/Documents/Robot/YSZD_RobotPlattform/install/mecanum_robot/share/mecanum_robot//rviz
[1.215s] -- Up-to-date: /home/bd/Documents/Robot/YSZD_RobotPlattform/install/mecanum_robot/share/mecanum_robot//rviz/mecanum_robot.rviz
[1.215s] -- Up-to-date: /home/bd/Documents/Robot/YSZD_RobotPlattform/install/mecanum_robot/share/mecanum_robot//rviz/nav2_with_obstacles.rviz
[1.215s] -- Up-to-date: /home/bd/Documents/Robot/YSZD_RobotPlattform/install/mecanum_robot/share/mecanum_robot//rviz/mecanum_robot_path.rviz
[1.215s] -- Up-to-date: /home/bd/Documents/Robot/YSZD_RobotPlattform/install/mecanum_robot/share/mecanum_robot//rviz/map_display.rviz
[1.215s] -- Up-to-date: /home/bd/Documents/Robot/YSZD_RobotPlattform/install/mecanum_robot/share/mecanum_robot//rviz/simple_path.rviz
[1.215s] -- Up-to-date: /home/bd/Documents/Robot/YSZD_RobotPlattform/install/mecanum_robot/share/mecanum_robot//config
[1.215s] -- Up-to-date: /home/bd/Documents/Robot/YSZD_RobotPlattform/install/mecanum_robot/share/mecanum_robot//config/nav2_params.yaml
[1.215s] -- Up-to-date: /home/bd/Documents/Robot/YSZD_RobotPlattform/install/mecanum_robot/share/ament_index/resource_index/package_run_dependencies/mecanum_robot
[1.215s] -- Up-to-date: /home/bd/Documents/Robot/YSZD_RobotPlattform/install/mecanum_robot/share/ament_index/resource_index/parent_prefix_path/mecanum_robot
[1.215s] -- Up-to-date: /home/bd/Documents/Robot/YSZD_RobotPlattform/install/mecanum_robot/share/mecanum_robot/environment/ament_prefix_path.sh
[1.215s] -- Installing: /home/bd/Documents/Robot/YSZD_RobotPlattform/install/mecanum_robot/share/mecanum_robot/environment/ament_prefix_path.dsv
[1.215s] -- Up-to-date: /home/bd/Documents/Robot/YSZD_RobotPlattform/install/mecanum_robot/share/mecanum_robot/environment/path.sh
[1.215s] -- Installing: /home/bd/Documents/Robot/YSZD_RobotPlattform/install/mecanum_robot/share/mecanum_robot/environment/path.dsv
[1.215s] -- Up-to-date: /home/bd/Documents/Robot/YSZD_RobotPlattform/install/mecanum_robot/share/mecanum_robot/local_setup.bash
[1.215s] -- Up-to-date: /home/bd/Documents/Robot/YSZD_RobotPlattform/install/mecanum_robot/share/mecanum_robot/local_setup.sh
[1.215s] -- Up-to-date: /home/bd/Documents/Robot/YSZD_RobotPlattform/install/mecanum_robot/share/mecanum_robot/local_setup.zsh
[1.216s] -- Installing: /home/bd/Documents/Robot/YSZD_RobotPlattform/install/mecanum_robot/share/mecanum_robot/local_setup.dsv
[1.216s] -- Installing: /home/bd/Documents/Robot/YSZD_RobotPlattform/install/mecanum_robot/share/mecanum_robot/package.dsv
[1.216s] -- Up-to-date: /home/bd/Documents/Robot/YSZD_RobotPlattform/install/mecanum_robot/share/ament_index/resource_index/packages/mecanum_robot
[1.216s] -- Up-to-date: /home/bd/Documents/Robot/YSZD_RobotPlattform/install/mecanum_robot/share/mecanum_robot/cmake/mecanum_robotConfig.cmake
[1.216s] -- Up-to-date: /home/bd/Documents/Robot/YSZD_RobotPlattform/install/mecanum_robot/share/mecanum_robot/cmake/mecanum_robotConfig-version.cmake
[1.216s] -- Up-to-date: /home/bd/Documents/Robot/YSZD_RobotPlattform/install/mecanum_robot/share/mecanum_robot/package.xml
[1.216s] Invoked command in '/home/bd/Documents/Robot/YSZD_RobotPlattform/build/mecanum_robot' returned '0': CMAKE_PREFIX_PATH=/opt/ros/humble /usr/bin/cmake --install /home/bd/Documents/Robot/YSZD_RobotPlattform/build/mecanum_robot
