[0.000000] (-) TimerEvent: {}
[0.000443] (mecanum_robot) JobQueued: {'identifier': 'mecanum_robot', 'dependencies': OrderedDict()}
[0.001618] (mecanum_robot) JobStarted: {'identifier': 'mecanum_robot'}
[0.022454] (mecanum_robot) JobProgress: {'identifier': 'mecanum_robot', 'progress': 'cmake'}
[0.023090] (mecanum_robot) Command: {'cmd': ['/usr/bin/cmake', '/home/y1234/Documents/robot_ws/YSZD_RobotPlattform', '-DCMAKE_INSTALL_PREFIX=/home/y1234/Documents/robot_ws/YSZD_RobotPlattform/install/mecanum_robot'], 'cwd': '/home/y1234/Documents/robot_ws/YSZD_RobotPlattform/build/mecanum_robot', 'env': OrderedDict([('LESSOPEN', '| /usr/bin/lesspipe %s'), ('VSCODE_CWD', '/home/y1234'), ('VSCODE_ESM_ENTRYPOINT', 'vs/workbench/api/node/extensionHostProcess'), ('USER', 'y1234'), ('VSCODE_NLS_CONFIG', '{"userLocale":"en-us","osLocale":"en-us","resolvedLanguage":"en","defaultMessagesFile":"/usr/share/cursor/resources/app/out/nls.messages.json","locale":"en-us","availableLanguages":{}}'), ('VSCODE_HANDLES_UNCAUGHT_ERRORS', 'true'), ('XDG_SESSION_TYPE', 'x11'), ('SHLVL', '0'), ('LD_LIBRARY_PATH', '/opt/ros/humble/opt/rviz_ogre_vendor/lib:/opt/ros/humble/lib/aarch64-linux-gnu:/opt/ros/humble/lib'), ('HOME', '/home/y1234'), ('CHROME_DESKTOP', 'cursor.desktop'), ('OLDPWD', '/home/y1234/Documents/robot_ws/YSZD_RobotPlattform'), ('DESKTOP_SESSION', 'ubuntu'), ('VSCODE_IPC_HOOK', '/run/user/1000/vscode-9bde45c7-2.1.-main.sock'), ('JETSON_L4T', '36.4.7'), ('GIO_LAUNCHED_DESKTOP_FILE', '/usr/share/applications/cursor.desktop'), ('ROS_PYTHON_VERSION', '3'), ('GNOME_SHELL_SESSION_MODE', 'ubuntu'), ('GTK_MODULES', 'gail:atk-bridge'), ('JETSON_MODEL', 'NVIDIA Jetson Orin Nano Engineering Reference Developer Kit Super'), ('MANAGERPID', '2508'), ('DBUS_STARTER_BUS_TYPE', 'session'), ('SYSTEMD_EXEC_PID', '2653'), ('NO_COLOR', '1'), ('DBUS_SESSION_BUS_ADDRESS', 'unix:path=/run/user/1000/bus,guid=949a50e6bbe6e0f8ed7e56de692c20a1'), ('GIO_LAUNCHED_DESKTOP_FILE_PID', '6220'), ('VSCODE_CRASH_REPORTER_PROCESS_TYPE', 'extensionHost'), ('IM_CONFIG_PHASE', '1'), ('COLCON_PREFIX_PATH', '/home/y1234/Documents/robot_ws/YSZD_RobotPlattform/install'), ('ROS_DISTRO', 'humble'), ('GTK_IM_MODULE', 'ibus'), ('LOGNAME', 'y1234'), ('FORCE_COLOR', '0'), ('JETSON_MODULE', 'NVIDIA Jetson Orin Nano (Developer kit)'), ('JETSON_SERIAL_NUMBER', '1423325070422'), ('JOURNAL_STREAM', '8:47217'), ('_', '/usr/bin/colcon'), ('ROS_VERSION', '2'), ('XDG_SESSION_CLASS', 'user'), ('USERNAME', 'y1234'), ('TERM', 'dumb'), ('GNOME_DESKTOP_SESSION_ID', 'this-is-deprecated'), ('ROS_LOCALHOST_ONLY', '0'), ('COMPOSER_NO_INTERACTION', '1'), ('WINDOWPATH', '2'), ('PATH', '/home/y1234/.local/bin:/home/y1234/.local/bin:/opt/ros/humble/bin:/home/y1234/.local/bin:/usr/local/sbin:/usr/local/bin:/usr/sbin:/usr/bin:/sbin:/bin:/usr/games:/usr/local/games:/snap/bin:/snap/bin'), ('SESSION_MANAGER', 'local/y1234-desktop:@/tmp/.ICE-unix/2653,unix/y1234-desktop:/tmp/.ICE-unix/2653'), ('INVOCATION_ID', '4b949f2179274e0fb2b3f5b4fddf8230'), ('XDG_MENU_PREFIX', 'gnome-'), ('VSCODE_PROCESS_TITLE', 'extension-host  [1-1]'), ('XDG_RUNTIME_DIR', '/run/user/1000'), ('GDK_BACKEND', 'x11'), ('CURSOR_AGENT', '1'), ('DISPLAY', ':1'), ('LANG', 'en_US.UTF-8'), ('XDG_CURRENT_DESKTOP', 'Unity'), ('XMODIFIERS', '@im=ibus'), ('XDG_SESSION_DESKTOP', 'ubuntu'), ('XAUTHORITY', '/run/user/1000/gdm/Xauthority'), ('LS_COLORS', ''), ('JETSON_SOC', 'tegra234'), ('CURSOR_TRACE_ID', 'd4368823bcf34ebbb4f964e442f27956'), ('SSH_AGENT_LAUNCHER', 'gnome-keyring'), ('SSH_AUTH_SOCK', '/run/user/1000/keyring/ssh'), ('AMENT_PREFIX_PATH', '/home/y1234/Documents/robot_ws/YSZD_RobotPlattform/install/mecanum_robot:/opt/ros/humble'), ('ORIGINAL_XDG_CURRENT_DESKTOP', 'ubuntu:GNOME'), ('SHELL', '/bin/bash'), ('QT_ACCESSIBILITY', '1'), ('GDMSESSION', 'ubuntu'), ('LESSCLOSE', '/usr/bin/lesspipe %s %s'), ('GPG_AGENT_INFO', '/run/user/1000/gnupg/S.gpg-agent:0:1'), ('QT_IM_MODULE', 'ibus'), ('JETSON_CUDA_ARCH_BIN', '8.7'), ('PWD', '/home/y1234/Documents/robot_ws/YSZD_RobotPlattform/build/mecanum_robot'), ('LC_ALL', 'en_US.UTF-8'), ('XDG_CONFIG_DIRS', '/etc/xdg/xdg-ubuntu:/etc/xdg'), ('VSCODE_CODE_CACHE_PATH', '/home/y1234/.config/Cursor/CachedData/7584ea888f7eb7bf76c9873a8f71b28f034a9820'), ('DBUS_STARTER_ADDRESS', 'unix:path=/run/user/1000/bus,guid=949a50e6bbe6e0f8ed7e56de692c20a1'), ('XDG_DATA_DIRS', '/usr/share/ubuntu:/usr/share/gnome:/usr/local/share/:/usr/share/:/var/lib/snapd/desktop'), ('PYTHONPATH', '/home/y1234/Documents/robot_ws/YSZD_RobotPlattform/install/mecanum_robot/local/lib/python3.10/dist-packages:/home/y1234/.local/lib/python3.10/site-packages:/home/y1234/.local/lib/python3.10/site-packages:/opt/ros/humble/lib/python3.10/site-packages:/opt/ros/humble/local/lib/python3.10/dist-packages'), ('COLCON', '1'), ('_ZO_DOCTOR', '0'), ('JETSON_JETPACK', ''), ('CMAKE_PREFIX_PATH', '/home/y1234/Documents/robot_ws/YSZD_RobotPlattform/install/mecanum_robot:/opt/ros/humble'), ('VSCODE_PID', '6220'), ('JETSON_P_NUMBER', 'p3767-0005')]), 'shell': False}
[0.099171] (-) TimerEvent: {}
[0.154517] (mecanum_robot) StdoutLine: {'line': b'-- The C compiler identification is GNU 11.4.0\n'}
[0.200271] (-) TimerEvent: {}
[0.276642] (mecanum_robot) StdoutLine: {'line': b'-- The CXX compiler identification is GNU 11.4.0\n'}
[0.293972] (mecanum_robot) StdoutLine: {'line': b'-- Detecting C compiler ABI info\n'}
[0.300499] (-) TimerEvent: {}
[0.400940] (-) TimerEvent: {}
[0.438003] (mecanum_robot) StdoutLine: {'line': b'-- Detecting C compiler ABI info - done\n'}
[0.450556] (mecanum_robot) StdoutLine: {'line': b'-- Check for working C compiler: /usr/bin/cc - skipped\n'}
[0.455413] (mecanum_robot) StdoutLine: {'line': b'-- Detecting C compile features\n'}
[0.455981] (mecanum_robot) StdoutLine: {'line': b'-- Detecting C compile features - done\n'}
[0.467532] (mecanum_robot) StdoutLine: {'line': b'-- Detecting CXX compiler ABI info\n'}
[0.501248] (-) TimerEvent: {}
[0.602180] (-) TimerEvent: {}
[0.662439] (mecanum_robot) StdoutLine: {'line': b'-- Detecting CXX compiler ABI info - done\n'}
[0.686113] (mecanum_robot) StdoutLine: {'line': b'-- Check for working CXX compiler: /usr/bin/c++ - skipped\n'}
[0.688014] (mecanum_robot) StdoutLine: {'line': b'-- Detecting CXX compile features\n'}
[0.688290] (mecanum_robot) StdoutLine: {'line': b'-- Detecting CXX compile features - done\n'}
[0.691589] (mecanum_robot) StdoutLine: {'line': b'-- Found ament_cmake: 1.3.12 (/opt/ros/humble/share/ament_cmake/cmake)\n'}
[0.702366] (-) TimerEvent: {}
[0.802797] (-) TimerEvent: {}
[0.903168] (-) TimerEvent: {}
[1.003532] (-) TimerEvent: {}
[1.103925] (-) TimerEvent: {}
[1.204372] (-) TimerEvent: {}
[1.304773] (-) TimerEvent: {}
[1.405130] (-) TimerEvent: {}
[1.505578] (-) TimerEvent: {}
[1.565387] (mecanum_robot) StdoutLine: {'line': b'-- Found Python3: /usr/bin/python3 (found version "3.10.12") found components: Interpreter \n'}
[1.605706] (-) TimerEvent: {}
[1.706130] (-) TimerEvent: {}
[1.765906] (mecanum_robot) StdoutLine: {'line': b'-- Found rclpy: 3.3.17 (/opt/ros/humble/share/rclpy/cmake)\n'}
[1.767776] (mecanum_robot) StdoutLine: {'line': b'-- Found rclcpp: 16.0.15 (/opt/ros/humble/share/rclcpp/cmake)\n'}
[1.806377] (-) TimerEvent: {}
[1.846512] (mecanum_robot) StdoutLine: {'line': b'-- Found rosidl_generator_c: 3.1.7 (/opt/ros/humble/share/rosidl_generator_c/cmake)\n'}
[1.856722] (mecanum_robot) StdoutLine: {'line': b'-- Found rosidl_adapter: 3.1.7 (/opt/ros/humble/share/rosidl_adapter/cmake)\n'}
[1.881130] (mecanum_robot) StdoutLine: {'line': b'-- Found rosidl_generator_cpp: 3.1.7 (/opt/ros/humble/share/rosidl_generator_cpp/cmake)\n'}
[1.902318] (mecanum_robot) StdoutLine: {'line': b'-- Using all available rosidl_typesupport_c: rosidl_typesupport_fastrtps_c;rosidl_typesupport_introspection_c\n'}
[1.906505] (-) TimerEvent: {}
[1.935010] (mecanum_robot) StdoutLine: {'line': b'-- Using all available rosidl_typesupport_cpp: rosidl_typesupport_fastrtps_cpp;rosidl_typesupport_introspection_cpp\n'}
[2.006702] (-) TimerEvent: {}
[2.025047] (mecanum_robot) StdoutLine: {'line': b'-- Found rmw_implementation_cmake: 6.1.2 (/opt/ros/humble/share/rmw_implementation_cmake/cmake)\n'}
[2.029876] (mecanum_robot) StdoutLine: {'line': b'-- Found rmw_fastrtps_cpp: 6.2.9 (/opt/ros/humble/share/rmw_fastrtps_cpp/cmake)\n'}
[2.106967] (-) TimerEvent: {}
[2.209169] (-) TimerEvent: {}
[2.219489] (mecanum_robot) StdoutLine: {'line': b'-- Found OpenSSL: /usr/lib/aarch64-linux-gnu/libcrypto.so (found version "3.0.2")  \n'}
[2.288011] (mecanum_robot) StdoutLine: {'line': b'-- Found FastRTPS: /opt/ros/humble/include  \n'}
[2.309315] (-) TimerEvent: {}
[2.370765] (mecanum_robot) StdoutLine: {'line': b"-- Using RMW implementation 'rmw_fastrtps_cpp' as default\n"}
[2.395181] (mecanum_robot) StdoutLine: {'line': b'-- Looking for pthread.h\n'}
[2.409734] (-) TimerEvent: {}
[2.510137] (-) TimerEvent: {}
[2.556396] (mecanum_robot) StdoutLine: {'line': b'-- Looking for pthread.h - found\n'}
[2.562191] (mecanum_robot) StdoutLine: {'line': b'-- Performing Test CMAKE_HAVE_LIBC_PTHREAD\n'}
[2.610305] (-) TimerEvent: {}
[2.710790] (-) TimerEvent: {}
[2.727669] (mecanum_robot) StdoutLine: {'line': b'-- Performing Test CMAKE_HAVE_LIBC_PTHREAD - Success\n'}
[2.729445] (mecanum_robot) StdoutLine: {'line': b'-- Found Threads: TRUE  \n'}
[2.810952] (-) TimerEvent: {}
[2.833250] (mecanum_robot) StdoutLine: {'line': b'-- Found geometry_msgs: 4.9.0 (/opt/ros/humble/share/geometry_msgs/cmake)\n'}
[2.867716] (mecanum_robot) StdoutLine: {'line': b'-- Found sensor_msgs: 4.9.0 (/opt/ros/humble/share/sensor_msgs/cmake)\n'}
[2.900273] (mecanum_robot) StdoutLine: {'line': b'-- Found nav_msgs: 4.9.0 (/opt/ros/humble/share/nav_msgs/cmake)\n'}
[2.911125] (-) TimerEvent: {}
[2.930955] (mecanum_robot) StdoutLine: {'line': b'-- Found tf2_ros: 0.25.17 (/opt/ros/humble/share/tf2_ros/cmake)\n'}
[3.011304] (-) TimerEvent: {}
[3.106903] (mecanum_robot) StdoutLine: {'line': b'-- Found tf2_geometry_msgs: 0.25.17 (/opt/ros/humble/share/tf2_geometry_msgs/cmake)\n'}
[3.111432] (-) TimerEvent: {}
[3.134605] (mecanum_robot) StdoutLine: {'line': b'-- Found eigen3_cmake_module: 0.1.1 (/opt/ros/humble/share/eigen3_cmake_module/cmake)\n'}
[3.136802] (mecanum_robot) StdoutLine: {'line': b'-- Found Eigen3: TRUE (found version "3.4.0") \n'}
[3.137080] (mecanum_robot) StdoutLine: {'line': b'-- Ensuring Eigen3 include directory is part of orocos-kdl CMake target\n'}
[3.142971] (mecanum_robot) StdoutLine: {'line': b'-- Found cv_bridge: 3.2.1 (/opt/ros/humble/share/cv_bridge/cmake)\n'}
[3.161900] (mecanum_robot) StdoutLine: {'line': b'-- Found image_transport: 3.1.12 (/opt/ros/humble/share/image_transport/cmake)\n'}
[3.204199] (mecanum_robot) StdoutLine: {'line': b'-- Found OpenCV: /usr (found version "4.5.4") \n'}
[3.211657] (-) TimerEvent: {}
[3.312119] (-) TimerEvent: {}
[3.412529] (-) TimerEvent: {}
[3.427404] (mecanum_robot) StdoutLine: {'line': b'-- Found ament_lint_auto: 0.12.14 (/opt/ros/humble/share/ament_lint_auto/cmake)\n'}
[3.512657] (-) TimerEvent: {}
[3.613093] (-) TimerEvent: {}
[3.622684] (mecanum_robot) StdoutLine: {'line': b"-- Added test 'copyright' to check source files copyright and LICENSE\n"}
[3.713463] (-) TimerEvent: {}
[3.742489] (mecanum_robot) StdoutLine: {'line': b"-- Added test 'cppcheck' to perform static code analysis on C / C++ code\n"}
[3.742995] (mecanum_robot) StdoutLine: {'line': b'-- Configured cppcheck include dirs: \n'}
[3.743143] (mecanum_robot) StdoutLine: {'line': b'-- Configured cppcheck exclude dirs and/or files: \n'}
[3.813619] (-) TimerEvent: {}
[3.834053] (mecanum_robot) StdoutLine: {'line': b"-- Added test 'cpplint' to check C / C++ code against the Google style\n"}
[3.834510] (mecanum_robot) StdoutLine: {'line': b'-- Configured cpplint exclude dirs and/or files: \n'}
[3.846580] (mecanum_robot) StdoutLine: {'line': b"-- Added test 'flake8' to check Python code syntax and style conventions\n"}
[3.871678] (mecanum_robot) StdoutLine: {'line': b"-- Added test 'lint_cmake' to check CMake code style\n"}
[3.884780] (mecanum_robot) StdoutLine: {'line': b"-- Added test 'pep257' to check Python code against some of the docstring style conventions in PEP 257\n"}
[3.914010] (-) TimerEvent: {}
[3.975222] (mecanum_robot) StdoutLine: {'line': b"-- Added test 'uncrustify' to check C / C++ code style\n"}
[3.975666] (mecanum_robot) StdoutLine: {'line': b'-- Configured uncrustify additional arguments: \n'}
[3.987707] (mecanum_robot) StdoutLine: {'line': b"-- Added test 'xmllint' to check XML markup files\n"}
[3.996025] (mecanum_robot) StdoutLine: {'line': b'-- Configuring done\n'}
[4.014190] (-) TimerEvent: {}
[4.026424] (mecanum_robot) StdoutLine: {'line': b'-- Generating done\n'}
[4.039140] (mecanum_robot) StdoutLine: {'line': b'-- Build files have been written to: /home/y1234/Documents/robot_ws/YSZD_RobotPlattform/build/mecanum_robot\n'}
[4.074151] (mecanum_robot) CommandEnded: {'returncode': 0}
[4.081675] (mecanum_robot) JobProgress: {'identifier': 'mecanum_robot', 'progress': 'build'}
[4.081892] (mecanum_robot) Command: {'cmd': ['/usr/bin/cmake', '--build', '/home/y1234/Documents/robot_ws/YSZD_RobotPlattform/build/mecanum_robot', '--', '-j6', '-l6'], 'cwd': '/home/y1234/Documents/robot_ws/YSZD_RobotPlattform/build/mecanum_robot', 'env': OrderedDict([('LESSOPEN', '| /usr/bin/lesspipe %s'), ('VSCODE_CWD', '/home/y1234'), ('VSCODE_ESM_ENTRYPOINT', 'vs/workbench/api/node/extensionHostProcess'), ('USER', 'y1234'), ('VSCODE_NLS_CONFIG', '{"userLocale":"en-us","osLocale":"en-us","resolvedLanguage":"en","defaultMessagesFile":"/usr/share/cursor/resources/app/out/nls.messages.json","locale":"en-us","availableLanguages":{}}'), ('VSCODE_HANDLES_UNCAUGHT_ERRORS', 'true'), ('XDG_SESSION_TYPE', 'x11'), ('SHLVL', '0'), ('LD_LIBRARY_PATH', '/opt/ros/humble/opt/rviz_ogre_vendor/lib:/opt/ros/humble/lib/aarch64-linux-gnu:/opt/ros/humble/lib'), ('HOME', '/home/y1234'), ('CHROME_DESKTOP', 'cursor.desktop'), ('OLDPWD', '/home/y1234/Documents/robot_ws/YSZD_RobotPlattform'), ('DESKTOP_SESSION', 'ubuntu'), ('VSCODE_IPC_HOOK', '/run/user/1000/vscode-9bde45c7-2.1.-main.sock'), ('JETSON_L4T', '36.4.7'), ('GIO_LAUNCHED_DESKTOP_FILE', '/usr/share/applications/cursor.desktop'), ('ROS_PYTHON_VERSION', '3'), ('GNOME_SHELL_SESSION_MODE', 'ubuntu'), ('GTK_MODULES', 'gail:atk-bridge'), ('JETSON_MODEL', 'NVIDIA Jetson Orin Nano Engineering Reference Developer Kit Super'), ('MANAGERPID', '2508'), ('DBUS_STARTER_BUS_TYPE', 'session'), ('SYSTEMD_EXEC_PID', '2653'), ('NO_COLOR', '1'), ('DBUS_SESSION_BUS_ADDRESS', 'unix:path=/run/user/1000/bus,guid=949a50e6bbe6e0f8ed7e56de692c20a1'), ('GIO_LAUNCHED_DESKTOP_FILE_PID', '6220'), ('VSCODE_CRASH_REPORTER_PROCESS_TYPE', 'extensionHost'), ('IM_CONFIG_PHASE', '1'), ('COLCON_PREFIX_PATH', '/home/y1234/Documents/robot_ws/YSZD_RobotPlattform/install'), ('ROS_DISTRO', 'humble'), ('GTK_IM_MODULE', 'ibus'), ('LOGNAME', 'y1234'), ('FORCE_COLOR', '0'), ('JETSON_MODULE', 'NVIDIA Jetson Orin Nano (Developer kit)'), ('JETSON_SERIAL_NUMBER', '1423325070422'), ('JOURNAL_STREAM', '8:47217'), ('_', '/usr/bin/colcon'), ('ROS_VERSION', '2'), ('XDG_SESSION_CLASS', 'user'), ('USERNAME', 'y1234'), ('TERM', 'dumb'), ('GNOME_DESKTOP_SESSION_ID', 'this-is-deprecated'), ('ROS_LOCALHOST_ONLY', '0'), ('COMPOSER_NO_INTERACTION', '1'), ('WINDOWPATH', '2'), ('PATH', '/home/y1234/.local/bin:/home/y1234/.local/bin:/opt/ros/humble/bin:/home/y1234/.local/bin:/usr/local/sbin:/usr/local/bin:/usr/sbin:/usr/bin:/sbin:/bin:/usr/games:/usr/local/games:/snap/bin:/snap/bin'), ('SESSION_MANAGER', 'local/y1234-desktop:@/tmp/.ICE-unix/2653,unix/y1234-desktop:/tmp/.ICE-unix/2653'), ('INVOCATION_ID', '4b949f2179274e0fb2b3f5b4fddf8230'), ('XDG_MENU_PREFIX', 'gnome-'), ('VSCODE_PROCESS_TITLE', 'extension-host  [1-1]'), ('XDG_RUNTIME_DIR', '/run/user/1000'), ('GDK_BACKEND', 'x11'), ('CURSOR_AGENT', '1'), ('DISPLAY', ':1'), ('LANG', 'en_US.UTF-8'), ('XDG_CURRENT_DESKTOP', 'Unity'), ('XMODIFIERS', '@im=ibus'), ('XDG_SESSION_DESKTOP', 'ubuntu'), ('XAUTHORITY', '/run/user/1000/gdm/Xauthority'), ('LS_COLORS', ''), ('JETSON_SOC', 'tegra234'), ('CURSOR_TRACE_ID', 'd4368823bcf34ebbb4f964e442f27956'), ('SSH_AGENT_LAUNCHER', 'gnome-keyring'), ('SSH_AUTH_SOCK', '/run/user/1000/keyring/ssh'), ('AMENT_PREFIX_PATH', '/home/y1234/Documents/robot_ws/YSZD_RobotPlattform/install/mecanum_robot:/opt/ros/humble'), ('ORIGINAL_XDG_CURRENT_DESKTOP', 'ubuntu:GNOME'), ('SHELL', '/bin/bash'), ('QT_ACCESSIBILITY', '1'), ('GDMSESSION', 'ubuntu'), ('LESSCLOSE', '/usr/bin/lesspipe %s %s'), ('GPG_AGENT_INFO', '/run/user/1000/gnupg/S.gpg-agent:0:1'), ('QT_IM_MODULE', 'ibus'), ('JETSON_CUDA_ARCH_BIN', '8.7'), ('PWD', '/home/y1234/Documents/robot_ws/YSZD_RobotPlattform/build/mecanum_robot'), ('LC_ALL', 'en_US.UTF-8'), ('XDG_CONFIG_DIRS', '/etc/xdg/xdg-ubuntu:/etc/xdg'), ('VSCODE_CODE_CACHE_PATH', '/home/y1234/.config/Cursor/CachedData/7584ea888f7eb7bf76c9873a8f71b28f034a9820'), ('DBUS_STARTER_ADDRESS', 'unix:path=/run/user/1000/bus,guid=949a50e6bbe6e0f8ed7e56de692c20a1'), ('XDG_DATA_DIRS', '/usr/share/ubuntu:/usr/share/gnome:/usr/local/share/:/usr/share/:/var/lib/snapd/desktop'), ('PYTHONPATH', '/home/y1234/Documents/robot_ws/YSZD_RobotPlattform/install/mecanum_robot/local/lib/python3.10/dist-packages:/home/y1234/.local/lib/python3.10/site-packages:/home/y1234/.local/lib/python3.10/site-packages:/opt/ros/humble/lib/python3.10/site-packages:/opt/ros/humble/local/lib/python3.10/dist-packages'), ('COLCON', '1'), ('_ZO_DOCTOR', '0'), ('JETSON_JETPACK', ''), ('CMAKE_PREFIX_PATH', '/home/y1234/Documents/robot_ws/YSZD_RobotPlattform/install/mecanum_robot:/opt/ros/humble'), ('VSCODE_PID', '6220'), ('JETSON_P_NUMBER', 'p3767-0005')]), 'shell': False}
[4.114394] (-) TimerEvent: {}
[4.205495] (mecanum_robot) StdoutLine: {'line': b'[  0%] Built target ament_cmake_python_copy_mecanum_robot\n'}
[4.214488] (-) TimerEvent: {}
[4.248780] (mecanum_robot) StdoutLine: {'line': b'[ 50%] Building CXX object CMakeFiles/realsense_dual_camera_node.dir/src/realsense_dual_camera_node.cpp.o\n'}
[4.315526] (-) TimerEvent: {}
[4.416042] (-) TimerEvent: {}
[4.516552] (-) TimerEvent: {}
[4.616969] (-) TimerEvent: {}
[4.717674] (-) TimerEvent: {}
[4.818104] (-) TimerEvent: {}
[4.918582] (-) TimerEvent: {}
[5.019015] (-) TimerEvent: {}
[5.119440] (-) TimerEvent: {}
[5.219861] (-) TimerEvent: {}
[5.320340] (-) TimerEvent: {}
[5.420762] (-) TimerEvent: {}
[5.521196] (-) TimerEvent: {}
[5.621652] (-) TimerEvent: {}
[5.722066] (-) TimerEvent: {}
[5.822448] (-) TimerEvent: {}
[5.922847] (-) TimerEvent: {}
[6.023249] (-) TimerEvent: {}
[6.123650] (-) TimerEvent: {}
[6.224021] (-) TimerEvent: {}
[6.324400] (-) TimerEvent: {}
[6.424809] (-) TimerEvent: {}
[6.525209] (-) TimerEvent: {}
[6.625586] (-) TimerEvent: {}
[6.725969] (-) TimerEvent: {}
[6.826375] (-) TimerEvent: {}
[6.926794] (-) TimerEvent: {}
[7.027412] (-) TimerEvent: {}
[7.127826] (-) TimerEvent: {}
[7.228231] (-) TimerEvent: {}
[7.328641] (-) TimerEvent: {}
[7.429067] (-) TimerEvent: {}
[7.529472] (-) TimerEvent: {}
[7.629908] (-) TimerEvent: {}
[7.730471] (-) TimerEvent: {}
[7.830949] (-) TimerEvent: {}
[7.931391] (-) TimerEvent: {}
[8.032334] (-) TimerEvent: {}
[8.132734] (-) TimerEvent: {}
[8.233253] (-) TimerEvent: {}
[8.333823] (-) TimerEvent: {}
[8.434302] (-) TimerEvent: {}
[8.534756] (-) TimerEvent: {}
[8.635151] (-) TimerEvent: {}
[8.735583] (-) TimerEvent: {}
[8.835978] (-) TimerEvent: {}
[8.936408] (-) TimerEvent: {}
[9.036852] (-) TimerEvent: {}
[9.137382] (-) TimerEvent: {}
[9.237771] (-) TimerEvent: {}
[9.338202] (-) TimerEvent: {}
[9.438705] (-) TimerEvent: {}
[9.539178] (-) TimerEvent: {}
[9.640102] (-) TimerEvent: {}
[9.740694] (-) TimerEvent: {}
[9.841097] (-) TimerEvent: {}
[9.941567] (-) TimerEvent: {}
[10.042593] (-) TimerEvent: {}
[10.143184] (-) TimerEvent: {}
[10.243884] (-) TimerEvent: {}
[10.344324] (-) TimerEvent: {}
[10.444860] (-) TimerEvent: {}
[10.546204] (-) TimerEvent: {}
[10.647238] (-) TimerEvent: {}
[10.747767] (-) TimerEvent: {}
[10.848467] (-) TimerEvent: {}
[10.949211] (-) TimerEvent: {}
[11.050418] (-) TimerEvent: {}
[11.151040] (-) TimerEvent: {}
[11.251475] (-) TimerEvent: {}
[11.351904] (-) TimerEvent: {}
[11.452344] (-) TimerEvent: {}
[11.553595] (-) TimerEvent: {}
[11.655494] (-) TimerEvent: {}
[11.755956] (-) TimerEvent: {}
[11.856896] (-) TimerEvent: {}
[11.957542] (-) TimerEvent: {}
[12.058071] (-) TimerEvent: {}
[12.158561] (-) TimerEvent: {}
[12.258982] (-) TimerEvent: {}
[12.359371] (-) TimerEvent: {}
[12.459867] (-) TimerEvent: {}
[12.560320] (-) TimerEvent: {}
[12.660799] (-) TimerEvent: {}
[12.761548] (-) TimerEvent: {}
[12.862234] (-) TimerEvent: {}
[12.962744] (-) TimerEvent: {}
[13.063355] (-) TimerEvent: {}
[13.163752] (-) TimerEvent: {}
[13.264151] (-) TimerEvent: {}
[13.364544] (-) TimerEvent: {}
[13.464939] (-) TimerEvent: {}
[13.565283] (-) TimerEvent: {}
[13.665923] (-) TimerEvent: {}
[13.754823] (mecanum_robot) StderrLine: {'line': b'/home/y1234/Documents/robot_ws/YSZD_RobotPlattform/src/realsense_dual_camera_node.cpp: In constructor \xe2\x80\x98RealSenseDualCameraNode::RealSenseDualCameraNode()\xe2\x80\x99:\n'}
[13.755399] (mecanum_robot) StderrLine: {'line': b'/home/y1234/Documents/robot_ws/YSZD_RobotPlattform/src/realsense_dual_camera_node.cpp:322:32: error: no matching function for call to \xe2\x80\x98RealSenseDualCameraNode::declare_parameter(const char [20])\xe2\x80\x99\n'}
[13.755590] (mecanum_robot) StderrLine: {'line': b'  322 |         this->declare_parameter("front_camera_serial");\n'}
[13.755759] (mecanum_robot) StderrLine: {'line': b'      |         ~~~~~~~~~~~~~~~~~~~~~~~^~~~~~~~~~~~~~~~~~~~~~~\n'}
[13.757277] (mecanum_robot) StderrLine: {'line': b'In file included from /opt/ros/humble/include/rclcpp/rclcpp/executors/single_threaded_executor.hpp:28,\n'}
[13.757485] (mecanum_robot) StderrLine: {'line': b'                 from /opt/ros/humble/include/rclcpp/rclcpp/executors.hpp:22,\n'}
[13.757624] (mecanum_robot) StderrLine: {'line': b'                 from /opt/ros/humble/include/rclcpp/rclcpp/rclcpp.hpp:155,\n'}
[13.757745] (mecanum_robot) StderrLine: {'line': b'                 from /home/y1234/Documents/robot_ws/YSZD_RobotPlattform/src/realsense_dual_camera_node.cpp:1:\n'}
[13.757861] (mecanum_robot) StderrLine: {'line': b'/opt/ros/humble/include/rclcpp/rclcpp/node.hpp:421:3: note: candidate: \xe2\x80\x98template<class ParameterT> auto rclcpp::Node::declare_parameter(const string&, const ParameterT&, const ParameterDescriptor&, bool)\xe2\x80\x99\n'}
[13.757979] (mecanum_robot) StderrLine: {'line': b'  421 |   declare_parameter(\n'}
[13.758118] (mecanum_robot) StderrLine: {'line': b'      |   ^~~~~~~~~~~~~~~~~\n'}
[13.758229] (mecanum_robot) StderrLine: {'line': b'/opt/ros/humble/include/rclcpp/rclcpp/node.hpp:421:3: note:   template argument deduction/substitution failed:\n'}
[13.760775] (mecanum_robot) StderrLine: {'line': b'/home/y1234/Documents/robot_ws/YSZD_RobotPlattform/src/realsense_dual_camera_node.cpp:322:32: note:   candidate expects 4 arguments, 1 provided\n'}
[13.761015] (mecanum_robot) StderrLine: {'line': b'  322 |         this->declare_parameter("front_camera_serial");\n'}
[13.761144] (mecanum_robot) StderrLine: {'line': b'      |         ~~~~~~~~~~~~~~~~~~~~~~~^~~~~~~~~~~~~~~~~~~~~~~\n'}
[13.761256] (mecanum_robot) StderrLine: {'line': b'In file included from /opt/ros/humble/include/rclcpp/rclcpp/executors/single_threaded_executor.hpp:28,\n'}
[13.761365] (mecanum_robot) StderrLine: {'line': b'                 from /opt/ros/humble/include/rclcpp/rclcpp/executors.hpp:22,\n'}
[13.761485] (mecanum_robot) StderrLine: {'line': b'                 from /opt/ros/humble/include/rclcpp/rclcpp/rclcpp.hpp:155,\n'}
[13.761589] (mecanum_robot) StderrLine: {'line': b'                 from /home/y1234/Documents/robot_ws/YSZD_RobotPlattform/src/realsense_dual_camera_node.cpp:1:\n'}
[13.761694] (mecanum_robot) StderrLine: {'line': b'/opt/ros/humble/include/rclcpp/rclcpp/node.hpp:434:3: note: candidate: \xe2\x80\x98template<class ParameterT> auto rclcpp::Node::declare_parameter(const string&, const ParameterDescriptor&, bool)\xe2\x80\x99\n'}
[13.761804] (mecanum_robot) StderrLine: {'line': b'  434 |   declare_parameter(\n'}
[13.761908] (mecanum_robot) StderrLine: {'line': b'      |   ^~~~~~~~~~~~~~~~~\n'}
[13.762008] (mecanum_robot) StderrLine: {'line': b'/opt/ros/humble/include/rclcpp/rclcpp/node.hpp:434:3: note:   template argument deduction/substitution failed:\n'}
[13.762681] (mecanum_robot) StderrLine: {'line': b'/home/y1234/Documents/robot_ws/YSZD_RobotPlattform/src/realsense_dual_camera_node.cpp:322:32: note:   couldn\xe2\x80\x99t deduce template parameter \xe2\x80\x98ParameterT\xe2\x80\x99\n'}
[13.762842] (mecanum_robot) StderrLine: {'line': b'  322 |         this->declare_parameter("front_camera_serial");\n'}
[13.762962] (mecanum_robot) StderrLine: {'line': b'      |         ~~~~~~~~~~~~~~~~~~~~~~~^~~~~~~~~~~~~~~~~~~~~~~\n'}
[13.763071] (mecanum_robot) StderrLine: {'line': b'In file included from /opt/ros/humble/include/rclcpp/rclcpp/executors/single_threaded_executor.hpp:28,\n'}
[13.763177] (mecanum_robot) StderrLine: {'line': b'                 from /opt/ros/humble/include/rclcpp/rclcpp/executors.hpp:22,\n'}
[13.763284] (mecanum_robot) StderrLine: {'line': b'                 from /opt/ros/humble/include/rclcpp/rclcpp/rclcpp.hpp:155,\n'}
[13.763407] (mecanum_robot) StderrLine: {'line': b'                 from /home/y1234/Documents/robot_ws/YSZD_RobotPlattform/src/realsense_dual_camera_node.cpp:1:\n'}
[13.763515] (mecanum_robot) StderrLine: {'line': b'/opt/ros/humble/include/rclcpp/rclcpp/node.hpp:366:3: note: candidate: \xe2\x80\x98const rclcpp::ParameterValue& rclcpp::Node::declare_parameter(const string&, const rclcpp::ParameterValue&, const ParameterDescriptor&, bool)\xe2\x80\x99\n'}
[13.763626] (mecanum_robot) StderrLine: {'line': b'  366 |   declare_parameter(\n'}
[13.763731] (mecanum_robot) StderrLine: {'line': b'      |   ^~~~~~~~~~~~~~~~~\n'}
[13.763836] (mecanum_robot) StderrLine: {'line': b'/opt/ros/humble/include/rclcpp/rclcpp/node.hpp:366:3: note:   candidate expects 4 arguments, 1 provided\n'}
[13.763940] (mecanum_robot) StderrLine: {'line': b'/opt/ros/humble/include/rclcpp/rclcpp/node.hpp:391:3: note: candidate: \xe2\x80\x98const rclcpp::ParameterValue& rclcpp::Node::declare_parameter(const string&, rclcpp::ParameterType, const ParameterDescriptor&, bool)\xe2\x80\x99\n'}
[13.764044] (mecanum_robot) StderrLine: {'line': b'  391 |   declare_parameter(\n'}
[13.764145] (mecanum_robot) StderrLine: {'line': b'      |   ^~~~~~~~~~~~~~~~~\n'}
[13.764246] (mecanum_robot) StderrLine: {'line': b'/opt/ros/humble/include/rclcpp/rclcpp/node.hpp:391:3: note:   candidate expects 4 arguments, 1 provided\n'}
[13.764351] (mecanum_robot) StderrLine: {'line': b'/home/y1234/Documents/robot_ws/YSZD_RobotPlattform/src/realsense_dual_camera_node.cpp:323:32: error: no matching function for call to \xe2\x80\x98RealSenseDualCameraNode::declare_parameter(const char [19])\xe2\x80\x99\n'}
[13.764455] (mecanum_robot) StderrLine: {'line': b'  323 |         this->declare_parameter("back_camera_serial");\n'}
[13.764557] (mecanum_robot) StderrLine: {'line': b'      |         ~~~~~~~~~~~~~~~~~~~~~~~^~~~~~~~~~~~~~~~~~~~~~\n'}
[13.764660] (mecanum_robot) StderrLine: {'line': b'In file included from /opt/ros/humble/include/rclcpp/rclcpp/executors/single_threaded_executor.hpp:28,\n'}
[13.764762] (mecanum_robot) StderrLine: {'line': b'                 from /opt/ros/humble/include/rclcpp/rclcpp/executors.hpp:22,\n'}
[13.764888] (mecanum_robot) StderrLine: {'line': b'                 from /opt/ros/humble/include/rclcpp/rclcpp/rclcpp.hpp:155,\n'}
[13.764992] (mecanum_robot) StderrLine: {'line': b'                 from /home/y1234/Documents/robot_ws/YSZD_RobotPlattform/src/realsense_dual_camera_node.cpp:1:\n'}
[13.765094] (mecanum_robot) StderrLine: {'line': b'/opt/ros/humble/include/rclcpp/rclcpp/node.hpp:421:3: note: candidate: \xe2\x80\x98template<class ParameterT> auto rclcpp::Node::declare_parameter(const string&, const ParameterT&, const ParameterDescriptor&, bool)\xe2\x80\x99\n'}
[13.765222] (mecanum_robot) StderrLine: {'line': b'  421 |   declare_parameter(\n'}
[13.765326] (mecanum_robot) StderrLine: {'line': b'      |   ^~~~~~~~~~~~~~~~~\n'}
[13.765430] (mecanum_robot) StderrLine: {'line': b'/opt/ros/humble/include/rclcpp/rclcpp/node.hpp:421:3: note:   template argument deduction/substitution failed:\n'}
[13.765535] (mecanum_robot) StderrLine: {'line': b'/home/y1234/Documents/robot_ws/YSZD_RobotPlattform/src/realsense_dual_camera_node.cpp:323:32: note:   candidate expects 4 arguments, 1 provided\n'}
[13.765641] (mecanum_robot) StderrLine: {'line': b'  323 |         this->declare_parameter("back_camera_serial");\n'}
[13.765761] (mecanum_robot) StderrLine: {'line': b'      |         ~~~~~~~~~~~~~~~~~~~~~~~^~~~~~~~~~~~~~~~~~~~~~\n'}
[13.765863] (mecanum_robot) StderrLine: {'line': b'In file included from /opt/ros/humble/include/rclcpp/rclcpp/executors/single_threaded_executor.hpp:28,\n'}
[13.765964] (-) TimerEvent: {}
[13.765998] (mecanum_robot) StderrLine: {'line': b'                 from /opt/ros/humble/include/rclcpp/rclcpp/executors.hpp:22,\n'}
[13.766135] (mecanum_robot) StderrLine: {'line': b'                 from /opt/ros/humble/include/rclcpp/rclcpp/rclcpp.hpp:155,\n'}
[13.766241] (mecanum_robot) StderrLine: {'line': b'                 from /home/y1234/Documents/robot_ws/YSZD_RobotPlattform/src/realsense_dual_camera_node.cpp:1:\n'}
[13.766344] (mecanum_robot) StderrLine: {'line': b'/opt/ros/humble/include/rclcpp/rclcpp/node.hpp:434:3: note: candidate: \xe2\x80\x98template<class ParameterT> auto rclcpp::Node::declare_parameter(const string&, const ParameterDescriptor&, bool)\xe2\x80\x99\n'}
[13.766449] (mecanum_robot) StderrLine: {'line': b'  434 |   declare_parameter(\n'}
[13.766551] (mecanum_robot) StderrLine: {'line': b'      |   ^~~~~~~~~~~~~~~~~\n'}
[13.766651] (mecanum_robot) StderrLine: {'line': b'/opt/ros/humble/include/rclcpp/rclcpp/node.hpp:434:3: note:   template argument deduction/substitution failed:\n'}
[13.766752] (mecanum_robot) StderrLine: {'line': b'/home/y1234/Documents/robot_ws/YSZD_RobotPlattform/src/realsense_dual_camera_node.cpp:323:32: note:   couldn\xe2\x80\x99t deduce template parameter \xe2\x80\x98ParameterT\xe2\x80\x99\n'}
[13.766856] (mecanum_robot) StderrLine: {'line': b'  323 |         this->declare_parameter("back_camera_serial");\n'}
[13.766956] (mecanum_robot) StderrLine: {'line': b'      |         ~~~~~~~~~~~~~~~~~~~~~~~^~~~~~~~~~~~~~~~~~~~~~\n'}
[13.767056] (mecanum_robot) StderrLine: {'line': b'In file included from /opt/ros/humble/include/rclcpp/rclcpp/executors/single_threaded_executor.hpp:28,\n'}
[13.767157] (mecanum_robot) StderrLine: {'line': b'                 from /opt/ros/humble/include/rclcpp/rclcpp/executors.hpp:22,\n'}
[13.767263] (mecanum_robot) StderrLine: {'line': b'                 from /opt/ros/humble/include/rclcpp/rclcpp/rclcpp.hpp:155,\n'}
[13.767365] (mecanum_robot) StderrLine: {'line': b'                 from /home/y1234/Documents/robot_ws/YSZD_RobotPlattform/src/realsense_dual_camera_node.cpp:1:\n'}
[13.767466] (mecanum_robot) StderrLine: {'line': b'/opt/ros/humble/include/rclcpp/rclcpp/node.hpp:366:3: note: candidate: \xe2\x80\x98const rclcpp::ParameterValue& rclcpp::Node::declare_parameter(const string&, const rclcpp::ParameterValue&, const ParameterDescriptor&, bool)\xe2\x80\x99\n'}
[13.767591] (mecanum_robot) StderrLine: {'line': b'  366 |   declare_parameter(\n'}
[13.767694] (mecanum_robot) StderrLine: {'line': b'      |   ^~~~~~~~~~~~~~~~~\n'}
[13.767793] (mecanum_robot) StderrLine: {'line': b'/opt/ros/humble/include/rclcpp/rclcpp/node.hpp:366:3: note:   candidate expects 4 arguments, 1 provided\n'}
[13.767897] (mecanum_robot) StderrLine: {'line': b'/opt/ros/humble/include/rclcpp/rclcpp/node.hpp:391:3: note: candidate: \xe2\x80\x98const rclcpp::ParameterValue& rclcpp::Node::declare_parameter(const string&, rclcpp::ParameterType, const ParameterDescriptor&, bool)\xe2\x80\x99\n'}
[13.768003] (mecanum_robot) StderrLine: {'line': b'  391 |   declare_parameter(\n'}
[13.768105] (mecanum_robot) StderrLine: {'line': b'      |   ^~~~~~~~~~~~~~~~~\n'}
[13.768207] (mecanum_robot) StderrLine: {'line': b'/opt/ros/humble/include/rclcpp/rclcpp/node.hpp:391:3: note:   candidate expects 4 arguments, 1 provided\n'}
[13.866594] (-) TimerEvent: {}
[13.966986] (-) TimerEvent: {}
[14.067390] (-) TimerEvent: {}
[14.167776] (-) TimerEvent: {}
[14.268202] (-) TimerEvent: {}
[14.368583] (-) TimerEvent: {}
[14.468984] (-) TimerEvent: {}
[14.569524] (-) TimerEvent: {}
[14.669952] (-) TimerEvent: {}
[14.770386] (-) TimerEvent: {}
[14.870816] (-) TimerEvent: {}
[14.971285] (-) TimerEvent: {}
[15.071718] (-) TimerEvent: {}
[15.172137] (-) TimerEvent: {}
[15.272565] (-) TimerEvent: {}
[15.372978] (-) TimerEvent: {}
[15.474810] (-) TimerEvent: {}
[15.575268] (-) TimerEvent: {}
[15.675746] (-) TimerEvent: {}
[15.776175] (-) TimerEvent: {}
[15.876620] (-) TimerEvent: {}
[15.977034] (-) TimerEvent: {}
[16.077483] (-) TimerEvent: {}
[16.177950] (-) TimerEvent: {}
[16.278399] (-) TimerEvent: {}
[16.378823] (-) TimerEvent: {}
[16.479245] (-) TimerEvent: {}
[16.579649] (-) TimerEvent: {}
[16.680625] (-) TimerEvent: {}
[16.781029] (-) TimerEvent: {}
[16.883742] (-) TimerEvent: {}
[16.984169] (-) TimerEvent: {}
[17.084679] (-) TimerEvent: {}
[17.185339] (-) TimerEvent: {}
[17.285825] (-) TimerEvent: {}
[17.386270] (-) TimerEvent: {}
[17.486680] (-) TimerEvent: {}
[17.587067] (-) TimerEvent: {}
[17.687473] (-) TimerEvent: {}
[17.788165] (-) TimerEvent: {}
[17.888603] (-) TimerEvent: {}
[17.942585] (mecanum_robot) StderrLine: {'line': b'gmake[2]: *** [CMakeFiles/realsense_dual_camera_node.dir/build.make:76: CMakeFiles/realsense_dual_camera_node.dir/src/realsense_dual_camera_node.cpp.o] Error 1\n'}
[17.943086] (mecanum_robot) StderrLine: {'line': b'gmake[1]: *** [CMakeFiles/Makefile2:192: CMakeFiles/realsense_dual_camera_node.dir/all] Error 2\n'}
[17.946479] (mecanum_robot) StderrLine: {'line': b'gmake: *** [Makefile:146: all] Error 2\n'}
[17.951598] (mecanum_robot) CommandEnded: {'returncode': 2}
[17.983102] (mecanum_robot) JobEnded: {'identifier': 'mecanum_robot', 'rc': 2}
[17.988724] (-) TimerEvent: {}
[17.994348] (-) EventReactorShutdown: {}
