[0.020s] Invoking command in '/home/y1234/Documents/robot_ws/YSZD_RobotPlattform/build/mecanum_robot': CMAKE_PREFIX_PATH=/opt/ros/humble /usr/bin/cmake /home/y1234/Documents/robot_ws/YSZD_RobotPlattform -DCMAKE_INSTALL_PREFIX=/home/y1234/Documents/robot_ws/YSZD_RobotPlattform/install/mecanum_robot
[0.142s] -- The C compiler identification is GNU 11.4.0
[0.278s] -- The CXX compiler identification is GNU 11.4.0
[0.298s] -- Detecting C compiler ABI info
[0.463s] -- Detecting C compiler ABI info - done
[0.476s] -- Check for working C compiler: /usr/bin/cc - skipped
[0.480s] -- Detecting C compile features
[0.481s] -- Detecting C compile features - done
[0.488s] -- Detecting CXX compiler ABI info
[0.670s] -- Detecting CXX compiler ABI info - done
[0.701s] -- Check for working CXX compiler: /usr/bin/c++ - skipped
[0.703s] -- Detecting CXX compile features
[0.706s] -- Detecting CXX compile features - done
[0.711s] -- Found ament_cmake: 1.3.12 (/opt/ros/humble/share/ament_cmake/cmake)
[1.622s] -- Found Python3: /usr/bin/python3 (found version "3.10.12") found components: Interpreter 
[1.836s] -- Found rclpy: 3.3.17 (/opt/ros/humble/share/rclpy/cmake)
[1.839s] -- Found rclcpp: 16.0.15 (/opt/ros/humble/share/rclcpp/cmake)
[1.920s] -- Found rosidl_generator_c: 3.1.7 (/opt/ros/humble/share/rosidl_generator_c/cmake)
[1.928s] -- Found rosidl_adapter: 3.1.7 (/opt/ros/humble/share/rosidl_adapter/cmake)
[1.949s] -- Found rosidl_generator_cpp: 3.1.7 (/opt/ros/humble/share/rosidl_generator_cpp/cmake)
[1.986s] -- Using all available rosidl_typesupport_c: rosidl_typesupport_fastrtps_c;rosidl_typesupport_introspection_c
[2.018s] -- Using all available rosidl_typesupport_cpp: rosidl_typesupport_fastrtps_cpp;rosidl_typesupport_introspection_cpp
[2.097s] -- Found rmw_implementation_cmake: 6.1.2 (/opt/ros/humble/share/rmw_implementation_cmake/cmake)
[2.102s] -- Found rmw_fastrtps_cpp: 6.2.9 (/opt/ros/humble/share/rmw_fastrtps_cpp/cmake)
[2.279s] -- Found OpenSSL: /usr/lib/aarch64-linux-gnu/libcrypto.so (found version "3.0.2")  
[2.331s] -- Found FastRTPS: /opt/ros/humble/include  
[2.413s] -- Using RMW implementation 'rmw_fastrtps_cpp' as default
[2.431s] -- Looking for pthread.h
[2.586s] -- Looking for pthread.h - found
[2.587s] -- Performing Test CMAKE_HAVE_LIBC_PTHREAD
[2.756s] -- Performing Test CMAKE_HAVE_LIBC_PTHREAD - Success
[2.760s] -- Found Threads: TRUE  
[2.920s] -- Found geometry_msgs: 4.9.0 (/opt/ros/humble/share/geometry_msgs/cmake)
[2.954s] -- Found sensor_msgs: 4.9.0 (/opt/ros/humble/share/sensor_msgs/cmake)
[3.000s] -- Found nav_msgs: 4.9.0 (/opt/ros/humble/share/nav_msgs/cmake)
[3.033s] -- Found tf2_ros: 0.25.17 (/opt/ros/humble/share/tf2_ros/cmake)
[3.228s] -- Found tf2_geometry_msgs: 0.25.17 (/opt/ros/humble/share/tf2_geometry_msgs/cmake)
[3.252s] -- Found eigen3_cmake_module: 0.1.1 (/opt/ros/humble/share/eigen3_cmake_module/cmake)
[3.254s] -- Found Eigen3: TRUE (found version "3.4.0") 
[3.255s] -- Ensuring Eigen3 include directory is part of orocos-kdl CMake target
[3.259s] -- Found cv_bridge: 3.2.1 (/opt/ros/humble/share/cv_bridge/cmake)
[3.281s] -- Found image_transport: 3.1.12 (/opt/ros/humble/share/image_transport/cmake)
[3.321s] -- Found OpenCV: /usr (found version "4.5.4") 
[3.522s] -- Found ament_lint_auto: 0.12.14 (/opt/ros/humble/share/ament_lint_auto/cmake)
[3.722s] -- Added test 'copyright' to check source files copyright and LICENSE
[3.825s] -- Added test 'cppcheck' to perform static code analysis on C / C++ code
[3.826s] -- Configured cppcheck include dirs: 
[3.826s] -- Configured cppcheck exclude dirs and/or files: 
[3.918s] -- Added test 'cpplint' to check C / C++ code against the Google style
[3.919s] -- Configured cpplint exclude dirs and/or files: 
[3.930s] -- Added test 'flake8' to check Python code syntax and style conventions
[3.955s] -- Added test 'lint_cmake' to check CMake code style
[3.969s] -- Added test 'pep257' to check Python code against some of the docstring style conventions in PEP 257
[4.061s] -- Added test 'uncrustify' to check C / C++ code style
[4.061s] -- Configured uncrustify additional arguments: 
[4.073s] -- Added test 'xmllint' to check XML markup files
[4.076s] -- Configuring done
[4.112s] -- Generating done
[4.124s] -- Build files have been written to: /home/y1234/Documents/robot_ws/YSZD_RobotPlattform/build/mecanum_robot
[4.171s] Invoked command in '/home/y1234/Documents/robot_ws/YSZD_RobotPlattform/build/mecanum_robot' returned '0': CMAKE_PREFIX_PATH=/opt/ros/humble /usr/bin/cmake /home/y1234/Documents/robot_ws/YSZD_RobotPlattform -DCMAKE_INSTALL_PREFIX=/home/y1234/Documents/robot_ws/YSZD_RobotPlattform/install/mecanum_robot
[4.172s] Invoking command in '/home/y1234/Documents/robot_ws/YSZD_RobotPlattform/build/mecanum_robot': CMAKE_PREFIX_PATH=/opt/ros/humble /usr/bin/cmake --build /home/y1234/Documents/robot_ws/YSZD_RobotPlattform/build/mecanum_robot -- -j6 -l6
[4.292s] [ 50%] Building CXX object CMakeFiles/realsense_dual_camera_node.dir/src/realsense_dual_camera_node.cpp.o
[4.308s] [ 50%] Built target ament_cmake_python_copy_mecanum_robot
[4.752s] running egg_info
[4.755s] creating mecanum_robot.egg-info
[4.785s] writing mecanum_robot.egg-info/PKG-INFO
[4.787s] writing dependency_links to mecanum_robot.egg-info/dependency_links.txt
[4.790s] writing top-level names to mecanum_robot.egg-info/top_level.txt
[4.791s] writing manifest file 'mecanum_robot.egg-info/SOURCES.txt'
[4.883s] reading manifest file 'mecanum_robot.egg-info/SOURCES.txt'
[4.884s] writing manifest file 'mecanum_robot.egg-info/SOURCES.txt'
[4.982s] [ 50%] Built target ament_cmake_python_build_mecanum_robot_egg
[22.848s] [100%] Linking CXX executable realsense_dual_camera_node
[25.027s] [100%] Built target realsense_dual_camera_node
[25.082s] Invoked command in '/home/y1234/Documents/robot_ws/YSZD_RobotPlattform/build/mecanum_robot' returned '0': CMAKE_PREFIX_PATH=/opt/ros/humble /usr/bin/cmake --build /home/y1234/Documents/robot_ws/YSZD_RobotPlattform/build/mecanum_robot -- -j6 -l6
[25.113s] Invoking command in '/home/y1234/Documents/robot_ws/YSZD_RobotPlattform/build/mecanum_robot': CMAKE_PREFIX_PATH=/opt/ros/humble /usr/bin/cmake --install /home/y1234/Documents/robot_ws/YSZD_RobotPlattform/build/mecanum_robot
[25.141s] -- Install configuration: ""
[25.142s] -- Installing: /home/y1234/Documents/robot_ws/YSZD_RobotPlattform/install/mecanum_robot/share/mecanum_robot/environment/pythonpath.sh
[25.143s] -- Installing: /home/y1234/Documents/robot_ws/YSZD_RobotPlattform/install/mecanum_robot/share/mecanum_robot/environment/pythonpath.dsv
[25.144s] -- Up-to-date: /home/y1234/Documents/robot_ws/YSZD_RobotPlattform/install/mecanum_robot/local/lib/python3.10/dist-packages/mecanum_robot-1.0.0-py3.10.egg-info
[25.145s] -- Installing: /home/y1234/Documents/robot_ws/YSZD_RobotPlattform/install/mecanum_robot/local/lib/python3.10/dist-packages/mecanum_robot-1.0.0-py3.10.egg-info/SOURCES.txt
[25.146s] -- Installing: /home/y1234/Documents/robot_ws/YSZD_RobotPlattform/install/mecanum_robot/local/lib/python3.10/dist-packages/mecanum_robot-1.0.0-py3.10.egg-info/top_level.txt
[25.146s] -- Installing: /home/y1234/Documents/robot_ws/YSZD_RobotPlattform/install/mecanum_robot/local/lib/python3.10/dist-packages/mecanum_robot-1.0.0-py3.10.egg-info/dependency_links.txt
[25.147s] -- Installing: /home/y1234/Documents/robot_ws/YSZD_RobotPlattform/install/mecanum_robot/local/lib/python3.10/dist-packages/mecanum_robot-1.0.0-py3.10.egg-info/PKG-INFO
[25.147s] -- Up-to-date: /home/y1234/Documents/robot_ws/YSZD_RobotPlattform/install/mecanum_robot/local/lib/python3.10/dist-packages/mecanum_robot
[25.148s] -- Up-to-date: /home/y1234/Documents/robot_ws/YSZD_RobotPlattform/install/mecanum_robot/local/lib/python3.10/dist-packages/mecanum_robot/__init__.py
[25.262s] Listing '/home/y1234/Documents/robot_ws/YSZD_RobotPlattform/install/mecanum_robot/local/lib/python3.10/dist-packages/mecanum_robot'...
[25.279s] -- Up-to-date: /home/y1234/Documents/robot_ws/YSZD_RobotPlattform/install/mecanum_robot/lib/mecanum_robot/robot_node.py
[25.279s] -- Up-to-date: /home/y1234/Documents/robot_ws/YSZD_RobotPlattform/install/mecanum_robot/lib/mecanum_robot/remote_control.py
[25.280s] -- Up-to-date: /home/y1234/Documents/robot_ws/YSZD_RobotPlattform/install/mecanum_robot/lib/mecanum_robot/path_publisher.py
[25.280s] -- Up-to-date: /home/y1234/Documents/robot_ws/YSZD_RobotPlattform/install/mecanum_robot/lib/mecanum_robot/camera_node_fixed.py
[25.280s] -- Installing: /home/y1234/Documents/robot_ws/YSZD_RobotPlattform/install/mecanum_robot/lib/mecanum_robot/realsense_camera_node.py
[25.283s] -- Up-to-date: /home/y1234/Documents/robot_ws/YSZD_RobotPlattform/install/mecanum_robot/lib/mecanum_robot/apriltag_detector_enhanced.py
[25.283s] -- Up-to-date: /home/y1234/Documents/robot_ws/YSZD_RobotPlattform/install/mecanum_robot/lib/mecanum_robot/apriltag_detector_opencv4.py
[25.284s] -- Up-to-date: /home/y1234/Documents/robot_ws/YSZD_RobotPlattform/install/mecanum_robot/lib/mecanum_robot/position_calculator.py
[25.284s] -- Up-to-date: /home/y1234/Documents/robot_ws/YSZD_RobotPlattform/install/mecanum_robot/lib/mecanum_robot/image_viewer.py
[25.284s] -- Up-to-date: /home/y1234/Documents/robot_ws/YSZD_RobotPlattform/install/mecanum_robot/lib/mecanum_robot/waypoint_follower.py
[25.284s] -- Up-to-date: /home/y1234/Documents/robot_ws/YSZD_RobotPlattform/install/mecanum_robot/lib/mecanum_robot/waypoint_recorder.py
[25.285s] -- Installing: /home/y1234/Documents/robot_ws/YSZD_RobotPlattform/install/mecanum_robot/lib/mecanum_robot/ros2_websocket_bridge.py
[25.287s] -- Installing: /home/y1234/Documents/robot_ws/YSZD_RobotPlattform/install/mecanum_robot/lib/mecanum_robot/ultrasonic_sensor_node.py
[25.289s] -- Up-to-date: /home/y1234/Documents/robot_ws/YSZD_RobotPlattform/install/mecanum_robot/share/mecanum_robot//launch
[25.290s] -- Up-to-date: /home/y1234/Documents/robot_ws/YSZD_RobotPlattform/install/mecanum_robot/share/mecanum_robot//launch/nav2_with_obstacles.launch.py
[25.291s] -- Up-to-date: /home/y1234/Documents/robot_ws/YSZD_RobotPlattform/install/mecanum_robot/share/mecanum_robot//launch/apriltag_robot.launch.py
[25.291s] -- Up-to-date: /home/y1234/Documents/robot_ws/YSZD_RobotPlattform/install/mecanum_robot/share/mecanum_robot//launch/mecanum_robot.launch.py
[25.292s] -- Up-to-date: /home/y1234/Documents/robot_ws/YSZD_RobotPlattform/install/mecanum_robot/share/mecanum_robot//launch/simple_nav2.launch.py
[25.292s] -- Up-to-date: /home/y1234/Documents/robot_ws/YSZD_RobotPlattform/install/mecanum_robot/share/mecanum_robot//launch/mecanum_robot_clean.launch.py
[25.293s] -- Up-to-date: /home/y1234/Documents/robot_ws/YSZD_RobotPlattform/install/mecanum_robot/share/mecanum_robot//launch/__pycache__
[25.294s] -- Up-to-date: /home/y1234/Documents/robot_ws/YSZD_RobotPlattform/install/mecanum_robot/share/mecanum_robot//launch/__pycache__/mecanum_robot_clean.launch.cpython-310.pyc
[25.295s] -- Up-to-date: /home/y1234/Documents/robot_ws/YSZD_RobotPlattform/install/mecanum_robot/share/mecanum_robot//launch/__pycache__/apriltag_robot.launch.cpython-310.pyc
[25.296s] -- Up-to-date: /home/y1234/Documents/robot_ws/YSZD_RobotPlattform/install/mecanum_robot/share/mecanum_robot//launch/__pycache__/mecanum_robot.launch.cpython-310.pyc
[25.296s] -- Installing: /home/y1234/Documents/robot_ws/YSZD_RobotPlattform/install/mecanum_robot/share/mecanum_robot//launch/__pycache__/apriltag_robot_fixed.launch.cpython-310.pyc
[25.297s] -- Up-to-date: /home/y1234/Documents/robot_ws/YSZD_RobotPlattform/install/mecanum_robot/share/mecanum_robot//launch/robot_state_machine.launch.py
[25.298s] -- Installing: /home/y1234/Documents/robot_ws/YSZD_RobotPlattform/install/mecanum_robot/share/mecanum_robot//launch/apriltag_robot_fixed.launch.py
[25.300s] -- Up-to-date: /home/y1234/Documents/robot_ws/YSZD_RobotPlattform/install/mecanum_robot/share/mecanum_robot//urdf
[25.302s] -- Up-to-date: /home/y1234/Documents/robot_ws/YSZD_RobotPlattform/install/mecanum_robot/share/mecanum_robot//urdf/mecanum_robot.urdf
[25.302s] -- Up-to-date: /home/y1234/Documents/robot_ws/YSZD_RobotPlattform/install/mecanum_robot/share/mecanum_robot//rviz
[25.304s] -- Up-to-date: /home/y1234/Documents/robot_ws/YSZD_RobotPlattform/install/mecanum_robot/share/mecanum_robot//rviz/map_display.rviz
[25.305s] -- Up-to-date: /home/y1234/Documents/robot_ws/YSZD_RobotPlattform/install/mecanum_robot/share/mecanum_robot//rviz/mecanum_robot.rviz
[25.305s] -- Up-to-date: /home/y1234/Documents/robot_ws/YSZD_RobotPlattform/install/mecanum_robot/share/mecanum_robot//rviz/mecanum_robot_path.rviz
[25.306s] -- Up-to-date: /home/y1234/Documents/robot_ws/YSZD_RobotPlattform/install/mecanum_robot/share/mecanum_robot//rviz/simple_path.rviz
[25.306s] -- Up-to-date: /home/y1234/Documents/robot_ws/YSZD_RobotPlattform/install/mecanum_robot/share/mecanum_robot//rviz/nav2_with_obstacles.rviz
[25.307s] -- Up-to-date: /home/y1234/Documents/robot_ws/YSZD_RobotPlattform/install/mecanum_robot/share/mecanum_robot//config
[25.309s] -- Up-to-date: /home/y1234/Documents/robot_ws/YSZD_RobotPlattform/install/mecanum_robot/share/mecanum_robot//config/nav2_params.yaml
[25.312s] -- Installing: /home/y1234/Documents/robot_ws/YSZD_RobotPlattform/install/mecanum_robot/lib/mecanum_robot/realsense_dual_camera_node
[25.320s] -- Set runtime path of "/home/y1234/Documents/robot_ws/YSZD_RobotPlattform/install/mecanum_robot/lib/mecanum_robot/realsense_dual_camera_node" to ""
[25.321s] -- Installing: /home/y1234/Documents/robot_ws/YSZD_RobotPlattform/install/mecanum_robot/share/ament_index/resource_index/package_run_dependencies/mecanum_robot
[25.326s] -- Installing: /home/y1234/Documents/robot_ws/YSZD_RobotPlattform/install/mecanum_robot/share/ament_index/resource_index/parent_prefix_path/mecanum_robot
[25.326s] -- Up-to-date: /home/y1234/Documents/robot_ws/YSZD_RobotPlattform/install/mecanum_robot/share/mecanum_robot/environment/ament_prefix_path.sh
[25.326s] -- Installing: /home/y1234/Documents/robot_ws/YSZD_RobotPlattform/install/mecanum_robot/share/mecanum_robot/environment/ament_prefix_path.dsv
[25.327s] -- Up-to-date: /home/y1234/Documents/robot_ws/YSZD_RobotPlattform/install/mecanum_robot/share/mecanum_robot/environment/path.sh
[25.327s] -- Installing: /home/y1234/Documents/robot_ws/YSZD_RobotPlattform/install/mecanum_robot/share/mecanum_robot/environment/path.dsv
[25.328s] -- Installing: /home/y1234/Documents/robot_ws/YSZD_RobotPlattform/install/mecanum_robot/share/mecanum_robot/local_setup.bash
[25.328s] -- Installing: /home/y1234/Documents/robot_ws/YSZD_RobotPlattform/install/mecanum_robot/share/mecanum_robot/local_setup.sh
[25.328s] -- Installing: /home/y1234/Documents/robot_ws/YSZD_RobotPlattform/install/mecanum_robot/share/mecanum_robot/local_setup.zsh
[25.329s] -- Installing: /home/y1234/Documents/robot_ws/YSZD_RobotPlattform/install/mecanum_robot/share/mecanum_robot/local_setup.dsv
[25.329s] -- Installing: /home/y1234/Documents/robot_ws/YSZD_RobotPlattform/install/mecanum_robot/share/mecanum_robot/package.dsv
[25.330s] -- Installing: /home/y1234/Documents/robot_ws/YSZD_RobotPlattform/install/mecanum_robot/share/ament_index/resource_index/packages/mecanum_robot
[25.331s] -- Installing: /home/y1234/Documents/robot_ws/YSZD_RobotPlattform/install/mecanum_robot/share/mecanum_robot/cmake/mecanum_robotConfig.cmake
[25.332s] -- Installing: /home/y1234/Documents/robot_ws/YSZD_RobotPlattform/install/mecanum_robot/share/mecanum_robot/cmake/mecanum_robotConfig-version.cmake
[25.336s] -- Installing: /home/y1234/Documents/robot_ws/YSZD_RobotPlattform/install/mecanum_robot/share/mecanum_robot/package.xml
[25.344s] Invoked command in '/home/y1234/Documents/robot_ws/YSZD_RobotPlattform/build/mecanum_robot' returned '0': CMAKE_PREFIX_PATH=/opt/ros/humble /usr/bin/cmake --install /home/y1234/Documents/robot_ws/YSZD_RobotPlattform/build/mecanum_robot
